[PASS 1] Reproducing the violation
  > Violation reproduced. Proceeding with minimization
[PASS 2] Differential Input Minimizer

Address    +0x0     +0x40    +0x80    +0xc0    +0x100   +0x140   +0x180   +0x1c0   
0x00000000 =...===. ........ ........ ........ =....... ........ ........ ........
0x00000200 ........ ........ ........ ........ ........ ........ ........ ........
0x00000400 ........ ........ ........ ........ ........ ........ ........ ........
0x00000600 ........ ........ ........ ........ ........ ........ ........ ........
0x00000800 ........ ........ ........ ........ ........ ........ ........ ........
0x00000a00 ........ ........ ........ ........ ........ ........ ........ ........
0x00000c00 ........ ........ ........ ........ ........ ........ ........ ........
0x00000e00 ........ ........ ........ ........ ........ ........ ........ ........
0x00001000 ........ ........ ........ ........ ........ ........ ........ ........
0x00001200 ........ ........ ........ ........ ........ ........ ........ ........
0x00001400 ........ ........ ........ ........ ........ ........ ........ ........
0x00001600 ........ ........ ........ ........ ........ ........ ........ ........
0x00001800 ........ ........ ........ ........ ........ ........ ........ ........
0x00001a00 ........ ........ ........ ........ ........ ........ ........ ........
0x00001c00 ........ ........ ........ ........ ........ ........ ........ ........
0x00001e00 ........ ........ ........ ........ ........ ........ ........ ........
0x00002000 =^=====.
0x00002040 ........ ........ ........ ........
0x00004000 ======== ======== ======== ======== ======== ======== ======== ========
0x00004200 ======== ======== ======== ======== ======== ======== ======== ========
0x00004400 ======== ======== ======== ======== ======== ======== ======== ========
0x00004600 ======== ======== ======== ======== ======== ======== ======== ========
0x00004800 ======== ======== ======== ======== ======== ======== ======== ========
0x00004a00 ======== ======== ======== ======== ======== ======== ======== ========
0x00004c00 ======== ======== ======== ======== ======== ======== ======== ========
0x00004e00 ======== ======== ======== ======== ======== ======== ======== ========
0x00005000 ======== ======== ======== ======== ======== ======== ======== ========
0x00005200 ======== ======== ======== ======== ======== ======== ======== ========
0x00005400 ======== ======== ======== ======== ======== ======== ======== ========
0x00005600 ======== ======== ======== ======== ======== ======== ======== ========
0x00005800 ======== ======== ======== ======== ======== ======== ======== ========
0x00005a00 ======== ======== ======== ======== ======== ======== ======== ========
0x00005c00 ======== ======== ======== ======== ======== ======== ======== ========
0x00005e00 ======== ======== ======== ======== ======== ======== ======== ========
0x00006000 ========
0x00006040 ======== ======== ======== ========
  > Result: Leaked 1 bytes
  > Addresses: ['0x2008']
  > Saving new inputs in '/home/brian/code/sca-fuzzer/dbg/stored_vios/240722/violation-240720-203237/min_inputs'
  > Violating input IDs: [49, 99]
[INFO] Minimization attempt 1/1
[PASS 3] Instruction Removal Pass

----------------------------------------------------------------
---
[PASS 4] Violation Comment Insertion
[PASS 5] Label Removal Pass

----------------------------------------------------------------
---------------------------------------------------------------
---------------------------------------------------------------
---------------------------------------------------------------
-----------
[PASS 6] Storing the results
