[PASS 1] Reproducing the violation
  > Violation reproduced. Proceeding with minimization
[PASS 2] Input Sequence Minimization
  > Reducing the number of inputs by halving
  > Result: Reduced to 25 inputs
  > Reducing the input sequence iteratively
  > Iteration 1

.......-------------------------------------------
  > Iteration 2

--------------
------------------------------
  > Result: Reduced to 44 inputs
  > Saving new inputs in '/home/brian/code/sca-fuzzer/dbg/stored_vios/240722/violation-240717-092341/min_input_sequence'
  > Violating input IDs: [19, 44]
[INFO] Minimization attempt 1/1
[PASS 3] Instruction Removal Pass

--------------------------------------
[PASS 4] Violation Comment Insertion
[PASS 5] Label Removal Pass

----------------------------------------------------------------
---------------------------------------------------------------
--------------------------------------
[PASS 6] Storing the results
