
INFO: [fuzzer] Starting at 20:43:09
> Entering slow path...> Priming  1              > Increase sample size to 40> Priming  1              > Increase sample size to 160> Priming  1              > Increase sample size to 320> Priming  1             
WARNING: [fuzzer] Architectural violation detected
Input 0:
  Model Registers:
  rax:000000008d360f23 rbx:0000000000000000 rcx:0000000000000001 rdx:0000000000000010 rsi:000000000000041f rdi:0000000000009c00 
  HW Registers:   
  rax:000000008d360f23 rbx:0000000000000000 rcx:0000000000000001 rdx:0000000000000010 rsi:000000000000041f rdi:0000000000009c00 


================================ Statistics ===================================

Test Cases: 1
Inputs per test case: 100.0
Violations: 0
Effectiveness: 
  Total Cls: 50.0
  Effective Cls: 50.0
Discarded Test Cases:
  Speculation Filter: 0
  Observation Filter: 0
  Fast Path: 0
  Max Nesting Check: 0
  Tainting Check: 0
  Early Priming Check: 0
  Large Sample Check: 0
  Priming Check: 0

Duration: 40.7
Finished at 20:43:50
