
INFO: [fuzzer] Starting at 20:39:42
> Entering slow path...> Priming  1              > Increase sample size to 40> Priming  1              > Increase sample size to 160> Priming  1              > Increase sample size to 320> Priming  1             
WARNING: [fuzzer] Architectural violation detected
Input 0:
  Model Registers:
  rax:000000000000ab80 rbx:000000000000ab80 rcx:fffffffffffffffc rdx:00000000cb3d00da rsi:6b0000d836000000 rdi:0000000000000000 
  HW Registers:   
  rax:000000000000ab80 rbx:000000000000ab80 rcx:fffffffffffffffc rdx:00000000cb3d00da rsi:6b0000d836000000 rdi:0000000000000000 


================================ Statistics ===================================

Test Cases: 1
Inputs per test case: 100.0
Violations: 0
Effectiveness: 
  Total Cls: 50.0
  Effective Cls: 50.0
Discarded Test Cases:
  Speculation Filter: 0
  Observation Filter: 0
  Fast Path: 0
  Max Nesting Check: 0
  Tainting Check: 0
  Early Priming Check: 0
  Large Sample Check: 0
  Priming Check: 0

Duration: 39.8
Finished at 20:40:22
