[PASS 1] Reproducing the violation
  > Violation reproduced. Proceeding with minimization
[PASS 2] Input Sequence Minimization
  > Reducing the number of inputs by halving
  > Result: Reduced to 25 inputs
  > Reducing the input sequence iteratively
  > Iteration 1

........................--------------------------
  > Iteration 2

--------------
-------------
  > Result: Reduced to 27 inputs
[PASS 3] Differential Input Minimizer
  > Minimizing the difference between inputs 2 and 27

Address    +0x0     +0x40    +0x80    +0xc0    +0x100   +0x140   +0x180   +0x1c0   
0x00000000 ........ ........ ........ ........ ........ ........ ........ ........
0x00000200 ........ ........ ........ ........ ........ ........ ........ ........
0x00000400 ........ ........ ........ ........ ........ ........ ........ ........
0x00000600 ........ ........ ........ ........ ........ ........ ........ ........
0x00000800 ........ ........ ........ ........ ........ ........ ........ ........
0x00000a00 ........ ........ ........ ........ ........ ........ ........ ........
0x00000c00 ........ ........ ........ ........ ........ ........ ........ ........
0x00000e00 ........ ........ ........ ........ ........ ........ ........ ........
0x00001000 ........ ........ ........ ........ ........ ........ ........ ........
0x00001200 ........ ........ ........ ........ ........ ........ ........ ........
0x00001400 ^....... ........ ........ ........ ........ ...=.... ........ ........
0x00001600 ........ ........ ........ ........ ........ ........ ........ ........
0x00001800 ........ ........ ........ ........ ........ ........ ........ ........
0x00001a00 ........ ........ ........ ........ ........ ........ ........ ........
0x00001c00 ........ ........ ........ ........ ........ ........ ........ ........
0x00001e00 ........ ........ ........ ........ ........ ........ ........ ........
0x00002000 .=.===..
0x00002040 ........ ........ ........ ........
0x00004000 =...=... ........ ........ ........ ........ ........ ........ ........
0x00004200 ..=..... ........ ........ ........ ........ ........ ........ ........
0x00004400 ........ ........ ........ ........ ........ ........ ........ ........
0x00004600 ........ ........ ........ ........ ........ ........ ........ ........
0x00004800 ........ ........ ........ ........ ........ ........ ........ ........
0x00004a00 ........ ........ ........ ........ ........ ........ ........ ........
0x00004c00 ........ ........ ........ ........ ........ ........ ........ ........
0x00004e00 ........ ........ ........ ........ ........ ........ ........ ........
0x00005000 ........ ..=..... ........ ........ ........ ........ ........ ........
0x00005200 ........ ........ ........ ........ ........ ........ ........ ........
0x00005400 ........ ........ ........ ........ ........ ........ ........ ........
0x00005600 ........ ........ ........ ........ ........ ........ ........ ........
0x00005800 ........ ........ ........ ........ ........ ........ ........ ........
0x00005a00 ........ ...=.... ........ ........ ........ ........ ........ ........
0x00005c00 ........ ........ ........ ........ ........ ........ ........ ........
0x00005e00 ........ ........ ........ ........ ........ ........ ........ ........
0x00006000 ........
0x00006040 ........ ........ ........ ........
  > Result: Leaked 1 bytes
  > Addresses: ['0x1400']
  > Saving new inputs in '/home/t-fubo/code/sca-fuzzer/debug/stored_vios/ddp_240814/violation-240813-202057/min_input_sequence'
  > Violating input IDs: [30, 55]
[INFO] Minimization attempt 1/10
[PASS 4] Instruction Removal Pass

..---...---....-...-.--.----------.--.-......................-..
........--.......--....
[INFO] Minimization attempt 2/10
[PASS 5] Instruction Removal Pass

-.....-...-...-..----.-------........................-..--...
[INFO] Minimization attempt 3/10
[PASS 6] Instruction Removal Pass

-..--..-.------------...---
[INFO] Minimization attempt 4/10
[PASS 7] Instruction Removal Pass

----.----------------
[INFO] Minimization attempt 5/10
[PASS 8] Instruction Removal Pass

----.----------------
[INFO] Minimization attempt 6/10
[PASS 9] Instruction Removal Pass

--------------------
[INFO] Minimization attempt 7/10
[PASS 10] Instruction Removal Pass

--------------------
[INFO] Minimization attempt 8/10
[PASS 11] Instruction Removal Pass

--------------------
[INFO] Minimization attempt 9/10
[PASS 12] Instruction Removal Pass

--------------------
[INFO] Minimization attempt 10/10
[PASS 13] Instruction Removal Pass

--------------------
[PASS 14] Violation Comment Insertion
[PASS 15] Label Removal Pass

...---------....------------------------------------------------
--------------------------------..--------------------------.
[PASS 16] Storing the results
