
INFO: [fuzzer] Starting at 23:09:04
> Entering slow path...> Priming  1              > Increase sample size to 40> Priming  1              > Increase sample size to 160> Priming  1              > Increase sample size to 1000> Priming  1             

================================ Violations detected ==========================
Contract trace:
 14054479369024183107 (hash)
Hardware traces:
  Input group 1: [2]
  Input group 2: [52]
  ^^^.......^.....^^^..^........................................^^ [962    | 0     ]
  ^^^.......^......^^..^.........................................^ [34     | 22    ]
  ^^^.......^.....^^^..^.........................................^ [4      | 0     ]
  ^^^.......^.....^^^..^....................^....................^ [0      | 978   ]

================================ Violation Traces =============================
                      ##### Input 2 #####

                     ##### Input 0 #####
0x0 : macro .switch, .actor2.function_actor2_0
  rax=0x0000000000000000 rbx=0x0000245f0000245f rcx=0x0000000000000000 rdx=0x0000505100005051
  rsi=0x000023f4000023f4 rdi=0x0000548800005488 flags=0b000000000010
  xmm0=0x00000000000000000000000000000000 xmm1=0x00000000000000000000000000000000 
  xmm2=0x00000000000000000000000000000000 xmm3=0x00000000000000000000000000000000 
  xmm4=0x00000000000000000000000000000000 xmm5=0x00000000000000000000000000000000 
  xmm6=0x00000000000000000000000000000000 xmm7=0x00000000000000000000000000000000 

0x3000: add dil, 46
  rax=0x0000000000000000 rbx=0x0000245f0000245f rcx=0x0000000000000000 rdx=0x0000505100005051
  rsi=0x000023f4000023f4 rdi=0x0000548800005488 flags=0b000000000010
  xmm0=0x00000000000000000000000000000000 xmm1=0x00000000000000000000000000000000 
  xmm2=0x00000000000000000000000000000000 xmm3=0x00000000000000000000000000000000 
  xmm4=0x00000000000000000000000000000000 xmm5=0x00000000000000000000000000000000 
  xmm6=0x00000000000000000000000000000000 xmm7=0x00000000000000000000000000000000 

0x3004: pushfq 
  rax=0x0000000000000000 rbx=0x0000245f0000245f rcx=0x0000000000000000 rdx=0x0000505100005051
  rsi=0x000023f4000023f4 rdi=0x00005488000054b6 flags=0b000010010010
  xmm0=0x00000000000000000000000000000000 xmm1=0x00000000000000000000000000000000 
  xmm2=0x00000000000000000000000000000000 xmm3=0x00000000000000000000000000000000 
  xmm4=0x00000000000000000000000000000000 xmm5=0x00000000000000000000000000000000 
  xmm6=0x00000000000000000000000000000000 xmm7=0x00000000000000000000000000000000 

    > store to +0x4ff0 value 0x92
0x3005: push rax
  rax=0x0000000000000000 rbx=0x0000245f0000245f rcx=0x0000000000000000 rdx=0x0000505100005051
  rsi=0x000023f4000023f4 rdi=0x00005488000054b6 flags=0b000010010010
  xmm0=0x00000000000000000000000000000000 xmm1=0x00000000000000000000000000000000 
  xmm2=0x00000000000000000000000000000000 xmm3=0x00000000000000000000000000000000 
  xmm4=0x00000000000000000000000000000000 xmm5=0x00000000000000000000000000000000 
  xmm6=0x00000000000000000000000000000000 xmm7=0x00000000000000000000000000000000 

    > store to +0x4fe8 value 0x0
0x3006: push rcx
  rax=0x0000000000000000 rbx=0x0000245f0000245f rcx=0x0000000000000000 rdx=0x0000505100005051
  rsi=0x000023f4000023f4 rdi=0x00005488000054b6 flags=0b000010010010
  xmm0=0x00000000000000000000000000000000 xmm1=0x00000000000000000000000000000000 
  xmm2=0x00000000000000000000000000000000 xmm3=0x00000000000000000000000000000000 
  xmm4=0x00000000000000000000000000000000 xmm5=0x00000000000000000000000000000000 
  xmm6=0x00000000000000000000000000000000 xmm7=0x00000000000000000000000000000000 

    > store to +0x4fe0 value 0x0
0x3007: push rdx
  rax=0x0000000000000000 rbx=0x0000245f0000245f rcx=0x0000000000000000 rdx=0x0000505100005051
  rsi=0x000023f4000023f4 rdi=0x00005488000054b6 flags=0b000010010010
  xmm0=0x00000000000000000000000000000000 xmm1=0x00000000000000000000000000000000 
  xmm2=0x00000000000000000000000000000000 xmm3=0x00000000000000000000000000000000 
  xmm4=0x00000000000000000000000000000000 xmm5=0x00000000000000000000000000000000 
  xmm6=0x00000000000000000000000000000000 xmm7=0x00000000000000000000000000000000 

    > store to +0x4fd8 value 0x505100005051
0x3008: mov ecx, 0x48
  rax=0x0000000000000000 rbx=0x0000245f0000245f rcx=0x0000000000000000 rdx=0x0000505100005051
  rsi=0x000023f4000023f4 rdi=0x00005488000054b6 flags=0b000010010010
  xmm0=0x00000000000000000000000000000000 xmm1=0x00000000000000000000000000000000 
  xmm2=0x00000000000000000000000000000000 xmm3=0x00000000000000000000000000000000 
  xmm4=0x00000000000000000000000000000000 xmm5=0x00000000000000000000000000000000 
  xmm6=0x00000000000000000000000000000000 xmm7=0x00000000000000000000000000000000 

0x300d: rdmsr 
  rax=0x0000000000000000 rbx=0x0000245f0000245f rcx=0x0000000000000048 rdx=0x0000505100005051
  rsi=0x000023f4000023f4 rdi=0x00005488000054b6 flags=0b000010010010
  xmm0=0x00000000000000000000000000000000 xmm1=0x00000000000000000000000000000000 
  xmm2=0x00000000000000000000000000000000 xmm3=0x00000000000000000000000000000000 
  xmm4=0x00000000000000000000000000000000 xmm5=0x00000000000000000000000000000000 
  xmm6=0x00000000000000000000000000000000 xmm7=0x00000000000000000000000000000000 

0x300f: and eax, 0xfffffffb
  rax=0x0000000000000000 rbx=0x0000245f0000245f rcx=0x0000000000000048 rdx=0x0000000000000000
  rsi=0x000023f4000023f4 rdi=0x00005488000054b6 flags=0b000010010010
  xmm0=0x00000000000000000000000000000000 xmm1=0x00000000000000000000000000000000 
  xmm2=0x00000000000000000000000000000000 xmm3=0x00000000000000000000000000000000 
  xmm4=0x00000000000000000000000000000000 xmm5=0x00000000000000000000000000000000 
  xmm6=0x00000000000000000000000000000000 xmm7=0x00000000000000000000000000000000 

0x3012: or eax, 0x100
  rax=0x0000000000000000 rbx=0x0000245f0000245f rcx=0x0000000000000048 rdx=0x0000000000000000
  rsi=0x000023f4000023f4 rdi=0x00005488000054b6 flags=0b000001000110
  xmm0=0x00000000000000000000000000000000 xmm1=0x00000000000000000000000000000000 
  xmm2=0x00000000000000000000000000000000 xmm3=0x00000000000000000000000000000000 
  xmm4=0x00000000000000000000000000000000 xmm5=0x00000000000000000000000000000000 
  xmm6=0x00000000000000000000000000000000 xmm7=0x00000000000000000000000000000000 

0x3017: wrmsr 
  rax=0x0000000000000100 rbx=0x0000245f0000245f rcx=0x0000000000000048 rdx=0x0000000000000000
  rsi=0x000023f4000023f4 rdi=0x00005488000054b6 flags=0b000000000110
  xmm0=0x00000000000000000000000000000000 xmm1=0x00000000000000000000000000000000 
  xmm2=0x00000000000000000000000000000000 xmm3=0x00000000000000000000000000000000 
  xmm4=0x00000000000000000000000000000000 xmm5=0x00000000000000000000000000000000 
  xmm6=0x00000000000000000000000000000000 xmm7=0x00000000000000000000000000000000 

0x3019: mfence 
  rax=0x0000000000000100 rbx=0x0000245f0000245f rcx=0x0000000000000048 rdx=0x0000000000000000
  rsi=0x000023f4000023f4 rdi=0x00005488000054b6 flags=0b000000000110
  xmm0=0x00000000000000000000000000000000 xmm1=0x00000000000000000000000000000000 
  xmm2=0x00000000000000000000000000000000 xmm3=0x00000000000000000000000000000000 
  xmm4=0x00000000000000000000000000000000 xmm5=0x00000000000000000000000000000000 
  xmm6=0x00000000000000000000000000000000 xmm7=0x00000000000000000000000000000000 

0x301c: lfence 
  rax=0x0000000000000100 rbx=0x0000245f0000245f rcx=0x0000000000000048 rdx=0x0000000000000000
  rsi=0x000023f4000023f4 rdi=0x00005488000054b6 flags=0b000000000110
  xmm0=0x00000000000000000000000000000000 xmm1=0x00000000000000000000000000000000 
  xmm2=0x00000000000000000000000000000000 xmm3=0x00000000000000000000000000000000 
  xmm4=0x00000000000000000000000000000000 xmm5=0x00000000000000000000000000000000 
  xmm6=0x00000000000000000000000000000000 xmm7=0x00000000000000000000000000000000 

0x301f: macro .measurement_start, .noarg
  rax=0x0000000000000100 rbx=0x0000245f0000245f rcx=0x0000000000000048 rdx=0x0000000000000000
  rsi=0x000023f4000023f4 rdi=0x00005488000054b6 flags=0b000000000110
  xmm0=0x00000000000000000000000000000000 xmm1=0x00000000000000000000000000000000 
  xmm2=0x00000000000000000000000000000000 xmm3=0x00000000000000000000000000000000 
  xmm4=0x00000000000000000000000000000000 xmm5=0x00000000000000000000000000000000 
  xmm6=0x00000000000000000000000000000000 xmm7=0x00000000000000000000000000000000 

0x3027: mov ecx, 0x48
  rax=0x0000000000000100 rbx=0x0000245f0000245f rcx=0x0000000000000048 rdx=0x0000000000000000
  rsi=0x000023f4000023f4 rdi=0x00005488000054b6 flags=0b000000000110
  xmm0=0x00000000000000000000000000000000 xmm1=0x00000000000000000000000000000000 
  xmm2=0x00000000000000000000000000000000 xmm3=0x00000000000000000000000000000000 
  xmm4=0x00000000000000000000000000000000 xmm5=0x00000000000000000000000000000000 
  xmm6=0x00000000000000000000000000000000 xmm7=0x00000000000000000000000000000000 

0x302c: rdmsr 
  rax=0x0000000000000100 rbx=0x0000245f0000245f rcx=0x0000000000000048 rdx=0x0000000000000000
  rsi=0x000023f4000023f4 rdi=0x00005488000054b6 flags=0b000000000110
  xmm0=0x00000000000000000000000000000000 xmm1=0x00000000000000000000000000000000 
  xmm2=0x00000000000000000000000000000000 xmm3=0x00000000000000000000000000000000 
  xmm4=0x00000000000000000000000000000000 xmm5=0x00000000000000000000000000000000 
  xmm6=0x00000000000000000000000000000000 xmm7=0x00000000000000000000000000000000 

0x302e: and eax, 0xfffffffb
  rax=0x0000000000000000 rbx=0x0000245f0000245f rcx=0x0000000000000048 rdx=0x0000000000000000
  rsi=0x000023f4000023f4 rdi=0x00005488000054b6 flags=0b000000000110
  xmm0=0x00000000000000000000000000000000 xmm1=0x00000000000000000000000000000000 
  xmm2=0x00000000000000000000000000000000 xmm3=0x00000000000000000000000000000000 
  xmm4=0x00000000000000000000000000000000 xmm5=0x00000000000000000000000000000000 
  xmm6=0x00000000000000000000000000000000 xmm7=0x00000000000000000000000000000000 

0x3031: and eax, 0xfffffeff
  rax=0x0000000000000000 rbx=0x0000245f0000245f rcx=0x0000000000000048 rdx=0x0000000000000000
  rsi=0x000023f4000023f4 rdi=0x00005488000054b6 flags=0b000001000110
  xmm0=0x00000000000000000000000000000000 xmm1=0x00000000000000000000000000000000 
  xmm2=0x00000000000000000000000000000000 xmm3=0x00000000000000000000000000000000 
  xmm4=0x00000000000000000000000000000000 xmm5=0x00000000000000000000000000000000 
  xmm6=0x00000000000000000000000000000000 xmm7=0x00000000000000000000000000000000 

0x3036: wrmsr 
  rax=0x0000000000000000 rbx=0x0000245f0000245f rcx=0x0000000000000048 rdx=0x0000000000000000
  rsi=0x000023f4000023f4 rdi=0x00005488000054b6 flags=0b000001000110
  xmm0=0x00000000000000000000000000000000 xmm1=0x00000000000000000000000000000000 
  xmm2=0x00000000000000000000000000000000 xmm3=0x00000000000000000000000000000000 
  xmm4=0x00000000000000000000000000000000 xmm5=0x00000000000000000000000000000000 
  xmm6=0x00000000000000000000000000000000 xmm7=0x00000000000000000000000000000000 

0x3038: mfence 
  rax=0x0000000000000000 rbx=0x0000245f0000245f rcx=0x0000000000000048 rdx=0x0000000000000000
  rsi=0x000023f4000023f4 rdi=0x00005488000054b6 flags=0b000001000110
  xmm0=0x00000000000000000000000000000000 xmm1=0x00000000000000000000000000000000 
  xmm2=0x00000000000000000000000000000000 xmm3=0x00000000000000000000000000000000 
  xmm4=0x00000000000000000000000000000000 xmm5=0x00000000000000000000000000000000 
  xmm6=0x00000000000000000000000000000000 xmm7=0x00000000000000000000000000000000 

0x303b: lfence 
  rax=0x0000000000000000 rbx=0x0000245f0000245f rcx=0x0000000000000048 rdx=0x0000000000000000
  rsi=0x000023f4000023f4 rdi=0x00005488000054b6 flags=0b000001000110
  xmm0=0x00000000000000000000000000000000 xmm1=0x00000000000000000000000000000000 
  xmm2=0x00000000000000000000000000000000 xmm3=0x00000000000000000000000000000000 
  xmm4=0x00000000000000000000000000000000 xmm5=0x00000000000000000000000000000000 
  xmm6=0x00000000000000000000000000000000 xmm7=0x00000000000000000000000000000000 

0x303e: pop rdx
  rax=0x0000000000000000 rbx=0x0000245f0000245f rcx=0x0000000000000048 rdx=0x0000000000000000
  rsi=0x000023f4000023f4 rdi=0x00005488000054b6 flags=0b000001000110
  xmm0=0x00000000000000000000000000000000 xmm1=0x00000000000000000000000000000000 
  xmm2=0x00000000000000000000000000000000 xmm3=0x00000000000000000000000000000000 
  xmm4=0x00000000000000000000000000000000 xmm5=0x00000000000000000000000000000000 
  xmm6=0x00000000000000000000000000000000 xmm7=0x00000000000000000000000000000000 

    > load from +0x4fd8 value 0x505100005051
0x303f: pop rcx
  rax=0x0000000000000000 rbx=0x0000245f0000245f rcx=0x0000000000000048 rdx=0x0000505100005051
  rsi=0x000023f4000023f4 rdi=0x00005488000054b6 flags=0b000001000110
  xmm0=0x00000000000000000000000000000000 xmm1=0x00000000000000000000000000000000 
  xmm2=0x00000000000000000000000000000000 xmm3=0x00000000000000000000000000000000 
  xmm4=0x00000000000000000000000000000000 xmm5=0x00000000000000000000000000000000 
  xmm6=0x00000000000000000000000000000000 xmm7=0x00000000000000000000000000000000 

    > load from +0x4fe0 value 0x0
0x3040: pop rax
  rax=0x0000000000000000 rbx=0x0000245f0000245f rcx=0x0000000000000000 rdx=0x0000505100005051
  rsi=0x000023f4000023f4 rdi=0x00005488000054b6 flags=0b000001000110
  xmm0=0x00000000000000000000000000000000 xmm1=0x00000000000000000000000000000000 
  xmm2=0x00000000000000000000000000000000 xmm3=0x00000000000000000000000000000000 
  xmm4=0x00000000000000000000000000000000 xmm5=0x00000000000000000000000000000000 
  xmm6=0x00000000000000000000000000000000 xmm7=0x00000000000000000000000000000000 

    > load from +0x4fe8 value 0x0
0x3041: popfq 
  rax=0x0000000000000000 rbx=0x0000245f0000245f rcx=0x0000000000000000 rdx=0x0000505100005051
  rsi=0x000023f4000023f4 rdi=0x00005488000054b6 flags=0b000001000110
  xmm0=0x00000000000000000000000000000000 xmm1=0x00000000000000000000000000000000 
  xmm2=0x00000000000000000000000000000000 xmm3=0x00000000000000000000000000000000 
  xmm4=0x00000000000000000000000000000000 xmm5=0x00000000000000000000000000000000 
  xmm6=0x00000000000000000000000000000000 xmm7=0x00000000000000000000000000000000 

    > load from +0x4ff0 value 0x92
0x3042: and rbx, 0b1111111111111
  rax=0x0000000000000000 rbx=0x0000245f0000245f rcx=0x0000000000000000 rdx=0x0000505100005051
  rsi=0x000023f4000023f4 rdi=0x00005488000054b6 flags=0b000010010010
  xmm0=0x00000000000000000000000000000000 xmm1=0x00000000000000000000000000000000 
  xmm2=0x00000000000000000000000000000000 xmm3=0x00000000000000000000000000000000 
  xmm4=0x00000000000000000000000000000000 xmm5=0x00000000000000000000000000000000 
  xmm6=0x00000000000000000000000000000000 xmm7=0x00000000000000000000000000000000 

0x3049: mov ebx, [r14 +rbx]
  rax=0x0000000000000000 rbx=0x000000000000045f rcx=0x0000000000000000 rdx=0x0000505100005051
  rsi=0x000023f4000023f4 rdi=0x00005488000054b6 flags=0b000000000110
  xmm0=0x00000000000000000000000000000000 xmm1=0x00000000000000000000000000000000 
  xmm2=0x00000000000000000000000000000000 xmm3=0x00000000000000000000000000000000 
  xmm4=0x00000000000000000000000000000000 xmm5=0x00000000000000000000000000000000 
  xmm6=0x00000000000000000000000000000000 xmm7=0x00000000000000000000000000000000 

    > load from +0x445f value 0x0
0x304d: and rdx, 0b1111111111111
  rax=0x0000000000000000 rbx=0x0000000000000000 rcx=0x0000000000000000 rdx=0x0000505100005051
  rsi=0x000023f4000023f4 rdi=0x00005488000054b6 flags=0b000000000110
  xmm0=0x00000000000000000000000000000000 xmm1=0x00000000000000000000000000000000 
  xmm2=0x00000000000000000000000000000000 xmm3=0x00000000000000000000000000000000 
  xmm4=0x00000000000000000000000000000000 xmm5=0x00000000000000000000000000000000 
  xmm6=0x00000000000000000000000000000000 xmm7=0x00000000000000000000000000000000 

0x3054: mov al, [r14 +rdx]
  rax=0x0000000000000000 rbx=0x0000000000000000 rcx=0x0000000000000000 rdx=0x0000000000001051
  rsi=0x000023f4000023f4 rdi=0x00005488000054b6 flags=0b000000000010
  xmm0=0x00000000000000000000000000000000 xmm1=0x00000000000000000000000000000000 
  xmm2=0x00000000000000000000000000000000 xmm3=0x00000000000000000000000000000000 
  xmm4=0x00000000000000000000000000000000 xmm5=0x00000000000000000000000000000000 
  xmm6=0x00000000000000000000000000000000 xmm7=0x00000000000000000000000000000000 

    > load from +0x5051 value 0x8a
0x3058: add rbx, 0b1000000000000000000000000000000
  rax=0x000000000000008a rbx=0x0000000000000000 rcx=0x0000000000000000 rdx=0x0000000000001051
  rsi=0x000023f4000023f4 rdi=0x00005488000054b6 flags=0b000000000010
  xmm0=0x00000000000000000000000000000000 xmm1=0x00000000000000000000000000000000 
  xmm2=0x00000000000000000000000000000000 xmm3=0x00000000000000000000000000000000 
  xmm4=0x00000000000000000000000000000000 xmm5=0x00000000000000000000000000000000 
  xmm6=0x00000000000000000000000000000000 xmm7=0x00000000000000000000000000000000 

0x305f: bsr rbx, rbx
  rax=0x000000000000008a rbx=0x0000000040000000 rcx=0x0000000000000000 rdx=0x0000000000001051
  rsi=0x000023f4000023f4 rdi=0x00005488000054b6 flags=0b000000000110
  xmm0=0x00000000000000000000000000000000 xmm1=0x00000000000000000000000000000000 
  xmm2=0x00000000000000000000000000000000 xmm3=0x00000000000000000000000000000000 
  xmm4=0x00000000000000000000000000000000 xmm5=0x00000000000000000000000000000000 
  xmm6=0x00000000000000000000000000000000 xmm7=0x00000000000000000000000000000000 

0x3063: and rax, 0b1111111111111
  rax=0x000000000000008a rbx=0x000000000000001e rcx=0x0000000000000000 rdx=0x0000000000001051
  rsi=0x000023f4000023f4 rdi=0x00005488000054b6 flags=0b000000000110
  xmm0=0x00000000000000000000000000000000 xmm1=0x00000000000000000000000000000000 
  xmm2=0x00000000000000000000000000000000 xmm3=0x00000000000000000000000000000000 
  xmm4=0x00000000000000000000000000000000 xmm5=0x00000000000000000000000000000000 
  xmm6=0x00000000000000000000000000000000 xmm7=0x00000000000000000000000000000000 

0x3069: add rdi, [r14 +rax]
  rax=0x000000000000008a rbx=0x000000000000001e rcx=0x0000000000000000 rdx=0x0000000000001051
  rsi=0x000023f4000023f4 rdi=0x00005488000054b6 flags=0b000000000010
  xmm0=0x00000000000000000000000000000000 xmm1=0x00000000000000000000000000000000 
  xmm2=0x00000000000000000000000000000000 xmm3=0x00000000000000000000000000000000 
  xmm4=0x00000000000000000000000000000000 xmm5=0x00000000000000000000000000000000 
  xmm6=0x00000000000000000000000000000000 xmm7=0x00000000000000000000000000000000 

    > load from +0x408a value 0x0
0x306d: and rdi, 0b1111111111111
  rax=0x000000000000008a rbx=0x000000000000001e rcx=0x0000000000000000 rdx=0x0000000000001051
  rsi=0x000023f4000023f4 rdi=0x00005488000054b6 flags=0b000000000010
  xmm0=0x00000000000000000000000000000000 xmm1=0x00000000000000000000000000000000 
  xmm2=0x00000000000000000000000000000000 xmm3=0x00000000000000000000000000000000 
  xmm4=0x00000000000000000000000000000000 xmm5=0x00000000000000000000000000000000 
  xmm6=0x00000000000000000000000000000000 xmm7=0x00000000000000000000000000000000 

0x3074: add [r14 +rdi], 1
  rax=0x000000000000008a rbx=0x000000000000001e rcx=0x0000000000000000 rdx=0x0000000000001051
  rsi=0x000023f4000023f4 rdi=0x00000000000014b6 flags=0b000000000010
  xmm0=0x00000000000000000000000000000000 xmm1=0x00000000000000000000000000000000 
  xmm2=0x00000000000000000000000000000000 xmm3=0x00000000000000000000000000000000 
  xmm4=0x00000000000000000000000000000000 xmm5=0x00000000000000000000000000000000 
  xmm6=0x00000000000000000000000000000000 xmm7=0x00000000000000000000000000000000 

    > load from +0x54b6 value 0x0
    > store to +0x54b6 value 0x1
0x3079: and rbx, 0b1111111111111
  rax=0x000000000000008a rbx=0x000000000000001e rcx=0x0000000000000000 rdx=0x0000000000001051
  rsi=0x000023f4000023f4 rdi=0x00000000000014b6 flags=0b000000000010
  xmm0=0x00000000000000000000000000000000 xmm1=0x00000000000000000000000000000000 
  xmm2=0x00000000000000000000000000000000 xmm3=0x00000000000000000000000000000000 
  xmm4=0x00000000000000000000000000000000 xmm5=0x00000000000000000000000000000000 
  xmm6=0x00000000000000000000000000000000 xmm7=0x00000000000000000000000000000000 

0x3080: mov edx, [r14 +rbx]
  rax=0x000000000000008a rbx=0x000000000000001e rcx=0x0000000000000000 rdx=0x0000000000001051
  rsi=0x000023f4000023f4 rdi=0x00000000000014b6 flags=0b000000000110
  xmm0=0x00000000000000000000000000000000 xmm1=0x00000000000000000000000000000000 
  xmm2=0x00000000000000000000000000000000 xmm3=0x00000000000000000000000000000000 
  xmm4=0x00000000000000000000000000000000 xmm5=0x00000000000000000000000000000000 
  xmm6=0x00000000000000000000000000000000 xmm7=0x00000000000000000000000000000000 

    > load from +0x401e value 0x91e10000
0x3084: and rdx, 0b1111111111111
  rax=0x000000000000008a rbx=0x000000000000001e rcx=0x0000000000000000 rdx=0x0000000091e10000
  rsi=0x000023f4000023f4 rdi=0x00000000000014b6 flags=0b000000000110
  xmm0=0x00000000000000000000000000000000 xmm1=0x00000000000000000000000000000000 
  xmm2=0x00000000000000000000000000000000 xmm3=0x00000000000000000000000000000000 
  xmm4=0x00000000000000000000000000000000 xmm5=0x00000000000000000000000000000000 
  xmm6=0x00000000000000000000000000000000 xmm7=0x00000000000000000000000000000000 

0x308b: mov rdx, [r14 +rdx]
  rax=0x000000000000008a rbx=0x000000000000001e rcx=0x0000000000000000 rdx=0x0000000000000000
  rsi=0x000023f4000023f4 rdi=0x00000000000014b6 flags=0b000001000110
  xmm0=0x00000000000000000000000000000000 xmm1=0x00000000000000000000000000000000 
  xmm2=0x00000000000000000000000000000000 xmm3=0x00000000000000000000000000000000 
  xmm4=0x00000000000000000000000000000000 xmm5=0x00000000000000000000000000000000 
  xmm6=0x00000000000000000000000000000000 xmm7=0x00000000000000000000000000000000 

    > load from +0x4000 value 0x755b0000755b
0x308f: and rbx, 0b1111111111111
  rax=0x000000000000008a rbx=0x000000000000001e rcx=0x0000000000000000 rdx=0x0000755b0000755b
  rsi=0x000023f4000023f4 rdi=0x00000000000014b6 flags=0b000001000110
  xmm0=0x00000000000000000000000000000000 xmm1=0x00000000000000000000000000000000 
  xmm2=0x00000000000000000000000000000000 xmm3=0x00000000000000000000000000000000 
  xmm4=0x00000000000000000000000000000000 xmm5=0x00000000000000000000000000000000 
  xmm6=0x00000000000000000000000000000000 xmm7=0x00000000000000000000000000000000 

0x3096: mov dx, [r14 +rbx]
  rax=0x000000000000008a rbx=0x000000000000001e rcx=0x0000000000000000 rdx=0x0000755b0000755b
  rsi=0x000023f4000023f4 rdi=0x00000000000014b6 flags=0b000000000110
  xmm0=0x00000000000000000000000000000000 xmm1=0x00000000000000000000000000000000 
  xmm2=0x00000000000000000000000000000000 xmm3=0x00000000000000000000000000000000 
  xmm4=0x00000000000000000000000000000000 xmm5=0x00000000000000000000000000000000 
  xmm6=0x00000000000000000000000000000000 xmm7=0x00000000000000000000000000000000 

    > load from +0x401e value 0x0
0x309b: and rdx, 0b1111111111111
  rax=0x000000000000008a rbx=0x000000000000001e rcx=0x0000000000000000 rdx=0x0000755b00000000
  rsi=0x000023f4000023f4 rdi=0x00000000000014b6 flags=0b000000000110
  xmm0=0x00000000000000000000000000000000 xmm1=0x00000000000000000000000000000000 
  xmm2=0x00000000000000000000000000000000 xmm3=0x00000000000000000000000000000000 
  xmm4=0x00000000000000000000000000000000 xmm5=0x00000000000000000000000000000000 
  xmm6=0x00000000000000000000000000000000 xmm7=0x00000000000000000000000000000000 

0x30a2: and [r14 +rdx], 0b11111000
  rax=0x000000000000008a rbx=0x000000000000001e rcx=0x0000000000000000 rdx=0x0000000000000000
  rsi=0x000023f4000023f4 rdi=0x00000000000014b6 flags=0b000001000110
  xmm0=0x00000000000000000000000000000000 xmm1=0x00000000000000000000000000000000 
  xmm2=0x00000000000000000000000000000000 xmm3=0x00000000000000000000000000000000 
  xmm4=0x00000000000000000000000000000000 xmm5=0x00000000000000000000000000000000 
  xmm6=0x00000000000000000000000000000000 xmm7=0x00000000000000000000000000000000 

    > load from +0x4000 value 0x5b
    > store to +0x4000 value 0x58
0x30a7: and rcx, 0b1111111111111
  rax=0x000000000000008a rbx=0x000000000000001e rcx=0x0000000000000000 rdx=0x0000000000000000
  rsi=0x000023f4000023f4 rdi=0x00000000000014b6 flags=0b000000000010
  xmm0=0x00000000000000000000000000000000 xmm1=0x00000000000000000000000000000000 
  xmm2=0x00000000000000000000000000000000 xmm3=0x00000000000000000000000000000000 
  xmm4=0x00000000000000000000000000000000 xmm5=0x00000000000000000000000000000000 
  xmm6=0x00000000000000000000000000000000 xmm7=0x00000000000000000000000000000000 

0x30ae: mov esi, [r14 +rcx]
  rax=0x000000000000008a rbx=0x000000000000001e rcx=0x0000000000000000 rdx=0x0000000000000000
  rsi=0x000023f4000023f4 rdi=0x00000000000014b6 flags=0b000001000110
  xmm0=0x00000000000000000000000000000000 xmm1=0x00000000000000000000000000000000 
  xmm2=0x00000000000000000000000000000000 xmm3=0x00000000000000000000000000000000 
  xmm4=0x00000000000000000000000000000000 xmm5=0x00000000000000000000000000000000 
  xmm6=0x00000000000000000000000000000000 xmm7=0x00000000000000000000000000000000 

    > load from +0x4000 value 0x7558
0x30b2: macro .switch, .main.function_main_1
  rax=0x000000000000008a rbx=0x000000000000001e rcx=0x0000000000000000 rdx=0x0000000000000000
  rsi=0x0000000000007558 rdi=0x00000000000014b6 flags=0b000001000110
  xmm0=0x00000000000000000000000000000000 xmm1=0x00000000000000000000000000000000 
  xmm2=0x00000000000000000000000000000000 xmm3=0x00000000000000000000000000000000 
  xmm4=0x00000000000000000000000000000000 xmm5=0x00000000000000000000000000000000 
  xmm6=0x00000000000000000000000000000000 xmm7=0x00000000000000000000000000000000 

0x8 : and rsi, 0b1111111111111
  rax=0x000000000000008a rbx=0x000000000000001e rcx=0x0000000000000000 rdx=0x0000000000000000
  rsi=0x0000000000007558 rdi=0x00000000000014b6 flags=0b000001000110
  xmm0=0x00000000000000000000000000000000 xmm1=0x00000000000000000000000000000000 
  xmm2=0x00000000000000000000000000000000 xmm3=0x00000000000000000000000000000000 
  xmm4=0x00000000000000000000000000000000 xmm5=0x00000000000000000000000000000000 
  xmm6=0x00000000000000000000000000000000 xmm7=0x00000000000000000000000000000000 

0xf : mov rsi, [r14 +rsi]
  rax=0x000000000000008a rbx=0x000000000000001e rcx=0x0000000000000000 rdx=0x0000000000000000
  rsi=0x0000000000001558 rdi=0x00000000000014b6 flags=0b000000000010
  xmm0=0x00000000000000000000000000000000 xmm1=0x00000000000000000000000000000000 
  xmm2=0x00000000000000000000000000000000 xmm3=0x00000000000000000000000000000000 
  xmm4=0x00000000000000000000000000000000 xmm5=0x00000000000000000000000000000000 
  xmm6=0x00000000000000000000000000000000 xmm7=0x00000000000000000000000000000000 

    > load from +0x1558 value 0x72b4000072b4
0x13: and rsi, 0b1111111111111
  rax=0x000000000000008a rbx=0x000000000000001e rcx=0x0000000000000000 rdx=0x0000000000000000
  rsi=0x000072b4000072b4 rdi=0x00000000000014b6 flags=0b000000000010
  xmm0=0x00000000000000000000000000000000 xmm1=0x00000000000000000000000000000000 
  xmm2=0x00000000000000000000000000000000 xmm3=0x00000000000000000000000000000000 
  xmm4=0x00000000000000000000000000000000 xmm5=0x00000000000000000000000000000000 
  xmm6=0x00000000000000000000000000000000 xmm7=0x00000000000000000000000000000000 

0x1a: mov eax, [r14 +rsi]
  rax=0x000000000000008a rbx=0x000000000000001e rcx=0x0000000000000000 rdx=0x0000000000000000
  rsi=0x00000000000012b4 rdi=0x00000000000014b6 flags=0b000000000110
  xmm0=0x00000000000000000000000000000000 xmm1=0x00000000000000000000000000000000 
  xmm2=0x00000000000000000000000000000000 xmm3=0x00000000000000000000000000000000 
  xmm4=0x00000000000000000000000000000000 xmm5=0x00000000000000000000000000000000 
  xmm6=0x00000000000000000000000000000000 xmm7=0x00000000000000000000000000000000 

    > load from +0x12b4 value 0x0
0x1e: and rax, 0b1111111111111
  rax=0x0000000000000000 rbx=0x000000000000001e rcx=0x0000000000000000 rdx=0x0000000000000000
  rsi=0x00000000000012b4 rdi=0x00000000000014b6 flags=0b000000000110
  xmm0=0x00000000000000000000000000000000 xmm1=0x00000000000000000000000000000000 
  xmm2=0x00000000000000000000000000000000 xmm3=0x00000000000000000000000000000000 
  xmm4=0x00000000000000000000000000000000 xmm5=0x00000000000000000000000000000000 
  xmm6=0x00000000000000000000000000000000 xmm7=0x00000000000000000000000000000000 

0x24: mov bx, [r14 +rax]
  rax=0x0000000000000000 rbx=0x000000000000001e rcx=0x0000000000000000 rdx=0x0000000000000000
  rsi=0x00000000000012b4 rdi=0x00000000000014b6 flags=0b000001000110
  xmm0=0x00000000000000000000000000000000 xmm1=0x00000000000000000000000000000000 
  xmm2=0x00000000000000000000000000000000 xmm3=0x00000000000000000000000000000000 
  xmm4=0x00000000000000000000000000000000 xmm5=0x00000000000000000000000000000000 
  xmm6=0x00000000000000000000000000000000 xmm7=0x00000000000000000000000000000000 

    > load from +0x0 value 0x0
0x29: macro .switch, .actor2.function_actor2_1
  rax=0x0000000000000000 rbx=0x0000000000000000 rcx=0x0000000000000000 rdx=0x0000000000000000
  rsi=0x00000000000012b4 rdi=0x00000000000014b6 flags=0b000001000110
  xmm0=0x00000000000000000000000000000000 xmm1=0x00000000000000000000000000000000 
  xmm2=0x00000000000000000000000000000000 xmm3=0x00000000000000000000000000000000 
  xmm4=0x00000000000000000000000000000000 xmm5=0x00000000000000000000000000000000 
  xmm6=0x00000000000000000000000000000000 xmm7=0x00000000000000000000000000000000 

0x30ba: pushfq 
  rax=0x0000000000000000 rbx=0x0000000000000000 rcx=0x0000000000000000 rdx=0x0000000000000000
  rsi=0x00000000000012b4 rdi=0x00000000000014b6 flags=0b000001000110
  xmm0=0x00000000000000000000000000000000 xmm1=0x00000000000000000000000000000000 
  xmm2=0x00000000000000000000000000000000 xmm3=0x00000000000000000000000000000000 
  xmm4=0x00000000000000000000000000000000 xmm5=0x00000000000000000000000000000000 
  xmm6=0x00000000000000000000000000000000 xmm7=0x00000000000000000000000000000000 

    > store to +0x4ff0 value 0x46
0x30bb: push rax
  rax=0x0000000000000000 rbx=0x0000000000000000 rcx=0x0000000000000000 rdx=0x0000000000000000
  rsi=0x00000000000012b4 rdi=0x00000000000014b6 flags=0b000001000110
  xmm0=0x00000000000000000000000000000000 xmm1=0x00000000000000000000000000000000 
  xmm2=0x00000000000000000000000000000000 xmm3=0x00000000000000000000000000000000 
  xmm4=0x00000000000000000000000000000000 xmm5=0x00000000000000000000000000000000 
  xmm6=0x00000000000000000000000000000000 xmm7=0x00000000000000000000000000000000 

    > store to +0x4fe8 value 0x0
0x30bc: push rcx
  rax=0x0000000000000000 rbx=0x0000000000000000 rcx=0x0000000000000000 rdx=0x0000000000000000
  rsi=0x00000000000012b4 rdi=0x00000000000014b6 flags=0b000001000110
  xmm0=0x00000000000000000000000000000000 xmm1=0x00000000000000000000000000000000 
  xmm2=0x00000000000000000000000000000000 xmm3=0x00000000000000000000000000000000 
  xmm4=0x00000000000000000000000000000000 xmm5=0x00000000000000000000000000000000 
  xmm6=0x00000000000000000000000000000000 xmm7=0x00000000000000000000000000000000 

    > store to +0x4fe0 value 0x0
0x30bd: push rdx
  rax=0x0000000000000000 rbx=0x0000000000000000 rcx=0x0000000000000000 rdx=0x0000000000000000
  rsi=0x00000000000012b4 rdi=0x00000000000014b6 flags=0b000001000110
  xmm0=0x00000000000000000000000000000000 xmm1=0x00000000000000000000000000000000 
  xmm2=0x00000000000000000000000000000000 xmm3=0x00000000000000000000000000000000 
  xmm4=0x00000000000000000000000000000000 xmm5=0x00000000000000000000000000000000 
  xmm6=0x00000000000000000000000000000000 xmm7=0x00000000000000000000000000000000 

    > store to +0x4fd8 value 0x0
0x30be: mov ecx, 0x48
  rax=0x0000000000000000 rbx=0x0000000000000000 rcx=0x0000000000000000 rdx=0x0000000000000000
  rsi=0x00000000000012b4 rdi=0x00000000000014b6 flags=0b000001000110
  xmm0=0x00000000000000000000000000000000 xmm1=0x00000000000000000000000000000000 
  xmm2=0x00000000000000000000000000000000 xmm3=0x00000000000000000000000000000000 
  xmm4=0x00000000000000000000000000000000 xmm5=0x00000000000000000000000000000000 
  xmm6=0x00000000000000000000000000000000 xmm7=0x00000000000000000000000000000000 

0x30c3: rdmsr 
  rax=0x0000000000000000 rbx=0x0000000000000000 rcx=0x0000000000000048 rdx=0x0000000000000000
  rsi=0x00000000000012b4 rdi=0x00000000000014b6 flags=0b000001000110
  xmm0=0x00000000000000000000000000000000 xmm1=0x00000000000000000000000000000000 
  xmm2=0x00000000000000000000000000000000 xmm3=0x00000000000000000000000000000000 
  xmm4=0x00000000000000000000000000000000 xmm5=0x00000000000000000000000000000000 
  xmm6=0x00000000000000000000000000000000 xmm7=0x00000000000000000000000000000000 

0x30c5: and eax, 0xfffffffb
  rax=0x0000000000000000 rbx=0x0000000000000000 rcx=0x0000000000000048 rdx=0x0000000000000000
  rsi=0x00000000000012b4 rdi=0x00000000000014b6 flags=0b000001000110
  xmm0=0x00000000000000000000000000000000 xmm1=0x00000000000000000000000000000000 
  xmm2=0x00000000000000000000000000000000 xmm3=0x00000000000000000000000000000000 
  xmm4=0x00000000000000000000000000000000 xmm5=0x00000000000000000000000000000000 
  xmm6=0x00000000000000000000000000000000 xmm7=0x00000000000000000000000000000000 

0x30c8: or eax, 0x100
  rax=0x0000000000000000 rbx=0x0000000000000000 rcx=0x0000000000000048 rdx=0x0000000000000000
  rsi=0x00000000000012b4 rdi=0x00000000000014b6 flags=0b000001000110
  xmm0=0x00000000000000000000000000000000 xmm1=0x00000000000000000000000000000000 
  xmm2=0x00000000000000000000000000000000 xmm3=0x00000000000000000000000000000000 
  xmm4=0x00000000000000000000000000000000 xmm5=0x00000000000000000000000000000000 
  xmm6=0x00000000000000000000000000000000 xmm7=0x00000000000000000000000000000000 

0x30cd: wrmsr 
  rax=0x0000000000000100 rbx=0x0000000000000000 rcx=0x0000000000000048 rdx=0x0000000000000000
  rsi=0x00000000000012b4 rdi=0x00000000000014b6 flags=0b000000000110
  xmm0=0x00000000000000000000000000000000 xmm1=0x00000000000000000000000000000000 
  xmm2=0x00000000000000000000000000000000 xmm3=0x00000000000000000000000000000000 
  xmm4=0x00000000000000000000000000000000 xmm5=0x00000000000000000000000000000000 
  xmm6=0x00000000000000000000000000000000 xmm7=0x00000000000000000000000000000000 

0x30cf: mfence 
  rax=0x0000000000000100 rbx=0x0000000000000000 rcx=0x0000000000000048 rdx=0x0000000000000000
  rsi=0x00000000000012b4 rdi=0x00000000000014b6 flags=0b000000000110
  xmm0=0x00000000000000000000000000000000 xmm1=0x00000000000000000000000000000000 
  xmm2=0x00000000000000000000000000000000 xmm3=0x00000000000000000000000000000000 
  xmm4=0x00000000000000000000000000000000 xmm5=0x00000000000000000000000000000000 
  xmm6=0x00000000000000000000000000000000 xmm7=0x00000000000000000000000000000000 

0x30d2: lfence 
  rax=0x0000000000000100 rbx=0x0000000000000000 rcx=0x0000000000000048 rdx=0x0000000000000000
  rsi=0x00000000000012b4 rdi=0x00000000000014b6 flags=0b000000000110
  xmm0=0x00000000000000000000000000000000 xmm1=0x00000000000000000000000000000000 
  xmm2=0x00000000000000000000000000000000 xmm3=0x00000000000000000000000000000000 
  xmm4=0x00000000000000000000000000000000 xmm5=0x00000000000000000000000000000000 
  xmm6=0x00000000000000000000000000000000 xmm7=0x00000000000000000000000000000000 

0x30d5: macro .measurement_end, .noarg
  rax=0x0000000000000100 rbx=0x0000000000000000 rcx=0x0000000000000048 rdx=0x0000000000000000
  rsi=0x00000000000012b4 rdi=0x00000000000014b6 flags=0b000000000110
  xmm0=0x00000000000000000000000000000000 xmm1=0x00000000000000000000000000000000 
  xmm2=0x00000000000000000000000000000000 xmm3=0x00000000000000000000000000000000 
  xmm4=0x00000000000000000000000000000000 xmm5=0x00000000000000000000000000000000 
  xmm6=0x00000000000000000000000000000000 xmm7=0x00000000000000000000000000000000 

0x30dd: mov ecx, 0x48
  rax=0x0000000000000100 rbx=0x0000000000000000 rcx=0x0000000000000048 rdx=0x0000000000000000
  rsi=0x00000000000012b4 rdi=0x00000000000014b6 flags=0b000000000110
  xmm0=0x00000000000000000000000000000000 xmm1=0x00000000000000000000000000000000 
  xmm2=0x00000000000000000000000000000000 xmm3=0x00000000000000000000000000000000 
  xmm4=0x00000000000000000000000000000000 xmm5=0x00000000000000000000000000000000 
  xmm6=0x00000000000000000000000000000000 xmm7=0x00000000000000000000000000000000 

0x30e2: rdmsr 
  rax=0x0000000000000100 rbx=0x0000000000000000 rcx=0x0000000000000048 rdx=0x0000000000000000
  rsi=0x00000000000012b4 rdi=0x00000000000014b6 flags=0b000000000110
  xmm0=0x00000000000000000000000000000000 xmm1=0x00000000000000000000000000000000 
  xmm2=0x00000000000000000000000000000000 xmm3=0x00000000000000000000000000000000 
  xmm4=0x00000000000000000000000000000000 xmm5=0x00000000000000000000000000000000 
  xmm6=0x00000000000000000000000000000000 xmm7=0x00000000000000000000000000000000 

0x30e4: and eax, 0xfffffffb
  rax=0x0000000000000000 rbx=0x0000000000000000 rcx=0x0000000000000048 rdx=0x0000000000000000
  rsi=0x00000000000012b4 rdi=0x00000000000014b6 flags=0b000000000110
  xmm0=0x00000000000000000000000000000000 xmm1=0x00000000000000000000000000000000 
  xmm2=0x00000000000000000000000000000000 xmm3=0x00000000000000000000000000000000 
  xmm4=0x00000000000000000000000000000000 xmm5=0x00000000000000000000000000000000 
  xmm6=0x00000000000000000000000000000000 xmm7=0x00000000000000000000000000000000 

0x30e7: and eax, 0xfffffeff
  rax=0x0000000000000000 rbx=0x0000000000000000 rcx=0x0000000000000048 rdx=0x0000000000000000
  rsi=0x00000000000012b4 rdi=0x00000000000014b6 flags=0b000001000110
  xmm0=0x00000000000000000000000000000000 xmm1=0x00000000000000000000000000000000 
  xmm2=0x00000000000000000000000000000000 xmm3=0x00000000000000000000000000000000 
  xmm4=0x00000000000000000000000000000000 xmm5=0x00000000000000000000000000000000 
  xmm6=0x00000000000000000000000000000000 xmm7=0x00000000000000000000000000000000 

0x30ec: wrmsr 
  rax=0x0000000000000000 rbx=0x0000000000000000 rcx=0x0000000000000048 rdx=0x0000000000000000
  rsi=0x00000000000012b4 rdi=0x00000000000014b6 flags=0b000001000110
  xmm0=0x00000000000000000000000000000000 xmm1=0x00000000000000000000000000000000 
  xmm2=0x00000000000000000000000000000000 xmm3=0x00000000000000000000000000000000 
  xmm4=0x00000000000000000000000000000000 xmm5=0x00000000000000000000000000000000 
  xmm6=0x00000000000000000000000000000000 xmm7=0x00000000000000000000000000000000 

0x30ee: mfence 
  rax=0x0000000000000000 rbx=0x0000000000000000 rcx=0x0000000000000048 rdx=0x0000000000000000
  rsi=0x00000000000012b4 rdi=0x00000000000014b6 flags=0b000001000110
  xmm0=0x00000000000000000000000000000000 xmm1=0x00000000000000000000000000000000 
  xmm2=0x00000000000000000000000000000000 xmm3=0x00000000000000000000000000000000 
  xmm4=0x00000000000000000000000000000000 xmm5=0x00000000000000000000000000000000 
  xmm6=0x00000000000000000000000000000000 xmm7=0x00000000000000000000000000000000 

0x30f1: lfence 
  rax=0x0000000000000000 rbx=0x0000000000000000 rcx=0x0000000000000048 rdx=0x0000000000000000
  rsi=0x00000000000012b4 rdi=0x00000000000014b6 flags=0b000001000110
  xmm0=0x00000000000000000000000000000000 xmm1=0x00000000000000000000000000000000 
  xmm2=0x00000000000000000000000000000000 xmm3=0x00000000000000000000000000000000 
  xmm4=0x00000000000000000000000000000000 xmm5=0x00000000000000000000000000000000 
  xmm6=0x00000000000000000000000000000000 xmm7=0x00000000000000000000000000000000 

0x30f4: pop rdx
  rax=0x0000000000000000 rbx=0x0000000000000000 rcx=0x0000000000000048 rdx=0x0000000000000000
  rsi=0x00000000000012b4 rdi=0x00000000000014b6 flags=0b000001000110
  xmm0=0x00000000000000000000000000000000 xmm1=0x00000000000000000000000000000000 
  xmm2=0x00000000000000000000000000000000 xmm3=0x00000000000000000000000000000000 
  xmm4=0x00000000000000000000000000000000 xmm5=0x00000000000000000000000000000000 
  xmm6=0x00000000000000000000000000000000 xmm7=0x00000000000000000000000000000000 

    > load from +0x4fd8 value 0x0
0x30f5: pop rcx
  rax=0x0000000000000000 rbx=0x0000000000000000 rcx=0x0000000000000048 rdx=0x0000000000000000
  rsi=0x00000000000012b4 rdi=0x00000000000014b6 flags=0b000001000110
  xmm0=0x00000000000000000000000000000000 xmm1=0x00000000000000000000000000000000 
  xmm2=0x00000000000000000000000000000000 xmm3=0x00000000000000000000000000000000 
  xmm4=0x00000000000000000000000000000000 xmm5=0x00000000000000000000000000000000 
  xmm6=0x00000000000000000000000000000000 xmm7=0x00000000000000000000000000000000 

    > load from +0x4fe0 value 0x0
0x30f6: pop rax
  rax=0x0000000000000000 rbx=0x0000000000000000 rcx=0x0000000000000000 rdx=0x0000000000000000
  rsi=0x00000000000012b4 rdi=0x00000000000014b6 flags=0b000001000110
  xmm0=0x00000000000000000000000000000000 xmm1=0x00000000000000000000000000000000 
  xmm2=0x00000000000000000000000000000000 xmm3=0x00000000000000000000000000000000 
  xmm4=0x00000000000000000000000000000000 xmm5=0x00000000000000000000000000000000 
  xmm6=0x00000000000000000000000000000000 xmm7=0x00000000000000000000000000000000 

    > load from +0x4fe8 value 0x0
0x30f7: popfq 
  rax=0x0000000000000000 rbx=0x0000000000000000 rcx=0x0000000000000000 rdx=0x0000000000000000
  rsi=0x00000000000012b4 rdi=0x00000000000014b6 flags=0b000001000110
  xmm0=0x00000000000000000000000000000000 xmm1=0x00000000000000000000000000000000 
  xmm2=0x00000000000000000000000000000000 xmm3=0x00000000000000000000000000000000 
  xmm4=0x00000000000000000000000000000000 xmm5=0x00000000000000000000000000000000 
  xmm6=0x00000000000000000000000000000000 xmm7=0x00000000000000000000000000000000 

    > load from +0x4ff0 value 0x46
0x30f8: macro .switch, .main.function_main_2
  rax=0x0000000000000000 rbx=0x0000000000000000 rcx=0x0000000000000000 rdx=0x0000000000000000
  rsi=0x00000000000012b4 rdi=0x00000000000014b6 flags=0b000001000110
  xmm0=0x00000000000000000000000000000000 xmm1=0x00000000000000000000000000000000 
  xmm2=0x00000000000000000000000000000000 xmm3=0x00000000000000000000000000000000 
  xmm4=0x00000000000000000000000000000000 xmm5=0x00000000000000000000000000000000 
  xmm6=0x00000000000000000000000000000000 xmm7=0x00000000000000000000000000000000 




                      ##### Input 52 #####

                     ##### Input 0 #####
0x0 : macro .switch, .actor2.function_actor2_0
  rax=0x0000000000000000 rbx=0x0000245f0000245f rcx=0x0000000000000000 rdx=0x0000505100005051
  rsi=0x000023f4000023f4 rdi=0x0000548800005488 flags=0b000000000010
  xmm0=0x00000000000000000000000000000000 xmm1=0x00000000000000000000000000000000 
  xmm2=0x00000000000000000000000000000000 xmm3=0x00000000000000000000000000000000 
  xmm4=0x00000000000000000000000000000000 xmm5=0x00000000000000000000000000000000 
  xmm6=0x00000000000000000000000000000000 xmm7=0x00000000000000000000000000000000 

0x3000: add dil, 46
  rax=0x0000000000000000 rbx=0x0000245f0000245f rcx=0x0000000000000000 rdx=0x0000505100005051
  rsi=0x000023f4000023f4 rdi=0x0000548800005488 flags=0b000000000010
  xmm0=0x00000000000000000000000000000000 xmm1=0x00000000000000000000000000000000 
  xmm2=0x00000000000000000000000000000000 xmm3=0x00000000000000000000000000000000 
  xmm4=0x00000000000000000000000000000000 xmm5=0x00000000000000000000000000000000 
  xmm6=0x00000000000000000000000000000000 xmm7=0x00000000000000000000000000000000 

0x3004: pushfq 
  rax=0x0000000000000000 rbx=0x0000245f0000245f rcx=0x0000000000000000 rdx=0x0000505100005051
  rsi=0x000023f4000023f4 rdi=0x00005488000054b6 flags=0b000010010010
  xmm0=0x00000000000000000000000000000000 xmm1=0x00000000000000000000000000000000 
  xmm2=0x00000000000000000000000000000000 xmm3=0x00000000000000000000000000000000 
  xmm4=0x00000000000000000000000000000000 xmm5=0x00000000000000000000000000000000 
  xmm6=0x00000000000000000000000000000000 xmm7=0x00000000000000000000000000000000 

    > store to +0x4ff0 value 0x92
0x3005: push rax
  rax=0x0000000000000000 rbx=0x0000245f0000245f rcx=0x0000000000000000 rdx=0x0000505100005051
  rsi=0x000023f4000023f4 rdi=0x00005488000054b6 flags=0b000010010010
  xmm0=0x00000000000000000000000000000000 xmm1=0x00000000000000000000000000000000 
  xmm2=0x00000000000000000000000000000000 xmm3=0x00000000000000000000000000000000 
  xmm4=0x00000000000000000000000000000000 xmm5=0x00000000000000000000000000000000 
  xmm6=0x00000000000000000000000000000000 xmm7=0x00000000000000000000000000000000 

    > store to +0x4fe8 value 0x0
0x3006: push rcx
  rax=0x0000000000000000 rbx=0x0000245f0000245f rcx=0x0000000000000000 rdx=0x0000505100005051
  rsi=0x000023f4000023f4 rdi=0x00005488000054b6 flags=0b000010010010
  xmm0=0x00000000000000000000000000000000 xmm1=0x00000000000000000000000000000000 
  xmm2=0x00000000000000000000000000000000 xmm3=0x00000000000000000000000000000000 
  xmm4=0x00000000000000000000000000000000 xmm5=0x00000000000000000000000000000000 
  xmm6=0x00000000000000000000000000000000 xmm7=0x00000000000000000000000000000000 

    > store to +0x4fe0 value 0x0
0x3007: push rdx
  rax=0x0000000000000000 rbx=0x0000245f0000245f rcx=0x0000000000000000 rdx=0x0000505100005051
  rsi=0x000023f4000023f4 rdi=0x00005488000054b6 flags=0b000010010010
  xmm0=0x00000000000000000000000000000000 xmm1=0x00000000000000000000000000000000 
  xmm2=0x00000000000000000000000000000000 xmm3=0x00000000000000000000000000000000 
  xmm4=0x00000000000000000000000000000000 xmm5=0x00000000000000000000000000000000 
  xmm6=0x00000000000000000000000000000000 xmm7=0x00000000000000000000000000000000 

    > store to +0x4fd8 value 0x505100005051
0x3008: mov ecx, 0x48
  rax=0x0000000000000000 rbx=0x0000245f0000245f rcx=0x0000000000000000 rdx=0x0000505100005051
  rsi=0x000023f4000023f4 rdi=0x00005488000054b6 flags=0b000010010010
  xmm0=0x00000000000000000000000000000000 xmm1=0x00000000000000000000000000000000 
  xmm2=0x00000000000000000000000000000000 xmm3=0x00000000000000000000000000000000 
  xmm4=0x00000000000000000000000000000000 xmm5=0x00000000000000000000000000000000 
  xmm6=0x00000000000000000000000000000000 xmm7=0x00000000000000000000000000000000 

0x300d: rdmsr 
  rax=0x0000000000000000 rbx=0x0000245f0000245f rcx=0x0000000000000048 rdx=0x0000505100005051
  rsi=0x000023f4000023f4 rdi=0x00005488000054b6 flags=0b000010010010
  xmm0=0x00000000000000000000000000000000 xmm1=0x00000000000000000000000000000000 
  xmm2=0x00000000000000000000000000000000 xmm3=0x00000000000000000000000000000000 
  xmm4=0x00000000000000000000000000000000 xmm5=0x00000000000000000000000000000000 
  xmm6=0x00000000000000000000000000000000 xmm7=0x00000000000000000000000000000000 

0x300f: and eax, 0xfffffffb
  rax=0x0000000000000000 rbx=0x0000245f0000245f rcx=0x0000000000000048 rdx=0x0000000000000000
  rsi=0x000023f4000023f4 rdi=0x00005488000054b6 flags=0b000010010010
  xmm0=0x00000000000000000000000000000000 xmm1=0x00000000000000000000000000000000 
  xmm2=0x00000000000000000000000000000000 xmm3=0x00000000000000000000000000000000 
  xmm4=0x00000000000000000000000000000000 xmm5=0x00000000000000000000000000000000 
  xmm6=0x00000000000000000000000000000000 xmm7=0x00000000000000000000000000000000 

0x3012: or eax, 0x100
  rax=0x0000000000000000 rbx=0x0000245f0000245f rcx=0x0000000000000048 rdx=0x0000000000000000
  rsi=0x000023f4000023f4 rdi=0x00005488000054b6 flags=0b000001000110
  xmm0=0x00000000000000000000000000000000 xmm1=0x00000000000000000000000000000000 
  xmm2=0x00000000000000000000000000000000 xmm3=0x00000000000000000000000000000000 
  xmm4=0x00000000000000000000000000000000 xmm5=0x00000000000000000000000000000000 
  xmm6=0x00000000000000000000000000000000 xmm7=0x00000000000000000000000000000000 

0x3017: wrmsr 
  rax=0x0000000000000100 rbx=0x0000245f0000245f rcx=0x0000000000000048 rdx=0x0000000000000000
  rsi=0x000023f4000023f4 rdi=0x00005488000054b6 flags=0b000000000110
  xmm0=0x00000000000000000000000000000000 xmm1=0x00000000000000000000000000000000 
  xmm2=0x00000000000000000000000000000000 xmm3=0x00000000000000000000000000000000 
  xmm4=0x00000000000000000000000000000000 xmm5=0x00000000000000000000000000000000 
  xmm6=0x00000000000000000000000000000000 xmm7=0x00000000000000000000000000000000 

0x3019: mfence 
  rax=0x0000000000000100 rbx=0x0000245f0000245f rcx=0x0000000000000048 rdx=0x0000000000000000
  rsi=0x000023f4000023f4 rdi=0x00005488000054b6 flags=0b000000000110
  xmm0=0x00000000000000000000000000000000 xmm1=0x00000000000000000000000000000000 
  xmm2=0x00000000000000000000000000000000 xmm3=0x00000000000000000000000000000000 
  xmm4=0x00000000000000000000000000000000 xmm5=0x00000000000000000000000000000000 
  xmm6=0x00000000000000000000000000000000 xmm7=0x00000000000000000000000000000000 

0x301c: lfence 
  rax=0x0000000000000100 rbx=0x0000245f0000245f rcx=0x0000000000000048 rdx=0x0000000000000000
  rsi=0x000023f4000023f4 rdi=0x00005488000054b6 flags=0b000000000110
  xmm0=0x00000000000000000000000000000000 xmm1=0x00000000000000000000000000000000 
  xmm2=0x00000000000000000000000000000000 xmm3=0x00000000000000000000000000000000 
  xmm4=0x00000000000000000000000000000000 xmm5=0x00000000000000000000000000000000 
  xmm6=0x00000000000000000000000000000000 xmm7=0x00000000000000000000000000000000 

0x301f: macro .measurement_start, .noarg
  rax=0x0000000000000100 rbx=0x0000245f0000245f rcx=0x0000000000000048 rdx=0x0000000000000000
  rsi=0x000023f4000023f4 rdi=0x00005488000054b6 flags=0b000000000110
  xmm0=0x00000000000000000000000000000000 xmm1=0x00000000000000000000000000000000 
  xmm2=0x00000000000000000000000000000000 xmm3=0x00000000000000000000000000000000 
  xmm4=0x00000000000000000000000000000000 xmm5=0x00000000000000000000000000000000 
  xmm6=0x00000000000000000000000000000000 xmm7=0x00000000000000000000000000000000 

0x3027: mov ecx, 0x48
  rax=0x0000000000000100 rbx=0x0000245f0000245f rcx=0x0000000000000048 rdx=0x0000000000000000
  rsi=0x000023f4000023f4 rdi=0x00005488000054b6 flags=0b000000000110
  xmm0=0x00000000000000000000000000000000 xmm1=0x00000000000000000000000000000000 
  xmm2=0x00000000000000000000000000000000 xmm3=0x00000000000000000000000000000000 
  xmm4=0x00000000000000000000000000000000 xmm5=0x00000000000000000000000000000000 
  xmm6=0x00000000000000000000000000000000 xmm7=0x00000000000000000000000000000000 

0x302c: rdmsr 
  rax=0x0000000000000100 rbx=0x0000245f0000245f rcx=0x0000000000000048 rdx=0x0000000000000000
  rsi=0x000023f4000023f4 rdi=0x00005488000054b6 flags=0b000000000110
  xmm0=0x00000000000000000000000000000000 xmm1=0x00000000000000000000000000000000 
  xmm2=0x00000000000000000000000000000000 xmm3=0x00000000000000000000000000000000 
  xmm4=0x00000000000000000000000000000000 xmm5=0x00000000000000000000000000000000 
  xmm6=0x00000000000000000000000000000000 xmm7=0x00000000000000000000000000000000 

0x302e: and eax, 0xfffffffb
  rax=0x0000000000000000 rbx=0x0000245f0000245f rcx=0x0000000000000048 rdx=0x0000000000000000
  rsi=0x000023f4000023f4 rdi=0x00005488000054b6 flags=0b000000000110
  xmm0=0x00000000000000000000000000000000 xmm1=0x00000000000000000000000000000000 
  xmm2=0x00000000000000000000000000000000 xmm3=0x00000000000000000000000000000000 
  xmm4=0x00000000000000000000000000000000 xmm5=0x00000000000000000000000000000000 
  xmm6=0x00000000000000000000000000000000 xmm7=0x00000000000000000000000000000000 

0x3031: and eax, 0xfffffeff
  rax=0x0000000000000000 rbx=0x0000245f0000245f rcx=0x0000000000000048 rdx=0x0000000000000000
  rsi=0x000023f4000023f4 rdi=0x00005488000054b6 flags=0b000001000110
  xmm0=0x00000000000000000000000000000000 xmm1=0x00000000000000000000000000000000 
  xmm2=0x00000000000000000000000000000000 xmm3=0x00000000000000000000000000000000 
  xmm4=0x00000000000000000000000000000000 xmm5=0x00000000000000000000000000000000 
  xmm6=0x00000000000000000000000000000000 xmm7=0x00000000000000000000000000000000 

0x3036: wrmsr 
  rax=0x0000000000000000 rbx=0x0000245f0000245f rcx=0x0000000000000048 rdx=0x0000000000000000
  rsi=0x000023f4000023f4 rdi=0x00005488000054b6 flags=0b000001000110
  xmm0=0x00000000000000000000000000000000 xmm1=0x00000000000000000000000000000000 
  xmm2=0x00000000000000000000000000000000 xmm3=0x00000000000000000000000000000000 
  xmm4=0x00000000000000000000000000000000 xmm5=0x00000000000000000000000000000000 
  xmm6=0x00000000000000000000000000000000 xmm7=0x00000000000000000000000000000000 

0x3038: mfence 
  rax=0x0000000000000000 rbx=0x0000245f0000245f rcx=0x0000000000000048 rdx=0x0000000000000000
  rsi=0x000023f4000023f4 rdi=0x00005488000054b6 flags=0b000001000110
  xmm0=0x00000000000000000000000000000000 xmm1=0x00000000000000000000000000000000 
  xmm2=0x00000000000000000000000000000000 xmm3=0x00000000000000000000000000000000 
  xmm4=0x00000000000000000000000000000000 xmm5=0x00000000000000000000000000000000 
  xmm6=0x00000000000000000000000000000000 xmm7=0x00000000000000000000000000000000 

0x303b: lfence 
  rax=0x0000000000000000 rbx=0x0000245f0000245f rcx=0x0000000000000048 rdx=0x0000000000000000
  rsi=0x000023f4000023f4 rdi=0x00005488000054b6 flags=0b000001000110
  xmm0=0x00000000000000000000000000000000 xmm1=0x00000000000000000000000000000000 
  xmm2=0x00000000000000000000000000000000 xmm3=0x00000000000000000000000000000000 
  xmm4=0x00000000000000000000000000000000 xmm5=0x00000000000000000000000000000000 
  xmm6=0x00000000000000000000000000000000 xmm7=0x00000000000000000000000000000000 

0x303e: pop rdx
  rax=0x0000000000000000 rbx=0x0000245f0000245f rcx=0x0000000000000048 rdx=0x0000000000000000
  rsi=0x000023f4000023f4 rdi=0x00005488000054b6 flags=0b000001000110
  xmm0=0x00000000000000000000000000000000 xmm1=0x00000000000000000000000000000000 
  xmm2=0x00000000000000000000000000000000 xmm3=0x00000000000000000000000000000000 
  xmm4=0x00000000000000000000000000000000 xmm5=0x00000000000000000000000000000000 
  xmm6=0x00000000000000000000000000000000 xmm7=0x00000000000000000000000000000000 

    > load from +0x4fd8 value 0x505100005051
0x303f: pop rcx
  rax=0x0000000000000000 rbx=0x0000245f0000245f rcx=0x0000000000000048 rdx=0x0000505100005051
  rsi=0x000023f4000023f4 rdi=0x00005488000054b6 flags=0b000001000110
  xmm0=0x00000000000000000000000000000000 xmm1=0x00000000000000000000000000000000 
  xmm2=0x00000000000000000000000000000000 xmm3=0x00000000000000000000000000000000 
  xmm4=0x00000000000000000000000000000000 xmm5=0x00000000000000000000000000000000 
  xmm6=0x00000000000000000000000000000000 xmm7=0x00000000000000000000000000000000 

    > load from +0x4fe0 value 0x0
0x3040: pop rax
  rax=0x0000000000000000 rbx=0x0000245f0000245f rcx=0x0000000000000000 rdx=0x0000505100005051
  rsi=0x000023f4000023f4 rdi=0x00005488000054b6 flags=0b000001000110
  xmm0=0x00000000000000000000000000000000 xmm1=0x00000000000000000000000000000000 
  xmm2=0x00000000000000000000000000000000 xmm3=0x00000000000000000000000000000000 
  xmm4=0x00000000000000000000000000000000 xmm5=0x00000000000000000000000000000000 
  xmm6=0x00000000000000000000000000000000 xmm7=0x00000000000000000000000000000000 

    > load from +0x4fe8 value 0x0
0x3041: popfq 
  rax=0x0000000000000000 rbx=0x0000245f0000245f rcx=0x0000000000000000 rdx=0x0000505100005051
  rsi=0x000023f4000023f4 rdi=0x00005488000054b6 flags=0b000001000110
  xmm0=0x00000000000000000000000000000000 xmm1=0x00000000000000000000000000000000 
  xmm2=0x00000000000000000000000000000000 xmm3=0x00000000000000000000000000000000 
  xmm4=0x00000000000000000000000000000000 xmm5=0x00000000000000000000000000000000 
  xmm6=0x00000000000000000000000000000000 xmm7=0x00000000000000000000000000000000 

    > load from +0x4ff0 value 0x92
0x3042: and rbx, 0b1111111111111
  rax=0x0000000000000000 rbx=0x0000245f0000245f rcx=0x0000000000000000 rdx=0x0000505100005051
  rsi=0x000023f4000023f4 rdi=0x00005488000054b6 flags=0b000010010010
  xmm0=0x00000000000000000000000000000000 xmm1=0x00000000000000000000000000000000 
  xmm2=0x00000000000000000000000000000000 xmm3=0x00000000000000000000000000000000 
  xmm4=0x00000000000000000000000000000000 xmm5=0x00000000000000000000000000000000 
  xmm6=0x00000000000000000000000000000000 xmm7=0x00000000000000000000000000000000 

0x3049: mov ebx, [r14 +rbx]
  rax=0x0000000000000000 rbx=0x000000000000045f rcx=0x0000000000000000 rdx=0x0000505100005051
  rsi=0x000023f4000023f4 rdi=0x00005488000054b6 flags=0b000000000110
  xmm0=0x00000000000000000000000000000000 xmm1=0x00000000000000000000000000000000 
  xmm2=0x00000000000000000000000000000000 xmm3=0x00000000000000000000000000000000 
  xmm4=0x00000000000000000000000000000000 xmm5=0x00000000000000000000000000000000 
  xmm6=0x00000000000000000000000000000000 xmm7=0x00000000000000000000000000000000 

    > load from +0x445f value 0x0
0x304d: and rdx, 0b1111111111111
  rax=0x0000000000000000 rbx=0x0000000000000000 rcx=0x0000000000000000 rdx=0x0000505100005051
  rsi=0x000023f4000023f4 rdi=0x00005488000054b6 flags=0b000000000110
  xmm0=0x00000000000000000000000000000000 xmm1=0x00000000000000000000000000000000 
  xmm2=0x00000000000000000000000000000000 xmm3=0x00000000000000000000000000000000 
  xmm4=0x00000000000000000000000000000000 xmm5=0x00000000000000000000000000000000 
  xmm6=0x00000000000000000000000000000000 xmm7=0x00000000000000000000000000000000 

0x3054: mov al, [r14 +rdx]
  rax=0x0000000000000000 rbx=0x0000000000000000 rcx=0x0000000000000000 rdx=0x0000000000001051
  rsi=0x000023f4000023f4 rdi=0x00005488000054b6 flags=0b000000000010
  xmm0=0x00000000000000000000000000000000 xmm1=0x00000000000000000000000000000000 
  xmm2=0x00000000000000000000000000000000 xmm3=0x00000000000000000000000000000000 
  xmm4=0x00000000000000000000000000000000 xmm5=0x00000000000000000000000000000000 
  xmm6=0x00000000000000000000000000000000 xmm7=0x00000000000000000000000000000000 

    > load from +0x5051 value 0x8a
0x3058: add rbx, 0b1000000000000000000000000000000
  rax=0x000000000000008a rbx=0x0000000000000000 rcx=0x0000000000000000 rdx=0x0000000000001051
  rsi=0x000023f4000023f4 rdi=0x00005488000054b6 flags=0b000000000010
  xmm0=0x00000000000000000000000000000000 xmm1=0x00000000000000000000000000000000 
  xmm2=0x00000000000000000000000000000000 xmm3=0x00000000000000000000000000000000 
  xmm4=0x00000000000000000000000000000000 xmm5=0x00000000000000000000000000000000 
  xmm6=0x00000000000000000000000000000000 xmm7=0x00000000000000000000000000000000 

0x305f: bsr rbx, rbx
  rax=0x000000000000008a rbx=0x0000000040000000 rcx=0x0000000000000000 rdx=0x0000000000001051
  rsi=0x000023f4000023f4 rdi=0x00005488000054b6 flags=0b000000000110
  xmm0=0x00000000000000000000000000000000 xmm1=0x00000000000000000000000000000000 
  xmm2=0x00000000000000000000000000000000 xmm3=0x00000000000000000000000000000000 
  xmm4=0x00000000000000000000000000000000 xmm5=0x00000000000000000000000000000000 
  xmm6=0x00000000000000000000000000000000 xmm7=0x00000000000000000000000000000000 

0x3063: and rax, 0b1111111111111
  rax=0x000000000000008a rbx=0x000000000000001e rcx=0x0000000000000000 rdx=0x0000000000001051
  rsi=0x000023f4000023f4 rdi=0x00005488000054b6 flags=0b000000000110
  xmm0=0x00000000000000000000000000000000 xmm1=0x00000000000000000000000000000000 
  xmm2=0x00000000000000000000000000000000 xmm3=0x00000000000000000000000000000000 
  xmm4=0x00000000000000000000000000000000 xmm5=0x00000000000000000000000000000000 
  xmm6=0x00000000000000000000000000000000 xmm7=0x00000000000000000000000000000000 

0x3069: add rdi, [r14 +rax]
  rax=0x000000000000008a rbx=0x000000000000001e rcx=0x0000000000000000 rdx=0x0000000000001051
  rsi=0x000023f4000023f4 rdi=0x00005488000054b6 flags=0b000000000010
  xmm0=0x00000000000000000000000000000000 xmm1=0x00000000000000000000000000000000 
  xmm2=0x00000000000000000000000000000000 xmm3=0x00000000000000000000000000000000 
  xmm4=0x00000000000000000000000000000000 xmm5=0x00000000000000000000000000000000 
  xmm6=0x00000000000000000000000000000000 xmm7=0x00000000000000000000000000000000 

    > load from +0x408a value 0x0
0x306d: and rdi, 0b1111111111111
  rax=0x000000000000008a rbx=0x000000000000001e rcx=0x0000000000000000 rdx=0x0000000000001051
  rsi=0x000023f4000023f4 rdi=0x00005488000054b6 flags=0b000000000010
  xmm0=0x00000000000000000000000000000000 xmm1=0x00000000000000000000000000000000 
  xmm2=0x00000000000000000000000000000000 xmm3=0x00000000000000000000000000000000 
  xmm4=0x00000000000000000000000000000000 xmm5=0x00000000000000000000000000000000 
  xmm6=0x00000000000000000000000000000000 xmm7=0x00000000000000000000000000000000 

0x3074: add [r14 +rdi], 1
  rax=0x000000000000008a rbx=0x000000000000001e rcx=0x0000000000000000 rdx=0x0000000000001051
  rsi=0x000023f4000023f4 rdi=0x00000000000014b6 flags=0b000000000010
  xmm0=0x00000000000000000000000000000000 xmm1=0x00000000000000000000000000000000 
  xmm2=0x00000000000000000000000000000000 xmm3=0x00000000000000000000000000000000 
  xmm4=0x00000000000000000000000000000000 xmm5=0x00000000000000000000000000000000 
  xmm6=0x00000000000000000000000000000000 xmm7=0x00000000000000000000000000000000 

    > load from +0x54b6 value 0x0
    > store to +0x54b6 value 0x1
0x3079: and rbx, 0b1111111111111
  rax=0x000000000000008a rbx=0x000000000000001e rcx=0x0000000000000000 rdx=0x0000000000001051
  rsi=0x000023f4000023f4 rdi=0x00000000000014b6 flags=0b000000000010
  xmm0=0x00000000000000000000000000000000 xmm1=0x00000000000000000000000000000000 
  xmm2=0x00000000000000000000000000000000 xmm3=0x00000000000000000000000000000000 
  xmm4=0x00000000000000000000000000000000 xmm5=0x00000000000000000000000000000000 
  xmm6=0x00000000000000000000000000000000 xmm7=0x00000000000000000000000000000000 

0x3080: mov edx, [r14 +rbx]
  rax=0x000000000000008a rbx=0x000000000000001e rcx=0x0000000000000000 rdx=0x0000000000001051
  rsi=0x000023f4000023f4 rdi=0x00000000000014b6 flags=0b000000000110
  xmm0=0x00000000000000000000000000000000 xmm1=0x00000000000000000000000000000000 
  xmm2=0x00000000000000000000000000000000 xmm3=0x00000000000000000000000000000000 
  xmm4=0x00000000000000000000000000000000 xmm5=0x00000000000000000000000000000000 
  xmm6=0x00000000000000000000000000000000 xmm7=0x00000000000000000000000000000000 

    > load from +0x401e value 0x91e10000
0x3084: and rdx, 0b1111111111111
  rax=0x000000000000008a rbx=0x000000000000001e rcx=0x0000000000000000 rdx=0x0000000091e10000
  rsi=0x000023f4000023f4 rdi=0x00000000000014b6 flags=0b000000000110
  xmm0=0x00000000000000000000000000000000 xmm1=0x00000000000000000000000000000000 
  xmm2=0x00000000000000000000000000000000 xmm3=0x00000000000000000000000000000000 
  xmm4=0x00000000000000000000000000000000 xmm5=0x00000000000000000000000000000000 
  xmm6=0x00000000000000000000000000000000 xmm7=0x00000000000000000000000000000000 

0x308b: mov rdx, [r14 +rdx]
  rax=0x000000000000008a rbx=0x000000000000001e rcx=0x0000000000000000 rdx=0x0000000000000000
  rsi=0x000023f4000023f4 rdi=0x00000000000014b6 flags=0b000001000110
  xmm0=0x00000000000000000000000000000000 xmm1=0x00000000000000000000000000000000 
  xmm2=0x00000000000000000000000000000000 xmm3=0x00000000000000000000000000000000 
  xmm4=0x00000000000000000000000000000000 xmm5=0x00000000000000000000000000000000 
  xmm6=0x00000000000000000000000000000000 xmm7=0x00000000000000000000000000000000 

    > load from +0x4000 value 0x755b0000755b
0x308f: and rbx, 0b1111111111111
  rax=0x000000000000008a rbx=0x000000000000001e rcx=0x0000000000000000 rdx=0x0000755b0000755b
  rsi=0x000023f4000023f4 rdi=0x00000000000014b6 flags=0b000001000110
  xmm0=0x00000000000000000000000000000000 xmm1=0x00000000000000000000000000000000 
  xmm2=0x00000000000000000000000000000000 xmm3=0x00000000000000000000000000000000 
  xmm4=0x00000000000000000000000000000000 xmm5=0x00000000000000000000000000000000 
  xmm6=0x00000000000000000000000000000000 xmm7=0x00000000000000000000000000000000 

0x3096: mov dx, [r14 +rbx]
  rax=0x000000000000008a rbx=0x000000000000001e rcx=0x0000000000000000 rdx=0x0000755b0000755b
  rsi=0x000023f4000023f4 rdi=0x00000000000014b6 flags=0b000000000110
  xmm0=0x00000000000000000000000000000000 xmm1=0x00000000000000000000000000000000 
  xmm2=0x00000000000000000000000000000000 xmm3=0x00000000000000000000000000000000 
  xmm4=0x00000000000000000000000000000000 xmm5=0x00000000000000000000000000000000 
  xmm6=0x00000000000000000000000000000000 xmm7=0x00000000000000000000000000000000 

    > load from +0x401e value 0x0
0x309b: and rdx, 0b1111111111111
  rax=0x000000000000008a rbx=0x000000000000001e rcx=0x0000000000000000 rdx=0x0000755b00000000
  rsi=0x000023f4000023f4 rdi=0x00000000000014b6 flags=0b000000000110
  xmm0=0x00000000000000000000000000000000 xmm1=0x00000000000000000000000000000000 
  xmm2=0x00000000000000000000000000000000 xmm3=0x00000000000000000000000000000000 
  xmm4=0x00000000000000000000000000000000 xmm5=0x00000000000000000000000000000000 
  xmm6=0x00000000000000000000000000000000 xmm7=0x00000000000000000000000000000000 

0x30a2: and [r14 +rdx], 0b11111000
  rax=0x000000000000008a rbx=0x000000000000001e rcx=0x0000000000000000 rdx=0x0000000000000000
  rsi=0x000023f4000023f4 rdi=0x00000000000014b6 flags=0b000001000110
  xmm0=0x00000000000000000000000000000000 xmm1=0x00000000000000000000000000000000 
  xmm2=0x00000000000000000000000000000000 xmm3=0x00000000000000000000000000000000 
  xmm4=0x00000000000000000000000000000000 xmm5=0x00000000000000000000000000000000 
  xmm6=0x00000000000000000000000000000000 xmm7=0x00000000000000000000000000000000 

    > load from +0x4000 value 0x5b
    > store to +0x4000 value 0x58
0x30a7: and rcx, 0b1111111111111
  rax=0x000000000000008a rbx=0x000000000000001e rcx=0x0000000000000000 rdx=0x0000000000000000
  rsi=0x000023f4000023f4 rdi=0x00000000000014b6 flags=0b000000000010
  xmm0=0x00000000000000000000000000000000 xmm1=0x00000000000000000000000000000000 
  xmm2=0x00000000000000000000000000000000 xmm3=0x00000000000000000000000000000000 
  xmm4=0x00000000000000000000000000000000 xmm5=0x00000000000000000000000000000000 
  xmm6=0x00000000000000000000000000000000 xmm7=0x00000000000000000000000000000000 

0x30ae: mov esi, [r14 +rcx]
  rax=0x000000000000008a rbx=0x000000000000001e rcx=0x0000000000000000 rdx=0x0000000000000000
  rsi=0x000023f4000023f4 rdi=0x00000000000014b6 flags=0b000001000110
  xmm0=0x00000000000000000000000000000000 xmm1=0x00000000000000000000000000000000 
  xmm2=0x00000000000000000000000000000000 xmm3=0x00000000000000000000000000000000 
  xmm4=0x00000000000000000000000000000000 xmm5=0x00000000000000000000000000000000 
  xmm6=0x00000000000000000000000000000000 xmm7=0x00000000000000000000000000000000 

    > load from +0x4000 value 0x7558
0x30b2: macro .switch, .main.function_main_1
  rax=0x000000000000008a rbx=0x000000000000001e rcx=0x0000000000000000 rdx=0x0000000000000000
  rsi=0x0000000000007558 rdi=0x00000000000014b6 flags=0b000001000110
  xmm0=0x00000000000000000000000000000000 xmm1=0x00000000000000000000000000000000 
  xmm2=0x00000000000000000000000000000000 xmm3=0x00000000000000000000000000000000 
  xmm4=0x00000000000000000000000000000000 xmm5=0x00000000000000000000000000000000 
  xmm6=0x00000000000000000000000000000000 xmm7=0x00000000000000000000000000000000 

0x8 : and rsi, 0b1111111111111
  rax=0x000000000000008a rbx=0x000000000000001e rcx=0x0000000000000000 rdx=0x0000000000000000
  rsi=0x0000000000007558 rdi=0x00000000000014b6 flags=0b000001000110
  xmm0=0x00000000000000000000000000000000 xmm1=0x00000000000000000000000000000000 
  xmm2=0x00000000000000000000000000000000 xmm3=0x00000000000000000000000000000000 
  xmm4=0x00000000000000000000000000000000 xmm5=0x00000000000000000000000000000000 
  xmm6=0x00000000000000000000000000000000 xmm7=0x00000000000000000000000000000000 

0xf : mov rsi, [r14 +rsi]
  rax=0x000000000000008a rbx=0x000000000000001e rcx=0x0000000000000000 rdx=0x0000000000000000
  rsi=0x0000000000001558 rdi=0x00000000000014b6 flags=0b000000000010
  xmm0=0x00000000000000000000000000000000 xmm1=0x00000000000000000000000000000000 
  xmm2=0x00000000000000000000000000000000 xmm3=0x00000000000000000000000000000000 
  xmm4=0x00000000000000000000000000000000 xmm5=0x00000000000000000000000000000000 
  xmm6=0x00000000000000000000000000000000 xmm7=0x00000000000000000000000000000000 

    > load from +0x1558 value 0x72b4000072b4
0x13: and rsi, 0b1111111111111
  rax=0x000000000000008a rbx=0x000000000000001e rcx=0x0000000000000000 rdx=0x0000000000000000
  rsi=0x000072b4000072b4 rdi=0x00000000000014b6 flags=0b000000000010
  xmm0=0x00000000000000000000000000000000 xmm1=0x00000000000000000000000000000000 
  xmm2=0x00000000000000000000000000000000 xmm3=0x00000000000000000000000000000000 
  xmm4=0x00000000000000000000000000000000 xmm5=0x00000000000000000000000000000000 
  xmm6=0x00000000000000000000000000000000 xmm7=0x00000000000000000000000000000000 

0x1a: mov eax, [r14 +rsi]
  rax=0x000000000000008a rbx=0x000000000000001e rcx=0x0000000000000000 rdx=0x0000000000000000
  rsi=0x00000000000012b4 rdi=0x00000000000014b6 flags=0b000000000110
  xmm0=0x00000000000000000000000000000000 xmm1=0x00000000000000000000000000000000 
  xmm2=0x00000000000000000000000000000000 xmm3=0x00000000000000000000000000000000 
  xmm4=0x00000000000000000000000000000000 xmm5=0x00000000000000000000000000000000 
  xmm6=0x00000000000000000000000000000000 xmm7=0x00000000000000000000000000000000 

    > load from +0x12b4 value 0x0
0x1e: and rax, 0b1111111111111
  rax=0x0000000000000000 rbx=0x000000000000001e rcx=0x0000000000000000 rdx=0x0000000000000000
  rsi=0x00000000000012b4 rdi=0x00000000000014b6 flags=0b000000000110
  xmm0=0x00000000000000000000000000000000 xmm1=0x00000000000000000000000000000000 
  xmm2=0x00000000000000000000000000000000 xmm3=0x00000000000000000000000000000000 
  xmm4=0x00000000000000000000000000000000 xmm5=0x00000000000000000000000000000000 
  xmm6=0x00000000000000000000000000000000 xmm7=0x00000000000000000000000000000000 

0x24: mov bx, [r14 +rax]
  rax=0x0000000000000000 rbx=0x000000000000001e rcx=0x0000000000000000 rdx=0x0000000000000000
  rsi=0x00000000000012b4 rdi=0x00000000000014b6 flags=0b000001000110
  xmm0=0x00000000000000000000000000000000 xmm1=0x00000000000000000000000000000000 
  xmm2=0x00000000000000000000000000000000 xmm3=0x00000000000000000000000000000000 
  xmm4=0x00000000000000000000000000000000 xmm5=0x00000000000000000000000000000000 
  xmm6=0x00000000000000000000000000000000 xmm7=0x00000000000000000000000000000000 

    > load from +0x0 value 0x0
0x29: macro .switch, .actor2.function_actor2_1
  rax=0x0000000000000000 rbx=0x0000000000000000 rcx=0x0000000000000000 rdx=0x0000000000000000
  rsi=0x00000000000012b4 rdi=0x00000000000014b6 flags=0b000001000110
  xmm0=0x00000000000000000000000000000000 xmm1=0x00000000000000000000000000000000 
  xmm2=0x00000000000000000000000000000000 xmm3=0x00000000000000000000000000000000 
  xmm4=0x00000000000000000000000000000000 xmm5=0x00000000000000000000000000000000 
  xmm6=0x00000000000000000000000000000000 xmm7=0x00000000000000000000000000000000 

0x30ba: pushfq 
  rax=0x0000000000000000 rbx=0x0000000000000000 rcx=0x0000000000000000 rdx=0x0000000000000000
  rsi=0x00000000000012b4 rdi=0x00000000000014b6 flags=0b000001000110
  xmm0=0x00000000000000000000000000000000 xmm1=0x00000000000000000000000000000000 
  xmm2=0x00000000000000000000000000000000 xmm3=0x00000000000000000000000000000000 
  xmm4=0x00000000000000000000000000000000 xmm5=0x00000000000000000000000000000000 
  xmm6=0x00000000000000000000000000000000 xmm7=0x00000000000000000000000000000000 

    > store to +0x4ff0 value 0x46
0x30bb: push rax
  rax=0x0000000000000000 rbx=0x0000000000000000 rcx=0x0000000000000000 rdx=0x0000000000000000
  rsi=0x00000000000012b4 rdi=0x00000000000014b6 flags=0b000001000110
  xmm0=0x00000000000000000000000000000000 xmm1=0x00000000000000000000000000000000 
  xmm2=0x00000000000000000000000000000000 xmm3=0x00000000000000000000000000000000 
  xmm4=0x00000000000000000000000000000000 xmm5=0x00000000000000000000000000000000 
  xmm6=0x00000000000000000000000000000000 xmm7=0x00000000000000000000000000000000 

    > store to +0x4fe8 value 0x0
0x30bc: push rcx
  rax=0x0000000000000000 rbx=0x0000000000000000 rcx=0x0000000000000000 rdx=0x0000000000000000
  rsi=0x00000000000012b4 rdi=0x00000000000014b6 flags=0b000001000110
  xmm0=0x00000000000000000000000000000000 xmm1=0x00000000000000000000000000000000 
  xmm2=0x00000000000000000000000000000000 xmm3=0x00000000000000000000000000000000 
  xmm4=0x00000000000000000000000000000000 xmm5=0x00000000000000000000000000000000 
  xmm6=0x00000000000000000000000000000000 xmm7=0x00000000000000000000000000000000 

    > store to +0x4fe0 value 0x0
0x30bd: push rdx
  rax=0x0000000000000000 rbx=0x0000000000000000 rcx=0x0000000000000000 rdx=0x0000000000000000
  rsi=0x00000000000012b4 rdi=0x00000000000014b6 flags=0b000001000110
  xmm0=0x00000000000000000000000000000000 xmm1=0x00000000000000000000000000000000 
  xmm2=0x00000000000000000000000000000000 xmm3=0x00000000000000000000000000000000 
  xmm4=0x00000000000000000000000000000000 xmm5=0x00000000000000000000000000000000 
  xmm6=0x00000000000000000000000000000000 xmm7=0x00000000000000000000000000000000 

    > store to +0x4fd8 value 0x0
0x30be: mov ecx, 0x48
  rax=0x0000000000000000 rbx=0x0000000000000000 rcx=0x0000000000000000 rdx=0x0000000000000000
  rsi=0x00000000000012b4 rdi=0x00000000000014b6 flags=0b000001000110
  xmm0=0x00000000000000000000000000000000 xmm1=0x00000000000000000000000000000000 
  xmm2=0x00000000000000000000000000000000 xmm3=0x00000000000000000000000000000000 
  xmm4=0x00000000000000000000000000000000 xmm5=0x00000000000000000000000000000000 
  xmm6=0x00000000000000000000000000000000 xmm7=0x00000000000000000000000000000000 

0x30c3: rdmsr 
  rax=0x0000000000000000 rbx=0x0000000000000000 rcx=0x0000000000000048 rdx=0x0000000000000000
  rsi=0x00000000000012b4 rdi=0x00000000000014b6 flags=0b000001000110
  xmm0=0x00000000000000000000000000000000 xmm1=0x00000000000000000000000000000000 
  xmm2=0x00000000000000000000000000000000 xmm3=0x00000000000000000000000000000000 
  xmm4=0x00000000000000000000000000000000 xmm5=0x00000000000000000000000000000000 
  xmm6=0x00000000000000000000000000000000 xmm7=0x00000000000000000000000000000000 

0x30c5: and eax, 0xfffffffb
  rax=0x0000000000000000 rbx=0x0000000000000000 rcx=0x0000000000000048 rdx=0x0000000000000000
  rsi=0x00000000000012b4 rdi=0x00000000000014b6 flags=0b000001000110
  xmm0=0x00000000000000000000000000000000 xmm1=0x00000000000000000000000000000000 
  xmm2=0x00000000000000000000000000000000 xmm3=0x00000000000000000000000000000000 
  xmm4=0x00000000000000000000000000000000 xmm5=0x00000000000000000000000000000000 
  xmm6=0x00000000000000000000000000000000 xmm7=0x00000000000000000000000000000000 

0x30c8: or eax, 0x100
  rax=0x0000000000000000 rbx=0x0000000000000000 rcx=0x0000000000000048 rdx=0x0000000000000000
  rsi=0x00000000000012b4 rdi=0x00000000000014b6 flags=0b000001000110
  xmm0=0x00000000000000000000000000000000 xmm1=0x00000000000000000000000000000000 
  xmm2=0x00000000000000000000000000000000 xmm3=0x00000000000000000000000000000000 
  xmm4=0x00000000000000000000000000000000 xmm5=0x00000000000000000000000000000000 
  xmm6=0x00000000000000000000000000000000 xmm7=0x00000000000000000000000000000000 

0x30cd: wrmsr 
  rax=0x0000000000000100 rbx=0x0000000000000000 rcx=0x0000000000000048 rdx=0x0000000000000000
  rsi=0x00000000000012b4 rdi=0x00000000000014b6 flags=0b000000000110
  xmm0=0x00000000000000000000000000000000 xmm1=0x00000000000000000000000000000000 
  xmm2=0x00000000000000000000000000000000 xmm3=0x00000000000000000000000000000000 
  xmm4=0x00000000000000000000000000000000 xmm5=0x00000000000000000000000000000000 
  xmm6=0x00000000000000000000000000000000 xmm7=0x00000000000000000000000000000000 

0x30cf: mfence 
  rax=0x0000000000000100 rbx=0x0000000000000000 rcx=0x0000000000000048 rdx=0x0000000000000000
  rsi=0x00000000000012b4 rdi=0x00000000000014b6 flags=0b000000000110
  xmm0=0x00000000000000000000000000000000 xmm1=0x00000000000000000000000000000000 
  xmm2=0x00000000000000000000000000000000 xmm3=0x00000000000000000000000000000000 
  xmm4=0x00000000000000000000000000000000 xmm5=0x00000000000000000000000000000000 
  xmm6=0x00000000000000000000000000000000 xmm7=0x00000000000000000000000000000000 

0x30d2: lfence 
  rax=0x0000000000000100 rbx=0x0000000000000000 rcx=0x0000000000000048 rdx=0x0000000000000000
  rsi=0x00000000000012b4 rdi=0x00000000000014b6 flags=0b000000000110
  xmm0=0x00000000000000000000000000000000 xmm1=0x00000000000000000000000000000000 
  xmm2=0x00000000000000000000000000000000 xmm3=0x00000000000000000000000000000000 
  xmm4=0x00000000000000000000000000000000 xmm5=0x00000000000000000000000000000000 
  xmm6=0x00000000000000000000000000000000 xmm7=0x00000000000000000000000000000000 

0x30d5: macro .measurement_end, .noarg
  rax=0x0000000000000100 rbx=0x0000000000000000 rcx=0x0000000000000048 rdx=0x0000000000000000
  rsi=0x00000000000012b4 rdi=0x00000000000014b6 flags=0b000000000110
  xmm0=0x00000000000000000000000000000000 xmm1=0x00000000000000000000000000000000 
  xmm2=0x00000000000000000000000000000000 xmm3=0x00000000000000000000000000000000 
  xmm4=0x00000000000000000000000000000000 xmm5=0x00000000000000000000000000000000 
  xmm6=0x00000000000000000000000000000000 xmm7=0x00000000000000000000000000000000 

0x30dd: mov ecx, 0x48
  rax=0x0000000000000100 rbx=0x0000000000000000 rcx=0x0000000000000048 rdx=0x0000000000000000
  rsi=0x00000000000012b4 rdi=0x00000000000014b6 flags=0b000000000110
  xmm0=0x00000000000000000000000000000000 xmm1=0x00000000000000000000000000000000 
  xmm2=0x00000000000000000000000000000000 xmm3=0x00000000000000000000000000000000 
  xmm4=0x00000000000000000000000000000000 xmm5=0x00000000000000000000000000000000 
  xmm6=0x00000000000000000000000000000000 xmm7=0x00000000000000000000000000000000 

0x30e2: rdmsr 
  rax=0x0000000000000100 rbx=0x0000000000000000 rcx=0x0000000000000048 rdx=0x0000000000000000
  rsi=0x00000000000012b4 rdi=0x00000000000014b6 flags=0b000000000110
  xmm0=0x00000000000000000000000000000000 xmm1=0x00000000000000000000000000000000 
  xmm2=0x00000000000000000000000000000000 xmm3=0x00000000000000000000000000000000 
  xmm4=0x00000000000000000000000000000000 xmm5=0x00000000000000000000000000000000 
  xmm6=0x00000000000000000000000000000000 xmm7=0x00000000000000000000000000000000 

0x30e4: and eax, 0xfffffffb
  rax=0x0000000000000000 rbx=0x0000000000000000 rcx=0x0000000000000048 rdx=0x0000000000000000
  rsi=0x00000000000012b4 rdi=0x00000000000014b6 flags=0b000000000110
  xmm0=0x00000000000000000000000000000000 xmm1=0x00000000000000000000000000000000 
  xmm2=0x00000000000000000000000000000000 xmm3=0x00000000000000000000000000000000 
  xmm4=0x00000000000000000000000000000000 xmm5=0x00000000000000000000000000000000 
  xmm6=0x00000000000000000000000000000000 xmm7=0x00000000000000000000000000000000 

0x30e7: and eax, 0xfffffeff
  rax=0x0000000000000000 rbx=0x0000000000000000 rcx=0x0000000000000048 rdx=0x0000000000000000
  rsi=0x00000000000012b4 rdi=0x00000000000014b6 flags=0b000001000110
  xmm0=0x00000000000000000000000000000000 xmm1=0x00000000000000000000000000000000 
  xmm2=0x00000000000000000000000000000000 xmm3=0x00000000000000000000000000000000 
  xmm4=0x00000000000000000000000000000000 xmm5=0x00000000000000000000000000000000 
  xmm6=0x00000000000000000000000000000000 xmm7=0x00000000000000000000000000000000 

0x30ec: wrmsr 
  rax=0x0000000000000000 rbx=0x0000000000000000 rcx=0x0000000000000048 rdx=0x0000000000000000
  rsi=0x00000000000012b4 rdi=0x00000000000014b6 flags=0b000001000110
  xmm0=0x00000000000000000000000000000000 xmm1=0x00000000000000000000000000000000 
  xmm2=0x00000000000000000000000000000000 xmm3=0x00000000000000000000000000000000 
  xmm4=0x00000000000000000000000000000000 xmm5=0x00000000000000000000000000000000 
  xmm6=0x00000000000000000000000000000000 xmm7=0x00000000000000000000000000000000 

0x30ee: mfence 
  rax=0x0000000000000000 rbx=0x0000000000000000 rcx=0x0000000000000048 rdx=0x0000000000000000
  rsi=0x00000000000012b4 rdi=0x00000000000014b6 flags=0b000001000110
  xmm0=0x00000000000000000000000000000000 xmm1=0x00000000000000000000000000000000 
  xmm2=0x00000000000000000000000000000000 xmm3=0x00000000000000000000000000000000 
  xmm4=0x00000000000000000000000000000000 xmm5=0x00000000000000000000000000000000 
  xmm6=0x00000000000000000000000000000000 xmm7=0x00000000000000000000000000000000 

0x30f1: lfence 
  rax=0x0000000000000000 rbx=0x0000000000000000 rcx=0x0000000000000048 rdx=0x0000000000000000
  rsi=0x00000000000012b4 rdi=0x00000000000014b6 flags=0b000001000110
  xmm0=0x00000000000000000000000000000000 xmm1=0x00000000000000000000000000000000 
  xmm2=0x00000000000000000000000000000000 xmm3=0x00000000000000000000000000000000 
  xmm4=0x00000000000000000000000000000000 xmm5=0x00000000000000000000000000000000 
  xmm6=0x00000000000000000000000000000000 xmm7=0x00000000000000000000000000000000 

0x30f4: pop rdx
  rax=0x0000000000000000 rbx=0x0000000000000000 rcx=0x0000000000000048 rdx=0x0000000000000000
  rsi=0x00000000000012b4 rdi=0x00000000000014b6 flags=0b000001000110
  xmm0=0x00000000000000000000000000000000 xmm1=0x00000000000000000000000000000000 
  xmm2=0x00000000000000000000000000000000 xmm3=0x00000000000000000000000000000000 
  xmm4=0x00000000000000000000000000000000 xmm5=0x00000000000000000000000000000000 
  xmm6=0x00000000000000000000000000000000 xmm7=0x00000000000000000000000000000000 

    > load from +0x4fd8 value 0x0
0x30f5: pop rcx
  rax=0x0000000000000000 rbx=0x0000000000000000 rcx=0x0000000000000048 rdx=0x0000000000000000
  rsi=0x00000000000012b4 rdi=0x00000000000014b6 flags=0b000001000110
  xmm0=0x00000000000000000000000000000000 xmm1=0x00000000000000000000000000000000 
  xmm2=0x00000000000000000000000000000000 xmm3=0x00000000000000000000000000000000 
  xmm4=0x00000000000000000000000000000000 xmm5=0x00000000000000000000000000000000 
  xmm6=0x00000000000000000000000000000000 xmm7=0x00000000000000000000000000000000 

    > load from +0x4fe0 value 0x0
0x30f6: pop rax
  rax=0x0000000000000000 rbx=0x0000000000000000 rcx=0x0000000000000000 rdx=0x0000000000000000
  rsi=0x00000000000012b4 rdi=0x00000000000014b6 flags=0b000001000110
  xmm0=0x00000000000000000000000000000000 xmm1=0x00000000000000000000000000000000 
  xmm2=0x00000000000000000000000000000000 xmm3=0x00000000000000000000000000000000 
  xmm4=0x00000000000000000000000000000000 xmm5=0x00000000000000000000000000000000 
  xmm6=0x00000000000000000000000000000000 xmm7=0x00000000000000000000000000000000 

    > load from +0x4fe8 value 0x0
0x30f7: popfq 
  rax=0x0000000000000000 rbx=0x0000000000000000 rcx=0x0000000000000000 rdx=0x0000000000000000
  rsi=0x00000000000012b4 rdi=0x00000000000014b6 flags=0b000001000110
  xmm0=0x00000000000000000000000000000000 xmm1=0x00000000000000000000000000000000 
  xmm2=0x00000000000000000000000000000000 xmm3=0x00000000000000000000000000000000 
  xmm4=0x00000000000000000000000000000000 xmm5=0x00000000000000000000000000000000 
  xmm6=0x00000000000000000000000000000000 xmm7=0x00000000000000000000000000000000 

    > load from +0x4ff0 value 0x46
0x30f8: macro .switch, .main.function_main_2
  rax=0x0000000000000000 rbx=0x0000000000000000 rcx=0x0000000000000000 rdx=0x0000000000000000
  rsi=0x00000000000012b4 rdi=0x00000000000014b6 flags=0b000001000110
  xmm0=0x00000000000000000000000000000000 xmm1=0x00000000000000000000000000000000 
  xmm2=0x00000000000000000000000000000000 xmm3=0x00000000000000000000000000000000 
  xmm4=0x00000000000000000000000000000000 xmm5=0x00000000000000000000000000000000 
  xmm6=0x00000000000000000000000000000000 xmm7=0x00000000000000000000000000000000 





================================ Statistics ===================================

Test Cases: 1
Inputs per test case: 100.0
Violations: 1
Effectiveness: 
  Total Cls: 79.0
  Effective Cls: 21.0
Discarded Test Cases:
  Speculation Filter: 0
  Observation Filter: 0
  Fast Path: 0
  Max Nesting Check: 0
  Tainting Check: 0
  Early Priming Check: 0
  Large Sample Check: 0
  Priming Check: 0

Duration: 105.9
Finished at 23:10:50
