
INFO: [fuzzer] Starting at 21:13:27
> Entering slow path...> Priming  1             

================================ Violations detected ==========================
Contract trace:
 16328256971711623939 (hash)
Hardware traces:
  Input group 1: [1]
  Input group 2: [19]
  ^..^.....................................^^......^.....^.......^ [485    | 227   ]
  ^..^............^........................^^......^.....^.......^ [13     | 0     ]
  ^..^.....................................^^......^..^..^.......^ [1      | 0     ]
  ^..^.....................................^^......^.....^..^....^ [1      | 0     ]
  ^..^..............^......................^^......^.....^.......^ [0      | 270   ]
  ^..^....................^................^^......^.....^.......^ [0      | 1     ]
  ^..^.....................................^^......^^....^.......^ [0      | 1     ]
  ^..^.....................................^^......^.....^.....^.^ [0      | 1     ]

================================ Violation Traces =============================
                      ##### Input 1 #####

                     ##### Input 0 #####
0x0 : macro .switch, .actor2.function_actor2_0
  rax=0x0000d0ae0000d0ae rbx=0x0000eaab0000eaab rcx=0x00008a5d00008a5d rdx=0x000093d1000093d1
  rsi=0x0000468c0000468c rdi=0x00002df700002df7 flags=0b100000000110
  xmm0=0x00009f4500009f450000e3880000e388 xmm1=0x000009b3000009b3000014bb000014bb 
  xmm2=0x000056c7000056c70000a4850000a485 xmm3=0x0000b2be0000b2be0000aed70000aed7 
  xmm4=0x0000b0f30000b0f30000a7b30000a7b3 xmm5=0x0000e9700000e9700000a9120000a912 
  xmm6=0x0000c17f0000c17f0000771f0000771f xmm7=0x000019930000199300005e7d00005e7d 

0x3000: pushfq 
  rax=0x0000d0ae0000d0ae rbx=0x0000eaab0000eaab rcx=0x00008a5d00008a5d rdx=0x000093d1000093d1
  rsi=0x0000468c0000468c rdi=0x00002df700002df7 flags=0b100000000110
  xmm0=0x00009f4500009f450000e3880000e388 xmm1=0x000009b3000009b3000014bb000014bb 
  xmm2=0x000056c7000056c70000a4850000a485 xmm3=0x0000b2be0000b2be0000aed70000aed7 
  xmm4=0x0000b0f30000b0f30000a7b30000a7b3 xmm5=0x0000e9700000e9700000a9120000a912 
  xmm6=0x0000c17f0000c17f0000771f0000771f xmm7=0x000019930000199300005e7d00005e7d 

    > store to +0x4ff0 value 0x806
0x3001: push rax
  rax=0x0000d0ae0000d0ae rbx=0x0000eaab0000eaab rcx=0x00008a5d00008a5d rdx=0x000093d1000093d1
  rsi=0x0000468c0000468c rdi=0x00002df700002df7 flags=0b100000000110
  xmm0=0x00009f4500009f450000e3880000e388 xmm1=0x000009b3000009b3000014bb000014bb 
  xmm2=0x000056c7000056c70000a4850000a485 xmm3=0x0000b2be0000b2be0000aed70000aed7 
  xmm4=0x0000b0f30000b0f30000a7b30000a7b3 xmm5=0x0000e9700000e9700000a9120000a912 
  xmm6=0x0000c17f0000c17f0000771f0000771f xmm7=0x000019930000199300005e7d00005e7d 

    > store to +0x4fe8 value 0xd0ae0000d0ae
0x3002: push rcx
  rax=0x0000d0ae0000d0ae rbx=0x0000eaab0000eaab rcx=0x00008a5d00008a5d rdx=0x000093d1000093d1
  rsi=0x0000468c0000468c rdi=0x00002df700002df7 flags=0b100000000110
  xmm0=0x00009f4500009f450000e3880000e388 xmm1=0x000009b3000009b3000014bb000014bb 
  xmm2=0x000056c7000056c70000a4850000a485 xmm3=0x0000b2be0000b2be0000aed70000aed7 
  xmm4=0x0000b0f30000b0f30000a7b30000a7b3 xmm5=0x0000e9700000e9700000a9120000a912 
  xmm6=0x0000c17f0000c17f0000771f0000771f xmm7=0x000019930000199300005e7d00005e7d 

    > store to +0x4fe0 value 0x8a5d00008a5d
0x3003: push rdx
  rax=0x0000d0ae0000d0ae rbx=0x0000eaab0000eaab rcx=0x00008a5d00008a5d rdx=0x000093d1000093d1
  rsi=0x0000468c0000468c rdi=0x00002df700002df7 flags=0b100000000110
  xmm0=0x00009f4500009f450000e3880000e388 xmm1=0x000009b3000009b3000014bb000014bb 
  xmm2=0x000056c7000056c70000a4850000a485 xmm3=0x0000b2be0000b2be0000aed70000aed7 
  xmm4=0x0000b0f30000b0f30000a7b30000a7b3 xmm5=0x0000e9700000e9700000a9120000a912 
  xmm6=0x0000c17f0000c17f0000771f0000771f xmm7=0x000019930000199300005e7d00005e7d 

    > store to +0x4fd8 value 0x93d1000093d1
0x3004: mov ecx, 0x48
  rax=0x0000d0ae0000d0ae rbx=0x0000eaab0000eaab rcx=0x00008a5d00008a5d rdx=0x000093d1000093d1
  rsi=0x0000468c0000468c rdi=0x00002df700002df7 flags=0b100000000110
  xmm0=0x00009f4500009f450000e3880000e388 xmm1=0x000009b3000009b3000014bb000014bb 
  xmm2=0x000056c7000056c70000a4850000a485 xmm3=0x0000b2be0000b2be0000aed70000aed7 
  xmm4=0x0000b0f30000b0f30000a7b30000a7b3 xmm5=0x0000e9700000e9700000a9120000a912 
  xmm6=0x0000c17f0000c17f0000771f0000771f xmm7=0x000019930000199300005e7d00005e7d 

0x3009: rdmsr 
  rax=0x0000d0ae0000d0ae rbx=0x0000eaab0000eaab rcx=0x0000000000000048 rdx=0x000093d1000093d1
  rsi=0x0000468c0000468c rdi=0x00002df700002df7 flags=0b100000000110
  xmm0=0x00009f4500009f450000e3880000e388 xmm1=0x000009b3000009b3000014bb000014bb 
  xmm2=0x000056c7000056c70000a4850000a485 xmm3=0x0000b2be0000b2be0000aed70000aed7 
  xmm4=0x0000b0f30000b0f30000a7b30000a7b3 xmm5=0x0000e9700000e9700000a9120000a912 
  xmm6=0x0000c17f0000c17f0000771f0000771f xmm7=0x000019930000199300005e7d00005e7d 

0x300b: and eax, 0xfffffffb
  rax=0x0000000000000000 rbx=0x0000eaab0000eaab rcx=0x0000000000000048 rdx=0x0000000000000000
  rsi=0x0000468c0000468c rdi=0x00002df700002df7 flags=0b100000000110
  xmm0=0x00009f4500009f450000e3880000e388 xmm1=0x000009b3000009b3000014bb000014bb 
  xmm2=0x000056c7000056c70000a4850000a485 xmm3=0x0000b2be0000b2be0000aed70000aed7 
  xmm4=0x0000b0f30000b0f30000a7b30000a7b3 xmm5=0x0000e9700000e9700000a9120000a912 
  xmm6=0x0000c17f0000c17f0000771f0000771f xmm7=0x000019930000199300005e7d00005e7d 

0x300e: or eax, 0x100
  rax=0x0000000000000000 rbx=0x0000eaab0000eaab rcx=0x0000000000000048 rdx=0x0000000000000000
  rsi=0x0000468c0000468c rdi=0x00002df700002df7 flags=0b000001000110
  xmm0=0x00009f4500009f450000e3880000e388 xmm1=0x000009b3000009b3000014bb000014bb 
  xmm2=0x000056c7000056c70000a4850000a485 xmm3=0x0000b2be0000b2be0000aed70000aed7 
  xmm4=0x0000b0f30000b0f30000a7b30000a7b3 xmm5=0x0000e9700000e9700000a9120000a912 
  xmm6=0x0000c17f0000c17f0000771f0000771f xmm7=0x000019930000199300005e7d00005e7d 

0x3013: wrmsr 
  rax=0x0000000000000100 rbx=0x0000eaab0000eaab rcx=0x0000000000000048 rdx=0x0000000000000000
  rsi=0x0000468c0000468c rdi=0x00002df700002df7 flags=0b000000000110
  xmm0=0x00009f4500009f450000e3880000e388 xmm1=0x000009b3000009b3000014bb000014bb 
  xmm2=0x000056c7000056c70000a4850000a485 xmm3=0x0000b2be0000b2be0000aed70000aed7 
  xmm4=0x0000b0f30000b0f30000a7b30000a7b3 xmm5=0x0000e9700000e9700000a9120000a912 
  xmm6=0x0000c17f0000c17f0000771f0000771f xmm7=0x000019930000199300005e7d00005e7d 

0x3015: mfence 
  rax=0x0000000000000100 rbx=0x0000eaab0000eaab rcx=0x0000000000000048 rdx=0x0000000000000000
  rsi=0x0000468c0000468c rdi=0x00002df700002df7 flags=0b000000000110
  xmm0=0x00009f4500009f450000e3880000e388 xmm1=0x000009b3000009b3000014bb000014bb 
  xmm2=0x000056c7000056c70000a4850000a485 xmm3=0x0000b2be0000b2be0000aed70000aed7 
  xmm4=0x0000b0f30000b0f30000a7b30000a7b3 xmm5=0x0000e9700000e9700000a9120000a912 
  xmm6=0x0000c17f0000c17f0000771f0000771f xmm7=0x000019930000199300005e7d00005e7d 

0x3018: lfence 
  rax=0x0000000000000100 rbx=0x0000eaab0000eaab rcx=0x0000000000000048 rdx=0x0000000000000000
  rsi=0x0000468c0000468c rdi=0x00002df700002df7 flags=0b000000000110
  xmm0=0x00009f4500009f450000e3880000e388 xmm1=0x000009b3000009b3000014bb000014bb 
  xmm2=0x000056c7000056c70000a4850000a485 xmm3=0x0000b2be0000b2be0000aed70000aed7 
  xmm4=0x0000b0f30000b0f30000a7b30000a7b3 xmm5=0x0000e9700000e9700000a9120000a912 
  xmm6=0x0000c17f0000c17f0000771f0000771f xmm7=0x000019930000199300005e7d00005e7d 

0x301b: macro .measurement_start, .noarg
  rax=0x0000000000000100 rbx=0x0000eaab0000eaab rcx=0x0000000000000048 rdx=0x0000000000000000
  rsi=0x0000468c0000468c rdi=0x00002df700002df7 flags=0b000000000110
  xmm0=0x00009f4500009f450000e3880000e388 xmm1=0x000009b3000009b3000014bb000014bb 
  xmm2=0x000056c7000056c70000a4850000a485 xmm3=0x0000b2be0000b2be0000aed70000aed7 
  xmm4=0x0000b0f30000b0f30000a7b30000a7b3 xmm5=0x0000e9700000e9700000a9120000a912 
  xmm6=0x0000c17f0000c17f0000771f0000771f xmm7=0x000019930000199300005e7d00005e7d 

0x3023: mov ecx, 0x48
  rax=0x0000000000000100 rbx=0x0000eaab0000eaab rcx=0x0000000000000048 rdx=0x0000000000000000
  rsi=0x0000468c0000468c rdi=0x00002df700002df7 flags=0b000000000110
  xmm0=0x00009f4500009f450000e3880000e388 xmm1=0x000009b3000009b3000014bb000014bb 
  xmm2=0x000056c7000056c70000a4850000a485 xmm3=0x0000b2be0000b2be0000aed70000aed7 
  xmm4=0x0000b0f30000b0f30000a7b30000a7b3 xmm5=0x0000e9700000e9700000a9120000a912 
  xmm6=0x0000c17f0000c17f0000771f0000771f xmm7=0x000019930000199300005e7d00005e7d 

0x3028: rdmsr 
  rax=0x0000000000000100 rbx=0x0000eaab0000eaab rcx=0x0000000000000048 rdx=0x0000000000000000
  rsi=0x0000468c0000468c rdi=0x00002df700002df7 flags=0b000000000110
  xmm0=0x00009f4500009f450000e3880000e388 xmm1=0x000009b3000009b3000014bb000014bb 
  xmm2=0x000056c7000056c70000a4850000a485 xmm3=0x0000b2be0000b2be0000aed70000aed7 
  xmm4=0x0000b0f30000b0f30000a7b30000a7b3 xmm5=0x0000e9700000e9700000a9120000a912 
  xmm6=0x0000c17f0000c17f0000771f0000771f xmm7=0x000019930000199300005e7d00005e7d 

0x302a: and eax, 0xfffffffb
  rax=0x0000000000000000 rbx=0x0000eaab0000eaab rcx=0x0000000000000048 rdx=0x0000000000000000
  rsi=0x0000468c0000468c rdi=0x00002df700002df7 flags=0b000000000110
  xmm0=0x00009f4500009f450000e3880000e388 xmm1=0x000009b3000009b3000014bb000014bb 
  xmm2=0x000056c7000056c70000a4850000a485 xmm3=0x0000b2be0000b2be0000aed70000aed7 
  xmm4=0x0000b0f30000b0f30000a7b30000a7b3 xmm5=0x0000e9700000e9700000a9120000a912 
  xmm6=0x0000c17f0000c17f0000771f0000771f xmm7=0x000019930000199300005e7d00005e7d 

0x302d: and eax, 0xfffffeff
  rax=0x0000000000000000 rbx=0x0000eaab0000eaab rcx=0x0000000000000048 rdx=0x0000000000000000
  rsi=0x0000468c0000468c rdi=0x00002df700002df7 flags=0b000001000110
  xmm0=0x00009f4500009f450000e3880000e388 xmm1=0x000009b3000009b3000014bb000014bb 
  xmm2=0x000056c7000056c70000a4850000a485 xmm3=0x0000b2be0000b2be0000aed70000aed7 
  xmm4=0x0000b0f30000b0f30000a7b30000a7b3 xmm5=0x0000e9700000e9700000a9120000a912 
  xmm6=0x0000c17f0000c17f0000771f0000771f xmm7=0x000019930000199300005e7d00005e7d 

0x3032: wrmsr 
  rax=0x0000000000000000 rbx=0x0000eaab0000eaab rcx=0x0000000000000048 rdx=0x0000000000000000
  rsi=0x0000468c0000468c rdi=0x00002df700002df7 flags=0b000001000110
  xmm0=0x00009f4500009f450000e3880000e388 xmm1=0x000009b3000009b3000014bb000014bb 
  xmm2=0x000056c7000056c70000a4850000a485 xmm3=0x0000b2be0000b2be0000aed70000aed7 
  xmm4=0x0000b0f30000b0f30000a7b30000a7b3 xmm5=0x0000e9700000e9700000a9120000a912 
  xmm6=0x0000c17f0000c17f0000771f0000771f xmm7=0x000019930000199300005e7d00005e7d 

0x3034: mfence 
  rax=0x0000000000000000 rbx=0x0000eaab0000eaab rcx=0x0000000000000048 rdx=0x0000000000000000
  rsi=0x0000468c0000468c rdi=0x00002df700002df7 flags=0b000001000110
  xmm0=0x00009f4500009f450000e3880000e388 xmm1=0x000009b3000009b3000014bb000014bb 
  xmm2=0x000056c7000056c70000a4850000a485 xmm3=0x0000b2be0000b2be0000aed70000aed7 
  xmm4=0x0000b0f30000b0f30000a7b30000a7b3 xmm5=0x0000e9700000e9700000a9120000a912 
  xmm6=0x0000c17f0000c17f0000771f0000771f xmm7=0x000019930000199300005e7d00005e7d 

0x3037: lfence 
  rax=0x0000000000000000 rbx=0x0000eaab0000eaab rcx=0x0000000000000048 rdx=0x0000000000000000
  rsi=0x0000468c0000468c rdi=0x00002df700002df7 flags=0b000001000110
  xmm0=0x00009f4500009f450000e3880000e388 xmm1=0x000009b3000009b3000014bb000014bb 
  xmm2=0x000056c7000056c70000a4850000a485 xmm3=0x0000b2be0000b2be0000aed70000aed7 
  xmm4=0x0000b0f30000b0f30000a7b30000a7b3 xmm5=0x0000e9700000e9700000a9120000a912 
  xmm6=0x0000c17f0000c17f0000771f0000771f xmm7=0x000019930000199300005e7d00005e7d 

0x303a: pop rdx
  rax=0x0000000000000000 rbx=0x0000eaab0000eaab rcx=0x0000000000000048 rdx=0x0000000000000000
  rsi=0x0000468c0000468c rdi=0x00002df700002df7 flags=0b000001000110
  xmm0=0x00009f4500009f450000e3880000e388 xmm1=0x000009b3000009b3000014bb000014bb 
  xmm2=0x000056c7000056c70000a4850000a485 xmm3=0x0000b2be0000b2be0000aed70000aed7 
  xmm4=0x0000b0f30000b0f30000a7b30000a7b3 xmm5=0x0000e9700000e9700000a9120000a912 
  xmm6=0x0000c17f0000c17f0000771f0000771f xmm7=0x000019930000199300005e7d00005e7d 

    > load from +0x4fd8 value 0x93d1000093d1
0x303b: pop rcx
  rax=0x0000000000000000 rbx=0x0000eaab0000eaab rcx=0x0000000000000048 rdx=0x000093d1000093d1
  rsi=0x0000468c0000468c rdi=0x00002df700002df7 flags=0b000001000110
  xmm0=0x00009f4500009f450000e3880000e388 xmm1=0x000009b3000009b3000014bb000014bb 
  xmm2=0x000056c7000056c70000a4850000a485 xmm3=0x0000b2be0000b2be0000aed70000aed7 
  xmm4=0x0000b0f30000b0f30000a7b30000a7b3 xmm5=0x0000e9700000e9700000a9120000a912 
  xmm6=0x0000c17f0000c17f0000771f0000771f xmm7=0x000019930000199300005e7d00005e7d 

    > load from +0x4fe0 value 0x8a5d00008a5d
0x303c: pop rax
  rax=0x0000000000000000 rbx=0x0000eaab0000eaab rcx=0x00008a5d00008a5d rdx=0x000093d1000093d1
  rsi=0x0000468c0000468c rdi=0x00002df700002df7 flags=0b000001000110
  xmm0=0x00009f4500009f450000e3880000e388 xmm1=0x000009b3000009b3000014bb000014bb 
  xmm2=0x000056c7000056c70000a4850000a485 xmm3=0x0000b2be0000b2be0000aed70000aed7 
  xmm4=0x0000b0f30000b0f30000a7b30000a7b3 xmm5=0x0000e9700000e9700000a9120000a912 
  xmm6=0x0000c17f0000c17f0000771f0000771f xmm7=0x000019930000199300005e7d00005e7d 

    > load from +0x4fe8 value 0xd0ae0000d0ae
0x303d: popfq 
  rax=0x0000d0ae0000d0ae rbx=0x0000eaab0000eaab rcx=0x00008a5d00008a5d rdx=0x000093d1000093d1
  rsi=0x0000468c0000468c rdi=0x00002df700002df7 flags=0b000001000110
  xmm0=0x00009f4500009f450000e3880000e388 xmm1=0x000009b3000009b3000014bb000014bb 
  xmm2=0x000056c7000056c70000a4850000a485 xmm3=0x0000b2be0000b2be0000aed70000aed7 
  xmm4=0x0000b0f30000b0f30000a7b30000a7b3 xmm5=0x0000e9700000e9700000a9120000a912 
  xmm6=0x0000c17f0000c17f0000771f0000771f xmm7=0x000019930000199300005e7d00005e7d 

    > load from +0x4ff0 value 0x806
0x303e: add sil, 83
  rax=0x0000d0ae0000d0ae rbx=0x0000eaab0000eaab rcx=0x00008a5d00008a5d rdx=0x000093d1000093d1
  rsi=0x0000468c0000468c rdi=0x00002df700002df7 flags=0b100000000110
  xmm0=0x00009f4500009f450000e3880000e388 xmm1=0x000009b3000009b3000014bb000014bb 
  xmm2=0x000056c7000056c70000a4850000a485 xmm3=0x0000b2be0000b2be0000aed70000aed7 
  xmm4=0x0000b0f30000b0f30000a7b30000a7b3 xmm5=0x0000e9700000e9700000a9120000a912 
  xmm6=0x0000c17f0000c17f0000771f0000771f xmm7=0x000019930000199300005e7d00005e7d 

0x3042: cmovnp rdx, rcx
  rax=0x0000d0ae0000d0ae rbx=0x0000eaab0000eaab rcx=0x00008a5d00008a5d rdx=0x000093d1000093d1
  rsi=0x0000468c000046df rdi=0x00002df700002df7 flags=0b000010000010
  xmm0=0x00009f4500009f450000e3880000e388 xmm1=0x000009b3000009b3000014bb000014bb 
  xmm2=0x000056c7000056c70000a4850000a485 xmm3=0x0000b2be0000b2be0000aed70000aed7 
  xmm4=0x0000b0f30000b0f30000a7b30000a7b3 xmm5=0x0000e9700000e9700000a9120000a912 
  xmm6=0x0000c17f0000c17f0000771f0000771f xmm7=0x000019930000199300005e7d00005e7d 

0x3046: and rdx, 0b1111111111111
  rax=0x0000d0ae0000d0ae rbx=0x0000eaab0000eaab rcx=0x00008a5d00008a5d rdx=0x00008a5d00008a5d
  rsi=0x0000468c000046df rdi=0x00002df700002df7 flags=0b000010000010
  xmm0=0x00009f4500009f450000e3880000e388 xmm1=0x000009b3000009b3000014bb000014bb 
  xmm2=0x000056c7000056c70000a4850000a485 xmm3=0x0000b2be0000b2be0000aed70000aed7 
  xmm4=0x0000b0f30000b0f30000a7b30000a7b3 xmm5=0x0000e9700000e9700000a9120000a912 
  xmm6=0x0000c17f0000c17f0000771f0000771f xmm7=0x000019930000199300005e7d00005e7d 

0x304d: movzx eax, [r14 +rdx]
  rax=0x0000d0ae0000d0ae rbx=0x0000eaab0000eaab rcx=0x00008a5d00008a5d rdx=0x0000000000000a5d
  rsi=0x0000468c000046df rdi=0x00002df700002df7 flags=0b000000000010
  xmm0=0x00009f4500009f450000e3880000e388 xmm1=0x000009b3000009b3000014bb000014bb 
  xmm2=0x000056c7000056c70000a4850000a485 xmm3=0x0000b2be0000b2be0000aed70000aed7 
  xmm4=0x0000b0f30000b0f30000a7b30000a7b3 xmm5=0x0000e9700000e9700000a9120000a912 
  xmm6=0x0000c17f0000c17f0000771f0000771f xmm7=0x000019930000199300005e7d00005e7d 

    > load from +0x4a5d value 0x1
0x3052: and rax, 0b1111111111111
  rax=0x0000000000000001 rbx=0x0000eaab0000eaab rcx=0x00008a5d00008a5d rdx=0x0000000000000a5d
  rsi=0x0000468c000046df rdi=0x00002df700002df7 flags=0b000000000010
  xmm0=0x00009f4500009f450000e3880000e388 xmm1=0x000009b3000009b3000014bb000014bb 
  xmm2=0x000056c7000056c70000a4850000a485 xmm3=0x0000b2be0000b2be0000aed70000aed7 
  xmm4=0x0000b0f30000b0f30000a7b30000a7b3 xmm5=0x0000e9700000e9700000a9120000a912 
  xmm6=0x0000c17f0000c17f0000771f0000771f xmm7=0x000019930000199300005e7d00005e7d 

0x3058: sub cx, di
  rax=0x0000000000000001 rbx=0x0000eaab0000eaab rcx=0x00008a5d00008a5d rdx=0x0000000000000a5d
  rsi=0x0000468c000046df rdi=0x00002df700002df7 flags=0b000000000010
  xmm0=0x00009f4500009f450000e3880000e388 xmm1=0x000009b3000009b3000014bb000014bb 
  xmm2=0x000056c7000056c70000a4850000a485 xmm3=0x0000b2be0000b2be0000aed70000aed7 
  xmm4=0x0000b0f30000b0f30000a7b30000a7b3 xmm5=0x0000e9700000e9700000a9120000a912 
  xmm6=0x0000c17f0000c17f0000771f0000771f xmm7=0x000019930000199300005e7d00005e7d 

0x305b: xchg si, di
  rax=0x0000000000000001 rbx=0x0000eaab0000eaab rcx=0x00008a5d00005c66 rdx=0x0000000000000a5d
  rsi=0x0000468c000046df rdi=0x00002df700002df7 flags=0b100000000110
  xmm0=0x00009f4500009f450000e3880000e388 xmm1=0x000009b3000009b3000014bb000014bb 
  xmm2=0x000056c7000056c70000a4850000a485 xmm3=0x0000b2be0000b2be0000aed70000aed7 
  xmm4=0x0000b0f30000b0f30000a7b30000a7b3 xmm5=0x0000e9700000e9700000a9120000a912 
  xmm6=0x0000c17f0000c17f0000771f0000771f xmm7=0x000019930000199300005e7d00005e7d 

0x305e: and rsi, 0b1111111111111
  rax=0x0000000000000001 rbx=0x0000eaab0000eaab rcx=0x00008a5d00005c66 rdx=0x0000000000000a5d
  rsi=0x0000468c00002df7 rdi=0x00002df7000046df flags=0b100000000110
  xmm0=0x00009f4500009f450000e3880000e388 xmm1=0x000009b3000009b3000014bb000014bb 
  xmm2=0x000056c7000056c70000a4850000a485 xmm3=0x0000b2be0000b2be0000aed70000aed7 
  xmm4=0x0000b0f30000b0f30000a7b30000a7b3 xmm5=0x0000e9700000e9700000a9120000a912 
  xmm6=0x0000c17f0000c17f0000771f0000771f xmm7=0x000019930000199300005e7d00005e7d 

0x3065: mul [r14 +rsi]
  rax=0x0000000000000001 rbx=0x0000eaab0000eaab rcx=0x00008a5d00005c66 rdx=0x0000000000000a5d
  rsi=0x0000000000000df7 rdi=0x00002df7000046df flags=0b000000000010
  xmm0=0x00009f4500009f450000e3880000e388 xmm1=0x000009b3000009b3000014bb000014bb 
  xmm2=0x000056c7000056c70000a4850000a485 xmm3=0x0000b2be0000b2be0000aed70000aed7 
  xmm4=0x0000b0f30000b0f30000a7b30000a7b3 xmm5=0x0000e9700000e9700000a9120000a912 
  xmm6=0x0000c17f0000c17f0000771f0000771f xmm7=0x000019930000199300005e7d00005e7d 

    > load from +0x4df7 value 0x3f00
0x306a: bswap rsi
  rax=0x0000000000003f00 rbx=0x0000eaab0000eaab rcx=0x00008a5d00005c66 rdx=0x0000000000000000
  rsi=0x0000000000000df7 rdi=0x00002df7000046df flags=0b000000000110
  xmm0=0x00009f4500009f450000e3880000e388 xmm1=0x000009b3000009b3000014bb000014bb 
  xmm2=0x000056c7000056c70000a4850000a485 xmm3=0x0000b2be0000b2be0000aed70000aed7 
  xmm4=0x0000b0f30000b0f30000a7b30000a7b3 xmm5=0x0000e9700000e9700000a9120000a912 
  xmm6=0x0000c17f0000c17f0000771f0000771f xmm7=0x000019930000199300005e7d00005e7d 

0x306d: and rsi, 0b1111111111111
  rax=0x0000000000003f00 rbx=0x0000eaab0000eaab rcx=0x00008a5d00005c66 rdx=0x0000000000000000
  rsi=0xf70d000000000000 rdi=0x00002df7000046df flags=0b000000000110
  xmm0=0x00009f4500009f450000e3880000e388 xmm1=0x000009b3000009b3000014bb000014bb 
  xmm2=0x000056c7000056c70000a4850000a485 xmm3=0x0000b2be0000b2be0000aed70000aed7 
  xmm4=0x0000b0f30000b0f30000a7b30000a7b3 xmm5=0x0000e9700000e9700000a9120000a912 
  xmm6=0x0000c17f0000c17f0000771f0000771f xmm7=0x000019930000199300005e7d00005e7d 

0x3074: or [r14 +rsi], 1
  rax=0x0000000000003f00 rbx=0x0000eaab0000eaab rcx=0x00008a5d00005c66 rdx=0x0000000000000000
  rsi=0x0000000000000000 rdi=0x00002df7000046df flags=0b000001000110
  xmm0=0x00009f4500009f450000e3880000e388 xmm1=0x000009b3000009b3000014bb000014bb 
  xmm2=0x000056c7000056c70000a4850000a485 xmm3=0x0000b2be0000b2be0000aed70000aed7 
  xmm4=0x0000b0f30000b0f30000a7b30000a7b3 xmm5=0x0000e9700000e9700000a9120000a912 
  xmm6=0x0000c17f0000c17f0000771f0000771f xmm7=0x000019930000199300005e7d00005e7d 

    > load from +0x4000 value 0x1db5
    > store to +0x4000 value 0x1db5
0x3079: and edx, [r14 +rsi]
  rax=0x0000000000003f00 rbx=0x0000eaab0000eaab rcx=0x00008a5d00005c66 rdx=0x0000000000000000
  rsi=0x0000000000000000 rdi=0x00002df7000046df flags=0b000000000010
  xmm0=0x00009f4500009f450000e3880000e388 xmm1=0x000009b3000009b3000014bb000014bb 
  xmm2=0x000056c7000056c70000a4850000a485 xmm3=0x0000b2be0000b2be0000aed70000aed7 
  xmm4=0x0000b0f30000b0f30000a7b30000a7b3 xmm5=0x0000e9700000e9700000a9120000a912 
  xmm6=0x0000c17f0000c17f0000771f0000771f xmm7=0x000019930000199300005e7d00005e7d 

    > load from +0x4000 value 0x1db5
0x307d: shr edx, 1
  rax=0x0000000000003f00 rbx=0x0000eaab0000eaab rcx=0x00008a5d00005c66 rdx=0x0000000000000000
  rsi=0x0000000000000000 rdi=0x00002df7000046df flags=0b000001000110
  xmm0=0x00009f4500009f450000e3880000e388 xmm1=0x000009b3000009b3000014bb000014bb 
  xmm2=0x000056c7000056c70000a4850000a485 xmm3=0x0000b2be0000b2be0000aed70000aed7 
  xmm4=0x0000b0f30000b0f30000a7b30000a7b3 xmm5=0x0000e9700000e9700000a9120000a912 
  xmm6=0x0000c17f0000c17f0000771f0000771f xmm7=0x000019930000199300005e7d00005e7d 

0x307f: div [r14 +rsi]
  rax=0x0000000000003f00 rbx=0x0000eaab0000eaab rcx=0x00008a5d00005c66 rdx=0x0000000000000000
  rsi=0x0000000000000000 rdi=0x00002df7000046df flags=0b000001000110
  xmm0=0x00009f4500009f450000e3880000e388 xmm1=0x000009b3000009b3000014bb000014bb 
  xmm2=0x000056c7000056c70000a4850000a485 xmm3=0x0000b2be0000b2be0000aed70000aed7 
  xmm4=0x0000b0f30000b0f30000a7b30000a7b3 xmm5=0x0000e9700000e9700000a9120000a912 
  xmm6=0x0000c17f0000c17f0000771f0000771f xmm7=0x000019930000199300005e7d00005e7d 

    > load from +0x4000 value 0x1db5
0x3083: macro .switch, .main.function_main_1
  rax=0x0000000000000002 rbx=0x0000eaab0000eaab rcx=0x00008a5d00005c66 rdx=0x0000000000000396
  rsi=0x0000000000000000 rdi=0x00002df7000046df flags=0b000001000110
  xmm0=0x00009f4500009f450000e3880000e388 xmm1=0x000009b3000009b3000014bb000014bb 
  xmm2=0x000056c7000056c70000a4850000a485 xmm3=0x0000b2be0000b2be0000aed70000aed7 
  xmm4=0x0000b0f30000b0f30000a7b30000a7b3 xmm5=0x0000e9700000e9700000a9120000a912 
  xmm6=0x0000c17f0000c17f0000771f0000771f xmm7=0x000019930000199300005e7d00005e7d 

0x8 : add dil, 75
  rax=0x0000000000000002 rbx=0x0000eaab0000eaab rcx=0x00008a5d00005c66 rdx=0x0000000000000396
  rsi=0x0000000000000000 rdi=0x00002df7000046df flags=0b000001000110
  xmm0=0x00009f4500009f450000e3880000e388 xmm1=0x000009b3000009b3000014bb000014bb 
  xmm2=0x000056c7000056c70000a4850000a485 xmm3=0x0000b2be0000b2be0000aed70000aed7 
  xmm4=0x0000b0f30000b0f30000a7b30000a7b3 xmm5=0x0000e9700000e9700000a9120000a912 
  xmm6=0x0000c17f0000c17f0000771f0000771f xmm7=0x000019930000199300005e7d00005e7d 

0xc : and rcx, 0b1111111111111
  rax=0x0000000000000002 rbx=0x0000eaab0000eaab rcx=0x00008a5d00005c66 rdx=0x0000000000000396
  rsi=0x0000000000000000 rdi=0x00002df70000462a flags=0b000000010011
  xmm0=0x00009f4500009f450000e3880000e388 xmm1=0x000009b3000009b3000014bb000014bb 
  xmm2=0x000056c7000056c70000a4850000a485 xmm3=0x0000b2be0000b2be0000aed70000aed7 
  xmm4=0x0000b0f30000b0f30000a7b30000a7b3 xmm5=0x0000e9700000e9700000a9120000a912 
  xmm6=0x0000c17f0000c17f0000771f0000771f xmm7=0x000019930000199300005e7d00005e7d 

0x13: movsx rax, [r14 +rcx]
  rax=0x0000000000000002 rbx=0x0000eaab0000eaab rcx=0x0000000000001c66 rdx=0x0000000000000396
  rsi=0x0000000000000000 rdi=0x00002df70000462a flags=0b000000000110
  xmm0=0x00009f4500009f450000e3880000e388 xmm1=0x000009b3000009b3000014bb000014bb 
  xmm2=0x000056c7000056c70000a4850000a485 xmm3=0x0000b2be0000b2be0000aed70000aed7 
  xmm4=0x0000b0f30000b0f30000a7b30000a7b3 xmm5=0x0000e9700000e9700000a9120000a912 
  xmm6=0x0000c17f0000c17f0000771f0000771f xmm7=0x000019930000199300005e7d00005e7d 

    > load from +0x1c66 value 0x0
0x18: and rax, 0b1111111111111
  rax=0x0000000000000000 rbx=0x0000eaab0000eaab rcx=0x0000000000001c66 rdx=0x0000000000000396
  rsi=0x0000000000000000 rdi=0x00002df70000462a flags=0b000000000110
  xmm0=0x00009f4500009f450000e3880000e388 xmm1=0x000009b3000009b3000014bb000014bb 
  xmm2=0x000056c7000056c70000a4850000a485 xmm3=0x0000b2be0000b2be0000aed70000aed7 
  xmm4=0x0000b0f30000b0f30000a7b30000a7b3 xmm5=0x0000e9700000e9700000a9120000a912 
  xmm6=0x0000c17f0000c17f0000771f0000771f xmm7=0x000019930000199300005e7d00005e7d 

0x1e: add rsi, [r14 +rax]
  rax=0x0000000000000000 rbx=0x0000eaab0000eaab rcx=0x0000000000001c66 rdx=0x0000000000000396
  rsi=0x0000000000000000 rdi=0x00002df70000462a flags=0b000001000110
  xmm0=0x00009f4500009f450000e3880000e388 xmm1=0x000009b3000009b3000014bb000014bb 
  xmm2=0x000056c7000056c70000a4850000a485 xmm3=0x0000b2be0000b2be0000aed70000aed7 
  xmm4=0x0000b0f30000b0f30000a7b30000a7b3 xmm5=0x0000e9700000e9700000a9120000a912 
  xmm6=0x0000c17f0000c17f0000771f0000771f xmm7=0x000019930000199300005e7d00005e7d 

    > load from +0x0 value 0xb4f10000b4f1
0x22: or si, 0b1000
  rax=0x0000000000000000 rbx=0x0000eaab0000eaab rcx=0x0000000000001c66 rdx=0x0000000000000396
  rsi=0x0000b4f10000b4f1 rdi=0x00002df70000462a flags=0b000000000010
  xmm0=0x00009f4500009f450000e3880000e388 xmm1=0x000009b3000009b3000014bb000014bb 
  xmm2=0x000056c7000056c70000a4850000a485 xmm3=0x0000b2be0000b2be0000aed70000aed7 
  xmm4=0x0000b0f30000b0f30000a7b30000a7b3 xmm5=0x0000e9700000e9700000a9120000a912 
  xmm6=0x0000c17f0000c17f0000771f0000771f xmm7=0x000019930000199300005e7d00005e7d 

0x26: and sil, 0b11111000
  rax=0x0000000000000000 rbx=0x0000eaab0000eaab rcx=0x0000000000001c66 rdx=0x0000000000000396
  rsi=0x0000b4f10000b4f9 rdi=0x00002df70000462a flags=0b000010000110
  xmm0=0x00009f4500009f450000e3880000e388 xmm1=0x000009b3000009b3000014bb000014bb 
  xmm2=0x000056c7000056c70000a4850000a485 xmm3=0x0000b2be0000b2be0000aed70000aed7 
  xmm4=0x0000b0f30000b0f30000a7b30000a7b3 xmm5=0x0000e9700000e9700000a9120000a912 
  xmm6=0x0000c17f0000c17f0000771f0000771f xmm7=0x000019930000199300005e7d00005e7d 

0x2a: and dx, 0b11
  rax=0x0000000000000000 rbx=0x0000eaab0000eaab rcx=0x0000000000001c66 rdx=0x0000000000000396
  rsi=0x0000b4f10000b4f8 rdi=0x00002df70000462a flags=0b000010000010
  xmm0=0x00009f4500009f450000e3880000e388 xmm1=0x000009b3000009b3000014bb000014bb 
  xmm2=0x000056c7000056c70000a4850000a485 xmm3=0x0000b2be0000b2be0000aed70000aed7 
  xmm4=0x0000b0f30000b0f30000a7b30000a7b3 xmm5=0x0000e9700000e9700000a9120000a912 
  xmm6=0x0000c17f0000c17f0000771f0000771f xmm7=0x000019930000199300005e7d00005e7d 

0x2e: idiv si
  rax=0x0000000000000000 rbx=0x0000eaab0000eaab rcx=0x0000000000001c66 rdx=0x0000000000000002
  rsi=0x0000b4f10000b4f8 rdi=0x00002df70000462a flags=0b000000000010
  xmm0=0x00009f4500009f450000e3880000e388 xmm1=0x000009b3000009b3000014bb000014bb 
  xmm2=0x000056c7000056c70000a4850000a485 xmm3=0x0000b2be0000b2be0000aed70000aed7 
  xmm4=0x0000b0f30000b0f30000a7b30000a7b3 xmm5=0x0000e9700000e9700000a9120000a912 
  xmm6=0x0000c17f0000c17f0000771f0000771f xmm7=0x000019930000199300005e7d00005e7d 

0x31: and rax, 0b1111111111111
  rax=0x000000000000fffa rbx=0x0000eaab0000eaab rcx=0x0000000000001c66 rdx=0x0000000000003dd0
  rsi=0x0000b4f10000b4f8 rdi=0x00002df70000462a flags=0b000000000010
  xmm0=0x00009f4500009f450000e3880000e388 xmm1=0x000009b3000009b3000014bb000014bb 
  xmm2=0x000056c7000056c70000a4850000a485 xmm3=0x0000b2be0000b2be0000aed70000aed7 
  xmm4=0x0000b0f30000b0f30000a7b30000a7b3 xmm5=0x0000e9700000e9700000a9120000a912 
  xmm6=0x0000c17f0000c17f0000771f0000771f xmm7=0x000019930000199300005e7d00005e7d 

0x37: cmovno edi, [r14 +rax]
  rax=0x0000000000001ffa rbx=0x0000eaab0000eaab rcx=0x0000000000001c66 rdx=0x0000000000003dd0
  rsi=0x0000b4f10000b4f8 rdi=0x00002df70000462a flags=0b000000000110
  xmm0=0x00009f4500009f450000e3880000e388 xmm1=0x000009b3000009b3000014bb000014bb 
  xmm2=0x000056c7000056c70000a4850000a485 xmm3=0x0000b2be0000b2be0000aed70000aed7 
  xmm4=0x0000b0f30000b0f30000a7b30000a7b3 xmm5=0x0000e9700000e9700000a9120000a912 
  xmm6=0x0000c17f0000c17f0000771f0000771f xmm7=0x000019930000199300005e7d00005e7d 

    > load from +0x1ffa value 0xa3330000
0x3c: and rdi, 0b1111111111111
  rax=0x0000000000001ffa rbx=0x0000eaab0000eaab rcx=0x0000000000001c66 rdx=0x0000000000003dd0
  rsi=0x0000b4f10000b4f8 rdi=0x00000000a3330000 flags=0b000000000110
  xmm0=0x00009f4500009f450000e3880000e388 xmm1=0x000009b3000009b3000014bb000014bb 
  xmm2=0x000056c7000056c70000a4850000a485 xmm3=0x0000b2be0000b2be0000aed70000aed7 
  xmm4=0x0000b0f30000b0f30000a7b30000a7b3 xmm5=0x0000e9700000e9700000a9120000a912 
  xmm6=0x0000c17f0000c17f0000771f0000771f xmm7=0x000019930000199300005e7d00005e7d 

0x43: or [r14 +rdi], 0b1000
  rax=0x0000000000001ffa rbx=0x0000eaab0000eaab rcx=0x0000000000001c66 rdx=0x0000000000003dd0
  rsi=0x0000b4f10000b4f8 rdi=0x0000000000000000 flags=0b000001000110
  xmm0=0x00009f4500009f450000e3880000e388 xmm1=0x000009b3000009b3000014bb000014bb 
  xmm2=0x000056c7000056c70000a4850000a485 xmm3=0x0000b2be0000b2be0000aed70000aed7 
  xmm4=0x0000b0f30000b0f30000a7b30000a7b3 xmm5=0x0000e9700000e9700000a9120000a912 
  xmm6=0x0000c17f0000c17f0000771f0000771f xmm7=0x000019930000199300005e7d00005e7d 

    > load from +0x0 value 0xb4f1
    > store to +0x0 value 0xb4f9
0x48: and [r14 +rdi], 0b11111000
  rax=0x0000000000001ffa rbx=0x0000eaab0000eaab rcx=0x0000000000001c66 rdx=0x0000000000003dd0
  rsi=0x0000b4f10000b4f8 rdi=0x0000000000000000 flags=0b000000000110
  xmm0=0x00009f4500009f450000e3880000e388 xmm1=0x000009b3000009b3000014bb000014bb 
  xmm2=0x000056c7000056c70000a4850000a485 xmm3=0x0000b2be0000b2be0000aed70000aed7 
  xmm4=0x0000b0f30000b0f30000a7b30000a7b3 xmm5=0x0000e9700000e9700000a9120000a912 
  xmm6=0x0000c17f0000c17f0000771f0000771f xmm7=0x000019930000199300005e7d00005e7d 

    > load from +0x0 value 0xf9
    > store to +0x0 value 0xf8
0x4d: and rcx, 0b1111111111111
  rax=0x0000000000001ffa rbx=0x0000eaab0000eaab rcx=0x0000000000001c66 rdx=0x0000000000003dd0
  rsi=0x0000b4f10000b4f8 rdi=0x0000000000000000 flags=0b000010000010
  xmm0=0x00009f4500009f450000e3880000e388 xmm1=0x000009b3000009b3000014bb000014bb 
  xmm2=0x000056c7000056c70000a4850000a485 xmm3=0x0000b2be0000b2be0000aed70000aed7 
  xmm4=0x0000b0f30000b0f30000a7b30000a7b3 xmm5=0x0000e9700000e9700000a9120000a912 
  xmm6=0x0000c17f0000c17f0000771f0000771f xmm7=0x000019930000199300005e7d00005e7d 

0x54: movzx rbx, [r14 +rcx]
  rax=0x0000000000001ffa rbx=0x0000eaab0000eaab rcx=0x0000000000001c66 rdx=0x0000000000003dd0
  rsi=0x0000b4f10000b4f8 rdi=0x0000000000000000 flags=0b000000000110
  xmm0=0x00009f4500009f450000e3880000e388 xmm1=0x000009b3000009b3000014bb000014bb 
  xmm2=0x000056c7000056c70000a4850000a485 xmm3=0x0000b2be0000b2be0000aed70000aed7 
  xmm4=0x0000b0f30000b0f30000a7b30000a7b3 xmm5=0x0000e9700000e9700000a9120000a912 
  xmm6=0x0000c17f0000c17f0000771f0000771f xmm7=0x000019930000199300005e7d00005e7d 

    > load from +0x1c66 value 0x0
0x59: and rbx, 0b1111111111111
  rax=0x0000000000001ffa rbx=0x0000000000000000 rcx=0x0000000000001c66 rdx=0x0000000000003dd0
  rsi=0x0000b4f10000b4f8 rdi=0x0000000000000000 flags=0b000000000110
  xmm0=0x00009f4500009f450000e3880000e388 xmm1=0x000009b3000009b3000014bb000014bb 
  xmm2=0x000056c7000056c70000a4850000a485 xmm3=0x0000b2be0000b2be0000aed70000aed7 
  xmm4=0x0000b0f30000b0f30000a7b30000a7b3 xmm5=0x0000e9700000e9700000a9120000a912 
  xmm6=0x0000c17f0000c17f0000771f0000771f xmm7=0x000019930000199300005e7d00005e7d 

0x60: adc dil, [r14 +rbx]
  rax=0x0000000000001ffa rbx=0x0000000000000000 rcx=0x0000000000001c66 rdx=0x0000000000003dd0
  rsi=0x0000b4f10000b4f8 rdi=0x0000000000000000 flags=0b000001000110
  xmm0=0x00009f4500009f450000e3880000e388 xmm1=0x000009b3000009b3000014bb000014bb 
  xmm2=0x000056c7000056c70000a4850000a485 xmm3=0x0000b2be0000b2be0000aed70000aed7 
  xmm4=0x0000b0f30000b0f30000a7b30000a7b3 xmm5=0x0000e9700000e9700000a9120000a912 
  xmm6=0x0000c17f0000c17f0000771f0000771f xmm7=0x000019930000199300005e7d00005e7d 

    > load from +0x0 value 0xf8
0x64: and rdi, 0b1111111111111
  rax=0x0000000000001ffa rbx=0x0000000000000000 rcx=0x0000000000001c66 rdx=0x0000000000003dd0
  rsi=0x0000b4f10000b4f8 rdi=0x00000000000000f8 flags=0b000010000010
  xmm0=0x00009f4500009f450000e3880000e388 xmm1=0x000009b3000009b3000014bb000014bb 
  xmm2=0x000056c7000056c70000a4850000a485 xmm3=0x0000b2be0000b2be0000aed70000aed7 
  xmm4=0x0000b0f30000b0f30000a7b30000a7b3 xmm5=0x0000e9700000e9700000a9120000a912 
  xmm6=0x0000c17f0000c17f0000771f0000771f xmm7=0x000019930000199300005e7d00005e7d 

0x6b: sub esi, [r14 +rdi]
  rax=0x0000000000001ffa rbx=0x0000000000000000 rcx=0x0000000000001c66 rdx=0x0000000000003dd0
  rsi=0x0000b4f10000b4f8 rdi=0x00000000000000f8 flags=0b000000000010
  xmm0=0x00009f4500009f450000e3880000e388 xmm1=0x000009b3000009b3000014bb000014bb 
  xmm2=0x000056c7000056c70000a4850000a485 xmm3=0x0000b2be0000b2be0000aed70000aed7 
  xmm4=0x0000b0f30000b0f30000a7b30000a7b3 xmm5=0x0000e9700000e9700000a9120000a912 
  xmm6=0x0000c17f0000c17f0000771f0000771f xmm7=0x000019930000199300005e7d00005e7d 

    > load from +0xf8 value 0x5a6b
0x6f: and rsi, 0b1111111111111
  rax=0x0000000000001ffa rbx=0x0000000000000000 rcx=0x0000000000001c66 rdx=0x0000000000003dd0
  rsi=0x0000000000005a8d rdi=0x00000000000000f8 flags=0b000000010110
  xmm0=0x00009f4500009f450000e3880000e388 xmm1=0x000009b3000009b3000014bb000014bb 
  xmm2=0x000056c7000056c70000a4850000a485 xmm3=0x0000b2be0000b2be0000aed70000aed7 
  xmm4=0x0000b0f30000b0f30000a7b30000a7b3 xmm5=0x0000e9700000e9700000a9120000a912 
  xmm6=0x0000c17f0000c17f0000771f0000771f xmm7=0x000019930000199300005e7d00005e7d 

0x76: or bl, [r14 +rsi]
  rax=0x0000000000001ffa rbx=0x0000000000000000 rcx=0x0000000000001c66 rdx=0x0000000000003dd0
  rsi=0x0000000000001a8d rdi=0x00000000000000f8 flags=0b000000000110
  xmm0=0x00009f4500009f450000e3880000e388 xmm1=0x000009b3000009b3000014bb000014bb 
  xmm2=0x000056c7000056c70000a4850000a485 xmm3=0x0000b2be0000b2be0000aed70000aed7 
  xmm4=0x0000b0f30000b0f30000a7b30000a7b3 xmm5=0x0000e9700000e9700000a9120000a912 
  xmm6=0x0000c17f0000c17f0000771f0000771f xmm7=0x000019930000199300005e7d00005e7d 

    > load from +0x1a8d value 0x2a
0x7a: macro .switch, .actor2.function_actor2_1
  rax=0x0000000000001ffa rbx=0x000000000000002a rcx=0x0000000000001c66 rdx=0x0000000000003dd0
  rsi=0x0000000000001a8d rdi=0x00000000000000f8 flags=0b000000000010
  xmm0=0x00009f4500009f450000e3880000e388 xmm1=0x000009b3000009b3000014bb000014bb 
  xmm2=0x000056c7000056c70000a4850000a485 xmm3=0x0000b2be0000b2be0000aed70000aed7 
  xmm4=0x0000b0f30000b0f30000a7b30000a7b3 xmm5=0x0000e9700000e9700000a9120000a912 
  xmm6=0x0000c17f0000c17f0000771f0000771f xmm7=0x000019930000199300005e7d00005e7d 

0x308b: pushfq 
  rax=0x0000000000001ffa rbx=0x000000000000002a rcx=0x0000000000001c66 rdx=0x0000000000003dd0
  rsi=0x0000000000001a8d rdi=0x00000000000000f8 flags=0b000000000010
  xmm0=0x00009f4500009f450000e3880000e388 xmm1=0x000009b3000009b3000014bb000014bb 
  xmm2=0x000056c7000056c70000a4850000a485 xmm3=0x0000b2be0000b2be0000aed70000aed7 
  xmm4=0x0000b0f30000b0f30000a7b30000a7b3 xmm5=0x0000e9700000e9700000a9120000a912 
  xmm6=0x0000c17f0000c17f0000771f0000771f xmm7=0x000019930000199300005e7d00005e7d 

    > store to +0x4ff0 value 0x2
0x308c: push rax
  rax=0x0000000000001ffa rbx=0x000000000000002a rcx=0x0000000000001c66 rdx=0x0000000000003dd0
  rsi=0x0000000000001a8d rdi=0x00000000000000f8 flags=0b000000000010
  xmm0=0x00009f4500009f450000e3880000e388 xmm1=0x000009b3000009b3000014bb000014bb 
  xmm2=0x000056c7000056c70000a4850000a485 xmm3=0x0000b2be0000b2be0000aed70000aed7 
  xmm4=0x0000b0f30000b0f30000a7b30000a7b3 xmm5=0x0000e9700000e9700000a9120000a912 
  xmm6=0x0000c17f0000c17f0000771f0000771f xmm7=0x000019930000199300005e7d00005e7d 

    > store to +0x4fe8 value 0x1ffa
0x308d: push rcx
  rax=0x0000000000001ffa rbx=0x000000000000002a rcx=0x0000000000001c66 rdx=0x0000000000003dd0
  rsi=0x0000000000001a8d rdi=0x00000000000000f8 flags=0b000000000010
  xmm0=0x00009f4500009f450000e3880000e388 xmm1=0x000009b3000009b3000014bb000014bb 
  xmm2=0x000056c7000056c70000a4850000a485 xmm3=0x0000b2be0000b2be0000aed70000aed7 
  xmm4=0x0000b0f30000b0f30000a7b30000a7b3 xmm5=0x0000e9700000e9700000a9120000a912 
  xmm6=0x0000c17f0000c17f0000771f0000771f xmm7=0x000019930000199300005e7d00005e7d 

    > store to +0x4fe0 value 0x1c66
0x308e: push rdx
  rax=0x0000000000001ffa rbx=0x000000000000002a rcx=0x0000000000001c66 rdx=0x0000000000003dd0
  rsi=0x0000000000001a8d rdi=0x00000000000000f8 flags=0b000000000010
  xmm0=0x00009f4500009f450000e3880000e388 xmm1=0x000009b3000009b3000014bb000014bb 
  xmm2=0x000056c7000056c70000a4850000a485 xmm3=0x0000b2be0000b2be0000aed70000aed7 
  xmm4=0x0000b0f30000b0f30000a7b30000a7b3 xmm5=0x0000e9700000e9700000a9120000a912 
  xmm6=0x0000c17f0000c17f0000771f0000771f xmm7=0x000019930000199300005e7d00005e7d 

    > store to +0x4fd8 value 0x3dd0
0x308f: mov ecx, 0x48
  rax=0x0000000000001ffa rbx=0x000000000000002a rcx=0x0000000000001c66 rdx=0x0000000000003dd0
  rsi=0x0000000000001a8d rdi=0x00000000000000f8 flags=0b000000000010
  xmm0=0x00009f4500009f450000e3880000e388 xmm1=0x000009b3000009b3000014bb000014bb 
  xmm2=0x000056c7000056c70000a4850000a485 xmm3=0x0000b2be0000b2be0000aed70000aed7 
  xmm4=0x0000b0f30000b0f30000a7b30000a7b3 xmm5=0x0000e9700000e9700000a9120000a912 
  xmm6=0x0000c17f0000c17f0000771f0000771f xmm7=0x000019930000199300005e7d00005e7d 

0x3094: rdmsr 
  rax=0x0000000000001ffa rbx=0x000000000000002a rcx=0x0000000000000048 rdx=0x0000000000003dd0
  rsi=0x0000000000001a8d rdi=0x00000000000000f8 flags=0b000000000010
  xmm0=0x00009f4500009f450000e3880000e388 xmm1=0x000009b3000009b3000014bb000014bb 
  xmm2=0x000056c7000056c70000a4850000a485 xmm3=0x0000b2be0000b2be0000aed70000aed7 
  xmm4=0x0000b0f30000b0f30000a7b30000a7b3 xmm5=0x0000e9700000e9700000a9120000a912 
  xmm6=0x0000c17f0000c17f0000771f0000771f xmm7=0x000019930000199300005e7d00005e7d 

0x3096: and eax, 0xfffffffb
  rax=0x0000000000000000 rbx=0x000000000000002a rcx=0x0000000000000048 rdx=0x0000000000000000
  rsi=0x0000000000001a8d rdi=0x00000000000000f8 flags=0b000000000010
  xmm0=0x00009f4500009f450000e3880000e388 xmm1=0x000009b3000009b3000014bb000014bb 
  xmm2=0x000056c7000056c70000a4850000a485 xmm3=0x0000b2be0000b2be0000aed70000aed7 
  xmm4=0x0000b0f30000b0f30000a7b30000a7b3 xmm5=0x0000e9700000e9700000a9120000a912 
  xmm6=0x0000c17f0000c17f0000771f0000771f xmm7=0x000019930000199300005e7d00005e7d 

0x3099: or eax, 0x100
  rax=0x0000000000000000 rbx=0x000000000000002a rcx=0x0000000000000048 rdx=0x0000000000000000
  rsi=0x0000000000001a8d rdi=0x00000000000000f8 flags=0b000001000110
  xmm0=0x00009f4500009f450000e3880000e388 xmm1=0x000009b3000009b3000014bb000014bb 
  xmm2=0x000056c7000056c70000a4850000a485 xmm3=0x0000b2be0000b2be0000aed70000aed7 
  xmm4=0x0000b0f30000b0f30000a7b30000a7b3 xmm5=0x0000e9700000e9700000a9120000a912 
  xmm6=0x0000c17f0000c17f0000771f0000771f xmm7=0x000019930000199300005e7d00005e7d 

0x309e: wrmsr 
  rax=0x0000000000000100 rbx=0x000000000000002a rcx=0x0000000000000048 rdx=0x0000000000000000
  rsi=0x0000000000001a8d rdi=0x00000000000000f8 flags=0b000000000110
  xmm0=0x00009f4500009f450000e3880000e388 xmm1=0x000009b3000009b3000014bb000014bb 
  xmm2=0x000056c7000056c70000a4850000a485 xmm3=0x0000b2be0000b2be0000aed70000aed7 
  xmm4=0x0000b0f30000b0f30000a7b30000a7b3 xmm5=0x0000e9700000e9700000a9120000a912 
  xmm6=0x0000c17f0000c17f0000771f0000771f xmm7=0x000019930000199300005e7d00005e7d 

0x30a0: mfence 
  rax=0x0000000000000100 rbx=0x000000000000002a rcx=0x0000000000000048 rdx=0x0000000000000000
  rsi=0x0000000000001a8d rdi=0x00000000000000f8 flags=0b000000000110
  xmm0=0x00009f4500009f450000e3880000e388 xmm1=0x000009b3000009b3000014bb000014bb 
  xmm2=0x000056c7000056c70000a4850000a485 xmm3=0x0000b2be0000b2be0000aed70000aed7 
  xmm4=0x0000b0f30000b0f30000a7b30000a7b3 xmm5=0x0000e9700000e9700000a9120000a912 
  xmm6=0x0000c17f0000c17f0000771f0000771f xmm7=0x000019930000199300005e7d00005e7d 

0x30a3: lfence 
  rax=0x0000000000000100 rbx=0x000000000000002a rcx=0x0000000000000048 rdx=0x0000000000000000
  rsi=0x0000000000001a8d rdi=0x00000000000000f8 flags=0b000000000110
  xmm0=0x00009f4500009f450000e3880000e388 xmm1=0x000009b3000009b3000014bb000014bb 
  xmm2=0x000056c7000056c70000a4850000a485 xmm3=0x0000b2be0000b2be0000aed70000aed7 
  xmm4=0x0000b0f30000b0f30000a7b30000a7b3 xmm5=0x0000e9700000e9700000a9120000a912 
  xmm6=0x0000c17f0000c17f0000771f0000771f xmm7=0x000019930000199300005e7d00005e7d 

0x30a6: macro .measurement_end, .noarg
  rax=0x0000000000000100 rbx=0x000000000000002a rcx=0x0000000000000048 rdx=0x0000000000000000
  rsi=0x0000000000001a8d rdi=0x00000000000000f8 flags=0b000000000110
  xmm0=0x00009f4500009f450000e3880000e388 xmm1=0x000009b3000009b3000014bb000014bb 
  xmm2=0x000056c7000056c70000a4850000a485 xmm3=0x0000b2be0000b2be0000aed70000aed7 
  xmm4=0x0000b0f30000b0f30000a7b30000a7b3 xmm5=0x0000e9700000e9700000a9120000a912 
  xmm6=0x0000c17f0000c17f0000771f0000771f xmm7=0x000019930000199300005e7d00005e7d 

0x30ae: mov ecx, 0x48
  rax=0x0000000000000100 rbx=0x000000000000002a rcx=0x0000000000000048 rdx=0x0000000000000000
  rsi=0x0000000000001a8d rdi=0x00000000000000f8 flags=0b000000000110
  xmm0=0x00009f4500009f450000e3880000e388 xmm1=0x000009b3000009b3000014bb000014bb 
  xmm2=0x000056c7000056c70000a4850000a485 xmm3=0x0000b2be0000b2be0000aed70000aed7 
  xmm4=0x0000b0f30000b0f30000a7b30000a7b3 xmm5=0x0000e9700000e9700000a9120000a912 
  xmm6=0x0000c17f0000c17f0000771f0000771f xmm7=0x000019930000199300005e7d00005e7d 

0x30b3: rdmsr 
  rax=0x0000000000000100 rbx=0x000000000000002a rcx=0x0000000000000048 rdx=0x0000000000000000
  rsi=0x0000000000001a8d rdi=0x00000000000000f8 flags=0b000000000110
  xmm0=0x00009f4500009f450000e3880000e388 xmm1=0x000009b3000009b3000014bb000014bb 
  xmm2=0x000056c7000056c70000a4850000a485 xmm3=0x0000b2be0000b2be0000aed70000aed7 
  xmm4=0x0000b0f30000b0f30000a7b30000a7b3 xmm5=0x0000e9700000e9700000a9120000a912 
  xmm6=0x0000c17f0000c17f0000771f0000771f xmm7=0x000019930000199300005e7d00005e7d 

0x30b5: and eax, 0xfffffffb
  rax=0x0000000000000000 rbx=0x000000000000002a rcx=0x0000000000000048 rdx=0x0000000000000000
  rsi=0x0000000000001a8d rdi=0x00000000000000f8 flags=0b000000000110
  xmm0=0x00009f4500009f450000e3880000e388 xmm1=0x000009b3000009b3000014bb000014bb 
  xmm2=0x000056c7000056c70000a4850000a485 xmm3=0x0000b2be0000b2be0000aed70000aed7 
  xmm4=0x0000b0f30000b0f30000a7b30000a7b3 xmm5=0x0000e9700000e9700000a9120000a912 
  xmm6=0x0000c17f0000c17f0000771f0000771f xmm7=0x000019930000199300005e7d00005e7d 

0x30b8: and eax, 0xfffffeff
  rax=0x0000000000000000 rbx=0x000000000000002a rcx=0x0000000000000048 rdx=0x0000000000000000
  rsi=0x0000000000001a8d rdi=0x00000000000000f8 flags=0b000001000110
  xmm0=0x00009f4500009f450000e3880000e388 xmm1=0x000009b3000009b3000014bb000014bb 
  xmm2=0x000056c7000056c70000a4850000a485 xmm3=0x0000b2be0000b2be0000aed70000aed7 
  xmm4=0x0000b0f30000b0f30000a7b30000a7b3 xmm5=0x0000e9700000e9700000a9120000a912 
  xmm6=0x0000c17f0000c17f0000771f0000771f xmm7=0x000019930000199300005e7d00005e7d 

0x30bd: wrmsr 
  rax=0x0000000000000000 rbx=0x000000000000002a rcx=0x0000000000000048 rdx=0x0000000000000000
  rsi=0x0000000000001a8d rdi=0x00000000000000f8 flags=0b000001000110
  xmm0=0x00009f4500009f450000e3880000e388 xmm1=0x000009b3000009b3000014bb000014bb 
  xmm2=0x000056c7000056c70000a4850000a485 xmm3=0x0000b2be0000b2be0000aed70000aed7 
  xmm4=0x0000b0f30000b0f30000a7b30000a7b3 xmm5=0x0000e9700000e9700000a9120000a912 
  xmm6=0x0000c17f0000c17f0000771f0000771f xmm7=0x000019930000199300005e7d00005e7d 

0x30bf: mfence 
  rax=0x0000000000000000 rbx=0x000000000000002a rcx=0x0000000000000048 rdx=0x0000000000000000
  rsi=0x0000000000001a8d rdi=0x00000000000000f8 flags=0b000001000110
  xmm0=0x00009f4500009f450000e3880000e388 xmm1=0x000009b3000009b3000014bb000014bb 
  xmm2=0x000056c7000056c70000a4850000a485 xmm3=0x0000b2be0000b2be0000aed70000aed7 
  xmm4=0x0000b0f30000b0f30000a7b30000a7b3 xmm5=0x0000e9700000e9700000a9120000a912 
  xmm6=0x0000c17f0000c17f0000771f0000771f xmm7=0x000019930000199300005e7d00005e7d 

0x30c2: lfence 
  rax=0x0000000000000000 rbx=0x000000000000002a rcx=0x0000000000000048 rdx=0x0000000000000000
  rsi=0x0000000000001a8d rdi=0x00000000000000f8 flags=0b000001000110
  xmm0=0x00009f4500009f450000e3880000e388 xmm1=0x000009b3000009b3000014bb000014bb 
  xmm2=0x000056c7000056c70000a4850000a485 xmm3=0x0000b2be0000b2be0000aed70000aed7 
  xmm4=0x0000b0f30000b0f30000a7b30000a7b3 xmm5=0x0000e9700000e9700000a9120000a912 
  xmm6=0x0000c17f0000c17f0000771f0000771f xmm7=0x000019930000199300005e7d00005e7d 

0x30c5: pop rdx
  rax=0x0000000000000000 rbx=0x000000000000002a rcx=0x0000000000000048 rdx=0x0000000000000000
  rsi=0x0000000000001a8d rdi=0x00000000000000f8 flags=0b000001000110
  xmm0=0x00009f4500009f450000e3880000e388 xmm1=0x000009b3000009b3000014bb000014bb 
  xmm2=0x000056c7000056c70000a4850000a485 xmm3=0x0000b2be0000b2be0000aed70000aed7 
  xmm4=0x0000b0f30000b0f30000a7b30000a7b3 xmm5=0x0000e9700000e9700000a9120000a912 
  xmm6=0x0000c17f0000c17f0000771f0000771f xmm7=0x000019930000199300005e7d00005e7d 

    > load from +0x4fd8 value 0x3dd0
0x30c6: pop rcx
  rax=0x0000000000000000 rbx=0x000000000000002a rcx=0x0000000000000048 rdx=0x0000000000003dd0
  rsi=0x0000000000001a8d rdi=0x00000000000000f8 flags=0b000001000110
  xmm0=0x00009f4500009f450000e3880000e388 xmm1=0x000009b3000009b3000014bb000014bb 
  xmm2=0x000056c7000056c70000a4850000a485 xmm3=0x0000b2be0000b2be0000aed70000aed7 
  xmm4=0x0000b0f30000b0f30000a7b30000a7b3 xmm5=0x0000e9700000e9700000a9120000a912 
  xmm6=0x0000c17f0000c17f0000771f0000771f xmm7=0x000019930000199300005e7d00005e7d 

    > load from +0x4fe0 value 0x1c66
0x30c7: pop rax
  rax=0x0000000000000000 rbx=0x000000000000002a rcx=0x0000000000001c66 rdx=0x0000000000003dd0
  rsi=0x0000000000001a8d rdi=0x00000000000000f8 flags=0b000001000110
  xmm0=0x00009f4500009f450000e3880000e388 xmm1=0x000009b3000009b3000014bb000014bb 
  xmm2=0x000056c7000056c70000a4850000a485 xmm3=0x0000b2be0000b2be0000aed70000aed7 
  xmm4=0x0000b0f30000b0f30000a7b30000a7b3 xmm5=0x0000e9700000e9700000a9120000a912 
  xmm6=0x0000c17f0000c17f0000771f0000771f xmm7=0x000019930000199300005e7d00005e7d 

    > load from +0x4fe8 value 0x1ffa
0x30c8: popfq 
  rax=0x0000000000001ffa rbx=0x000000000000002a rcx=0x0000000000001c66 rdx=0x0000000000003dd0
  rsi=0x0000000000001a8d rdi=0x00000000000000f8 flags=0b000001000110
  xmm0=0x00009f4500009f450000e3880000e388 xmm1=0x000009b3000009b3000014bb000014bb 
  xmm2=0x000056c7000056c70000a4850000a485 xmm3=0x0000b2be0000b2be0000aed70000aed7 
  xmm4=0x0000b0f30000b0f30000a7b30000a7b3 xmm5=0x0000e9700000e9700000a9120000a912 
  xmm6=0x0000c17f0000c17f0000771f0000771f xmm7=0x000019930000199300005e7d00005e7d 

    > load from +0x4ff0 value 0x2
0x30c9: macro .switch, .main.function_main_2
  rax=0x0000000000001ffa rbx=0x000000000000002a rcx=0x0000000000001c66 rdx=0x0000000000003dd0
  rsi=0x0000000000001a8d rdi=0x00000000000000f8 flags=0b000000000010
  xmm0=0x00009f4500009f450000e3880000e388 xmm1=0x000009b3000009b3000014bb000014bb 
  xmm2=0x000056c7000056c70000a4850000a485 xmm3=0x0000b2be0000b2be0000aed70000aed7 
  xmm4=0x0000b0f30000b0f30000a7b30000a7b3 xmm5=0x0000e9700000e9700000a9120000a912 
  xmm6=0x0000c17f0000c17f0000771f0000771f xmm7=0x000019930000199300005e7d00005e7d 




                      ##### Input 19 #####

                     ##### Input 0 #####
0x0 : macro .switch, .actor2.function_actor2_0
  rax=0x0000d0ae0000d0ae rbx=0x0000eaab0000eaab rcx=0x00008a5d00008a5d rdx=0x000093d1000093d1
  rsi=0x0000468c0000468c rdi=0x00002df700002df7 flags=0b100000000110
  xmm0=0x00009b8000009b80000058c0000058c0 xmm1=0x0000f3240000f324000090ab000090ab 
  xmm2=0x0000d27f0000d27f0000c9190000c919 xmm3=0x0000594a0000594a0000a86c0000a86c 
  xmm4=0x0000da130000da130000751300007513 xmm5=0x0000115b0000115b0000306100003061 
  xmm6=0x00004fa500004fa50000492700004927 xmm7=0x00000b8c00000b8c0000b5660000b566 

0x3000: pushfq 
  rax=0x0000d0ae0000d0ae rbx=0x0000eaab0000eaab rcx=0x00008a5d00008a5d rdx=0x000093d1000093d1
  rsi=0x0000468c0000468c rdi=0x00002df700002df7 flags=0b100000000110
  xmm0=0x00009b8000009b80000058c0000058c0 xmm1=0x0000f3240000f324000090ab000090ab 
  xmm2=0x0000d27f0000d27f0000c9190000c919 xmm3=0x0000594a0000594a0000a86c0000a86c 
  xmm4=0x0000da130000da130000751300007513 xmm5=0x0000115b0000115b0000306100003061 
  xmm6=0x00004fa500004fa50000492700004927 xmm7=0x00000b8c00000b8c0000b5660000b566 

    > store to +0x4ff0 value 0x806
0x3001: push rax
  rax=0x0000d0ae0000d0ae rbx=0x0000eaab0000eaab rcx=0x00008a5d00008a5d rdx=0x000093d1000093d1
  rsi=0x0000468c0000468c rdi=0x00002df700002df7 flags=0b100000000110
  xmm0=0x00009b8000009b80000058c0000058c0 xmm1=0x0000f3240000f324000090ab000090ab 
  xmm2=0x0000d27f0000d27f0000c9190000c919 xmm3=0x0000594a0000594a0000a86c0000a86c 
  xmm4=0x0000da130000da130000751300007513 xmm5=0x0000115b0000115b0000306100003061 
  xmm6=0x00004fa500004fa50000492700004927 xmm7=0x00000b8c00000b8c0000b5660000b566 

    > store to +0x4fe8 value 0xd0ae0000d0ae
0x3002: push rcx
  rax=0x0000d0ae0000d0ae rbx=0x0000eaab0000eaab rcx=0x00008a5d00008a5d rdx=0x000093d1000093d1
  rsi=0x0000468c0000468c rdi=0x00002df700002df7 flags=0b100000000110
  xmm0=0x00009b8000009b80000058c0000058c0 xmm1=0x0000f3240000f324000090ab000090ab 
  xmm2=0x0000d27f0000d27f0000c9190000c919 xmm3=0x0000594a0000594a0000a86c0000a86c 
  xmm4=0x0000da130000da130000751300007513 xmm5=0x0000115b0000115b0000306100003061 
  xmm6=0x00004fa500004fa50000492700004927 xmm7=0x00000b8c00000b8c0000b5660000b566 

    > store to +0x4fe0 value 0x8a5d00008a5d
0x3003: push rdx
  rax=0x0000d0ae0000d0ae rbx=0x0000eaab0000eaab rcx=0x00008a5d00008a5d rdx=0x000093d1000093d1
  rsi=0x0000468c0000468c rdi=0x00002df700002df7 flags=0b100000000110
  xmm0=0x00009b8000009b80000058c0000058c0 xmm1=0x0000f3240000f324000090ab000090ab 
  xmm2=0x0000d27f0000d27f0000c9190000c919 xmm3=0x0000594a0000594a0000a86c0000a86c 
  xmm4=0x0000da130000da130000751300007513 xmm5=0x0000115b0000115b0000306100003061 
  xmm6=0x00004fa500004fa50000492700004927 xmm7=0x00000b8c00000b8c0000b5660000b566 

    > store to +0x4fd8 value 0x93d1000093d1
0x3004: mov ecx, 0x48
  rax=0x0000d0ae0000d0ae rbx=0x0000eaab0000eaab rcx=0x00008a5d00008a5d rdx=0x000093d1000093d1
  rsi=0x0000468c0000468c rdi=0x00002df700002df7 flags=0b100000000110
  xmm0=0x00009b8000009b80000058c0000058c0 xmm1=0x0000f3240000f324000090ab000090ab 
  xmm2=0x0000d27f0000d27f0000c9190000c919 xmm3=0x0000594a0000594a0000a86c0000a86c 
  xmm4=0x0000da130000da130000751300007513 xmm5=0x0000115b0000115b0000306100003061 
  xmm6=0x00004fa500004fa50000492700004927 xmm7=0x00000b8c00000b8c0000b5660000b566 

0x3009: rdmsr 
  rax=0x0000d0ae0000d0ae rbx=0x0000eaab0000eaab rcx=0x0000000000000048 rdx=0x000093d1000093d1
  rsi=0x0000468c0000468c rdi=0x00002df700002df7 flags=0b100000000110
  xmm0=0x00009b8000009b80000058c0000058c0 xmm1=0x0000f3240000f324000090ab000090ab 
  xmm2=0x0000d27f0000d27f0000c9190000c919 xmm3=0x0000594a0000594a0000a86c0000a86c 
  xmm4=0x0000da130000da130000751300007513 xmm5=0x0000115b0000115b0000306100003061 
  xmm6=0x00004fa500004fa50000492700004927 xmm7=0x00000b8c00000b8c0000b5660000b566 

0x300b: and eax, 0xfffffffb
  rax=0x0000000000000000 rbx=0x0000eaab0000eaab rcx=0x0000000000000048 rdx=0x0000000000000000
  rsi=0x0000468c0000468c rdi=0x00002df700002df7 flags=0b100000000110
  xmm0=0x00009b8000009b80000058c0000058c0 xmm1=0x0000f3240000f324000090ab000090ab 
  xmm2=0x0000d27f0000d27f0000c9190000c919 xmm3=0x0000594a0000594a0000a86c0000a86c 
  xmm4=0x0000da130000da130000751300007513 xmm5=0x0000115b0000115b0000306100003061 
  xmm6=0x00004fa500004fa50000492700004927 xmm7=0x00000b8c00000b8c0000b5660000b566 

0x300e: or eax, 0x100
  rax=0x0000000000000000 rbx=0x0000eaab0000eaab rcx=0x0000000000000048 rdx=0x0000000000000000
  rsi=0x0000468c0000468c rdi=0x00002df700002df7 flags=0b000001000110
  xmm0=0x00009b8000009b80000058c0000058c0 xmm1=0x0000f3240000f324000090ab000090ab 
  xmm2=0x0000d27f0000d27f0000c9190000c919 xmm3=0x0000594a0000594a0000a86c0000a86c 
  xmm4=0x0000da130000da130000751300007513 xmm5=0x0000115b0000115b0000306100003061 
  xmm6=0x00004fa500004fa50000492700004927 xmm7=0x00000b8c00000b8c0000b5660000b566 

0x3013: wrmsr 
  rax=0x0000000000000100 rbx=0x0000eaab0000eaab rcx=0x0000000000000048 rdx=0x0000000000000000
  rsi=0x0000468c0000468c rdi=0x00002df700002df7 flags=0b000000000110
  xmm0=0x00009b8000009b80000058c0000058c0 xmm1=0x0000f3240000f324000090ab000090ab 
  xmm2=0x0000d27f0000d27f0000c9190000c919 xmm3=0x0000594a0000594a0000a86c0000a86c 
  xmm4=0x0000da130000da130000751300007513 xmm5=0x0000115b0000115b0000306100003061 
  xmm6=0x00004fa500004fa50000492700004927 xmm7=0x00000b8c00000b8c0000b5660000b566 

0x3015: mfence 
  rax=0x0000000000000100 rbx=0x0000eaab0000eaab rcx=0x0000000000000048 rdx=0x0000000000000000
  rsi=0x0000468c0000468c rdi=0x00002df700002df7 flags=0b000000000110
  xmm0=0x00009b8000009b80000058c0000058c0 xmm1=0x0000f3240000f324000090ab000090ab 
  xmm2=0x0000d27f0000d27f0000c9190000c919 xmm3=0x0000594a0000594a0000a86c0000a86c 
  xmm4=0x0000da130000da130000751300007513 xmm5=0x0000115b0000115b0000306100003061 
  xmm6=0x00004fa500004fa50000492700004927 xmm7=0x00000b8c00000b8c0000b5660000b566 

0x3018: lfence 
  rax=0x0000000000000100 rbx=0x0000eaab0000eaab rcx=0x0000000000000048 rdx=0x0000000000000000
  rsi=0x0000468c0000468c rdi=0x00002df700002df7 flags=0b000000000110
  xmm0=0x00009b8000009b80000058c0000058c0 xmm1=0x0000f3240000f324000090ab000090ab 
  xmm2=0x0000d27f0000d27f0000c9190000c919 xmm3=0x0000594a0000594a0000a86c0000a86c 
  xmm4=0x0000da130000da130000751300007513 xmm5=0x0000115b0000115b0000306100003061 
  xmm6=0x00004fa500004fa50000492700004927 xmm7=0x00000b8c00000b8c0000b5660000b566 

0x301b: macro .measurement_start, .noarg
  rax=0x0000000000000100 rbx=0x0000eaab0000eaab rcx=0x0000000000000048 rdx=0x0000000000000000
  rsi=0x0000468c0000468c rdi=0x00002df700002df7 flags=0b000000000110
  xmm0=0x00009b8000009b80000058c0000058c0 xmm1=0x0000f3240000f324000090ab000090ab 
  xmm2=0x0000d27f0000d27f0000c9190000c919 xmm3=0x0000594a0000594a0000a86c0000a86c 
  xmm4=0x0000da130000da130000751300007513 xmm5=0x0000115b0000115b0000306100003061 
  xmm6=0x00004fa500004fa50000492700004927 xmm7=0x00000b8c00000b8c0000b5660000b566 

0x3023: mov ecx, 0x48
  rax=0x0000000000000100 rbx=0x0000eaab0000eaab rcx=0x0000000000000048 rdx=0x0000000000000000
  rsi=0x0000468c0000468c rdi=0x00002df700002df7 flags=0b000000000110
  xmm0=0x00009b8000009b80000058c0000058c0 xmm1=0x0000f3240000f324000090ab000090ab 
  xmm2=0x0000d27f0000d27f0000c9190000c919 xmm3=0x0000594a0000594a0000a86c0000a86c 
  xmm4=0x0000da130000da130000751300007513 xmm5=0x0000115b0000115b0000306100003061 
  xmm6=0x00004fa500004fa50000492700004927 xmm7=0x00000b8c00000b8c0000b5660000b566 

0x3028: rdmsr 
  rax=0x0000000000000100 rbx=0x0000eaab0000eaab rcx=0x0000000000000048 rdx=0x0000000000000000
  rsi=0x0000468c0000468c rdi=0x00002df700002df7 flags=0b000000000110
  xmm0=0x00009b8000009b80000058c0000058c0 xmm1=0x0000f3240000f324000090ab000090ab 
  xmm2=0x0000d27f0000d27f0000c9190000c919 xmm3=0x0000594a0000594a0000a86c0000a86c 
  xmm4=0x0000da130000da130000751300007513 xmm5=0x0000115b0000115b0000306100003061 
  xmm6=0x00004fa500004fa50000492700004927 xmm7=0x00000b8c00000b8c0000b5660000b566 

0x302a: and eax, 0xfffffffb
  rax=0x0000000000000000 rbx=0x0000eaab0000eaab rcx=0x0000000000000048 rdx=0x0000000000000000
  rsi=0x0000468c0000468c rdi=0x00002df700002df7 flags=0b000000000110
  xmm0=0x00009b8000009b80000058c0000058c0 xmm1=0x0000f3240000f324000090ab000090ab 
  xmm2=0x0000d27f0000d27f0000c9190000c919 xmm3=0x0000594a0000594a0000a86c0000a86c 
  xmm4=0x0000da130000da130000751300007513 xmm5=0x0000115b0000115b0000306100003061 
  xmm6=0x00004fa500004fa50000492700004927 xmm7=0x00000b8c00000b8c0000b5660000b566 

0x302d: and eax, 0xfffffeff
  rax=0x0000000000000000 rbx=0x0000eaab0000eaab rcx=0x0000000000000048 rdx=0x0000000000000000
  rsi=0x0000468c0000468c rdi=0x00002df700002df7 flags=0b000001000110
  xmm0=0x00009b8000009b80000058c0000058c0 xmm1=0x0000f3240000f324000090ab000090ab 
  xmm2=0x0000d27f0000d27f0000c9190000c919 xmm3=0x0000594a0000594a0000a86c0000a86c 
  xmm4=0x0000da130000da130000751300007513 xmm5=0x0000115b0000115b0000306100003061 
  xmm6=0x00004fa500004fa50000492700004927 xmm7=0x00000b8c00000b8c0000b5660000b566 

0x3032: wrmsr 
  rax=0x0000000000000000 rbx=0x0000eaab0000eaab rcx=0x0000000000000048 rdx=0x0000000000000000
  rsi=0x0000468c0000468c rdi=0x00002df700002df7 flags=0b000001000110
  xmm0=0x00009b8000009b80000058c0000058c0 xmm1=0x0000f3240000f324000090ab000090ab 
  xmm2=0x0000d27f0000d27f0000c9190000c919 xmm3=0x0000594a0000594a0000a86c0000a86c 
  xmm4=0x0000da130000da130000751300007513 xmm5=0x0000115b0000115b0000306100003061 
  xmm6=0x00004fa500004fa50000492700004927 xmm7=0x00000b8c00000b8c0000b5660000b566 

0x3034: mfence 
  rax=0x0000000000000000 rbx=0x0000eaab0000eaab rcx=0x0000000000000048 rdx=0x0000000000000000
  rsi=0x0000468c0000468c rdi=0x00002df700002df7 flags=0b000001000110
  xmm0=0x00009b8000009b80000058c0000058c0 xmm1=0x0000f3240000f324000090ab000090ab 
  xmm2=0x0000d27f0000d27f0000c9190000c919 xmm3=0x0000594a0000594a0000a86c0000a86c 
  xmm4=0x0000da130000da130000751300007513 xmm5=0x0000115b0000115b0000306100003061 
  xmm6=0x00004fa500004fa50000492700004927 xmm7=0x00000b8c00000b8c0000b5660000b566 

0x3037: lfence 
  rax=0x0000000000000000 rbx=0x0000eaab0000eaab rcx=0x0000000000000048 rdx=0x0000000000000000
  rsi=0x0000468c0000468c rdi=0x00002df700002df7 flags=0b000001000110
  xmm0=0x00009b8000009b80000058c0000058c0 xmm1=0x0000f3240000f324000090ab000090ab 
  xmm2=0x0000d27f0000d27f0000c9190000c919 xmm3=0x0000594a0000594a0000a86c0000a86c 
  xmm4=0x0000da130000da130000751300007513 xmm5=0x0000115b0000115b0000306100003061 
  xmm6=0x00004fa500004fa50000492700004927 xmm7=0x00000b8c00000b8c0000b5660000b566 

0x303a: pop rdx
  rax=0x0000000000000000 rbx=0x0000eaab0000eaab rcx=0x0000000000000048 rdx=0x0000000000000000
  rsi=0x0000468c0000468c rdi=0x00002df700002df7 flags=0b000001000110
  xmm0=0x00009b8000009b80000058c0000058c0 xmm1=0x0000f3240000f324000090ab000090ab 
  xmm2=0x0000d27f0000d27f0000c9190000c919 xmm3=0x0000594a0000594a0000a86c0000a86c 
  xmm4=0x0000da130000da130000751300007513 xmm5=0x0000115b0000115b0000306100003061 
  xmm6=0x00004fa500004fa50000492700004927 xmm7=0x00000b8c00000b8c0000b5660000b566 

    > load from +0x4fd8 value 0x93d1000093d1
0x303b: pop rcx
  rax=0x0000000000000000 rbx=0x0000eaab0000eaab rcx=0x0000000000000048 rdx=0x000093d1000093d1
  rsi=0x0000468c0000468c rdi=0x00002df700002df7 flags=0b000001000110
  xmm0=0x00009b8000009b80000058c0000058c0 xmm1=0x0000f3240000f324000090ab000090ab 
  xmm2=0x0000d27f0000d27f0000c9190000c919 xmm3=0x0000594a0000594a0000a86c0000a86c 
  xmm4=0x0000da130000da130000751300007513 xmm5=0x0000115b0000115b0000306100003061 
  xmm6=0x00004fa500004fa50000492700004927 xmm7=0x00000b8c00000b8c0000b5660000b566 

    > load from +0x4fe0 value 0x8a5d00008a5d
0x303c: pop rax
  rax=0x0000000000000000 rbx=0x0000eaab0000eaab rcx=0x00008a5d00008a5d rdx=0x000093d1000093d1
  rsi=0x0000468c0000468c rdi=0x00002df700002df7 flags=0b000001000110
  xmm0=0x00009b8000009b80000058c0000058c0 xmm1=0x0000f3240000f324000090ab000090ab 
  xmm2=0x0000d27f0000d27f0000c9190000c919 xmm3=0x0000594a0000594a0000a86c0000a86c 
  xmm4=0x0000da130000da130000751300007513 xmm5=0x0000115b0000115b0000306100003061 
  xmm6=0x00004fa500004fa50000492700004927 xmm7=0x00000b8c00000b8c0000b5660000b566 

    > load from +0x4fe8 value 0xd0ae0000d0ae
0x303d: popfq 
  rax=0x0000d0ae0000d0ae rbx=0x0000eaab0000eaab rcx=0x00008a5d00008a5d rdx=0x000093d1000093d1
  rsi=0x0000468c0000468c rdi=0x00002df700002df7 flags=0b000001000110
  xmm0=0x00009b8000009b80000058c0000058c0 xmm1=0x0000f3240000f324000090ab000090ab 
  xmm2=0x0000d27f0000d27f0000c9190000c919 xmm3=0x0000594a0000594a0000a86c0000a86c 
  xmm4=0x0000da130000da130000751300007513 xmm5=0x0000115b0000115b0000306100003061 
  xmm6=0x00004fa500004fa50000492700004927 xmm7=0x00000b8c00000b8c0000b5660000b566 

    > load from +0x4ff0 value 0x806
0x303e: add sil, 83
  rax=0x0000d0ae0000d0ae rbx=0x0000eaab0000eaab rcx=0x00008a5d00008a5d rdx=0x000093d1000093d1
  rsi=0x0000468c0000468c rdi=0x00002df700002df7 flags=0b100000000110
  xmm0=0x00009b8000009b80000058c0000058c0 xmm1=0x0000f3240000f324000090ab000090ab 
  xmm2=0x0000d27f0000d27f0000c9190000c919 xmm3=0x0000594a0000594a0000a86c0000a86c 
  xmm4=0x0000da130000da130000751300007513 xmm5=0x0000115b0000115b0000306100003061 
  xmm6=0x00004fa500004fa50000492700004927 xmm7=0x00000b8c00000b8c0000b5660000b566 

0x3042: cmovnp rdx, rcx
  rax=0x0000d0ae0000d0ae rbx=0x0000eaab0000eaab rcx=0x00008a5d00008a5d rdx=0x000093d1000093d1
  rsi=0x0000468c000046df rdi=0x00002df700002df7 flags=0b000010000010
  xmm0=0x00009b8000009b80000058c0000058c0 xmm1=0x0000f3240000f324000090ab000090ab 
  xmm2=0x0000d27f0000d27f0000c9190000c919 xmm3=0x0000594a0000594a0000a86c0000a86c 
  xmm4=0x0000da130000da130000751300007513 xmm5=0x0000115b0000115b0000306100003061 
  xmm6=0x00004fa500004fa50000492700004927 xmm7=0x00000b8c00000b8c0000b5660000b566 

0x3046: and rdx, 0b1111111111111
  rax=0x0000d0ae0000d0ae rbx=0x0000eaab0000eaab rcx=0x00008a5d00008a5d rdx=0x00008a5d00008a5d
  rsi=0x0000468c000046df rdi=0x00002df700002df7 flags=0b000010000010
  xmm0=0x00009b8000009b80000058c0000058c0 xmm1=0x0000f3240000f324000090ab000090ab 
  xmm2=0x0000d27f0000d27f0000c9190000c919 xmm3=0x0000594a0000594a0000a86c0000a86c 
  xmm4=0x0000da130000da130000751300007513 xmm5=0x0000115b0000115b0000306100003061 
  xmm6=0x00004fa500004fa50000492700004927 xmm7=0x00000b8c00000b8c0000b5660000b566 

0x304d: movzx eax, [r14 +rdx]
  rax=0x0000d0ae0000d0ae rbx=0x0000eaab0000eaab rcx=0x00008a5d00008a5d rdx=0x0000000000000a5d
  rsi=0x0000468c000046df rdi=0x00002df700002df7 flags=0b000000000010
  xmm0=0x00009b8000009b80000058c0000058c0 xmm1=0x0000f3240000f324000090ab000090ab 
  xmm2=0x0000d27f0000d27f0000c9190000c919 xmm3=0x0000594a0000594a0000a86c0000a86c 
  xmm4=0x0000da130000da130000751300007513 xmm5=0x0000115b0000115b0000306100003061 
  xmm6=0x00004fa500004fa50000492700004927 xmm7=0x00000b8c00000b8c0000b5660000b566 

    > load from +0x4a5d value 0x1
0x3052: and rax, 0b1111111111111
  rax=0x0000000000000001 rbx=0x0000eaab0000eaab rcx=0x00008a5d00008a5d rdx=0x0000000000000a5d
  rsi=0x0000468c000046df rdi=0x00002df700002df7 flags=0b000000000010
  xmm0=0x00009b8000009b80000058c0000058c0 xmm1=0x0000f3240000f324000090ab000090ab 
  xmm2=0x0000d27f0000d27f0000c9190000c919 xmm3=0x0000594a0000594a0000a86c0000a86c 
  xmm4=0x0000da130000da130000751300007513 xmm5=0x0000115b0000115b0000306100003061 
  xmm6=0x00004fa500004fa50000492700004927 xmm7=0x00000b8c00000b8c0000b5660000b566 

0x3058: sub cx, di
  rax=0x0000000000000001 rbx=0x0000eaab0000eaab rcx=0x00008a5d00008a5d rdx=0x0000000000000a5d
  rsi=0x0000468c000046df rdi=0x00002df700002df7 flags=0b000000000010
  xmm0=0x00009b8000009b80000058c0000058c0 xmm1=0x0000f3240000f324000090ab000090ab 
  xmm2=0x0000d27f0000d27f0000c9190000c919 xmm3=0x0000594a0000594a0000a86c0000a86c 
  xmm4=0x0000da130000da130000751300007513 xmm5=0x0000115b0000115b0000306100003061 
  xmm6=0x00004fa500004fa50000492700004927 xmm7=0x00000b8c00000b8c0000b5660000b566 

0x305b: xchg si, di
  rax=0x0000000000000001 rbx=0x0000eaab0000eaab rcx=0x00008a5d00005c66 rdx=0x0000000000000a5d
  rsi=0x0000468c000046df rdi=0x00002df700002df7 flags=0b100000000110
  xmm0=0x00009b8000009b80000058c0000058c0 xmm1=0x0000f3240000f324000090ab000090ab 
  xmm2=0x0000d27f0000d27f0000c9190000c919 xmm3=0x0000594a0000594a0000a86c0000a86c 
  xmm4=0x0000da130000da130000751300007513 xmm5=0x0000115b0000115b0000306100003061 
  xmm6=0x00004fa500004fa50000492700004927 xmm7=0x00000b8c00000b8c0000b5660000b566 

0x305e: and rsi, 0b1111111111111
  rax=0x0000000000000001 rbx=0x0000eaab0000eaab rcx=0x00008a5d00005c66 rdx=0x0000000000000a5d
  rsi=0x0000468c00002df7 rdi=0x00002df7000046df flags=0b100000000110
  xmm0=0x00009b8000009b80000058c0000058c0 xmm1=0x0000f3240000f324000090ab000090ab 
  xmm2=0x0000d27f0000d27f0000c9190000c919 xmm3=0x0000594a0000594a0000a86c0000a86c 
  xmm4=0x0000da130000da130000751300007513 xmm5=0x0000115b0000115b0000306100003061 
  xmm6=0x00004fa500004fa50000492700004927 xmm7=0x00000b8c00000b8c0000b5660000b566 

0x3065: mul [r14 +rsi]
  rax=0x0000000000000001 rbx=0x0000eaab0000eaab rcx=0x00008a5d00005c66 rdx=0x0000000000000a5d
  rsi=0x0000000000000df7 rdi=0x00002df7000046df flags=0b000000000010
  xmm0=0x00009b8000009b80000058c0000058c0 xmm1=0x0000f3240000f324000090ab000090ab 
  xmm2=0x0000d27f0000d27f0000c9190000c919 xmm3=0x0000594a0000594a0000a86c0000a86c 
  xmm4=0x0000da130000da130000751300007513 xmm5=0x0000115b0000115b0000306100003061 
  xmm6=0x00004fa500004fa50000492700004927 xmm7=0x00000b8c00000b8c0000b5660000b566 

    > load from +0x4df7 value 0x3f00
0x306a: bswap rsi
  rax=0x0000000000003f00 rbx=0x0000eaab0000eaab rcx=0x00008a5d00005c66 rdx=0x0000000000000000
  rsi=0x0000000000000df7 rdi=0x00002df7000046df flags=0b000000000110
  xmm0=0x00009b8000009b80000058c0000058c0 xmm1=0x0000f3240000f324000090ab000090ab 
  xmm2=0x0000d27f0000d27f0000c9190000c919 xmm3=0x0000594a0000594a0000a86c0000a86c 
  xmm4=0x0000da130000da130000751300007513 xmm5=0x0000115b0000115b0000306100003061 
  xmm6=0x00004fa500004fa50000492700004927 xmm7=0x00000b8c00000b8c0000b5660000b566 

0x306d: and rsi, 0b1111111111111
  rax=0x0000000000003f00 rbx=0x0000eaab0000eaab rcx=0x00008a5d00005c66 rdx=0x0000000000000000
  rsi=0xf70d000000000000 rdi=0x00002df7000046df flags=0b000000000110
  xmm0=0x00009b8000009b80000058c0000058c0 xmm1=0x0000f3240000f324000090ab000090ab 
  xmm2=0x0000d27f0000d27f0000c9190000c919 xmm3=0x0000594a0000594a0000a86c0000a86c 
  xmm4=0x0000da130000da130000751300007513 xmm5=0x0000115b0000115b0000306100003061 
  xmm6=0x00004fa500004fa50000492700004927 xmm7=0x00000b8c00000b8c0000b5660000b566 

0x3074: or [r14 +rsi], 1
  rax=0x0000000000003f00 rbx=0x0000eaab0000eaab rcx=0x00008a5d00005c66 rdx=0x0000000000000000
  rsi=0x0000000000000000 rdi=0x00002df7000046df flags=0b000001000110
  xmm0=0x00009b8000009b80000058c0000058c0 xmm1=0x0000f3240000f324000090ab000090ab 
  xmm2=0x0000d27f0000d27f0000c9190000c919 xmm3=0x0000594a0000594a0000a86c0000a86c 
  xmm4=0x0000da130000da130000751300007513 xmm5=0x0000115b0000115b0000306100003061 
  xmm6=0x00004fa500004fa50000492700004927 xmm7=0x00000b8c00000b8c0000b5660000b566 

    > load from +0x4000 value 0x1db5
    > store to +0x4000 value 0x1db5
0x3079: and edx, [r14 +rsi]
  rax=0x0000000000003f00 rbx=0x0000eaab0000eaab rcx=0x00008a5d00005c66 rdx=0x0000000000000000
  rsi=0x0000000000000000 rdi=0x00002df7000046df flags=0b000000000010
  xmm0=0x00009b8000009b80000058c0000058c0 xmm1=0x0000f3240000f324000090ab000090ab 
  xmm2=0x0000d27f0000d27f0000c9190000c919 xmm3=0x0000594a0000594a0000a86c0000a86c 
  xmm4=0x0000da130000da130000751300007513 xmm5=0x0000115b0000115b0000306100003061 
  xmm6=0x00004fa500004fa50000492700004927 xmm7=0x00000b8c00000b8c0000b5660000b566 

    > load from +0x4000 value 0x1db5
0x307d: shr edx, 1
  rax=0x0000000000003f00 rbx=0x0000eaab0000eaab rcx=0x00008a5d00005c66 rdx=0x0000000000000000
  rsi=0x0000000000000000 rdi=0x00002df7000046df flags=0b000001000110
  xmm0=0x00009b8000009b80000058c0000058c0 xmm1=0x0000f3240000f324000090ab000090ab 
  xmm2=0x0000d27f0000d27f0000c9190000c919 xmm3=0x0000594a0000594a0000a86c0000a86c 
  xmm4=0x0000da130000da130000751300007513 xmm5=0x0000115b0000115b0000306100003061 
  xmm6=0x00004fa500004fa50000492700004927 xmm7=0x00000b8c00000b8c0000b5660000b566 

0x307f: div [r14 +rsi]
  rax=0x0000000000003f00 rbx=0x0000eaab0000eaab rcx=0x00008a5d00005c66 rdx=0x0000000000000000
  rsi=0x0000000000000000 rdi=0x00002df7000046df flags=0b000001000110
  xmm0=0x00009b8000009b80000058c0000058c0 xmm1=0x0000f3240000f324000090ab000090ab 
  xmm2=0x0000d27f0000d27f0000c9190000c919 xmm3=0x0000594a0000594a0000a86c0000a86c 
  xmm4=0x0000da130000da130000751300007513 xmm5=0x0000115b0000115b0000306100003061 
  xmm6=0x00004fa500004fa50000492700004927 xmm7=0x00000b8c00000b8c0000b5660000b566 

    > load from +0x4000 value 0x1db5
0x3083: macro .switch, .main.function_main_1
  rax=0x0000000000000002 rbx=0x0000eaab0000eaab rcx=0x00008a5d00005c66 rdx=0x0000000000000396
  rsi=0x0000000000000000 rdi=0x00002df7000046df flags=0b000001000110
  xmm0=0x00009b8000009b80000058c0000058c0 xmm1=0x0000f3240000f324000090ab000090ab 
  xmm2=0x0000d27f0000d27f0000c9190000c919 xmm3=0x0000594a0000594a0000a86c0000a86c 
  xmm4=0x0000da130000da130000751300007513 xmm5=0x0000115b0000115b0000306100003061 
  xmm6=0x00004fa500004fa50000492700004927 xmm7=0x00000b8c00000b8c0000b5660000b566 

0x8 : add dil, 75
  rax=0x0000000000000002 rbx=0x0000eaab0000eaab rcx=0x00008a5d00005c66 rdx=0x0000000000000396
  rsi=0x0000000000000000 rdi=0x00002df7000046df flags=0b000001000110
  xmm0=0x00009b8000009b80000058c0000058c0 xmm1=0x0000f3240000f324000090ab000090ab 
  xmm2=0x0000d27f0000d27f0000c9190000c919 xmm3=0x0000594a0000594a0000a86c0000a86c 
  xmm4=0x0000da130000da130000751300007513 xmm5=0x0000115b0000115b0000306100003061 
  xmm6=0x00004fa500004fa50000492700004927 xmm7=0x00000b8c00000b8c0000b5660000b566 

0xc : and rcx, 0b1111111111111
  rax=0x0000000000000002 rbx=0x0000eaab0000eaab rcx=0x00008a5d00005c66 rdx=0x0000000000000396
  rsi=0x0000000000000000 rdi=0x00002df70000462a flags=0b000000010011
  xmm0=0x00009b8000009b80000058c0000058c0 xmm1=0x0000f3240000f324000090ab000090ab 
  xmm2=0x0000d27f0000d27f0000c9190000c919 xmm3=0x0000594a0000594a0000a86c0000a86c 
  xmm4=0x0000da130000da130000751300007513 xmm5=0x0000115b0000115b0000306100003061 
  xmm6=0x00004fa500004fa50000492700004927 xmm7=0x00000b8c00000b8c0000b5660000b566 

0x13: movsx rax, [r14 +rcx]
  rax=0x0000000000000002 rbx=0x0000eaab0000eaab rcx=0x0000000000001c66 rdx=0x0000000000000396
  rsi=0x0000000000000000 rdi=0x00002df70000462a flags=0b000000000110
  xmm0=0x00009b8000009b80000058c0000058c0 xmm1=0x0000f3240000f324000090ab000090ab 
  xmm2=0x0000d27f0000d27f0000c9190000c919 xmm3=0x0000594a0000594a0000a86c0000a86c 
  xmm4=0x0000da130000da130000751300007513 xmm5=0x0000115b0000115b0000306100003061 
  xmm6=0x00004fa500004fa50000492700004927 xmm7=0x00000b8c00000b8c0000b5660000b566 

    > load from +0x1c66 value 0x0
0x18: and rax, 0b1111111111111
  rax=0x0000000000000000 rbx=0x0000eaab0000eaab rcx=0x0000000000001c66 rdx=0x0000000000000396
  rsi=0x0000000000000000 rdi=0x00002df70000462a flags=0b000000000110
  xmm0=0x00009b8000009b80000058c0000058c0 xmm1=0x0000f3240000f324000090ab000090ab 
  xmm2=0x0000d27f0000d27f0000c9190000c919 xmm3=0x0000594a0000594a0000a86c0000a86c 
  xmm4=0x0000da130000da130000751300007513 xmm5=0x0000115b0000115b0000306100003061 
  xmm6=0x00004fa500004fa50000492700004927 xmm7=0x00000b8c00000b8c0000b5660000b566 

0x1e: add rsi, [r14 +rax]
  rax=0x0000000000000000 rbx=0x0000eaab0000eaab rcx=0x0000000000001c66 rdx=0x0000000000000396
  rsi=0x0000000000000000 rdi=0x00002df70000462a flags=0b000001000110
  xmm0=0x00009b8000009b80000058c0000058c0 xmm1=0x0000f3240000f324000090ab000090ab 
  xmm2=0x0000d27f0000d27f0000c9190000c919 xmm3=0x0000594a0000594a0000a86c0000a86c 
  xmm4=0x0000da130000da130000751300007513 xmm5=0x0000115b0000115b0000306100003061 
  xmm6=0x00004fa500004fa50000492700004927 xmm7=0x00000b8c00000b8c0000b5660000b566 

    > load from +0x0 value 0xb4f10000b4f1
0x22: or si, 0b1000
  rax=0x0000000000000000 rbx=0x0000eaab0000eaab rcx=0x0000000000001c66 rdx=0x0000000000000396
  rsi=0x0000b4f10000b4f1 rdi=0x00002df70000462a flags=0b000000000010
  xmm0=0x00009b8000009b80000058c0000058c0 xmm1=0x0000f3240000f324000090ab000090ab 
  xmm2=0x0000d27f0000d27f0000c9190000c919 xmm3=0x0000594a0000594a0000a86c0000a86c 
  xmm4=0x0000da130000da130000751300007513 xmm5=0x0000115b0000115b0000306100003061 
  xmm6=0x00004fa500004fa50000492700004927 xmm7=0x00000b8c00000b8c0000b5660000b566 

0x26: and sil, 0b11111000
  rax=0x0000000000000000 rbx=0x0000eaab0000eaab rcx=0x0000000000001c66 rdx=0x0000000000000396
  rsi=0x0000b4f10000b4f9 rdi=0x00002df70000462a flags=0b000010000110
  xmm0=0x00009b8000009b80000058c0000058c0 xmm1=0x0000f3240000f324000090ab000090ab 
  xmm2=0x0000d27f0000d27f0000c9190000c919 xmm3=0x0000594a0000594a0000a86c0000a86c 
  xmm4=0x0000da130000da130000751300007513 xmm5=0x0000115b0000115b0000306100003061 
  xmm6=0x00004fa500004fa50000492700004927 xmm7=0x00000b8c00000b8c0000b5660000b566 

0x2a: and dx, 0b11
  rax=0x0000000000000000 rbx=0x0000eaab0000eaab rcx=0x0000000000001c66 rdx=0x0000000000000396
  rsi=0x0000b4f10000b4f8 rdi=0x00002df70000462a flags=0b000010000010
  xmm0=0x00009b8000009b80000058c0000058c0 xmm1=0x0000f3240000f324000090ab000090ab 
  xmm2=0x0000d27f0000d27f0000c9190000c919 xmm3=0x0000594a0000594a0000a86c0000a86c 
  xmm4=0x0000da130000da130000751300007513 xmm5=0x0000115b0000115b0000306100003061 
  xmm6=0x00004fa500004fa50000492700004927 xmm7=0x00000b8c00000b8c0000b5660000b566 

0x2e: idiv si
  rax=0x0000000000000000 rbx=0x0000eaab0000eaab rcx=0x0000000000001c66 rdx=0x0000000000000002
  rsi=0x0000b4f10000b4f8 rdi=0x00002df70000462a flags=0b000000000010
  xmm0=0x00009b8000009b80000058c0000058c0 xmm1=0x0000f3240000f324000090ab000090ab 
  xmm2=0x0000d27f0000d27f0000c9190000c919 xmm3=0x0000594a0000594a0000a86c0000a86c 
  xmm4=0x0000da130000da130000751300007513 xmm5=0x0000115b0000115b0000306100003061 
  xmm6=0x00004fa500004fa50000492700004927 xmm7=0x00000b8c00000b8c0000b5660000b566 

0x31: and rax, 0b1111111111111
  rax=0x000000000000fffa rbx=0x0000eaab0000eaab rcx=0x0000000000001c66 rdx=0x0000000000003dd0
  rsi=0x0000b4f10000b4f8 rdi=0x00002df70000462a flags=0b000000000010
  xmm0=0x00009b8000009b80000058c0000058c0 xmm1=0x0000f3240000f324000090ab000090ab 
  xmm2=0x0000d27f0000d27f0000c9190000c919 xmm3=0x0000594a0000594a0000a86c0000a86c 
  xmm4=0x0000da130000da130000751300007513 xmm5=0x0000115b0000115b0000306100003061 
  xmm6=0x00004fa500004fa50000492700004927 xmm7=0x00000b8c00000b8c0000b5660000b566 

0x37: cmovno edi, [r14 +rax]
  rax=0x0000000000001ffa rbx=0x0000eaab0000eaab rcx=0x0000000000001c66 rdx=0x0000000000003dd0
  rsi=0x0000b4f10000b4f8 rdi=0x00002df70000462a flags=0b000000000110
  xmm0=0x00009b8000009b80000058c0000058c0 xmm1=0x0000f3240000f324000090ab000090ab 
  xmm2=0x0000d27f0000d27f0000c9190000c919 xmm3=0x0000594a0000594a0000a86c0000a86c 
  xmm4=0x0000da130000da130000751300007513 xmm5=0x0000115b0000115b0000306100003061 
  xmm6=0x00004fa500004fa50000492700004927 xmm7=0x00000b8c00000b8c0000b5660000b566 

    > load from +0x1ffa value 0xa3330000
0x3c: and rdi, 0b1111111111111
  rax=0x0000000000001ffa rbx=0x0000eaab0000eaab rcx=0x0000000000001c66 rdx=0x0000000000003dd0
  rsi=0x0000b4f10000b4f8 rdi=0x00000000a3330000 flags=0b000000000110
  xmm0=0x00009b8000009b80000058c0000058c0 xmm1=0x0000f3240000f324000090ab000090ab 
  xmm2=0x0000d27f0000d27f0000c9190000c919 xmm3=0x0000594a0000594a0000a86c0000a86c 
  xmm4=0x0000da130000da130000751300007513 xmm5=0x0000115b0000115b0000306100003061 
  xmm6=0x00004fa500004fa50000492700004927 xmm7=0x00000b8c00000b8c0000b5660000b566 

0x43: or [r14 +rdi], 0b1000
  rax=0x0000000000001ffa rbx=0x0000eaab0000eaab rcx=0x0000000000001c66 rdx=0x0000000000003dd0
  rsi=0x0000b4f10000b4f8 rdi=0x0000000000000000 flags=0b000001000110
  xmm0=0x00009b8000009b80000058c0000058c0 xmm1=0x0000f3240000f324000090ab000090ab 
  xmm2=0x0000d27f0000d27f0000c9190000c919 xmm3=0x0000594a0000594a0000a86c0000a86c 
  xmm4=0x0000da130000da130000751300007513 xmm5=0x0000115b0000115b0000306100003061 
  xmm6=0x00004fa500004fa50000492700004927 xmm7=0x00000b8c00000b8c0000b5660000b566 

    > load from +0x0 value 0xb4f1
    > store to +0x0 value 0xb4f9
0x48: and [r14 +rdi], 0b11111000
  rax=0x0000000000001ffa rbx=0x0000eaab0000eaab rcx=0x0000000000001c66 rdx=0x0000000000003dd0
  rsi=0x0000b4f10000b4f8 rdi=0x0000000000000000 flags=0b000000000110
  xmm0=0x00009b8000009b80000058c0000058c0 xmm1=0x0000f3240000f324000090ab000090ab 
  xmm2=0x0000d27f0000d27f0000c9190000c919 xmm3=0x0000594a0000594a0000a86c0000a86c 
  xmm4=0x0000da130000da130000751300007513 xmm5=0x0000115b0000115b0000306100003061 
  xmm6=0x00004fa500004fa50000492700004927 xmm7=0x00000b8c00000b8c0000b5660000b566 

    > load from +0x0 value 0xf9
    > store to +0x0 value 0xf8
0x4d: and rcx, 0b1111111111111
  rax=0x0000000000001ffa rbx=0x0000eaab0000eaab rcx=0x0000000000001c66 rdx=0x0000000000003dd0
  rsi=0x0000b4f10000b4f8 rdi=0x0000000000000000 flags=0b000010000010
  xmm0=0x00009b8000009b80000058c0000058c0 xmm1=0x0000f3240000f324000090ab000090ab 
  xmm2=0x0000d27f0000d27f0000c9190000c919 xmm3=0x0000594a0000594a0000a86c0000a86c 
  xmm4=0x0000da130000da130000751300007513 xmm5=0x0000115b0000115b0000306100003061 
  xmm6=0x00004fa500004fa50000492700004927 xmm7=0x00000b8c00000b8c0000b5660000b566 

0x54: movzx rbx, [r14 +rcx]
  rax=0x0000000000001ffa rbx=0x0000eaab0000eaab rcx=0x0000000000001c66 rdx=0x0000000000003dd0
  rsi=0x0000b4f10000b4f8 rdi=0x0000000000000000 flags=0b000000000110
  xmm0=0x00009b8000009b80000058c0000058c0 xmm1=0x0000f3240000f324000090ab000090ab 
  xmm2=0x0000d27f0000d27f0000c9190000c919 xmm3=0x0000594a0000594a0000a86c0000a86c 
  xmm4=0x0000da130000da130000751300007513 xmm5=0x0000115b0000115b0000306100003061 
  xmm6=0x00004fa500004fa50000492700004927 xmm7=0x00000b8c00000b8c0000b5660000b566 

    > load from +0x1c66 value 0x0
0x59: and rbx, 0b1111111111111
  rax=0x0000000000001ffa rbx=0x0000000000000000 rcx=0x0000000000001c66 rdx=0x0000000000003dd0
  rsi=0x0000b4f10000b4f8 rdi=0x0000000000000000 flags=0b000000000110
  xmm0=0x00009b8000009b80000058c0000058c0 xmm1=0x0000f3240000f324000090ab000090ab 
  xmm2=0x0000d27f0000d27f0000c9190000c919 xmm3=0x0000594a0000594a0000a86c0000a86c 
  xmm4=0x0000da130000da130000751300007513 xmm5=0x0000115b0000115b0000306100003061 
  xmm6=0x00004fa500004fa50000492700004927 xmm7=0x00000b8c00000b8c0000b5660000b566 

0x60: adc dil, [r14 +rbx]
  rax=0x0000000000001ffa rbx=0x0000000000000000 rcx=0x0000000000001c66 rdx=0x0000000000003dd0
  rsi=0x0000b4f10000b4f8 rdi=0x0000000000000000 flags=0b000001000110
  xmm0=0x00009b8000009b80000058c0000058c0 xmm1=0x0000f3240000f324000090ab000090ab 
  xmm2=0x0000d27f0000d27f0000c9190000c919 xmm3=0x0000594a0000594a0000a86c0000a86c 
  xmm4=0x0000da130000da130000751300007513 xmm5=0x0000115b0000115b0000306100003061 
  xmm6=0x00004fa500004fa50000492700004927 xmm7=0x00000b8c00000b8c0000b5660000b566 

    > load from +0x0 value 0xf8
0x64: and rdi, 0b1111111111111
  rax=0x0000000000001ffa rbx=0x0000000000000000 rcx=0x0000000000001c66 rdx=0x0000000000003dd0
  rsi=0x0000b4f10000b4f8 rdi=0x00000000000000f8 flags=0b000010000010
  xmm0=0x00009b8000009b80000058c0000058c0 xmm1=0x0000f3240000f324000090ab000090ab 
  xmm2=0x0000d27f0000d27f0000c9190000c919 xmm3=0x0000594a0000594a0000a86c0000a86c 
  xmm4=0x0000da130000da130000751300007513 xmm5=0x0000115b0000115b0000306100003061 
  xmm6=0x00004fa500004fa50000492700004927 xmm7=0x00000b8c00000b8c0000b5660000b566 

0x6b: sub esi, [r14 +rdi]
  rax=0x0000000000001ffa rbx=0x0000000000000000 rcx=0x0000000000001c66 rdx=0x0000000000003dd0
  rsi=0x0000b4f10000b4f8 rdi=0x00000000000000f8 flags=0b000000000010
  xmm0=0x00009b8000009b80000058c0000058c0 xmm1=0x0000f3240000f324000090ab000090ab 
  xmm2=0x0000d27f0000d27f0000c9190000c919 xmm3=0x0000594a0000594a0000a86c0000a86c 
  xmm4=0x0000da130000da130000751300007513 xmm5=0x0000115b0000115b0000306100003061 
  xmm6=0x00004fa500004fa50000492700004927 xmm7=0x00000b8c00000b8c0000b5660000b566 

    > load from +0xf8 value 0x5a6b
0x6f: and rsi, 0b1111111111111
  rax=0x0000000000001ffa rbx=0x0000000000000000 rcx=0x0000000000001c66 rdx=0x0000000000003dd0
  rsi=0x0000000000005a8d rdi=0x00000000000000f8 flags=0b000000010110
  xmm0=0x00009b8000009b80000058c0000058c0 xmm1=0x0000f3240000f324000090ab000090ab 
  xmm2=0x0000d27f0000d27f0000c9190000c919 xmm3=0x0000594a0000594a0000a86c0000a86c 
  xmm4=0x0000da130000da130000751300007513 xmm5=0x0000115b0000115b0000306100003061 
  xmm6=0x00004fa500004fa50000492700004927 xmm7=0x00000b8c00000b8c0000b5660000b566 

0x76: or bl, [r14 +rsi]
  rax=0x0000000000001ffa rbx=0x0000000000000000 rcx=0x0000000000001c66 rdx=0x0000000000003dd0
  rsi=0x0000000000001a8d rdi=0x00000000000000f8 flags=0b000000000110
  xmm0=0x00009b8000009b80000058c0000058c0 xmm1=0x0000f3240000f324000090ab000090ab 
  xmm2=0x0000d27f0000d27f0000c9190000c919 xmm3=0x0000594a0000594a0000a86c0000a86c 
  xmm4=0x0000da130000da130000751300007513 xmm5=0x0000115b0000115b0000306100003061 
  xmm6=0x00004fa500004fa50000492700004927 xmm7=0x00000b8c00000b8c0000b5660000b566 

    > load from +0x1a8d value 0x60
0x7a: macro .switch, .actor2.function_actor2_1
  rax=0x0000000000001ffa rbx=0x0000000000000060 rcx=0x0000000000001c66 rdx=0x0000000000003dd0
  rsi=0x0000000000001a8d rdi=0x00000000000000f8 flags=0b000000000110
  xmm0=0x00009b8000009b80000058c0000058c0 xmm1=0x0000f3240000f324000090ab000090ab 
  xmm2=0x0000d27f0000d27f0000c9190000c919 xmm3=0x0000594a0000594a0000a86c0000a86c 
  xmm4=0x0000da130000da130000751300007513 xmm5=0x0000115b0000115b0000306100003061 
  xmm6=0x00004fa500004fa50000492700004927 xmm7=0x00000b8c00000b8c0000b5660000b566 

0x308b: pushfq 
  rax=0x0000000000001ffa rbx=0x0000000000000060 rcx=0x0000000000001c66 rdx=0x0000000000003dd0
  rsi=0x0000000000001a8d rdi=0x00000000000000f8 flags=0b000000000110
  xmm0=0x00009b8000009b80000058c0000058c0 xmm1=0x0000f3240000f324000090ab000090ab 
  xmm2=0x0000d27f0000d27f0000c9190000c919 xmm3=0x0000594a0000594a0000a86c0000a86c 
  xmm4=0x0000da130000da130000751300007513 xmm5=0x0000115b0000115b0000306100003061 
  xmm6=0x00004fa500004fa50000492700004927 xmm7=0x00000b8c00000b8c0000b5660000b566 

    > store to +0x4ff0 value 0x6
0x308c: push rax
  rax=0x0000000000001ffa rbx=0x0000000000000060 rcx=0x0000000000001c66 rdx=0x0000000000003dd0
  rsi=0x0000000000001a8d rdi=0x00000000000000f8 flags=0b000000000110
  xmm0=0x00009b8000009b80000058c0000058c0 xmm1=0x0000f3240000f324000090ab000090ab 
  xmm2=0x0000d27f0000d27f0000c9190000c919 xmm3=0x0000594a0000594a0000a86c0000a86c 
  xmm4=0x0000da130000da130000751300007513 xmm5=0x0000115b0000115b0000306100003061 
  xmm6=0x00004fa500004fa50000492700004927 xmm7=0x00000b8c00000b8c0000b5660000b566 

    > store to +0x4fe8 value 0x1ffa
0x308d: push rcx
  rax=0x0000000000001ffa rbx=0x0000000000000060 rcx=0x0000000000001c66 rdx=0x0000000000003dd0
  rsi=0x0000000000001a8d rdi=0x00000000000000f8 flags=0b000000000110
  xmm0=0x00009b8000009b80000058c0000058c0 xmm1=0x0000f3240000f324000090ab000090ab 
  xmm2=0x0000d27f0000d27f0000c9190000c919 xmm3=0x0000594a0000594a0000a86c0000a86c 
  xmm4=0x0000da130000da130000751300007513 xmm5=0x0000115b0000115b0000306100003061 
  xmm6=0x00004fa500004fa50000492700004927 xmm7=0x00000b8c00000b8c0000b5660000b566 

    > store to +0x4fe0 value 0x1c66
0x308e: push rdx
  rax=0x0000000000001ffa rbx=0x0000000000000060 rcx=0x0000000000001c66 rdx=0x0000000000003dd0
  rsi=0x0000000000001a8d rdi=0x00000000000000f8 flags=0b000000000110
  xmm0=0x00009b8000009b80000058c0000058c0 xmm1=0x0000f3240000f324000090ab000090ab 
  xmm2=0x0000d27f0000d27f0000c9190000c919 xmm3=0x0000594a0000594a0000a86c0000a86c 
  xmm4=0x0000da130000da130000751300007513 xmm5=0x0000115b0000115b0000306100003061 
  xmm6=0x00004fa500004fa50000492700004927 xmm7=0x00000b8c00000b8c0000b5660000b566 

    > store to +0x4fd8 value 0x3dd0
0x308f: mov ecx, 0x48
  rax=0x0000000000001ffa rbx=0x0000000000000060 rcx=0x0000000000001c66 rdx=0x0000000000003dd0
  rsi=0x0000000000001a8d rdi=0x00000000000000f8 flags=0b000000000110
  xmm0=0x00009b8000009b80000058c0000058c0 xmm1=0x0000f3240000f324000090ab000090ab 
  xmm2=0x0000d27f0000d27f0000c9190000c919 xmm3=0x0000594a0000594a0000a86c0000a86c 
  xmm4=0x0000da130000da130000751300007513 xmm5=0x0000115b0000115b0000306100003061 
  xmm6=0x00004fa500004fa50000492700004927 xmm7=0x00000b8c00000b8c0000b5660000b566 

0x3094: rdmsr 
  rax=0x0000000000001ffa rbx=0x0000000000000060 rcx=0x0000000000000048 rdx=0x0000000000003dd0
  rsi=0x0000000000001a8d rdi=0x00000000000000f8 flags=0b000000000110
  xmm0=0x00009b8000009b80000058c0000058c0 xmm1=0x0000f3240000f324000090ab000090ab 
  xmm2=0x0000d27f0000d27f0000c9190000c919 xmm3=0x0000594a0000594a0000a86c0000a86c 
  xmm4=0x0000da130000da130000751300007513 xmm5=0x0000115b0000115b0000306100003061 
  xmm6=0x00004fa500004fa50000492700004927 xmm7=0x00000b8c00000b8c0000b5660000b566 

0x3096: and eax, 0xfffffffb
  rax=0x0000000000000000 rbx=0x0000000000000060 rcx=0x0000000000000048 rdx=0x0000000000000000
  rsi=0x0000000000001a8d rdi=0x00000000000000f8 flags=0b000000000110
  xmm0=0x00009b8000009b80000058c0000058c0 xmm1=0x0000f3240000f324000090ab000090ab 
  xmm2=0x0000d27f0000d27f0000c9190000c919 xmm3=0x0000594a0000594a0000a86c0000a86c 
  xmm4=0x0000da130000da130000751300007513 xmm5=0x0000115b0000115b0000306100003061 
  xmm6=0x00004fa500004fa50000492700004927 xmm7=0x00000b8c00000b8c0000b5660000b566 

0x3099: or eax, 0x100
  rax=0x0000000000000000 rbx=0x0000000000000060 rcx=0x0000000000000048 rdx=0x0000000000000000
  rsi=0x0000000000001a8d rdi=0x00000000000000f8 flags=0b000001000110
  xmm0=0x00009b8000009b80000058c0000058c0 xmm1=0x0000f3240000f324000090ab000090ab 
  xmm2=0x0000d27f0000d27f0000c9190000c919 xmm3=0x0000594a0000594a0000a86c0000a86c 
  xmm4=0x0000da130000da130000751300007513 xmm5=0x0000115b0000115b0000306100003061 
  xmm6=0x00004fa500004fa50000492700004927 xmm7=0x00000b8c00000b8c0000b5660000b566 

0x309e: wrmsr 
  rax=0x0000000000000100 rbx=0x0000000000000060 rcx=0x0000000000000048 rdx=0x0000000000000000
  rsi=0x0000000000001a8d rdi=0x00000000000000f8 flags=0b000000000110
  xmm0=0x00009b8000009b80000058c0000058c0 xmm1=0x0000f3240000f324000090ab000090ab 
  xmm2=0x0000d27f0000d27f0000c9190000c919 xmm3=0x0000594a0000594a0000a86c0000a86c 
  xmm4=0x0000da130000da130000751300007513 xmm5=0x0000115b0000115b0000306100003061 
  xmm6=0x00004fa500004fa50000492700004927 xmm7=0x00000b8c00000b8c0000b5660000b566 

0x30a0: mfence 
  rax=0x0000000000000100 rbx=0x0000000000000060 rcx=0x0000000000000048 rdx=0x0000000000000000
  rsi=0x0000000000001a8d rdi=0x00000000000000f8 flags=0b000000000110
  xmm0=0x00009b8000009b80000058c0000058c0 xmm1=0x0000f3240000f324000090ab000090ab 
  xmm2=0x0000d27f0000d27f0000c9190000c919 xmm3=0x0000594a0000594a0000a86c0000a86c 
  xmm4=0x0000da130000da130000751300007513 xmm5=0x0000115b0000115b0000306100003061 
  xmm6=0x00004fa500004fa50000492700004927 xmm7=0x00000b8c00000b8c0000b5660000b566 

0x30a3: lfence 
  rax=0x0000000000000100 rbx=0x0000000000000060 rcx=0x0000000000000048 rdx=0x0000000000000000
  rsi=0x0000000000001a8d rdi=0x00000000000000f8 flags=0b000000000110
  xmm0=0x00009b8000009b80000058c0000058c0 xmm1=0x0000f3240000f324000090ab000090ab 
  xmm2=0x0000d27f0000d27f0000c9190000c919 xmm3=0x0000594a0000594a0000a86c0000a86c 
  xmm4=0x0000da130000da130000751300007513 xmm5=0x0000115b0000115b0000306100003061 
  xmm6=0x00004fa500004fa50000492700004927 xmm7=0x00000b8c00000b8c0000b5660000b566 

0x30a6: macro .measurement_end, .noarg
  rax=0x0000000000000100 rbx=0x0000000000000060 rcx=0x0000000000000048 rdx=0x0000000000000000
  rsi=0x0000000000001a8d rdi=0x00000000000000f8 flags=0b000000000110
  xmm0=0x00009b8000009b80000058c0000058c0 xmm1=0x0000f3240000f324000090ab000090ab 
  xmm2=0x0000d27f0000d27f0000c9190000c919 xmm3=0x0000594a0000594a0000a86c0000a86c 
  xmm4=0x0000da130000da130000751300007513 xmm5=0x0000115b0000115b0000306100003061 
  xmm6=0x00004fa500004fa50000492700004927 xmm7=0x00000b8c00000b8c0000b5660000b566 

0x30ae: mov ecx, 0x48
  rax=0x0000000000000100 rbx=0x0000000000000060 rcx=0x0000000000000048 rdx=0x0000000000000000
  rsi=0x0000000000001a8d rdi=0x00000000000000f8 flags=0b000000000110
  xmm0=0x00009b8000009b80000058c0000058c0 xmm1=0x0000f3240000f324000090ab000090ab 
  xmm2=0x0000d27f0000d27f0000c9190000c919 xmm3=0x0000594a0000594a0000a86c0000a86c 
  xmm4=0x0000da130000da130000751300007513 xmm5=0x0000115b0000115b0000306100003061 
  xmm6=0x00004fa500004fa50000492700004927 xmm7=0x00000b8c00000b8c0000b5660000b566 

0x30b3: rdmsr 
  rax=0x0000000000000100 rbx=0x0000000000000060 rcx=0x0000000000000048 rdx=0x0000000000000000
  rsi=0x0000000000001a8d rdi=0x00000000000000f8 flags=0b000000000110
  xmm0=0x00009b8000009b80000058c0000058c0 xmm1=0x0000f3240000f324000090ab000090ab 
  xmm2=0x0000d27f0000d27f0000c9190000c919 xmm3=0x0000594a0000594a0000a86c0000a86c 
  xmm4=0x0000da130000da130000751300007513 xmm5=0x0000115b0000115b0000306100003061 
  xmm6=0x00004fa500004fa50000492700004927 xmm7=0x00000b8c00000b8c0000b5660000b566 

0x30b5: and eax, 0xfffffffb
  rax=0x0000000000000000 rbx=0x0000000000000060 rcx=0x0000000000000048 rdx=0x0000000000000000
  rsi=0x0000000000001a8d rdi=0x00000000000000f8 flags=0b000000000110
  xmm0=0x00009b8000009b80000058c0000058c0 xmm1=0x0000f3240000f324000090ab000090ab 
  xmm2=0x0000d27f0000d27f0000c9190000c919 xmm3=0x0000594a0000594a0000a86c0000a86c 
  xmm4=0x0000da130000da130000751300007513 xmm5=0x0000115b0000115b0000306100003061 
  xmm6=0x00004fa500004fa50000492700004927 xmm7=0x00000b8c00000b8c0000b5660000b566 

0x30b8: and eax, 0xfffffeff
  rax=0x0000000000000000 rbx=0x0000000000000060 rcx=0x0000000000000048 rdx=0x0000000000000000
  rsi=0x0000000000001a8d rdi=0x00000000000000f8 flags=0b000001000110
  xmm0=0x00009b8000009b80000058c0000058c0 xmm1=0x0000f3240000f324000090ab000090ab 
  xmm2=0x0000d27f0000d27f0000c9190000c919 xmm3=0x0000594a0000594a0000a86c0000a86c 
  xmm4=0x0000da130000da130000751300007513 xmm5=0x0000115b0000115b0000306100003061 
  xmm6=0x00004fa500004fa50000492700004927 xmm7=0x00000b8c00000b8c0000b5660000b566 

0x30bd: wrmsr 
  rax=0x0000000000000000 rbx=0x0000000000000060 rcx=0x0000000000000048 rdx=0x0000000000000000
  rsi=0x0000000000001a8d rdi=0x00000000000000f8 flags=0b000001000110
  xmm0=0x00009b8000009b80000058c0000058c0 xmm1=0x0000f3240000f324000090ab000090ab 
  xmm2=0x0000d27f0000d27f0000c9190000c919 xmm3=0x0000594a0000594a0000a86c0000a86c 
  xmm4=0x0000da130000da130000751300007513 xmm5=0x0000115b0000115b0000306100003061 
  xmm6=0x00004fa500004fa50000492700004927 xmm7=0x00000b8c00000b8c0000b5660000b566 

0x30bf: mfence 
  rax=0x0000000000000000 rbx=0x0000000000000060 rcx=0x0000000000000048 rdx=0x0000000000000000
  rsi=0x0000000000001a8d rdi=0x00000000000000f8 flags=0b000001000110
  xmm0=0x00009b8000009b80000058c0000058c0 xmm1=0x0000f3240000f324000090ab000090ab 
  xmm2=0x0000d27f0000d27f0000c9190000c919 xmm3=0x0000594a0000594a0000a86c0000a86c 
  xmm4=0x0000da130000da130000751300007513 xmm5=0x0000115b0000115b0000306100003061 
  xmm6=0x00004fa500004fa50000492700004927 xmm7=0x00000b8c00000b8c0000b5660000b566 

0x30c2: lfence 
  rax=0x0000000000000000 rbx=0x0000000000000060 rcx=0x0000000000000048 rdx=0x0000000000000000
  rsi=0x0000000000001a8d rdi=0x00000000000000f8 flags=0b000001000110
  xmm0=0x00009b8000009b80000058c0000058c0 xmm1=0x0000f3240000f324000090ab000090ab 
  xmm2=0x0000d27f0000d27f0000c9190000c919 xmm3=0x0000594a0000594a0000a86c0000a86c 
  xmm4=0x0000da130000da130000751300007513 xmm5=0x0000115b0000115b0000306100003061 
  xmm6=0x00004fa500004fa50000492700004927 xmm7=0x00000b8c00000b8c0000b5660000b566 

0x30c5: pop rdx
  rax=0x0000000000000000 rbx=0x0000000000000060 rcx=0x0000000000000048 rdx=0x0000000000000000
  rsi=0x0000000000001a8d rdi=0x00000000000000f8 flags=0b000001000110
  xmm0=0x00009b8000009b80000058c0000058c0 xmm1=0x0000f3240000f324000090ab000090ab 
  xmm2=0x0000d27f0000d27f0000c9190000c919 xmm3=0x0000594a0000594a0000a86c0000a86c 
  xmm4=0x0000da130000da130000751300007513 xmm5=0x0000115b0000115b0000306100003061 
  xmm6=0x00004fa500004fa50000492700004927 xmm7=0x00000b8c00000b8c0000b5660000b566 

    > load from +0x4fd8 value 0x3dd0
0x30c6: pop rcx
  rax=0x0000000000000000 rbx=0x0000000000000060 rcx=0x0000000000000048 rdx=0x0000000000003dd0
  rsi=0x0000000000001a8d rdi=0x00000000000000f8 flags=0b000001000110
  xmm0=0x00009b8000009b80000058c0000058c0 xmm1=0x0000f3240000f324000090ab000090ab 
  xmm2=0x0000d27f0000d27f0000c9190000c919 xmm3=0x0000594a0000594a0000a86c0000a86c 
  xmm4=0x0000da130000da130000751300007513 xmm5=0x0000115b0000115b0000306100003061 
  xmm6=0x00004fa500004fa50000492700004927 xmm7=0x00000b8c00000b8c0000b5660000b566 

    > load from +0x4fe0 value 0x1c66
0x30c7: pop rax
  rax=0x0000000000000000 rbx=0x0000000000000060 rcx=0x0000000000001c66 rdx=0x0000000000003dd0
  rsi=0x0000000000001a8d rdi=0x00000000000000f8 flags=0b000001000110
  xmm0=0x00009b8000009b80000058c0000058c0 xmm1=0x0000f3240000f324000090ab000090ab 
  xmm2=0x0000d27f0000d27f0000c9190000c919 xmm3=0x0000594a0000594a0000a86c0000a86c 
  xmm4=0x0000da130000da130000751300007513 xmm5=0x0000115b0000115b0000306100003061 
  xmm6=0x00004fa500004fa50000492700004927 xmm7=0x00000b8c00000b8c0000b5660000b566 

    > load from +0x4fe8 value 0x1ffa
0x30c8: popfq 
  rax=0x0000000000001ffa rbx=0x0000000000000060 rcx=0x0000000000001c66 rdx=0x0000000000003dd0
  rsi=0x0000000000001a8d rdi=0x00000000000000f8 flags=0b000001000110
  xmm0=0x00009b8000009b80000058c0000058c0 xmm1=0x0000f3240000f324000090ab000090ab 
  xmm2=0x0000d27f0000d27f0000c9190000c919 xmm3=0x0000594a0000594a0000a86c0000a86c 
  xmm4=0x0000da130000da130000751300007513 xmm5=0x0000115b0000115b0000306100003061 
  xmm6=0x00004fa500004fa50000492700004927 xmm7=0x00000b8c00000b8c0000b5660000b566 

    > load from +0x4ff0 value 0x6
0x30c9: macro .switch, .main.function_main_2
  rax=0x0000000000001ffa rbx=0x0000000000000060 rcx=0x0000000000001c66 rdx=0x0000000000003dd0
  rsi=0x0000000000001a8d rdi=0x00000000000000f8 flags=0b000000000110
  xmm0=0x00009b8000009b80000058c0000058c0 xmm1=0x0000f3240000f324000090ab000090ab 
  xmm2=0x0000d27f0000d27f0000c9190000c919 xmm3=0x0000594a0000594a0000a86c0000a86c 
  xmm4=0x0000da130000da130000751300007513 xmm5=0x0000115b0000115b0000306100003061 
  xmm6=0x00004fa500004fa50000492700004927 xmm7=0x00000b8c00000b8c0000b5660000b566 





================================ Statistics ===================================

Test Cases: 1
Inputs per test case: 20.0
Violations: 1
Effectiveness: 
  Total Cls: 18.0
  Effective Cls: 2.0
Discarded Test Cases:
  Speculation Filter: 0
  Observation Filter: 0
  Fast Path: 0
  Max Nesting Check: 0
  Tainting Check: 0
  Early Priming Check: 0
  Large Sample Check: 0
  Priming Check: 0

Duration: 15.5
Finished at 21:13:43
