
INFO: [fuzzer] Starting at 14:14:25
> Entering slow path...> Priming  7              > Increase sample size to 40> Priming  6             > Priming  5             > Priming  4             > Priming  3             > Priming  2             > Priming  1             
================================ Statistics ===================================

Test Cases: 1
Inputs per test case: 100.0
Violations: 0
Effectiveness: 
  Total Cls: 56.0
  Effective Cls: 44.0
Discarded Test Cases:
  Speculation Filter: 0
  Observation Filter: 0
  Fast Path: 0
  Max Nesting Check: 0
  Tainting Check: 0
  Early Priming Check: 0
  Large Sample Check: 0
  Priming Check: 1

Duration: 4.5
Finished at 14:14:30
