
INFO: [fuzzer] Starting at 10:55:48
> Entering slow path...> Priming  1             

================================ Violations detected ==========================
Contract trace:
 3244900463249971757 (hash)
Hardware traces:
  Input group 1: [0]
  Input group 2: [16]
  ^..^...........................................................^ [160    | 10    ]
  ^..^...........................^.........^.....................^ [0      | 150   ]

================================ Violation Traces =============================
                      ##### Input 0 #####

                     ##### Input 0 #####
0x0 : macro .switch, .actor2.function_actor2_0
  rax=0x0000000000000000 rbx=0x0000000000000000 rcx=0x0000000000000000 rdx=0x0000000000000000
  rsi=0x0000401200004012 rdi=0x0000000000000000 flags=0b000000000010
  xmm0=0x00000000000000000000000000000000 xmm1=0x00000000000000000000000000000000 
  xmm2=0x00000000000000000000000000000000 xmm3=0x00000000000000000000000000000000 
  xmm4=0x00000000000000000000000000000000 xmm5=0x00000000000000000000000000000000 
  xmm6=0x00000000000000000000000000000000 xmm7=0x00000000000000000000000000000000 

0x3000: pushfq 
  rax=0x0000000000000000 rbx=0x0000000000000000 rcx=0x0000000000000000 rdx=0x0000000000000000
  rsi=0x0000401200004012 rdi=0x0000000000000000 flags=0b000000000010
  xmm0=0x00000000000000000000000000000000 xmm1=0x00000000000000000000000000000000 
  xmm2=0x00000000000000000000000000000000 xmm3=0x00000000000000000000000000000000 
  xmm4=0x00000000000000000000000000000000 xmm5=0x00000000000000000000000000000000 
  xmm6=0x00000000000000000000000000000000 xmm7=0x00000000000000000000000000000000 

    > store to +0x4ff0 value 0x2
0x3001: push rax
  rax=0x0000000000000000 rbx=0x0000000000000000 rcx=0x0000000000000000 rdx=0x0000000000000000
  rsi=0x0000401200004012 rdi=0x0000000000000000 flags=0b000000000010
  xmm0=0x00000000000000000000000000000000 xmm1=0x00000000000000000000000000000000 
  xmm2=0x00000000000000000000000000000000 xmm3=0x00000000000000000000000000000000 
  xmm4=0x00000000000000000000000000000000 xmm5=0x00000000000000000000000000000000 
  xmm6=0x00000000000000000000000000000000 xmm7=0x00000000000000000000000000000000 

    > store to +0x4fe8 value 0x0
0x3002: push rcx
  rax=0x0000000000000000 rbx=0x0000000000000000 rcx=0x0000000000000000 rdx=0x0000000000000000
  rsi=0x0000401200004012 rdi=0x0000000000000000 flags=0b000000000010
  xmm0=0x00000000000000000000000000000000 xmm1=0x00000000000000000000000000000000 
  xmm2=0x00000000000000000000000000000000 xmm3=0x00000000000000000000000000000000 
  xmm4=0x00000000000000000000000000000000 xmm5=0x00000000000000000000000000000000 
  xmm6=0x00000000000000000000000000000000 xmm7=0x00000000000000000000000000000000 

    > store to +0x4fe0 value 0x0
0x3003: push rdx
  rax=0x0000000000000000 rbx=0x0000000000000000 rcx=0x0000000000000000 rdx=0x0000000000000000
  rsi=0x0000401200004012 rdi=0x0000000000000000 flags=0b000000000010
  xmm0=0x00000000000000000000000000000000 xmm1=0x00000000000000000000000000000000 
  xmm2=0x00000000000000000000000000000000 xmm3=0x00000000000000000000000000000000 
  xmm4=0x00000000000000000000000000000000 xmm5=0x00000000000000000000000000000000 
  xmm6=0x00000000000000000000000000000000 xmm7=0x00000000000000000000000000000000 

    > store to +0x4fd8 value 0x0
0x3004: mov ecx, 0x48
  rax=0x0000000000000000 rbx=0x0000000000000000 rcx=0x0000000000000000 rdx=0x0000000000000000
  rsi=0x0000401200004012 rdi=0x0000000000000000 flags=0b000000000010
  xmm0=0x00000000000000000000000000000000 xmm1=0x00000000000000000000000000000000 
  xmm2=0x00000000000000000000000000000000 xmm3=0x00000000000000000000000000000000 
  xmm4=0x00000000000000000000000000000000 xmm5=0x00000000000000000000000000000000 
  xmm6=0x00000000000000000000000000000000 xmm7=0x00000000000000000000000000000000 

0x3009: rdmsr 
  rax=0x0000000000000000 rbx=0x0000000000000000 rcx=0x0000000000000048 rdx=0x0000000000000000
  rsi=0x0000401200004012 rdi=0x0000000000000000 flags=0b000000000010
  xmm0=0x00000000000000000000000000000000 xmm1=0x00000000000000000000000000000000 
  xmm2=0x00000000000000000000000000000000 xmm3=0x00000000000000000000000000000000 
  xmm4=0x00000000000000000000000000000000 xmm5=0x00000000000000000000000000000000 
  xmm6=0x00000000000000000000000000000000 xmm7=0x00000000000000000000000000000000 

0x300b: and eax, 0xfffffffb
  rax=0x0000000000000000 rbx=0x0000000000000000 rcx=0x0000000000000048 rdx=0x0000000000000000
  rsi=0x0000401200004012 rdi=0x0000000000000000 flags=0b000000000010
  xmm0=0x00000000000000000000000000000000 xmm1=0x00000000000000000000000000000000 
  xmm2=0x00000000000000000000000000000000 xmm3=0x00000000000000000000000000000000 
  xmm4=0x00000000000000000000000000000000 xmm5=0x00000000000000000000000000000000 
  xmm6=0x00000000000000000000000000000000 xmm7=0x00000000000000000000000000000000 

0x300e: or eax, 0x100
  rax=0x0000000000000000 rbx=0x0000000000000000 rcx=0x0000000000000048 rdx=0x0000000000000000
  rsi=0x0000401200004012 rdi=0x0000000000000000 flags=0b000001000110
  xmm0=0x00000000000000000000000000000000 xmm1=0x00000000000000000000000000000000 
  xmm2=0x00000000000000000000000000000000 xmm3=0x00000000000000000000000000000000 
  xmm4=0x00000000000000000000000000000000 xmm5=0x00000000000000000000000000000000 
  xmm6=0x00000000000000000000000000000000 xmm7=0x00000000000000000000000000000000 

0x3013: wrmsr 
  rax=0x0000000000000100 rbx=0x0000000000000000 rcx=0x0000000000000048 rdx=0x0000000000000000
  rsi=0x0000401200004012 rdi=0x0000000000000000 flags=0b000000000110
  xmm0=0x00000000000000000000000000000000 xmm1=0x00000000000000000000000000000000 
  xmm2=0x00000000000000000000000000000000 xmm3=0x00000000000000000000000000000000 
  xmm4=0x00000000000000000000000000000000 xmm5=0x00000000000000000000000000000000 
  xmm6=0x00000000000000000000000000000000 xmm7=0x00000000000000000000000000000000 

0x3015: mfence 
  rax=0x0000000000000100 rbx=0x0000000000000000 rcx=0x0000000000000048 rdx=0x0000000000000000
  rsi=0x0000401200004012 rdi=0x0000000000000000 flags=0b000000000110
  xmm0=0x00000000000000000000000000000000 xmm1=0x00000000000000000000000000000000 
  xmm2=0x00000000000000000000000000000000 xmm3=0x00000000000000000000000000000000 
  xmm4=0x00000000000000000000000000000000 xmm5=0x00000000000000000000000000000000 
  xmm6=0x00000000000000000000000000000000 xmm7=0x00000000000000000000000000000000 

0x3018: lfence 
  rax=0x0000000000000100 rbx=0x0000000000000000 rcx=0x0000000000000048 rdx=0x0000000000000000
  rsi=0x0000401200004012 rdi=0x0000000000000000 flags=0b000000000110
  xmm0=0x00000000000000000000000000000000 xmm1=0x00000000000000000000000000000000 
  xmm2=0x00000000000000000000000000000000 xmm3=0x00000000000000000000000000000000 
  xmm4=0x00000000000000000000000000000000 xmm5=0x00000000000000000000000000000000 
  xmm6=0x00000000000000000000000000000000 xmm7=0x00000000000000000000000000000000 

0x301b: macro .measurement_start, .noarg
  rax=0x0000000000000100 rbx=0x0000000000000000 rcx=0x0000000000000048 rdx=0x0000000000000000
  rsi=0x0000401200004012 rdi=0x0000000000000000 flags=0b000000000110
  xmm0=0x00000000000000000000000000000000 xmm1=0x00000000000000000000000000000000 
  xmm2=0x00000000000000000000000000000000 xmm3=0x00000000000000000000000000000000 
  xmm4=0x00000000000000000000000000000000 xmm5=0x00000000000000000000000000000000 
  xmm6=0x00000000000000000000000000000000 xmm7=0x00000000000000000000000000000000 

0x3023: mov ecx, 0x48
  rax=0x0000000000000100 rbx=0x0000000000000000 rcx=0x0000000000000048 rdx=0x0000000000000000
  rsi=0x0000401200004012 rdi=0x0000000000000000 flags=0b000000000110
  xmm0=0x00000000000000000000000000000000 xmm1=0x00000000000000000000000000000000 
  xmm2=0x00000000000000000000000000000000 xmm3=0x00000000000000000000000000000000 
  xmm4=0x00000000000000000000000000000000 xmm5=0x00000000000000000000000000000000 
  xmm6=0x00000000000000000000000000000000 xmm7=0x00000000000000000000000000000000 

0x3028: rdmsr 
  rax=0x0000000000000100 rbx=0x0000000000000000 rcx=0x0000000000000048 rdx=0x0000000000000000
  rsi=0x0000401200004012 rdi=0x0000000000000000 flags=0b000000000110
  xmm0=0x00000000000000000000000000000000 xmm1=0x00000000000000000000000000000000 
  xmm2=0x00000000000000000000000000000000 xmm3=0x00000000000000000000000000000000 
  xmm4=0x00000000000000000000000000000000 xmm5=0x00000000000000000000000000000000 
  xmm6=0x00000000000000000000000000000000 xmm7=0x00000000000000000000000000000000 

0x302a: and eax, 0xfffffffb
  rax=0x0000000000000000 rbx=0x0000000000000000 rcx=0x0000000000000048 rdx=0x0000000000000000
  rsi=0x0000401200004012 rdi=0x0000000000000000 flags=0b000000000110
  xmm0=0x00000000000000000000000000000000 xmm1=0x00000000000000000000000000000000 
  xmm2=0x00000000000000000000000000000000 xmm3=0x00000000000000000000000000000000 
  xmm4=0x00000000000000000000000000000000 xmm5=0x00000000000000000000000000000000 
  xmm6=0x00000000000000000000000000000000 xmm7=0x00000000000000000000000000000000 

0x302d: and eax, 0xfffffeff
  rax=0x0000000000000000 rbx=0x0000000000000000 rcx=0x0000000000000048 rdx=0x0000000000000000
  rsi=0x0000401200004012 rdi=0x0000000000000000 flags=0b000001000110
  xmm0=0x00000000000000000000000000000000 xmm1=0x00000000000000000000000000000000 
  xmm2=0x00000000000000000000000000000000 xmm3=0x00000000000000000000000000000000 
  xmm4=0x00000000000000000000000000000000 xmm5=0x00000000000000000000000000000000 
  xmm6=0x00000000000000000000000000000000 xmm7=0x00000000000000000000000000000000 

0x3032: wrmsr 
  rax=0x0000000000000000 rbx=0x0000000000000000 rcx=0x0000000000000048 rdx=0x0000000000000000
  rsi=0x0000401200004012 rdi=0x0000000000000000 flags=0b000001000110
  xmm0=0x00000000000000000000000000000000 xmm1=0x00000000000000000000000000000000 
  xmm2=0x00000000000000000000000000000000 xmm3=0x00000000000000000000000000000000 
  xmm4=0x00000000000000000000000000000000 xmm5=0x00000000000000000000000000000000 
  xmm6=0x00000000000000000000000000000000 xmm7=0x00000000000000000000000000000000 

0x3034: mfence 
  rax=0x0000000000000000 rbx=0x0000000000000000 rcx=0x0000000000000048 rdx=0x0000000000000000
  rsi=0x0000401200004012 rdi=0x0000000000000000 flags=0b000001000110
  xmm0=0x00000000000000000000000000000000 xmm1=0x00000000000000000000000000000000 
  xmm2=0x00000000000000000000000000000000 xmm3=0x00000000000000000000000000000000 
  xmm4=0x00000000000000000000000000000000 xmm5=0x00000000000000000000000000000000 
  xmm6=0x00000000000000000000000000000000 xmm7=0x00000000000000000000000000000000 

0x3037: lfence 
  rax=0x0000000000000000 rbx=0x0000000000000000 rcx=0x0000000000000048 rdx=0x0000000000000000
  rsi=0x0000401200004012 rdi=0x0000000000000000 flags=0b000001000110
  xmm0=0x00000000000000000000000000000000 xmm1=0x00000000000000000000000000000000 
  xmm2=0x00000000000000000000000000000000 xmm3=0x00000000000000000000000000000000 
  xmm4=0x00000000000000000000000000000000 xmm5=0x00000000000000000000000000000000 
  xmm6=0x00000000000000000000000000000000 xmm7=0x00000000000000000000000000000000 

0x303a: pop rdx
  rax=0x0000000000000000 rbx=0x0000000000000000 rcx=0x0000000000000048 rdx=0x0000000000000000
  rsi=0x0000401200004012 rdi=0x0000000000000000 flags=0b000001000110
  xmm0=0x00000000000000000000000000000000 xmm1=0x00000000000000000000000000000000 
  xmm2=0x00000000000000000000000000000000 xmm3=0x00000000000000000000000000000000 
  xmm4=0x00000000000000000000000000000000 xmm5=0x00000000000000000000000000000000 
  xmm6=0x00000000000000000000000000000000 xmm7=0x00000000000000000000000000000000 

    > load from +0x4fd8 value 0x0
0x303b: pop rcx
  rax=0x0000000000000000 rbx=0x0000000000000000 rcx=0x0000000000000048 rdx=0x0000000000000000
  rsi=0x0000401200004012 rdi=0x0000000000000000 flags=0b000001000110
  xmm0=0x00000000000000000000000000000000 xmm1=0x00000000000000000000000000000000 
  xmm2=0x00000000000000000000000000000000 xmm3=0x00000000000000000000000000000000 
  xmm4=0x00000000000000000000000000000000 xmm5=0x00000000000000000000000000000000 
  xmm6=0x00000000000000000000000000000000 xmm7=0x00000000000000000000000000000000 

    > load from +0x4fe0 value 0x0
0x303c: pop rax
  rax=0x0000000000000000 rbx=0x0000000000000000 rcx=0x0000000000000000 rdx=0x0000000000000000
  rsi=0x0000401200004012 rdi=0x0000000000000000 flags=0b000001000110
  xmm0=0x00000000000000000000000000000000 xmm1=0x00000000000000000000000000000000 
  xmm2=0x00000000000000000000000000000000 xmm3=0x00000000000000000000000000000000 
  xmm4=0x00000000000000000000000000000000 xmm5=0x00000000000000000000000000000000 
  xmm6=0x00000000000000000000000000000000 xmm7=0x00000000000000000000000000000000 

    > load from +0x4fe8 value 0x0
0x303d: popfq 
  rax=0x0000000000000000 rbx=0x0000000000000000 rcx=0x0000000000000000 rdx=0x0000000000000000
  rsi=0x0000401200004012 rdi=0x0000000000000000 flags=0b000001000110
  xmm0=0x00000000000000000000000000000000 xmm1=0x00000000000000000000000000000000 
  xmm2=0x00000000000000000000000000000000 xmm3=0x00000000000000000000000000000000 
  xmm4=0x00000000000000000000000000000000 xmm5=0x00000000000000000000000000000000 
  xmm6=0x00000000000000000000000000000000 xmm7=0x00000000000000000000000000000000 

    > load from +0x4ff0 value 0x2
0x303e: macro .switch, .main.function_main_1
  rax=0x0000000000000000 rbx=0x0000000000000000 rcx=0x0000000000000000 rdx=0x0000000000000000
  rsi=0x0000401200004012 rdi=0x0000000000000000 flags=0b000000000010
  xmm0=0x00000000000000000000000000000000 xmm1=0x00000000000000000000000000000000 
  xmm2=0x00000000000000000000000000000000 xmm3=0x00000000000000000000000000000000 
  xmm4=0x00000000000000000000000000000000 xmm5=0x00000000000000000000000000000000 
  xmm6=0x00000000000000000000000000000000 xmm7=0x00000000000000000000000000000000 

0x8 : xor rax, rax
  rax=0x0000000000000000 rbx=0x0000000000000000 rcx=0x0000000000000000 rdx=0x0000000000000000
  rsi=0x0000401200004012 rdi=0x0000000000000000 flags=0b000000000010
  xmm0=0x00000000000000000000000000000000 xmm1=0x00000000000000000000000000000000 
  xmm2=0x00000000000000000000000000000000 xmm3=0x00000000000000000000000000000000 
  xmm4=0x00000000000000000000000000000000 xmm5=0x00000000000000000000000000000000 
  xmm6=0x00000000000000000000000000000000 xmm7=0x00000000000000000000000000000000 

0xb : mov rax, [r14 +0x2000]
  rax=0x0000000000000000 rbx=0x0000000000000000 rcx=0x0000000000000000 rdx=0x0000000000000000
  rsi=0x0000401200004012 rdi=0x0000000000000000 flags=0b000001000110
  xmm0=0x00000000000000000000000000000000 xmm1=0x00000000000000000000000000000000 
  xmm2=0x00000000000000000000000000000000 xmm3=0x00000000000000000000000000000000 
  xmm4=0x00000000000000000000000000000000 xmm5=0x00000000000000000000000000000000 
  xmm6=0x00000000000000000000000000000000 xmm7=0x00000000000000000000000000000000 

    > load from +0x2000 value 0x0
0x12: mov rbx, [r14 +0x2008]
  rax=0x0000000000000000 rbx=0x0000000000000000 rcx=0x0000000000000000 rdx=0x0000000000000000
  rsi=0x0000401200004012 rdi=0x0000000000000000 flags=0b000001000110
  xmm0=0x00000000000000000000000000000000 xmm1=0x00000000000000000000000000000000 
  xmm2=0x00000000000000000000000000000000 xmm3=0x00000000000000000000000000000000 
  xmm4=0x00000000000000000000000000000000 xmm5=0x00000000000000000000000000000000 
  xmm6=0x00000000000000000000000000000000 xmm7=0x00000000000000000000000000000000 

    > load from +0x2008 value 0x0
0x19: mov rcx, [r14 +0x2010]
  rax=0x0000000000000000 rbx=0x0000000000000000 rcx=0x0000000000000000 rdx=0x0000000000000000
  rsi=0x0000401200004012 rdi=0x0000000000000000 flags=0b000001000110
  xmm0=0x00000000000000000000000000000000 xmm1=0x00000000000000000000000000000000 
  xmm2=0x00000000000000000000000000000000 xmm3=0x00000000000000000000000000000000 
  xmm4=0x00000000000000000000000000000000 xmm5=0x00000000000000000000000000000000 
  xmm6=0x00000000000000000000000000000000 xmm7=0x00000000000000000000000000000000 

    > load from +0x2010 value 0x0
0x20: mov rdx, [r14 +0x2018]
  rax=0x0000000000000000 rbx=0x0000000000000000 rcx=0x0000000000000000 rdx=0x0000000000000000
  rsi=0x0000401200004012 rdi=0x0000000000000000 flags=0b000001000110
  xmm0=0x00000000000000000000000000000000 xmm1=0x00000000000000000000000000000000 
  xmm2=0x00000000000000000000000000000000 xmm3=0x00000000000000000000000000000000 
  xmm4=0x00000000000000000000000000000000 xmm5=0x00000000000000000000000000000000 
  xmm6=0x00000000000000000000000000000000 xmm7=0x00000000000000000000000000000000 

    > load from +0x2018 value 0x0
0x27: mov rsi, [r14 +0x2020]
  rax=0x0000000000000000 rbx=0x0000000000000000 rcx=0x0000000000000000 rdx=0x0000000000000000
  rsi=0x0000401200004012 rdi=0x0000000000000000 flags=0b000001000110
  xmm0=0x00000000000000000000000000000000 xmm1=0x00000000000000000000000000000000 
  xmm2=0x00000000000000000000000000000000 xmm3=0x00000000000000000000000000000000 
  xmm4=0x00000000000000000000000000000000 xmm5=0x00000000000000000000000000000000 
  xmm6=0x00000000000000000000000000000000 xmm7=0x00000000000000000000000000000000 

    > load from +0x2020 value 0x401200004012
0x2e: mov rdi, [r14 +0x2028]
  rax=0x0000000000000000 rbx=0x0000000000000000 rcx=0x0000000000000000 rdx=0x0000000000000000
  rsi=0x0000401200004012 rdi=0x0000000000000000 flags=0b000001000110
  xmm0=0x00000000000000000000000000000000 xmm1=0x00000000000000000000000000000000 
  xmm2=0x00000000000000000000000000000000 xmm3=0x00000000000000000000000000000000 
  xmm4=0x00000000000000000000000000000000 xmm5=0x00000000000000000000000000000000 
  xmm6=0x00000000000000000000000000000000 xmm7=0x00000000000000000000000000000000 

    > load from +0x2028 value 0x0
0x35: and rdi, 0b1111111111111
  rax=0x0000000000000000 rbx=0x0000000000000000 rcx=0x0000000000000000 rdx=0x0000000000000000
  rsi=0x0000401200004012 rdi=0x0000000000000000 flags=0b000001000110
  xmm0=0x00000000000000000000000000000000 xmm1=0x00000000000000000000000000000000 
  xmm2=0x00000000000000000000000000000000 xmm3=0x00000000000000000000000000000000 
  xmm4=0x00000000000000000000000000000000 xmm5=0x00000000000000000000000000000000 
  xmm6=0x00000000000000000000000000000000 xmm7=0x00000000000000000000000000000000 

0x3c: mov cx, [r14 +rdi]
  rax=0x0000000000000000 rbx=0x0000000000000000 rcx=0x0000000000000000 rdx=0x0000000000000000
  rsi=0x0000401200004012 rdi=0x0000000000000000 flags=0b000001000110
  xmm0=0x00000000000000000000000000000000 xmm1=0x00000000000000000000000000000000 
  xmm2=0x00000000000000000000000000000000 xmm3=0x00000000000000000000000000000000 
  xmm4=0x00000000000000000000000000000000 xmm5=0x00000000000000000000000000000000 
  xmm6=0x00000000000000000000000000000000 xmm7=0x00000000000000000000000000000000 

    > load from +0x0 value 0xeab3
0x41: and rsi, 0b1111111111111
  rax=0x0000000000000000 rbx=0x0000000000000000 rcx=0x000000000000eab3 rdx=0x0000000000000000
  rsi=0x0000401200004012 rdi=0x0000000000000000 flags=0b000001000110
  xmm0=0x00000000000000000000000000000000 xmm1=0x00000000000000000000000000000000 
  xmm2=0x00000000000000000000000000000000 xmm3=0x00000000000000000000000000000000 
  xmm4=0x00000000000000000000000000000000 xmm5=0x00000000000000000000000000000000 
  xmm6=0x00000000000000000000000000000000 xmm7=0x00000000000000000000000000000000 

0x48: mov rdi, [r14 +rsi]
  rax=0x0000000000000000 rbx=0x0000000000000000 rcx=0x000000000000eab3 rdx=0x0000000000000000
  rsi=0x0000000000000012 rdi=0x0000000000000000 flags=0b000000000110
  xmm0=0x00000000000000000000000000000000 xmm1=0x00000000000000000000000000000000 
  xmm2=0x00000000000000000000000000000000 xmm3=0x00000000000000000000000000000000 
  xmm4=0x00000000000000000000000000000000 xmm5=0x00000000000000000000000000000000 
  xmm6=0x00000000000000000000000000000000 xmm7=0x00000000000000000000000000000000 

    > load from +0x12 value 0x0
0x4c: and rdi, 0b1111111111111
  rax=0x0000000000000000 rbx=0x0000000000000000 rcx=0x000000000000eab3 rdx=0x0000000000000000
  rsi=0x0000000000000012 rdi=0x0000000000000000 flags=0b000000000110
  xmm0=0x00000000000000000000000000000000 xmm1=0x00000000000000000000000000000000 
  xmm2=0x00000000000000000000000000000000 xmm3=0x00000000000000000000000000000000 
  xmm4=0x00000000000000000000000000000000 xmm5=0x00000000000000000000000000000000 
  xmm6=0x00000000000000000000000000000000 xmm7=0x00000000000000000000000000000000 

0x53: mov [r14 +rdi], 0b1000
  rax=0x0000000000000000 rbx=0x0000000000000000 rcx=0x000000000000eab3 rdx=0x0000000000000000
  rsi=0x0000000000000012 rdi=0x0000000000000000 flags=0b000001000110
  xmm0=0x00000000000000000000000000000000 xmm1=0x00000000000000000000000000000000 
  xmm2=0x00000000000000000000000000000000 xmm3=0x00000000000000000000000000000000 
  xmm4=0x00000000000000000000000000000000 xmm5=0x00000000000000000000000000000000 
  xmm6=0x00000000000000000000000000000000 xmm7=0x00000000000000000000000000000000 

    > store to +0x0 value 0x8
0x5a: and dx, 0b11
  rax=0x0000000000000000 rbx=0x0000000000000000 rcx=0x000000000000eab3 rdx=0x0000000000000000
  rsi=0x0000000000000012 rdi=0x0000000000000000 flags=0b000001000110
  xmm0=0x00000000000000000000000000000000 xmm1=0x00000000000000000000000000000000 
  xmm2=0x00000000000000000000000000000000 xmm3=0x00000000000000000000000000000000 
  xmm4=0x00000000000000000000000000000000 xmm5=0x00000000000000000000000000000000 
  xmm6=0x00000000000000000000000000000000 xmm7=0x00000000000000000000000000000000 

0x5e: div [r14 +rdi]
  rax=0x0000000000000000 rbx=0x0000000000000000 rcx=0x000000000000eab3 rdx=0x0000000000000000
  rsi=0x0000000000000012 rdi=0x0000000000000000 flags=0b000001000110
  xmm0=0x00000000000000000000000000000000 xmm1=0x00000000000000000000000000000000 
  xmm2=0x00000000000000000000000000000000 xmm3=0x00000000000000000000000000000000 
  xmm4=0x00000000000000000000000000000000 xmm5=0x00000000000000000000000000000000 
  xmm6=0x00000000000000000000000000000000 xmm7=0x00000000000000000000000000000000 

    > load from +0x0 value 0x8
0x63: add dil, -56
  rax=0x0000000000000000 rbx=0x0000000000000000 rcx=0x000000000000eab3 rdx=0x0000000000000000
  rsi=0x0000000000000012 rdi=0x0000000000000000 flags=0b000001000110
  xmm0=0x00000000000000000000000000000000 xmm1=0x00000000000000000000000000000000 
  xmm2=0x00000000000000000000000000000000 xmm3=0x00000000000000000000000000000000 
  xmm4=0x00000000000000000000000000000000 xmm5=0x00000000000000000000000000000000 
  xmm6=0x00000000000000000000000000000000 xmm7=0x00000000000000000000000000000000 

0x67: mov rax, 0b1111111111111
  rax=0x0000000000000000 rbx=0x0000000000000000 rcx=0x000000000000eab3 rdx=0x0000000000000000
  rsi=0x0000000000000012 rdi=0x00000000000000c8 flags=0b000010000010
  xmm0=0x00000000000000000000000000000000 xmm1=0x00000000000000000000000000000000 
  xmm2=0x00000000000000000000000000000000 xmm3=0x00000000000000000000000000000000 
  xmm4=0x00000000000000000000000000000000 xmm5=0x00000000000000000000000000000000 
  xmm6=0x00000000000000000000000000000000 xmm7=0x00000000000000000000000000000000 

0x6e: and rbx, 0b1111111111111
  rax=0x0000000000001fff rbx=0x0000000000000000 rcx=0x000000000000eab3 rdx=0x0000000000000000
  rsi=0x0000000000000012 rdi=0x00000000000000c8 flags=0b000010000010
  xmm0=0x00000000000000000000000000000000 xmm1=0x00000000000000000000000000000000 
  xmm2=0x00000000000000000000000000000000 xmm3=0x00000000000000000000000000000000 
  xmm4=0x00000000000000000000000000000000 xmm5=0x00000000000000000000000000000000 
  xmm6=0x00000000000000000000000000000000 xmm7=0x00000000000000000000000000000000 

0x75: xor edi, [r14 +rbx]
  rax=0x0000000000001fff rbx=0x0000000000000000 rcx=0x000000000000eab3 rdx=0x0000000000000000
  rsi=0x0000000000000012 rdi=0x00000000000000c8 flags=0b000001000110
  xmm0=0x00000000000000000000000000000000 xmm1=0x00000000000000000000000000000000 
  xmm2=0x00000000000000000000000000000000 xmm3=0x00000000000000000000000000000000 
  xmm4=0x00000000000000000000000000000000 xmm5=0x00000000000000000000000000000000 
  xmm6=0x00000000000000000000000000000000 xmm7=0x00000000000000000000000000000000 

    > load from +0x0 value 0x8
0x79: and rdi, 0b1111111111111
  rax=0x0000000000001fff rbx=0x0000000000000000 rcx=0x000000000000eab3 rdx=0x0000000000000000
  rsi=0x0000000000000012 rdi=0x00000000000000c0 flags=0b000000000110
  xmm0=0x00000000000000000000000000000000 xmm1=0x00000000000000000000000000000000 
  xmm2=0x00000000000000000000000000000000 xmm3=0x00000000000000000000000000000000 
  xmm4=0x00000000000000000000000000000000 xmm5=0x00000000000000000000000000000000 
  xmm6=0x00000000000000000000000000000000 xmm7=0x00000000000000000000000000000000 

0x80: mul [r14 +rdi]
  rax=0x0000000000001fff rbx=0x0000000000000000 rcx=0x000000000000eab3 rdx=0x0000000000000000
  rsi=0x0000000000000012 rdi=0x00000000000000c0 flags=0b000000000110
  xmm0=0x00000000000000000000000000000000 xmm1=0x00000000000000000000000000000000 
  xmm2=0x00000000000000000000000000000000 xmm3=0x00000000000000000000000000000000 
  xmm4=0x00000000000000000000000000000000 xmm5=0x00000000000000000000000000000000 
  xmm6=0x00000000000000000000000000000000 xmm7=0x00000000000000000000000000000000 

    > load from +0xc0 value 0x0
0x85: and rdx, 0b1111111111111
  rax=0x0000000000000000 rbx=0x0000000000000000 rcx=0x000000000000eab3 rdx=0x0000000000000000
  rsi=0x0000000000000012 rdi=0x00000000000000c0 flags=0b000001000110
  xmm0=0x00000000000000000000000000000000 xmm1=0x00000000000000000000000000000000 
  xmm2=0x00000000000000000000000000000000 xmm3=0x00000000000000000000000000000000 
  xmm4=0x00000000000000000000000000000000 xmm5=0x00000000000000000000000000000000 
  xmm6=0x00000000000000000000000000000000 xmm7=0x00000000000000000000000000000000 

0x8c: mov ax, [r14 +rdx]
  rax=0x0000000000000000 rbx=0x0000000000000000 rcx=0x000000000000eab3 rdx=0x0000000000000000
  rsi=0x0000000000000012 rdi=0x00000000000000c0 flags=0b000001000110
  xmm0=0x00000000000000000000000000000000 xmm1=0x00000000000000000000000000000000 
  xmm2=0x00000000000000000000000000000000 xmm3=0x00000000000000000000000000000000 
  xmm4=0x00000000000000000000000000000000 xmm5=0x00000000000000000000000000000000 
  xmm6=0x00000000000000000000000000000000 xmm7=0x00000000000000000000000000000000 

    > load from +0x0 value 0x8
0x91: macro .switch, .actor2.function_actor2_1
  rax=0x0000000000000008 rbx=0x0000000000000000 rcx=0x000000000000eab3 rdx=0x0000000000000000
  rsi=0x0000000000000012 rdi=0x00000000000000c0 flags=0b000001000110
  xmm0=0x00000000000000000000000000000000 xmm1=0x00000000000000000000000000000000 
  xmm2=0x00000000000000000000000000000000 xmm3=0x00000000000000000000000000000000 
  xmm4=0x00000000000000000000000000000000 xmm5=0x00000000000000000000000000000000 
  xmm6=0x00000000000000000000000000000000 xmm7=0x00000000000000000000000000000000 

0x3046: pushfq 
  rax=0x0000000000000008 rbx=0x0000000000000000 rcx=0x000000000000eab3 rdx=0x0000000000000000
  rsi=0x0000000000000012 rdi=0x00000000000000c0 flags=0b000001000110
  xmm0=0x00000000000000000000000000000000 xmm1=0x00000000000000000000000000000000 
  xmm2=0x00000000000000000000000000000000 xmm3=0x00000000000000000000000000000000 
  xmm4=0x00000000000000000000000000000000 xmm5=0x00000000000000000000000000000000 
  xmm6=0x00000000000000000000000000000000 xmm7=0x00000000000000000000000000000000 

    > store to +0x4ff0 value 0x46
0x3047: push rax
  rax=0x0000000000000008 rbx=0x0000000000000000 rcx=0x000000000000eab3 rdx=0x0000000000000000
  rsi=0x0000000000000012 rdi=0x00000000000000c0 flags=0b000001000110
  xmm0=0x00000000000000000000000000000000 xmm1=0x00000000000000000000000000000000 
  xmm2=0x00000000000000000000000000000000 xmm3=0x00000000000000000000000000000000 
  xmm4=0x00000000000000000000000000000000 xmm5=0x00000000000000000000000000000000 
  xmm6=0x00000000000000000000000000000000 xmm7=0x00000000000000000000000000000000 

    > store to +0x4fe8 value 0x8
0x3048: push rcx
  rax=0x0000000000000008 rbx=0x0000000000000000 rcx=0x000000000000eab3 rdx=0x0000000000000000
  rsi=0x0000000000000012 rdi=0x00000000000000c0 flags=0b000001000110
  xmm0=0x00000000000000000000000000000000 xmm1=0x00000000000000000000000000000000 
  xmm2=0x00000000000000000000000000000000 xmm3=0x00000000000000000000000000000000 
  xmm4=0x00000000000000000000000000000000 xmm5=0x00000000000000000000000000000000 
  xmm6=0x00000000000000000000000000000000 xmm7=0x00000000000000000000000000000000 

    > store to +0x4fe0 value 0xeab3
0x3049: push rdx
  rax=0x0000000000000008 rbx=0x0000000000000000 rcx=0x000000000000eab3 rdx=0x0000000000000000
  rsi=0x0000000000000012 rdi=0x00000000000000c0 flags=0b000001000110
  xmm0=0x00000000000000000000000000000000 xmm1=0x00000000000000000000000000000000 
  xmm2=0x00000000000000000000000000000000 xmm3=0x00000000000000000000000000000000 
  xmm4=0x00000000000000000000000000000000 xmm5=0x00000000000000000000000000000000 
  xmm6=0x00000000000000000000000000000000 xmm7=0x00000000000000000000000000000000 

    > store to +0x4fd8 value 0x0
0x304a: mov ecx, 0x48
  rax=0x0000000000000008 rbx=0x0000000000000000 rcx=0x000000000000eab3 rdx=0x0000000000000000
  rsi=0x0000000000000012 rdi=0x00000000000000c0 flags=0b000001000110
  xmm0=0x00000000000000000000000000000000 xmm1=0x00000000000000000000000000000000 
  xmm2=0x00000000000000000000000000000000 xmm3=0x00000000000000000000000000000000 
  xmm4=0x00000000000000000000000000000000 xmm5=0x00000000000000000000000000000000 
  xmm6=0x00000000000000000000000000000000 xmm7=0x00000000000000000000000000000000 

0x304f: rdmsr 
  rax=0x0000000000000008 rbx=0x0000000000000000 rcx=0x0000000000000048 rdx=0x0000000000000000
  rsi=0x0000000000000012 rdi=0x00000000000000c0 flags=0b000001000110
  xmm0=0x00000000000000000000000000000000 xmm1=0x00000000000000000000000000000000 
  xmm2=0x00000000000000000000000000000000 xmm3=0x00000000000000000000000000000000 
  xmm4=0x00000000000000000000000000000000 xmm5=0x00000000000000000000000000000000 
  xmm6=0x00000000000000000000000000000000 xmm7=0x00000000000000000000000000000000 

0x3051: and eax, 0xfffffffb
  rax=0x0000000000000000 rbx=0x0000000000000000 rcx=0x0000000000000048 rdx=0x0000000000000000
  rsi=0x0000000000000012 rdi=0x00000000000000c0 flags=0b000001000110
  xmm0=0x00000000000000000000000000000000 xmm1=0x00000000000000000000000000000000 
  xmm2=0x00000000000000000000000000000000 xmm3=0x00000000000000000000000000000000 
  xmm4=0x00000000000000000000000000000000 xmm5=0x00000000000000000000000000000000 
  xmm6=0x00000000000000000000000000000000 xmm7=0x00000000000000000000000000000000 

0x3054: or eax, 0x100
  rax=0x0000000000000000 rbx=0x0000000000000000 rcx=0x0000000000000048 rdx=0x0000000000000000
  rsi=0x0000000000000012 rdi=0x00000000000000c0 flags=0b000001000110
  xmm0=0x00000000000000000000000000000000 xmm1=0x00000000000000000000000000000000 
  xmm2=0x00000000000000000000000000000000 xmm3=0x00000000000000000000000000000000 
  xmm4=0x00000000000000000000000000000000 xmm5=0x00000000000000000000000000000000 
  xmm6=0x00000000000000000000000000000000 xmm7=0x00000000000000000000000000000000 

0x3059: wrmsr 
  rax=0x0000000000000100 rbx=0x0000000000000000 rcx=0x0000000000000048 rdx=0x0000000000000000
  rsi=0x0000000000000012 rdi=0x00000000000000c0 flags=0b000000000110
  xmm0=0x00000000000000000000000000000000 xmm1=0x00000000000000000000000000000000 
  xmm2=0x00000000000000000000000000000000 xmm3=0x00000000000000000000000000000000 
  xmm4=0x00000000000000000000000000000000 xmm5=0x00000000000000000000000000000000 
  xmm6=0x00000000000000000000000000000000 xmm7=0x00000000000000000000000000000000 

0x305b: mfence 
  rax=0x0000000000000100 rbx=0x0000000000000000 rcx=0x0000000000000048 rdx=0x0000000000000000
  rsi=0x0000000000000012 rdi=0x00000000000000c0 flags=0b000000000110
  xmm0=0x00000000000000000000000000000000 xmm1=0x00000000000000000000000000000000 
  xmm2=0x00000000000000000000000000000000 xmm3=0x00000000000000000000000000000000 
  xmm4=0x00000000000000000000000000000000 xmm5=0x00000000000000000000000000000000 
  xmm6=0x00000000000000000000000000000000 xmm7=0x00000000000000000000000000000000 

0x305e: lfence 
  rax=0x0000000000000100 rbx=0x0000000000000000 rcx=0x0000000000000048 rdx=0x0000000000000000
  rsi=0x0000000000000012 rdi=0x00000000000000c0 flags=0b000000000110
  xmm0=0x00000000000000000000000000000000 xmm1=0x00000000000000000000000000000000 
  xmm2=0x00000000000000000000000000000000 xmm3=0x00000000000000000000000000000000 
  xmm4=0x00000000000000000000000000000000 xmm5=0x00000000000000000000000000000000 
  xmm6=0x00000000000000000000000000000000 xmm7=0x00000000000000000000000000000000 

0x3061: macro .measurement_end, .noarg
  rax=0x0000000000000100 rbx=0x0000000000000000 rcx=0x0000000000000048 rdx=0x0000000000000000
  rsi=0x0000000000000012 rdi=0x00000000000000c0 flags=0b000000000110
  xmm0=0x00000000000000000000000000000000 xmm1=0x00000000000000000000000000000000 
  xmm2=0x00000000000000000000000000000000 xmm3=0x00000000000000000000000000000000 
  xmm4=0x00000000000000000000000000000000 xmm5=0x00000000000000000000000000000000 
  xmm6=0x00000000000000000000000000000000 xmm7=0x00000000000000000000000000000000 

0x3069: mov ecx, 0x48
  rax=0x0000000000000100 rbx=0x0000000000000000 rcx=0x0000000000000048 rdx=0x0000000000000000
  rsi=0x0000000000000012 rdi=0x00000000000000c0 flags=0b000000000110
  xmm0=0x00000000000000000000000000000000 xmm1=0x00000000000000000000000000000000 
  xmm2=0x00000000000000000000000000000000 xmm3=0x00000000000000000000000000000000 
  xmm4=0x00000000000000000000000000000000 xmm5=0x00000000000000000000000000000000 
  xmm6=0x00000000000000000000000000000000 xmm7=0x00000000000000000000000000000000 

0x306e: rdmsr 
  rax=0x0000000000000100 rbx=0x0000000000000000 rcx=0x0000000000000048 rdx=0x0000000000000000
  rsi=0x0000000000000012 rdi=0x00000000000000c0 flags=0b000000000110
  xmm0=0x00000000000000000000000000000000 xmm1=0x00000000000000000000000000000000 
  xmm2=0x00000000000000000000000000000000 xmm3=0x00000000000000000000000000000000 
  xmm4=0x00000000000000000000000000000000 xmm5=0x00000000000000000000000000000000 
  xmm6=0x00000000000000000000000000000000 xmm7=0x00000000000000000000000000000000 

0x3070: and eax, 0xfffffffb
  rax=0x0000000000000000 rbx=0x0000000000000000 rcx=0x0000000000000048 rdx=0x0000000000000000
  rsi=0x0000000000000012 rdi=0x00000000000000c0 flags=0b000000000110
  xmm0=0x00000000000000000000000000000000 xmm1=0x00000000000000000000000000000000 
  xmm2=0x00000000000000000000000000000000 xmm3=0x00000000000000000000000000000000 
  xmm4=0x00000000000000000000000000000000 xmm5=0x00000000000000000000000000000000 
  xmm6=0x00000000000000000000000000000000 xmm7=0x00000000000000000000000000000000 

0x3073: and eax, 0xfffffeff
  rax=0x0000000000000000 rbx=0x0000000000000000 rcx=0x0000000000000048 rdx=0x0000000000000000
  rsi=0x0000000000000012 rdi=0x00000000000000c0 flags=0b000001000110
  xmm0=0x00000000000000000000000000000000 xmm1=0x00000000000000000000000000000000 
  xmm2=0x00000000000000000000000000000000 xmm3=0x00000000000000000000000000000000 
  xmm4=0x00000000000000000000000000000000 xmm5=0x00000000000000000000000000000000 
  xmm6=0x00000000000000000000000000000000 xmm7=0x00000000000000000000000000000000 

0x3078: wrmsr 
  rax=0x0000000000000000 rbx=0x0000000000000000 rcx=0x0000000000000048 rdx=0x0000000000000000
  rsi=0x0000000000000012 rdi=0x00000000000000c0 flags=0b000001000110
  xmm0=0x00000000000000000000000000000000 xmm1=0x00000000000000000000000000000000 
  xmm2=0x00000000000000000000000000000000 xmm3=0x00000000000000000000000000000000 
  xmm4=0x00000000000000000000000000000000 xmm5=0x00000000000000000000000000000000 
  xmm6=0x00000000000000000000000000000000 xmm7=0x00000000000000000000000000000000 

0x307a: mfence 
  rax=0x0000000000000000 rbx=0x0000000000000000 rcx=0x0000000000000048 rdx=0x0000000000000000
  rsi=0x0000000000000012 rdi=0x00000000000000c0 flags=0b000001000110
  xmm0=0x00000000000000000000000000000000 xmm1=0x00000000000000000000000000000000 
  xmm2=0x00000000000000000000000000000000 xmm3=0x00000000000000000000000000000000 
  xmm4=0x00000000000000000000000000000000 xmm5=0x00000000000000000000000000000000 
  xmm6=0x00000000000000000000000000000000 xmm7=0x00000000000000000000000000000000 

0x307d: lfence 
  rax=0x0000000000000000 rbx=0x0000000000000000 rcx=0x0000000000000048 rdx=0x0000000000000000
  rsi=0x0000000000000012 rdi=0x00000000000000c0 flags=0b000001000110
  xmm0=0x00000000000000000000000000000000 xmm1=0x00000000000000000000000000000000 
  xmm2=0x00000000000000000000000000000000 xmm3=0x00000000000000000000000000000000 
  xmm4=0x00000000000000000000000000000000 xmm5=0x00000000000000000000000000000000 
  xmm6=0x00000000000000000000000000000000 xmm7=0x00000000000000000000000000000000 

0x3080: pop rdx
  rax=0x0000000000000000 rbx=0x0000000000000000 rcx=0x0000000000000048 rdx=0x0000000000000000
  rsi=0x0000000000000012 rdi=0x00000000000000c0 flags=0b000001000110
  xmm0=0x00000000000000000000000000000000 xmm1=0x00000000000000000000000000000000 
  xmm2=0x00000000000000000000000000000000 xmm3=0x00000000000000000000000000000000 
  xmm4=0x00000000000000000000000000000000 xmm5=0x00000000000000000000000000000000 
  xmm6=0x00000000000000000000000000000000 xmm7=0x00000000000000000000000000000000 

    > load from +0x4fd8 value 0x0
0x3081: pop rcx
  rax=0x0000000000000000 rbx=0x0000000000000000 rcx=0x0000000000000048 rdx=0x0000000000000000
  rsi=0x0000000000000012 rdi=0x00000000000000c0 flags=0b000001000110
  xmm0=0x00000000000000000000000000000000 xmm1=0x00000000000000000000000000000000 
  xmm2=0x00000000000000000000000000000000 xmm3=0x00000000000000000000000000000000 
  xmm4=0x00000000000000000000000000000000 xmm5=0x00000000000000000000000000000000 
  xmm6=0x00000000000000000000000000000000 xmm7=0x00000000000000000000000000000000 

    > load from +0x4fe0 value 0xeab3
0x3082: pop rax
  rax=0x0000000000000000 rbx=0x0000000000000000 rcx=0x000000000000eab3 rdx=0x0000000000000000
  rsi=0x0000000000000012 rdi=0x00000000000000c0 flags=0b000001000110
  xmm0=0x00000000000000000000000000000000 xmm1=0x00000000000000000000000000000000 
  xmm2=0x00000000000000000000000000000000 xmm3=0x00000000000000000000000000000000 
  xmm4=0x00000000000000000000000000000000 xmm5=0x00000000000000000000000000000000 
  xmm6=0x00000000000000000000000000000000 xmm7=0x00000000000000000000000000000000 

    > load from +0x4fe8 value 0x8
0x3083: popfq 
  rax=0x0000000000000008 rbx=0x0000000000000000 rcx=0x000000000000eab3 rdx=0x0000000000000000
  rsi=0x0000000000000012 rdi=0x00000000000000c0 flags=0b000001000110
  xmm0=0x00000000000000000000000000000000 xmm1=0x00000000000000000000000000000000 
  xmm2=0x00000000000000000000000000000000 xmm3=0x00000000000000000000000000000000 
  xmm4=0x00000000000000000000000000000000 xmm5=0x00000000000000000000000000000000 
  xmm6=0x00000000000000000000000000000000 xmm7=0x00000000000000000000000000000000 

    > load from +0x4ff0 value 0x46
0x3084: macro .switch, .main.function_main_2
  rax=0x0000000000000008 rbx=0x0000000000000000 rcx=0x000000000000eab3 rdx=0x0000000000000000
  rsi=0x0000000000000012 rdi=0x00000000000000c0 flags=0b000001000110
  xmm0=0x00000000000000000000000000000000 xmm1=0x00000000000000000000000000000000 
  xmm2=0x00000000000000000000000000000000 xmm3=0x00000000000000000000000000000000 
  xmm4=0x00000000000000000000000000000000 xmm5=0x00000000000000000000000000000000 
  xmm6=0x00000000000000000000000000000000 xmm7=0x00000000000000000000000000000000 




                      ##### Input 16 #####

                     ##### Input 0 #####
0x0 : macro .switch, .actor2.function_actor2_0
  rax=0x0000000000000000 rbx=0x0000000000000000 rcx=0x0000000000000000 rdx=0x0000000000000000
  rsi=0x0000401200004012 rdi=0x0000000000000000 flags=0b000000000010
  xmm0=0x00000000000000000000000000000000 xmm1=0x00000000000000000000000000000000 
  xmm2=0x00000000000000000000000000000000 xmm3=0x00000000000000000000000000000000 
  xmm4=0x00000000000000000000000000000000 xmm5=0x00000000000000000000000000000000 
  xmm6=0x00000000000000000000000000000000 xmm7=0x00000000000000000000000000000000 

0x3000: pushfq 
  rax=0x0000000000000000 rbx=0x0000000000000000 rcx=0x0000000000000000 rdx=0x0000000000000000
  rsi=0x0000401200004012 rdi=0x0000000000000000 flags=0b000000000010
  xmm0=0x00000000000000000000000000000000 xmm1=0x00000000000000000000000000000000 
  xmm2=0x00000000000000000000000000000000 xmm3=0x00000000000000000000000000000000 
  xmm4=0x00000000000000000000000000000000 xmm5=0x00000000000000000000000000000000 
  xmm6=0x00000000000000000000000000000000 xmm7=0x00000000000000000000000000000000 

    > store to +0x4ff0 value 0x2
0x3001: push rax
  rax=0x0000000000000000 rbx=0x0000000000000000 rcx=0x0000000000000000 rdx=0x0000000000000000
  rsi=0x0000401200004012 rdi=0x0000000000000000 flags=0b000000000010
  xmm0=0x00000000000000000000000000000000 xmm1=0x00000000000000000000000000000000 
  xmm2=0x00000000000000000000000000000000 xmm3=0x00000000000000000000000000000000 
  xmm4=0x00000000000000000000000000000000 xmm5=0x00000000000000000000000000000000 
  xmm6=0x00000000000000000000000000000000 xmm7=0x00000000000000000000000000000000 

    > store to +0x4fe8 value 0x0
0x3002: push rcx
  rax=0x0000000000000000 rbx=0x0000000000000000 rcx=0x0000000000000000 rdx=0x0000000000000000
  rsi=0x0000401200004012 rdi=0x0000000000000000 flags=0b000000000010
  xmm0=0x00000000000000000000000000000000 xmm1=0x00000000000000000000000000000000 
  xmm2=0x00000000000000000000000000000000 xmm3=0x00000000000000000000000000000000 
  xmm4=0x00000000000000000000000000000000 xmm5=0x00000000000000000000000000000000 
  xmm6=0x00000000000000000000000000000000 xmm7=0x00000000000000000000000000000000 

    > store to +0x4fe0 value 0x0
0x3003: push rdx
  rax=0x0000000000000000 rbx=0x0000000000000000 rcx=0x0000000000000000 rdx=0x0000000000000000
  rsi=0x0000401200004012 rdi=0x0000000000000000 flags=0b000000000010
  xmm0=0x00000000000000000000000000000000 xmm1=0x00000000000000000000000000000000 
  xmm2=0x00000000000000000000000000000000 xmm3=0x00000000000000000000000000000000 
  xmm4=0x00000000000000000000000000000000 xmm5=0x00000000000000000000000000000000 
  xmm6=0x00000000000000000000000000000000 xmm7=0x00000000000000000000000000000000 

    > store to +0x4fd8 value 0x0
0x3004: mov ecx, 0x48
  rax=0x0000000000000000 rbx=0x0000000000000000 rcx=0x0000000000000000 rdx=0x0000000000000000
  rsi=0x0000401200004012 rdi=0x0000000000000000 flags=0b000000000010
  xmm0=0x00000000000000000000000000000000 xmm1=0x00000000000000000000000000000000 
  xmm2=0x00000000000000000000000000000000 xmm3=0x00000000000000000000000000000000 
  xmm4=0x00000000000000000000000000000000 xmm5=0x00000000000000000000000000000000 
  xmm6=0x00000000000000000000000000000000 xmm7=0x00000000000000000000000000000000 

0x3009: rdmsr 
  rax=0x0000000000000000 rbx=0x0000000000000000 rcx=0x0000000000000048 rdx=0x0000000000000000
  rsi=0x0000401200004012 rdi=0x0000000000000000 flags=0b000000000010
  xmm0=0x00000000000000000000000000000000 xmm1=0x00000000000000000000000000000000 
  xmm2=0x00000000000000000000000000000000 xmm3=0x00000000000000000000000000000000 
  xmm4=0x00000000000000000000000000000000 xmm5=0x00000000000000000000000000000000 
  xmm6=0x00000000000000000000000000000000 xmm7=0x00000000000000000000000000000000 

0x300b: and eax, 0xfffffffb
  rax=0x0000000000000000 rbx=0x0000000000000000 rcx=0x0000000000000048 rdx=0x0000000000000000
  rsi=0x0000401200004012 rdi=0x0000000000000000 flags=0b000000000010
  xmm0=0x00000000000000000000000000000000 xmm1=0x00000000000000000000000000000000 
  xmm2=0x00000000000000000000000000000000 xmm3=0x00000000000000000000000000000000 
  xmm4=0x00000000000000000000000000000000 xmm5=0x00000000000000000000000000000000 
  xmm6=0x00000000000000000000000000000000 xmm7=0x00000000000000000000000000000000 

0x300e: or eax, 0x100
  rax=0x0000000000000000 rbx=0x0000000000000000 rcx=0x0000000000000048 rdx=0x0000000000000000
  rsi=0x0000401200004012 rdi=0x0000000000000000 flags=0b000001000110
  xmm0=0x00000000000000000000000000000000 xmm1=0x00000000000000000000000000000000 
  xmm2=0x00000000000000000000000000000000 xmm3=0x00000000000000000000000000000000 
  xmm4=0x00000000000000000000000000000000 xmm5=0x00000000000000000000000000000000 
  xmm6=0x00000000000000000000000000000000 xmm7=0x00000000000000000000000000000000 

0x3013: wrmsr 
  rax=0x0000000000000100 rbx=0x0000000000000000 rcx=0x0000000000000048 rdx=0x0000000000000000
  rsi=0x0000401200004012 rdi=0x0000000000000000 flags=0b000000000110
  xmm0=0x00000000000000000000000000000000 xmm1=0x00000000000000000000000000000000 
  xmm2=0x00000000000000000000000000000000 xmm3=0x00000000000000000000000000000000 
  xmm4=0x00000000000000000000000000000000 xmm5=0x00000000000000000000000000000000 
  xmm6=0x00000000000000000000000000000000 xmm7=0x00000000000000000000000000000000 

0x3015: mfence 
  rax=0x0000000000000100 rbx=0x0000000000000000 rcx=0x0000000000000048 rdx=0x0000000000000000
  rsi=0x0000401200004012 rdi=0x0000000000000000 flags=0b000000000110
  xmm0=0x00000000000000000000000000000000 xmm1=0x00000000000000000000000000000000 
  xmm2=0x00000000000000000000000000000000 xmm3=0x00000000000000000000000000000000 
  xmm4=0x00000000000000000000000000000000 xmm5=0x00000000000000000000000000000000 
  xmm6=0x00000000000000000000000000000000 xmm7=0x00000000000000000000000000000000 

0x3018: lfence 
  rax=0x0000000000000100 rbx=0x0000000000000000 rcx=0x0000000000000048 rdx=0x0000000000000000
  rsi=0x0000401200004012 rdi=0x0000000000000000 flags=0b000000000110
  xmm0=0x00000000000000000000000000000000 xmm1=0x00000000000000000000000000000000 
  xmm2=0x00000000000000000000000000000000 xmm3=0x00000000000000000000000000000000 
  xmm4=0x00000000000000000000000000000000 xmm5=0x00000000000000000000000000000000 
  xmm6=0x00000000000000000000000000000000 xmm7=0x00000000000000000000000000000000 

0x301b: macro .measurement_start, .noarg
  rax=0x0000000000000100 rbx=0x0000000000000000 rcx=0x0000000000000048 rdx=0x0000000000000000
  rsi=0x0000401200004012 rdi=0x0000000000000000 flags=0b000000000110
  xmm0=0x00000000000000000000000000000000 xmm1=0x00000000000000000000000000000000 
  xmm2=0x00000000000000000000000000000000 xmm3=0x00000000000000000000000000000000 
  xmm4=0x00000000000000000000000000000000 xmm5=0x00000000000000000000000000000000 
  xmm6=0x00000000000000000000000000000000 xmm7=0x00000000000000000000000000000000 

0x3023: mov ecx, 0x48
  rax=0x0000000000000100 rbx=0x0000000000000000 rcx=0x0000000000000048 rdx=0x0000000000000000
  rsi=0x0000401200004012 rdi=0x0000000000000000 flags=0b000000000110
  xmm0=0x00000000000000000000000000000000 xmm1=0x00000000000000000000000000000000 
  xmm2=0x00000000000000000000000000000000 xmm3=0x00000000000000000000000000000000 
  xmm4=0x00000000000000000000000000000000 xmm5=0x00000000000000000000000000000000 
  xmm6=0x00000000000000000000000000000000 xmm7=0x00000000000000000000000000000000 

0x3028: rdmsr 
  rax=0x0000000000000100 rbx=0x0000000000000000 rcx=0x0000000000000048 rdx=0x0000000000000000
  rsi=0x0000401200004012 rdi=0x0000000000000000 flags=0b000000000110
  xmm0=0x00000000000000000000000000000000 xmm1=0x00000000000000000000000000000000 
  xmm2=0x00000000000000000000000000000000 xmm3=0x00000000000000000000000000000000 
  xmm4=0x00000000000000000000000000000000 xmm5=0x00000000000000000000000000000000 
  xmm6=0x00000000000000000000000000000000 xmm7=0x00000000000000000000000000000000 

0x302a: and eax, 0xfffffffb
  rax=0x0000000000000000 rbx=0x0000000000000000 rcx=0x0000000000000048 rdx=0x0000000000000000
  rsi=0x0000401200004012 rdi=0x0000000000000000 flags=0b000000000110
  xmm0=0x00000000000000000000000000000000 xmm1=0x00000000000000000000000000000000 
  xmm2=0x00000000000000000000000000000000 xmm3=0x00000000000000000000000000000000 
  xmm4=0x00000000000000000000000000000000 xmm5=0x00000000000000000000000000000000 
  xmm6=0x00000000000000000000000000000000 xmm7=0x00000000000000000000000000000000 

0x302d: and eax, 0xfffffeff
  rax=0x0000000000000000 rbx=0x0000000000000000 rcx=0x0000000000000048 rdx=0x0000000000000000
  rsi=0x0000401200004012 rdi=0x0000000000000000 flags=0b000001000110
  xmm0=0x00000000000000000000000000000000 xmm1=0x00000000000000000000000000000000 
  xmm2=0x00000000000000000000000000000000 xmm3=0x00000000000000000000000000000000 
  xmm4=0x00000000000000000000000000000000 xmm5=0x00000000000000000000000000000000 
  xmm6=0x00000000000000000000000000000000 xmm7=0x00000000000000000000000000000000 

0x3032: wrmsr 
  rax=0x0000000000000000 rbx=0x0000000000000000 rcx=0x0000000000000048 rdx=0x0000000000000000
  rsi=0x0000401200004012 rdi=0x0000000000000000 flags=0b000001000110
  xmm0=0x00000000000000000000000000000000 xmm1=0x00000000000000000000000000000000 
  xmm2=0x00000000000000000000000000000000 xmm3=0x00000000000000000000000000000000 
  xmm4=0x00000000000000000000000000000000 xmm5=0x00000000000000000000000000000000 
  xmm6=0x00000000000000000000000000000000 xmm7=0x00000000000000000000000000000000 

0x3034: mfence 
  rax=0x0000000000000000 rbx=0x0000000000000000 rcx=0x0000000000000048 rdx=0x0000000000000000
  rsi=0x0000401200004012 rdi=0x0000000000000000 flags=0b000001000110
  xmm0=0x00000000000000000000000000000000 xmm1=0x00000000000000000000000000000000 
  xmm2=0x00000000000000000000000000000000 xmm3=0x00000000000000000000000000000000 
  xmm4=0x00000000000000000000000000000000 xmm5=0x00000000000000000000000000000000 
  xmm6=0x00000000000000000000000000000000 xmm7=0x00000000000000000000000000000000 

0x3037: lfence 
  rax=0x0000000000000000 rbx=0x0000000000000000 rcx=0x0000000000000048 rdx=0x0000000000000000
  rsi=0x0000401200004012 rdi=0x0000000000000000 flags=0b000001000110
  xmm0=0x00000000000000000000000000000000 xmm1=0x00000000000000000000000000000000 
  xmm2=0x00000000000000000000000000000000 xmm3=0x00000000000000000000000000000000 
  xmm4=0x00000000000000000000000000000000 xmm5=0x00000000000000000000000000000000 
  xmm6=0x00000000000000000000000000000000 xmm7=0x00000000000000000000000000000000 

0x303a: pop rdx
  rax=0x0000000000000000 rbx=0x0000000000000000 rcx=0x0000000000000048 rdx=0x0000000000000000
  rsi=0x0000401200004012 rdi=0x0000000000000000 flags=0b000001000110
  xmm0=0x00000000000000000000000000000000 xmm1=0x00000000000000000000000000000000 
  xmm2=0x00000000000000000000000000000000 xmm3=0x00000000000000000000000000000000 
  xmm4=0x00000000000000000000000000000000 xmm5=0x00000000000000000000000000000000 
  xmm6=0x00000000000000000000000000000000 xmm7=0x00000000000000000000000000000000 

    > load from +0x4fd8 value 0x0
0x303b: pop rcx
  rax=0x0000000000000000 rbx=0x0000000000000000 rcx=0x0000000000000048 rdx=0x0000000000000000
  rsi=0x0000401200004012 rdi=0x0000000000000000 flags=0b000001000110
  xmm0=0x00000000000000000000000000000000 xmm1=0x00000000000000000000000000000000 
  xmm2=0x00000000000000000000000000000000 xmm3=0x00000000000000000000000000000000 
  xmm4=0x00000000000000000000000000000000 xmm5=0x00000000000000000000000000000000 
  xmm6=0x00000000000000000000000000000000 xmm7=0x00000000000000000000000000000000 

    > load from +0x4fe0 value 0x0
0x303c: pop rax
  rax=0x0000000000000000 rbx=0x0000000000000000 rcx=0x0000000000000000 rdx=0x0000000000000000
  rsi=0x0000401200004012 rdi=0x0000000000000000 flags=0b000001000110
  xmm0=0x00000000000000000000000000000000 xmm1=0x00000000000000000000000000000000 
  xmm2=0x00000000000000000000000000000000 xmm3=0x00000000000000000000000000000000 
  xmm4=0x00000000000000000000000000000000 xmm5=0x00000000000000000000000000000000 
  xmm6=0x00000000000000000000000000000000 xmm7=0x00000000000000000000000000000000 

    > load from +0x4fe8 value 0x0
0x303d: popfq 
  rax=0x0000000000000000 rbx=0x0000000000000000 rcx=0x0000000000000000 rdx=0x0000000000000000
  rsi=0x0000401200004012 rdi=0x0000000000000000 flags=0b000001000110
  xmm0=0x00000000000000000000000000000000 xmm1=0x00000000000000000000000000000000 
  xmm2=0x00000000000000000000000000000000 xmm3=0x00000000000000000000000000000000 
  xmm4=0x00000000000000000000000000000000 xmm5=0x00000000000000000000000000000000 
  xmm6=0x00000000000000000000000000000000 xmm7=0x00000000000000000000000000000000 

    > load from +0x4ff0 value 0x2
0x303e: macro .switch, .main.function_main_1
  rax=0x0000000000000000 rbx=0x0000000000000000 rcx=0x0000000000000000 rdx=0x0000000000000000
  rsi=0x0000401200004012 rdi=0x0000000000000000 flags=0b000000000010
  xmm0=0x00000000000000000000000000000000 xmm1=0x00000000000000000000000000000000 
  xmm2=0x00000000000000000000000000000000 xmm3=0x00000000000000000000000000000000 
  xmm4=0x00000000000000000000000000000000 xmm5=0x00000000000000000000000000000000 
  xmm6=0x00000000000000000000000000000000 xmm7=0x00000000000000000000000000000000 

0x8 : xor rax, rax
  rax=0x0000000000000000 rbx=0x0000000000000000 rcx=0x0000000000000000 rdx=0x0000000000000000
  rsi=0x0000401200004012 rdi=0x0000000000000000 flags=0b000000000010
  xmm0=0x00000000000000000000000000000000 xmm1=0x00000000000000000000000000000000 
  xmm2=0x00000000000000000000000000000000 xmm3=0x00000000000000000000000000000000 
  xmm4=0x00000000000000000000000000000000 xmm5=0x00000000000000000000000000000000 
  xmm6=0x00000000000000000000000000000000 xmm7=0x00000000000000000000000000000000 

0xb : mov rax, [r14 +0x2000]
  rax=0x0000000000000000 rbx=0x0000000000000000 rcx=0x0000000000000000 rdx=0x0000000000000000
  rsi=0x0000401200004012 rdi=0x0000000000000000 flags=0b000001000110
  xmm0=0x00000000000000000000000000000000 xmm1=0x00000000000000000000000000000000 
  xmm2=0x00000000000000000000000000000000 xmm3=0x00000000000000000000000000000000 
  xmm4=0x00000000000000000000000000000000 xmm5=0x00000000000000000000000000000000 
  xmm6=0x00000000000000000000000000000000 xmm7=0x00000000000000000000000000000000 

    > load from +0x2000 value 0x0
0x12: mov rbx, [r14 +0x2008]
  rax=0x0000000000000000 rbx=0x0000000000000000 rcx=0x0000000000000000 rdx=0x0000000000000000
  rsi=0x0000401200004012 rdi=0x0000000000000000 flags=0b000001000110
  xmm0=0x00000000000000000000000000000000 xmm1=0x00000000000000000000000000000000 
  xmm2=0x00000000000000000000000000000000 xmm3=0x00000000000000000000000000000000 
  xmm4=0x00000000000000000000000000000000 xmm5=0x00000000000000000000000000000000 
  xmm6=0x00000000000000000000000000000000 xmm7=0x00000000000000000000000000000000 

    > load from +0x2008 value 0x0
0x19: mov rcx, [r14 +0x2010]
  rax=0x0000000000000000 rbx=0x0000000000000000 rcx=0x0000000000000000 rdx=0x0000000000000000
  rsi=0x0000401200004012 rdi=0x0000000000000000 flags=0b000001000110
  xmm0=0x00000000000000000000000000000000 xmm1=0x00000000000000000000000000000000 
  xmm2=0x00000000000000000000000000000000 xmm3=0x00000000000000000000000000000000 
  xmm4=0x00000000000000000000000000000000 xmm5=0x00000000000000000000000000000000 
  xmm6=0x00000000000000000000000000000000 xmm7=0x00000000000000000000000000000000 

    > load from +0x2010 value 0x0
0x20: mov rdx, [r14 +0x2018]
  rax=0x0000000000000000 rbx=0x0000000000000000 rcx=0x0000000000000000 rdx=0x0000000000000000
  rsi=0x0000401200004012 rdi=0x0000000000000000 flags=0b000001000110
  xmm0=0x00000000000000000000000000000000 xmm1=0x00000000000000000000000000000000 
  xmm2=0x00000000000000000000000000000000 xmm3=0x00000000000000000000000000000000 
  xmm4=0x00000000000000000000000000000000 xmm5=0x00000000000000000000000000000000 
  xmm6=0x00000000000000000000000000000000 xmm7=0x00000000000000000000000000000000 

    > load from +0x2018 value 0x0
0x27: mov rsi, [r14 +0x2020]
  rax=0x0000000000000000 rbx=0x0000000000000000 rcx=0x0000000000000000 rdx=0x0000000000000000
  rsi=0x0000401200004012 rdi=0x0000000000000000 flags=0b000001000110
  xmm0=0x00000000000000000000000000000000 xmm1=0x00000000000000000000000000000000 
  xmm2=0x00000000000000000000000000000000 xmm3=0x00000000000000000000000000000000 
  xmm4=0x00000000000000000000000000000000 xmm5=0x00000000000000000000000000000000 
  xmm6=0x00000000000000000000000000000000 xmm7=0x00000000000000000000000000000000 

    > load from +0x2020 value 0x401200004012
0x2e: mov rdi, [r14 +0x2028]
  rax=0x0000000000000000 rbx=0x0000000000000000 rcx=0x0000000000000000 rdx=0x0000000000000000
  rsi=0x0000401200004012 rdi=0x0000000000000000 flags=0b000001000110
  xmm0=0x00000000000000000000000000000000 xmm1=0x00000000000000000000000000000000 
  xmm2=0x00000000000000000000000000000000 xmm3=0x00000000000000000000000000000000 
  xmm4=0x00000000000000000000000000000000 xmm5=0x00000000000000000000000000000000 
  xmm6=0x00000000000000000000000000000000 xmm7=0x00000000000000000000000000000000 

    > load from +0x2028 value 0x0
0x35: and rdi, 0b1111111111111
  rax=0x0000000000000000 rbx=0x0000000000000000 rcx=0x0000000000000000 rdx=0x0000000000000000
  rsi=0x0000401200004012 rdi=0x0000000000000000 flags=0b000001000110
  xmm0=0x00000000000000000000000000000000 xmm1=0x00000000000000000000000000000000 
  xmm2=0x00000000000000000000000000000000 xmm3=0x00000000000000000000000000000000 
  xmm4=0x00000000000000000000000000000000 xmm5=0x00000000000000000000000000000000 
  xmm6=0x00000000000000000000000000000000 xmm7=0x00000000000000000000000000000000 

0x3c: mov cx, [r14 +rdi]
  rax=0x0000000000000000 rbx=0x0000000000000000 rcx=0x0000000000000000 rdx=0x0000000000000000
  rsi=0x0000401200004012 rdi=0x0000000000000000 flags=0b000001000110
  xmm0=0x00000000000000000000000000000000 xmm1=0x00000000000000000000000000000000 
  xmm2=0x00000000000000000000000000000000 xmm3=0x00000000000000000000000000000000 
  xmm4=0x00000000000000000000000000000000 xmm5=0x00000000000000000000000000000000 
  xmm6=0x00000000000000000000000000000000 xmm7=0x00000000000000000000000000000000 

    > load from +0x0 value 0xeab3
0x41: and rsi, 0b1111111111111
  rax=0x0000000000000000 rbx=0x0000000000000000 rcx=0x000000000000eab3 rdx=0x0000000000000000
  rsi=0x0000401200004012 rdi=0x0000000000000000 flags=0b000001000110
  xmm0=0x00000000000000000000000000000000 xmm1=0x00000000000000000000000000000000 
  xmm2=0x00000000000000000000000000000000 xmm3=0x00000000000000000000000000000000 
  xmm4=0x00000000000000000000000000000000 xmm5=0x00000000000000000000000000000000 
  xmm6=0x00000000000000000000000000000000 xmm7=0x00000000000000000000000000000000 

0x48: mov rdi, [r14 +rsi]
  rax=0x0000000000000000 rbx=0x0000000000000000 rcx=0x000000000000eab3 rdx=0x0000000000000000
  rsi=0x0000000000000012 rdi=0x0000000000000000 flags=0b000000000110
  xmm0=0x00000000000000000000000000000000 xmm1=0x00000000000000000000000000000000 
  xmm2=0x00000000000000000000000000000000 xmm3=0x00000000000000000000000000000000 
  xmm4=0x00000000000000000000000000000000 xmm5=0x00000000000000000000000000000000 
  xmm6=0x00000000000000000000000000000000 xmm7=0x00000000000000000000000000000000 

    > load from +0x12 value 0x0
0x4c: and rdi, 0b1111111111111
  rax=0x0000000000000000 rbx=0x0000000000000000 rcx=0x000000000000eab3 rdx=0x0000000000000000
  rsi=0x0000000000000012 rdi=0x0000000000000000 flags=0b000000000110
  xmm0=0x00000000000000000000000000000000 xmm1=0x00000000000000000000000000000000 
  xmm2=0x00000000000000000000000000000000 xmm3=0x00000000000000000000000000000000 
  xmm4=0x00000000000000000000000000000000 xmm5=0x00000000000000000000000000000000 
  xmm6=0x00000000000000000000000000000000 xmm7=0x00000000000000000000000000000000 

0x53: mov [r14 +rdi], 0b1000
  rax=0x0000000000000000 rbx=0x0000000000000000 rcx=0x000000000000eab3 rdx=0x0000000000000000
  rsi=0x0000000000000012 rdi=0x0000000000000000 flags=0b000001000110
  xmm0=0x00000000000000000000000000000000 xmm1=0x00000000000000000000000000000000 
  xmm2=0x00000000000000000000000000000000 xmm3=0x00000000000000000000000000000000 
  xmm4=0x00000000000000000000000000000000 xmm5=0x00000000000000000000000000000000 
  xmm6=0x00000000000000000000000000000000 xmm7=0x00000000000000000000000000000000 

    > store to +0x0 value 0x8
0x5a: and dx, 0b11
  rax=0x0000000000000000 rbx=0x0000000000000000 rcx=0x000000000000eab3 rdx=0x0000000000000000
  rsi=0x0000000000000012 rdi=0x0000000000000000 flags=0b000001000110
  xmm0=0x00000000000000000000000000000000 xmm1=0x00000000000000000000000000000000 
  xmm2=0x00000000000000000000000000000000 xmm3=0x00000000000000000000000000000000 
  xmm4=0x00000000000000000000000000000000 xmm5=0x00000000000000000000000000000000 
  xmm6=0x00000000000000000000000000000000 xmm7=0x00000000000000000000000000000000 

0x5e: div [r14 +rdi]
  rax=0x0000000000000000 rbx=0x0000000000000000 rcx=0x000000000000eab3 rdx=0x0000000000000000
  rsi=0x0000000000000012 rdi=0x0000000000000000 flags=0b000001000110
  xmm0=0x00000000000000000000000000000000 xmm1=0x00000000000000000000000000000000 
  xmm2=0x00000000000000000000000000000000 xmm3=0x00000000000000000000000000000000 
  xmm4=0x00000000000000000000000000000000 xmm5=0x00000000000000000000000000000000 
  xmm6=0x00000000000000000000000000000000 xmm7=0x00000000000000000000000000000000 

    > load from +0x0 value 0x8
0x63: add dil, -56
  rax=0x0000000000000000 rbx=0x0000000000000000 rcx=0x000000000000eab3 rdx=0x0000000000000000
  rsi=0x0000000000000012 rdi=0x0000000000000000 flags=0b000001000110
  xmm0=0x00000000000000000000000000000000 xmm1=0x00000000000000000000000000000000 
  xmm2=0x00000000000000000000000000000000 xmm3=0x00000000000000000000000000000000 
  xmm4=0x00000000000000000000000000000000 xmm5=0x00000000000000000000000000000000 
  xmm6=0x00000000000000000000000000000000 xmm7=0x00000000000000000000000000000000 

0x67: mov rax, 0b1111111111111
  rax=0x0000000000000000 rbx=0x0000000000000000 rcx=0x000000000000eab3 rdx=0x0000000000000000
  rsi=0x0000000000000012 rdi=0x00000000000000c8 flags=0b000010000010
  xmm0=0x00000000000000000000000000000000 xmm1=0x00000000000000000000000000000000 
  xmm2=0x00000000000000000000000000000000 xmm3=0x00000000000000000000000000000000 
  xmm4=0x00000000000000000000000000000000 xmm5=0x00000000000000000000000000000000 
  xmm6=0x00000000000000000000000000000000 xmm7=0x00000000000000000000000000000000 

0x6e: and rbx, 0b1111111111111
  rax=0x0000000000001fff rbx=0x0000000000000000 rcx=0x000000000000eab3 rdx=0x0000000000000000
  rsi=0x0000000000000012 rdi=0x00000000000000c8 flags=0b000010000010
  xmm0=0x00000000000000000000000000000000 xmm1=0x00000000000000000000000000000000 
  xmm2=0x00000000000000000000000000000000 xmm3=0x00000000000000000000000000000000 
  xmm4=0x00000000000000000000000000000000 xmm5=0x00000000000000000000000000000000 
  xmm6=0x00000000000000000000000000000000 xmm7=0x00000000000000000000000000000000 

0x75: xor edi, [r14 +rbx]
  rax=0x0000000000001fff rbx=0x0000000000000000 rcx=0x000000000000eab3 rdx=0x0000000000000000
  rsi=0x0000000000000012 rdi=0x00000000000000c8 flags=0b000001000110
  xmm0=0x00000000000000000000000000000000 xmm1=0x00000000000000000000000000000000 
  xmm2=0x00000000000000000000000000000000 xmm3=0x00000000000000000000000000000000 
  xmm4=0x00000000000000000000000000000000 xmm5=0x00000000000000000000000000000000 
  xmm6=0x00000000000000000000000000000000 xmm7=0x00000000000000000000000000000000 

    > load from +0x0 value 0x8
0x79: and rdi, 0b1111111111111
  rax=0x0000000000001fff rbx=0x0000000000000000 rcx=0x000000000000eab3 rdx=0x0000000000000000
  rsi=0x0000000000000012 rdi=0x00000000000000c0 flags=0b000000000110
  xmm0=0x00000000000000000000000000000000 xmm1=0x00000000000000000000000000000000 
  xmm2=0x00000000000000000000000000000000 xmm3=0x00000000000000000000000000000000 
  xmm4=0x00000000000000000000000000000000 xmm5=0x00000000000000000000000000000000 
  xmm6=0x00000000000000000000000000000000 xmm7=0x00000000000000000000000000000000 

0x80: mul [r14 +rdi]
  rax=0x0000000000001fff rbx=0x0000000000000000 rcx=0x000000000000eab3 rdx=0x0000000000000000
  rsi=0x0000000000000012 rdi=0x00000000000000c0 flags=0b000000000110
  xmm0=0x00000000000000000000000000000000 xmm1=0x00000000000000000000000000000000 
  xmm2=0x00000000000000000000000000000000 xmm3=0x00000000000000000000000000000000 
  xmm4=0x00000000000000000000000000000000 xmm5=0x00000000000000000000000000000000 
  xmm6=0x00000000000000000000000000000000 xmm7=0x00000000000000000000000000000000 

    > load from +0xc0 value 0x0
0x85: and rdx, 0b1111111111111
  rax=0x0000000000000000 rbx=0x0000000000000000 rcx=0x000000000000eab3 rdx=0x0000000000000000
  rsi=0x0000000000000012 rdi=0x00000000000000c0 flags=0b000001000110
  xmm0=0x00000000000000000000000000000000 xmm1=0x00000000000000000000000000000000 
  xmm2=0x00000000000000000000000000000000 xmm3=0x00000000000000000000000000000000 
  xmm4=0x00000000000000000000000000000000 xmm5=0x00000000000000000000000000000000 
  xmm6=0x00000000000000000000000000000000 xmm7=0x00000000000000000000000000000000 

0x8c: mov ax, [r14 +rdx]
  rax=0x0000000000000000 rbx=0x0000000000000000 rcx=0x000000000000eab3 rdx=0x0000000000000000
  rsi=0x0000000000000012 rdi=0x00000000000000c0 flags=0b000001000110
  xmm0=0x00000000000000000000000000000000 xmm1=0x00000000000000000000000000000000 
  xmm2=0x00000000000000000000000000000000 xmm3=0x00000000000000000000000000000000 
  xmm4=0x00000000000000000000000000000000 xmm5=0x00000000000000000000000000000000 
  xmm6=0x00000000000000000000000000000000 xmm7=0x00000000000000000000000000000000 

    > load from +0x0 value 0x8
0x91: macro .switch, .actor2.function_actor2_1
  rax=0x0000000000000008 rbx=0x0000000000000000 rcx=0x000000000000eab3 rdx=0x0000000000000000
  rsi=0x0000000000000012 rdi=0x00000000000000c0 flags=0b000001000110
  xmm0=0x00000000000000000000000000000000 xmm1=0x00000000000000000000000000000000 
  xmm2=0x00000000000000000000000000000000 xmm3=0x00000000000000000000000000000000 
  xmm4=0x00000000000000000000000000000000 xmm5=0x00000000000000000000000000000000 
  xmm6=0x00000000000000000000000000000000 xmm7=0x00000000000000000000000000000000 

0x3046: pushfq 
  rax=0x0000000000000008 rbx=0x0000000000000000 rcx=0x000000000000eab3 rdx=0x0000000000000000
  rsi=0x0000000000000012 rdi=0x00000000000000c0 flags=0b000001000110
  xmm0=0x00000000000000000000000000000000 xmm1=0x00000000000000000000000000000000 
  xmm2=0x00000000000000000000000000000000 xmm3=0x00000000000000000000000000000000 
  xmm4=0x00000000000000000000000000000000 xmm5=0x00000000000000000000000000000000 
  xmm6=0x00000000000000000000000000000000 xmm7=0x00000000000000000000000000000000 

    > store to +0x4ff0 value 0x46
0x3047: push rax
  rax=0x0000000000000008 rbx=0x0000000000000000 rcx=0x000000000000eab3 rdx=0x0000000000000000
  rsi=0x0000000000000012 rdi=0x00000000000000c0 flags=0b000001000110
  xmm0=0x00000000000000000000000000000000 xmm1=0x00000000000000000000000000000000 
  xmm2=0x00000000000000000000000000000000 xmm3=0x00000000000000000000000000000000 
  xmm4=0x00000000000000000000000000000000 xmm5=0x00000000000000000000000000000000 
  xmm6=0x00000000000000000000000000000000 xmm7=0x00000000000000000000000000000000 

    > store to +0x4fe8 value 0x8
0x3048: push rcx
  rax=0x0000000000000008 rbx=0x0000000000000000 rcx=0x000000000000eab3 rdx=0x0000000000000000
  rsi=0x0000000000000012 rdi=0x00000000000000c0 flags=0b000001000110
  xmm0=0x00000000000000000000000000000000 xmm1=0x00000000000000000000000000000000 
  xmm2=0x00000000000000000000000000000000 xmm3=0x00000000000000000000000000000000 
  xmm4=0x00000000000000000000000000000000 xmm5=0x00000000000000000000000000000000 
  xmm6=0x00000000000000000000000000000000 xmm7=0x00000000000000000000000000000000 

    > store to +0x4fe0 value 0xeab3
0x3049: push rdx
  rax=0x0000000000000008 rbx=0x0000000000000000 rcx=0x000000000000eab3 rdx=0x0000000000000000
  rsi=0x0000000000000012 rdi=0x00000000000000c0 flags=0b000001000110
  xmm0=0x00000000000000000000000000000000 xmm1=0x00000000000000000000000000000000 
  xmm2=0x00000000000000000000000000000000 xmm3=0x00000000000000000000000000000000 
  xmm4=0x00000000000000000000000000000000 xmm5=0x00000000000000000000000000000000 
  xmm6=0x00000000000000000000000000000000 xmm7=0x00000000000000000000000000000000 

    > store to +0x4fd8 value 0x0
0x304a: mov ecx, 0x48
  rax=0x0000000000000008 rbx=0x0000000000000000 rcx=0x000000000000eab3 rdx=0x0000000000000000
  rsi=0x0000000000000012 rdi=0x00000000000000c0 flags=0b000001000110
  xmm0=0x00000000000000000000000000000000 xmm1=0x00000000000000000000000000000000 
  xmm2=0x00000000000000000000000000000000 xmm3=0x00000000000000000000000000000000 
  xmm4=0x00000000000000000000000000000000 xmm5=0x00000000000000000000000000000000 
  xmm6=0x00000000000000000000000000000000 xmm7=0x00000000000000000000000000000000 

0x304f: rdmsr 
  rax=0x0000000000000008 rbx=0x0000000000000000 rcx=0x0000000000000048 rdx=0x0000000000000000
  rsi=0x0000000000000012 rdi=0x00000000000000c0 flags=0b000001000110
  xmm0=0x00000000000000000000000000000000 xmm1=0x00000000000000000000000000000000 
  xmm2=0x00000000000000000000000000000000 xmm3=0x00000000000000000000000000000000 
  xmm4=0x00000000000000000000000000000000 xmm5=0x00000000000000000000000000000000 
  xmm6=0x00000000000000000000000000000000 xmm7=0x00000000000000000000000000000000 

0x3051: and eax, 0xfffffffb
  rax=0x0000000000000000 rbx=0x0000000000000000 rcx=0x0000000000000048 rdx=0x0000000000000000
  rsi=0x0000000000000012 rdi=0x00000000000000c0 flags=0b000001000110
  xmm0=0x00000000000000000000000000000000 xmm1=0x00000000000000000000000000000000 
  xmm2=0x00000000000000000000000000000000 xmm3=0x00000000000000000000000000000000 
  xmm4=0x00000000000000000000000000000000 xmm5=0x00000000000000000000000000000000 
  xmm6=0x00000000000000000000000000000000 xmm7=0x00000000000000000000000000000000 

0x3054: or eax, 0x100
  rax=0x0000000000000000 rbx=0x0000000000000000 rcx=0x0000000000000048 rdx=0x0000000000000000
  rsi=0x0000000000000012 rdi=0x00000000000000c0 flags=0b000001000110
  xmm0=0x00000000000000000000000000000000 xmm1=0x00000000000000000000000000000000 
  xmm2=0x00000000000000000000000000000000 xmm3=0x00000000000000000000000000000000 
  xmm4=0x00000000000000000000000000000000 xmm5=0x00000000000000000000000000000000 
  xmm6=0x00000000000000000000000000000000 xmm7=0x00000000000000000000000000000000 

0x3059: wrmsr 
  rax=0x0000000000000100 rbx=0x0000000000000000 rcx=0x0000000000000048 rdx=0x0000000000000000
  rsi=0x0000000000000012 rdi=0x00000000000000c0 flags=0b000000000110
  xmm0=0x00000000000000000000000000000000 xmm1=0x00000000000000000000000000000000 
  xmm2=0x00000000000000000000000000000000 xmm3=0x00000000000000000000000000000000 
  xmm4=0x00000000000000000000000000000000 xmm5=0x00000000000000000000000000000000 
  xmm6=0x00000000000000000000000000000000 xmm7=0x00000000000000000000000000000000 

0x305b: mfence 
  rax=0x0000000000000100 rbx=0x0000000000000000 rcx=0x0000000000000048 rdx=0x0000000000000000
  rsi=0x0000000000000012 rdi=0x00000000000000c0 flags=0b000000000110
  xmm0=0x00000000000000000000000000000000 xmm1=0x00000000000000000000000000000000 
  xmm2=0x00000000000000000000000000000000 xmm3=0x00000000000000000000000000000000 
  xmm4=0x00000000000000000000000000000000 xmm5=0x00000000000000000000000000000000 
  xmm6=0x00000000000000000000000000000000 xmm7=0x00000000000000000000000000000000 

0x305e: lfence 
  rax=0x0000000000000100 rbx=0x0000000000000000 rcx=0x0000000000000048 rdx=0x0000000000000000
  rsi=0x0000000000000012 rdi=0x00000000000000c0 flags=0b000000000110
  xmm0=0x00000000000000000000000000000000 xmm1=0x00000000000000000000000000000000 
  xmm2=0x00000000000000000000000000000000 xmm3=0x00000000000000000000000000000000 
  xmm4=0x00000000000000000000000000000000 xmm5=0x00000000000000000000000000000000 
  xmm6=0x00000000000000000000000000000000 xmm7=0x00000000000000000000000000000000 

0x3061: macro .measurement_end, .noarg
  rax=0x0000000000000100 rbx=0x0000000000000000 rcx=0x0000000000000048 rdx=0x0000000000000000
  rsi=0x0000000000000012 rdi=0x00000000000000c0 flags=0b000000000110
  xmm0=0x00000000000000000000000000000000 xmm1=0x00000000000000000000000000000000 
  xmm2=0x00000000000000000000000000000000 xmm3=0x00000000000000000000000000000000 
  xmm4=0x00000000000000000000000000000000 xmm5=0x00000000000000000000000000000000 
  xmm6=0x00000000000000000000000000000000 xmm7=0x00000000000000000000000000000000 

0x3069: mov ecx, 0x48
  rax=0x0000000000000100 rbx=0x0000000000000000 rcx=0x0000000000000048 rdx=0x0000000000000000
  rsi=0x0000000000000012 rdi=0x00000000000000c0 flags=0b000000000110
  xmm0=0x00000000000000000000000000000000 xmm1=0x00000000000000000000000000000000 
  xmm2=0x00000000000000000000000000000000 xmm3=0x00000000000000000000000000000000 
  xmm4=0x00000000000000000000000000000000 xmm5=0x00000000000000000000000000000000 
  xmm6=0x00000000000000000000000000000000 xmm7=0x00000000000000000000000000000000 

0x306e: rdmsr 
  rax=0x0000000000000100 rbx=0x0000000000000000 rcx=0x0000000000000048 rdx=0x0000000000000000
  rsi=0x0000000000000012 rdi=0x00000000000000c0 flags=0b000000000110
  xmm0=0x00000000000000000000000000000000 xmm1=0x00000000000000000000000000000000 
  xmm2=0x00000000000000000000000000000000 xmm3=0x00000000000000000000000000000000 
  xmm4=0x00000000000000000000000000000000 xmm5=0x00000000000000000000000000000000 
  xmm6=0x00000000000000000000000000000000 xmm7=0x00000000000000000000000000000000 

0x3070: and eax, 0xfffffffb
  rax=0x0000000000000000 rbx=0x0000000000000000 rcx=0x0000000000000048 rdx=0x0000000000000000
  rsi=0x0000000000000012 rdi=0x00000000000000c0 flags=0b000000000110
  xmm0=0x00000000000000000000000000000000 xmm1=0x00000000000000000000000000000000 
  xmm2=0x00000000000000000000000000000000 xmm3=0x00000000000000000000000000000000 
  xmm4=0x00000000000000000000000000000000 xmm5=0x00000000000000000000000000000000 
  xmm6=0x00000000000000000000000000000000 xmm7=0x00000000000000000000000000000000 

0x3073: and eax, 0xfffffeff
  rax=0x0000000000000000 rbx=0x0000000000000000 rcx=0x0000000000000048 rdx=0x0000000000000000
  rsi=0x0000000000000012 rdi=0x00000000000000c0 flags=0b000001000110
  xmm0=0x00000000000000000000000000000000 xmm1=0x00000000000000000000000000000000 
  xmm2=0x00000000000000000000000000000000 xmm3=0x00000000000000000000000000000000 
  xmm4=0x00000000000000000000000000000000 xmm5=0x00000000000000000000000000000000 
  xmm6=0x00000000000000000000000000000000 xmm7=0x00000000000000000000000000000000 

0x3078: wrmsr 
  rax=0x0000000000000000 rbx=0x0000000000000000 rcx=0x0000000000000048 rdx=0x0000000000000000
  rsi=0x0000000000000012 rdi=0x00000000000000c0 flags=0b000001000110
  xmm0=0x00000000000000000000000000000000 xmm1=0x00000000000000000000000000000000 
  xmm2=0x00000000000000000000000000000000 xmm3=0x00000000000000000000000000000000 
  xmm4=0x00000000000000000000000000000000 xmm5=0x00000000000000000000000000000000 
  xmm6=0x00000000000000000000000000000000 xmm7=0x00000000000000000000000000000000 

0x307a: mfence 
  rax=0x0000000000000000 rbx=0x0000000000000000 rcx=0x0000000000000048 rdx=0x0000000000000000
  rsi=0x0000000000000012 rdi=0x00000000000000c0 flags=0b000001000110
  xmm0=0x00000000000000000000000000000000 xmm1=0x00000000000000000000000000000000 
  xmm2=0x00000000000000000000000000000000 xmm3=0x00000000000000000000000000000000 
  xmm4=0x00000000000000000000000000000000 xmm5=0x00000000000000000000000000000000 
  xmm6=0x00000000000000000000000000000000 xmm7=0x00000000000000000000000000000000 

0x307d: lfence 
  rax=0x0000000000000000 rbx=0x0000000000000000 rcx=0x0000000000000048 rdx=0x0000000000000000
  rsi=0x0000000000000012 rdi=0x00000000000000c0 flags=0b000001000110
  xmm0=0x00000000000000000000000000000000 xmm1=0x00000000000000000000000000000000 
  xmm2=0x00000000000000000000000000000000 xmm3=0x00000000000000000000000000000000 
  xmm4=0x00000000000000000000000000000000 xmm5=0x00000000000000000000000000000000 
  xmm6=0x00000000000000000000000000000000 xmm7=0x00000000000000000000000000000000 

0x3080: pop rdx
  rax=0x0000000000000000 rbx=0x0000000000000000 rcx=0x0000000000000048 rdx=0x0000000000000000
  rsi=0x0000000000000012 rdi=0x00000000000000c0 flags=0b000001000110
  xmm0=0x00000000000000000000000000000000 xmm1=0x00000000000000000000000000000000 
  xmm2=0x00000000000000000000000000000000 xmm3=0x00000000000000000000000000000000 
  xmm4=0x00000000000000000000000000000000 xmm5=0x00000000000000000000000000000000 
  xmm6=0x00000000000000000000000000000000 xmm7=0x00000000000000000000000000000000 

    > load from +0x4fd8 value 0x0
0x3081: pop rcx
  rax=0x0000000000000000 rbx=0x0000000000000000 rcx=0x0000000000000048 rdx=0x0000000000000000
  rsi=0x0000000000000012 rdi=0x00000000000000c0 flags=0b000001000110
  xmm0=0x00000000000000000000000000000000 xmm1=0x00000000000000000000000000000000 
  xmm2=0x00000000000000000000000000000000 xmm3=0x00000000000000000000000000000000 
  xmm4=0x00000000000000000000000000000000 xmm5=0x00000000000000000000000000000000 
  xmm6=0x00000000000000000000000000000000 xmm7=0x00000000000000000000000000000000 

    > load from +0x4fe0 value 0xeab3
0x3082: pop rax
  rax=0x0000000000000000 rbx=0x0000000000000000 rcx=0x000000000000eab3 rdx=0x0000000000000000
  rsi=0x0000000000000012 rdi=0x00000000000000c0 flags=0b000001000110
  xmm0=0x00000000000000000000000000000000 xmm1=0x00000000000000000000000000000000 
  xmm2=0x00000000000000000000000000000000 xmm3=0x00000000000000000000000000000000 
  xmm4=0x00000000000000000000000000000000 xmm5=0x00000000000000000000000000000000 
  xmm6=0x00000000000000000000000000000000 xmm7=0x00000000000000000000000000000000 

    > load from +0x4fe8 value 0x8
0x3083: popfq 
  rax=0x0000000000000008 rbx=0x0000000000000000 rcx=0x000000000000eab3 rdx=0x0000000000000000
  rsi=0x0000000000000012 rdi=0x00000000000000c0 flags=0b000001000110
  xmm0=0x00000000000000000000000000000000 xmm1=0x00000000000000000000000000000000 
  xmm2=0x00000000000000000000000000000000 xmm3=0x00000000000000000000000000000000 
  xmm4=0x00000000000000000000000000000000 xmm5=0x00000000000000000000000000000000 
  xmm6=0x00000000000000000000000000000000 xmm7=0x00000000000000000000000000000000 

    > load from +0x4ff0 value 0x46
0x3084: macro .switch, .main.function_main_2
  rax=0x0000000000000008 rbx=0x0000000000000000 rcx=0x000000000000eab3 rdx=0x0000000000000000
  rsi=0x0000000000000012 rdi=0x00000000000000c0 flags=0b000001000110
  xmm0=0x00000000000000000000000000000000 xmm1=0x00000000000000000000000000000000 
  xmm2=0x00000000000000000000000000000000 xmm3=0x00000000000000000000000000000000 
  xmm4=0x00000000000000000000000000000000 xmm5=0x00000000000000000000000000000000 
  xmm6=0x00000000000000000000000000000000 xmm7=0x00000000000000000000000000000000 





Duration: 4.4
Finished at 10:55:52
