
WARNING: [fuzzer] Running in architectural mode. Contract violations can't be detected!

INFO: [fuzzer] Starting at 21:24:36

================================ Statistics ===================================

Test Cases: 1
Inputs per test case: 100.0
Violations: 0
Effectiveness: 
  Total Cls: 0.0
  Effective Cls: 0.0
Discarded Test Cases:
  Speculation Filter: 0
  Observation Filter: 0
  Fast Path: 0
  Max Nesting Check: 0
  Tainting Check: 0
  Early Priming Check: 0
  Large Sample Check: 0
  Priming Check: 0

Duration: 0.6
Finished at 21:24:37
