
INFO: [fuzzer] Starting at 14:32:12
> Entering slow path...> Priming  9             > Priming  8             > Priming  7             > Priming  6             > Priming  5             > Priming  4             
================================ Collected Traces =============================
- Input 0:
  HTr:
    ^^....^.^^.........^............................................ [256]
    ^^....^.^..........^............................................ [64]
  Feedback: [0 0 0 0 0]
- Input 1:
  HTr:
    ^^....^.^^.^.......^................................^........... [256]
    ^^....^.^^.........^................................^........... [64]
  Feedback: [0 0 0 0 0]
- Input 2:
  HTr:
    ^^....^^^^.........^............................................ [256]
    ^^....^^.^.........^............................................ [64]
  Feedback: [0 0 0 0 0]
- Input 3:
  HTr:
    ^^.^..^...^^.......^............................................ [320]
  Feedback: [0 0 0 0 0]
- Input 4:
  HTr:
    ^^^...^..^^........^........^................................... [320]
  Feedback: [0 0 0 0 0]
- Input 5:
  HTr:
    ^^....^.^^.........^............................................ [320]
  Feedback: [0 0 0 0 0]
- Input 6:
  HTr:
    ^^.^.^^....^.......^............................................ [226]
    ^^.^..^....^.......^............................................ [94]
  Feedback: [0 0 0 0 0]
- Input 7:
  HTr:
    ^^....^.^^.........^............................................ [320]
  Feedback: [0 0 0 0 0]
- Input 8:
  HTr:
    ^^....^..^^........^............................................ [320]
  Feedback: [0 0 0 0 0]
- Input 9:
  HTr:
    ^^....^^^..........^^........................................... [320]
  Feedback: [0 0 0 0 0]
- Input 10:
  HTr:
    ^^....^^.^.........^............................................ [320]
  Feedback: [0 0 0 0 0]
- Input 11:
  HTr:
    ^^....^.^..........^....^....................................... [233]
    ^^....^^^..........^....^....................................... [87]
  Feedback: [723 534  58   0   0]
- Input 12:
  HTr:
    ^^^...^..^^........^............................^............... [233]
    ^^^...^.^^^........^............................^............... [87]
  Feedback: [723 536  52   0   0]
- Input 13:
  HTr:
    ^^....^^^..........^............................................ [320]
  Feedback: [0 0 0 0 0]
- Input 14:
  HTr:
    ^^.^..^.^..^.......^^........................................... [320]
  Feedback: [0 0 0 0 0]
- Input 15:
  HTr:
    ^^....^^.^..^......^............................................ [320]
  Feedback: [0 0 0 0 0]
- Input 16:
  HTr:
    ^^....^.^^.........^............................................ [320]
  Feedback: [0 0 0 0 0]
- Input 17:
  HTr:
    ^^....^^^..........^....................................^....... [320]
  Feedback: [0 0 0 0 0]
- Input 18:
  HTr:
    ^^....^.^..........^............................................ [320]
  Feedback: [0 0 0 0 0]
- Input 19:
  HTr:
    ^^....^.^..........^....................................^....... [186]
    ^^...^^.^..........^....................................^....... [134]
  Feedback: [0 0 0 0 0]
- Input 20:
  HTr:
    ^^....^.^^.........^............................................ [320]
  Feedback: [0 0 0 0 0]
- Input 21:
  HTr:
    ^^^...^...^........^^........................................... [186]
    ^^^...^..^^........^^........................................... [134]
  Feedback: [0 0 0 0 0]
- Input 22:
  HTr:
    ^^....^.^^.........^............................................ [320]
  Feedback: [0 0 0 0 0]
- Input 23:
  HTr:
    ^^....^^^..........^^........................................... [320]
  Feedback: [0 0 0 0 0]
- Input 24:
  HTr:
    ^^^...^..^^........^............................................ [186]
    ^^^...^.^^^........^............................................ [134]
  Feedback: [0 0 0 0 0]
- Input 25:
  HTr:
    ^^^...^...^........^....................................^....... [320]
  Feedback: [0 0 0 0 0]
- Input 26:
  HTr:
    ^^^...^.^^^........^............................................ [320]
  Feedback: [0 0 0 0 0]
- Input 27:
  HTr:
    ^^....^.^^.........^........................................^... [320]
  Feedback: [0 0 0 0 0]
- Input 28:
  HTr:
    ^^^...^^^.^........^............................^............... [312]
    ^^^...^.^.^........^............................^............... [8]
  Feedback: [723 535  50   0   0]
- Input 29:
  HTr:
    ^^^...^.^^^........^............................................ [320]
  Feedback: [0 0 0 0 0]
- Input 30:
  HTr:
    ^^....^^^..........^............................................ [312]
    ^^....^.^..........^............................................ [5]
    ^^....^.^^.........^............................................ [3]
  Feedback: [723 535  49   0   0]
- Input 31:
  HTr:
    ^^.^..^.^^.^.......^............................................ [315]
    ^^.^..^..^.^.......^............................................ [5]
  Feedback: [0 0 0 0 0]
- Input 32:
  HTr:
    ^^....^^^^.........^....^....................................... [315]
    ^^....^.^^.........^....^....................................... [5]
  Feedback: [0 0 0 0 0]
- Input 33:
  HTr:
    ^^....^..^.........^........................................^... [317]
    ^^....^.^^.........^........................................^... [3]
  Feedback: [0 0 0 0 0]
- Input 34:
  HTr:
    ^^^...^..^^........^................^........................... [317]
    ^^^...^..^^^.......^................^........................... [3]
  Feedback: [0 0 0 0 0]
- Input 35:
  HTr:
    ^^.^..^.^..^.......^................^........................... [317]
    ^^.^..^.^^.^.......^................^........................... [3]
  Feedback: [0 0 0 0 0]
- Input 36:
  HTr:
    ^^....^.^^.........^............................................ [317]
    ^^....^.^^^........^............................................ [3]
  Feedback: [0 0 0 0 0]
- Input 37:
  HTr:
    ^^....^.^^.........^............................................ [320]
  Feedback: [0 0 0 0 0]
- Input 38:
  HTr:
    ^^....^.^.^........^............................................ [318]
    ^^....^.^..........^............................................ [2]
  Feedback: [0 0 0 0 0]
- Input 39:
  HTr:
    ^^....^.^.^^.......^............^............................... [318]
    ^^....^.^^^........^............^............................... [2]
  Feedback: [0 0 0 0 0]
- Input 40:
  HTr:
    ^^.^..^^...^.......^............................................ [320]
  Feedback: [0 0 0 0 0]
- Input 41:
  HTr:
    ^^^...^..^^........^............................................ [320]
  Feedback: [0 0 0 0 0]
- Input 42:
  HTr:
    ^^^.^.^.^.^........^............................................ [320]
  Feedback: [0 0 0 0 0]
- Input 43:
  HTr:
    ^^.^..^.^^.^.......^............................................ [202]
    ^^.^..^..^.^.......^............................................ [118]
  Feedback: [723 535  52   0   0]
- Input 44:
  HTr:
    ^^....^.^^..^......^............................................ [202]
    ^^....^.^...^......^............................................ [118]
  Feedback: [723 536  53   0   0]
- Input 45:
  HTr:
    ^^....^.^.^^.......^............^............................... [202]
    ^^....^.^.^........^............^............................... [118]
  Feedback: [723 535  51   0   0]
- Input 46:
  HTr:
    ^^....^.^^^........^........................^................... [202]
    ^^....^.^^.........^........................^................... [118]
  Feedback: [723 535  46   0   0]
- Input 47:
  HTr:
    ^^....^.^^.........^............................^............... [202]
    ^^....^.^..........^............................^............... [118]
  Feedback: [723 535  45   0   0]
- Input 48:
  HTr:
    ^^^.^.^.^.^........^............................................ [320]
  Feedback: [0 0 0 0 0]
- Input 49:
  HTr:
    ^^.^..^..^.^.......^............................................ [284]
    ^^.^..^..^^^.......^............................................ [36]
  Feedback: [0 0 0 0 0]
- Input 50:
  HTr:
    ^^....^.^^.........^............................................ [238]
    ^^....^.^..........^............................................ [82]
  Feedback: [0 0 0 0 0]
- Input 51:
  HTr:
    ^^....^.^^.^.......^................................^........... [202]
    ^^....^.^^.........^................................^........... [82]
    ^^....^.^^^........^................................^........... [36]
  Feedback: [0 0 0 0 0]
- Input 52:
  HTr:
    ^^....^^^^.........^............................................ [238]
    ^^....^^.^.........^............................................ [82]
  Feedback: [0 0 0 0 0]
- Input 53:
  HTr:
    ^^.^..^...^^.......^............................................ [320]
  Feedback: [0 0 0 0 0]
- Input 54:
  HTr:
    ^^^...^..^^........^........^................................... [320]
  Feedback: [0 0 0 0 0]
- Input 55:
  HTr:
    ^^....^.^^.........^............................................ [320]
  Feedback: [0 0 0 0 0]
- Input 56:
  HTr:
    ^^.^.^^....^.......^............................................ [320]
  Feedback: [0 0 0 0 0]
- Input 57:
  HTr:
    ^^....^.^^.........^............................................ [320]
  Feedback: [0 0 0 0 0]
- Input 58:
  HTr:
    ^^....^..^^........^............................................ [320]
  Feedback: [0 0 0 0 0]
- Input 59:
  HTr:
    ^^....^^^..........^^........................................... [320]
  Feedback: [0 0 0 0 0]
- Input 60:
  HTr:
    ^^....^^.^.........^............................................ [320]
  Feedback: [0 0 0 0 0]
- Input 61:
  HTr:
    ^^....^^^..........^....^....................................... [286]
    ^^....^.^..........^....^....................................... [34]
  Feedback: [723 535  53   0   0]
- Input 62:
  HTr:
    ^^^...^.^^^........^............................^............... [286]
    ^^^...^..^^........^............................^............... [34]
  Feedback: [723 535  51   0   0]
- Input 63:
  HTr:
    ^^....^^^..........^............................................ [320]
  Feedback: [0 0 0 0 0]
- Input 64:
  HTr:
    ^^.^..^.^..^.......^^........................................... [320]
  Feedback: [0 0 0 0 0]
- Input 65:
  HTr:
    ^^....^^.^..^......^............................................ [320]
  Feedback: [0 0 0 0 0]
- Input 66:
  HTr:
    ^^....^.^^.........^............................................ [320]
  Feedback: [0 0 0 0 0]
- Input 67:
  HTr:
    ^^....^^^..........^....................................^....... [320]
  Feedback: [0 0 0 0 0]
- Input 68:
  HTr:
    ^^....^.^..........^............................................ [320]
  Feedback: [0 0 0 0 0]
- Input 69:
  HTr:
    ^^....^.^..........^....................................^....... [272]
    ^^...^^.^..........^....................................^....... [48]
  Feedback: [0 0 0 0 0]
- Input 70:
  HTr:
    ^^....^.^^.........^............................................ [320]
  Feedback: [0 0 0 0 0]
- Input 71:
  HTr:
    ^^^...^...^........^^........................................... [272]
    ^^^...^..^^........^^........................................... [48]
  Feedback: [0 0 0 0 0]
- Input 72:
  HTr:
    ^^....^.^^.........^............................................ [320]
  Feedback: [0 0 0 0 0]
- Input 73:
  HTr:
    ^^....^^^..........^^........................................... [320]
  Feedback: [0 0 0 0 0]
- Input 74:
  HTr:
    ^^^...^..^^........^............................................ [272]
    ^^^...^.^^^........^............................................ [48]
  Feedback: [0 0 0 0 0]
- Input 75:
  HTr:
    ^^^...^...^........^....................................^....... [320]
  Feedback: [0 0 0 0 0]
- Input 76:
  HTr:
    ^^^...^.^^^........^............................................ [320]
  Feedback: [0 0 0 0 0]
- Input 77:
  HTr:
    ^^....^.^^.........^........................................^... [320]
  Feedback: [0 0 0 0 0]
- Input 78:
  HTr:
    ^^^...^.^.^........^............................^............... [238]
    ^^^...^^^.^........^............................^............... [82]
  Feedback: [723 535  50   0   0]
- Input 79:
  HTr:
    ^^^...^.^^^........^............................................ [320]
  Feedback: [0 0 0 0 0]
- Input 80:
  HTr:
    ^^....^.^^.........^............................................ [224]
    ^^....^^^..........^............................................ [82]
    ^^....^.^..........^............................................ [14]
  Feedback: [723 535  46   0   0]
- Input 81:
  HTr:
    ^^.^..^.^^.^.......^............................................ [232]
    ^^.^..^..^^^.......^............................................ [74]
    ^^.^..^..^.^.......^............................................ [14]
  Feedback: [0 0 0 0 0]
- Input 82:
  HTr:
    ^^....^^^^.........^....^....................................... [232]
    ^^....^.^^.^.......^....^....................................... [74]
    ^^....^.^^.........^....^....................................... [14]
  Feedback: [0 0 0 0 0]
- Input 83:
  HTr:
    ^^....^..^.........^........................................^... [306]
    ^^....^.^^.........^........................................^... [14]
  Feedback: [0 0 0 0 0]
- Input 84:
  HTr:
    ^^^...^..^^........^................^........................... [306]
    ^^^...^..^^^.......^................^........................... [14]
  Feedback: [0 0 0 0 0]
- Input 85:
  HTr:
    ^^.^..^.^..^.......^................^........................... [306]
    ^^.^..^.^^.^.......^................^........................... [14]
  Feedback: [0 0 0 0 0]
- Input 86:
  HTr:
    ^^....^.^^.........^............................................ [306]
    ^^....^.^^^........^............................................ [14]
  Feedback: [0 0 0 0 0]
- Input 87:
  HTr:
    ^^....^.^^.........^............................................ [320]
  Feedback: [0 0 0 0 0]
- Input 88:
  HTr:
    ^^....^.^.^........^............................................ [320]
  Feedback: [0 0 0 0 0]
- Input 89:
  HTr:
    ^^....^.^.^^.......^............^............................... [320]
  Feedback: [0 0 0 0 0]
- Input 90:
  HTr:
    ^^.^..^^...^.......^............................................ [320]
  Feedback: [0 0 0 0 0]
- Input 91:
  HTr:
    ^^^...^..^^........^............................................ [320]
  Feedback: [0 0 0 0 0]
- Input 92:
  HTr:
    ^^^.^.^.^.^........^............................................ [320]
  Feedback: [0 0 0 0 0]
- Input 93:
  HTr:
    ^^.^..^.^^.^.......^............................................ [320]
  Feedback: [723 535  62   0   0]
- Input 94:
  HTr:
    ^^....^.^^..^......^............................................ [320]
  Feedback: [723 535  50   0   0]
- Input 95:
  HTr:
    ^^....^.^.^^.......^............^............................... [320]
  Feedback: [723 535  50   0   0]
- Input 96:
  HTr:
    ^^....^.^^^........^........................^................... [320]
  Feedback: [723 535  49   0   0]
- Input 97:
  HTr:
    ^^....^.^^.........^............................^............... [320]
  Feedback: [723 535  46   0   0]
- Input 98:
  HTr:
    ^^^.^.^.^.^........^............................................ [320]
  Feedback: [0 0 0 0 0]
- Input 99:
  HTr:
    ^^.^..^..^.^.......^............................................ [320]
  Feedback: [0 0 0 0 0]


================================ Violations detected ==========================
Contract trace:
 9151009557321691474 (hash)
Hardware traces:
  Input group 1: [43]
  Input group 2: [93]
  ^^.^..^.^^.^.......^............................................ [202    | 320   ]
  ^^.^..^..^.^.......^............................................ [118    | 0     ]

================================ Violation Traces =============================
                      ##### Input 43 #####

                     ##### Input 0 #####
0x0 : and rdi, 0b1111111111000
  rax=0x0000310f0000310f rbx=0x0000445f0000445f rcx=0x000088a7000088a7 rdx=0x0000e05e0000e05e
  rsi=0x0000d8e50000d8e5 rdi=0x0000c11e0000c11e flags=0b000000000111
  xmm0=0xc4ed0000c4ed000006ea000006ea xmm1=0xfbf00000fbf0000198600001986 
  xmm2=0xe10b0000e10b0000978900009789 xmm3=0x4d5700004d570000116000001160 
  xmm4=0x4d5b00004d5b00006cfe00006cfe xmm5=0x7518000075180000e3230000e323 
  xmm6=0xd0ce0000d0ce0000a4e30000a4e3 xmm7=0xf9220000f9220000b0c80000b0c8 

0x7 : lock xadd [r14 +rdi], dl
  rax=0x0000310f0000310f rbx=0x0000445f0000445f rcx=0x000088a7000088a7 rdx=0x0000e05e0000e05e
  rsi=0x0000d8e50000d8e5 rdi=0x0000000000000118 flags=0b000000000110
  xmm0=0xc4ed0000c4ed000006ea000006ea xmm1=0xfbf00000fbf0000198600001986 
  xmm2=0xe10b0000e10b0000978900009789 xmm3=0x4d5700004d570000116000001160 
  xmm4=0x4d5b00004d5b00006cfe00006cfe xmm5=0x7518000075180000e3230000e323 
  xmm6=0xd0ce0000d0ce0000a4e30000a4e3 xmm7=0xf9220000f9220000b0c80000b0c8 

    > load from +0x118 value 0xd5
    > store to +0x118 value 0x33
0xd : and rdx, 0b1111111111000
  rax=0x0000310f0000310f rbx=0x0000445f0000445f rcx=0x000088a7000088a7 rdx=0x0000e05e0000e0d5
  rsi=0x0000d8e50000d8e5 rdi=0x0000000000000118 flags=0b000000010111
  xmm0=0xc4ed0000c4ed000006ea000006ea xmm1=0xfbf00000fbf0000198600001986 
  xmm2=0xe10b0000e10b0000978900009789 xmm3=0x4d5700004d570000116000001160 
  xmm4=0x4d5b00004d5b00006cfe00006cfe xmm5=0x7518000075180000e3230000e323 
  xmm6=0xd0ce0000d0ce0000a4e30000a4e3 xmm7=0xf9220000f9220000b0c80000b0c8 

0x14: lock sub [r14 +rdx], dl
  rax=0x0000310f0000310f rbx=0x0000445f0000445f rcx=0x000088a7000088a7 rdx=0x00000000000000d0
  rsi=0x0000d8e50000d8e5 rdi=0x0000000000000118 flags=0b000000000010
  xmm0=0xc4ed0000c4ed000006ea000006ea xmm1=0xfbf00000fbf0000198600001986 
  xmm2=0xe10b0000e10b0000978900009789 xmm3=0x4d5700004d570000116000001160 
  xmm4=0x4d5b00004d5b00006cfe00006cfe xmm5=0x7518000075180000e3230000e323 
  xmm6=0xd0ce0000d0ce0000a4e30000a4e3 xmm7=0xf9220000f9220000b0c80000b0c8 

    > load from +0xd0 value 0xd0
    > store to +0xd0 value 0x0
0x19: dec bl
  rax=0x0000310f0000310f rbx=0x0000445f0000445f rcx=0x000088a7000088a7 rdx=0x00000000000000d0
  rsi=0x0000d8e50000d8e5 rdi=0x0000000000000118 flags=0b000001000110
  xmm0=0xc4ed0000c4ed000006ea000006ea xmm1=0xfbf00000fbf0000198600001986 
  xmm2=0xe10b0000e10b0000978900009789 xmm3=0x4d5700004d570000116000001160 
  xmm4=0x4d5b00004d5b00006cfe00006cfe xmm5=0x7518000075180000e3230000e323 
  xmm6=0xd0ce0000d0ce0000a4e30000a4e3 xmm7=0xf9220000f9220000b0c80000b0c8 

0x1b: setnle cl
  rax=0x0000310f0000310f rbx=0x0000445f0000445e rcx=0x000088a7000088a7 rdx=0x00000000000000d0
  rsi=0x0000d8e50000d8e5 rdi=0x0000000000000118 flags=0b000000000010
  xmm0=0xc4ed0000c4ed000006ea000006ea xmm1=0xfbf00000fbf0000198600001986 
  xmm2=0xe10b0000e10b0000978900009789 xmm3=0x4d5700004d570000116000001160 
  xmm4=0x4d5b00004d5b00006cfe00006cfe xmm5=0x7518000075180000e3230000e323 
  xmm6=0xd0ce0000d0ce0000a4e30000a4e3 xmm7=0xf9220000f9220000b0c80000b0c8 

0x1e: and rsi, 0b1111111111111
  rax=0x0000310f0000310f rbx=0x0000445f0000445e rcx=0x000088a700008801 rdx=0x00000000000000d0
  rsi=0x0000d8e50000d8e5 rdi=0x0000000000000118 flags=0b000000000010
  xmm0=0xc4ed0000c4ed000006ea000006ea xmm1=0xfbf00000fbf0000198600001986 
  xmm2=0xe10b0000e10b0000978900009789 xmm3=0x4d5700004d570000116000001160 
  xmm4=0x4d5b00004d5b00006cfe00006cfe xmm5=0x7518000075180000e3230000e323 
  xmm6=0xd0ce0000d0ce0000a4e30000a4e3 xmm7=0xf9220000f9220000b0c80000b0c8 

0x25: movzx rsi, [r14 +rsi]
  rax=0x0000310f0000310f rbx=0x0000445f0000445e rcx=0x000088a700008801 rdx=0x00000000000000d0
  rsi=0x00000000000018e5 rdi=0x0000000000000118 flags=0b000000000010
  xmm0=0xc4ed0000c4ed000006ea000006ea xmm1=0xfbf00000fbf0000198600001986 
  xmm2=0xe10b0000e10b0000978900009789 xmm3=0x4d5700004d570000116000001160 
  xmm4=0x4d5b00004d5b00006cfe00006cfe xmm5=0x7518000075180000e3230000e323 
  xmm6=0xd0ce0000d0ce0000a4e30000a4e3 xmm7=0xf9220000f9220000b0c80000b0c8 

    > load from +0x18e5 value 0x93
0x2a: mov bl, 0
  rax=0x0000310f0000310f rbx=0x0000445f0000445e rcx=0x000088a700008801 rdx=0x00000000000000d0
  rsi=0x0000000000000093 rdi=0x0000000000000118 flags=0b000000000010
  xmm0=0xc4ed0000c4ed000006ea000006ea xmm1=0xfbf00000fbf0000198600001986 
  xmm2=0xe10b0000e10b0000978900009789 xmm3=0x4d5700004d570000116000001160 
  xmm4=0x4d5b00004d5b00006cfe00006cfe xmm5=0x7518000075180000e3230000e323 
  xmm6=0xd0ce0000d0ce0000a4e30000a4e3 xmm7=0xf9220000f9220000b0c80000b0c8 

0x2c: and rdi, 0b1111111111111
  rax=0x0000310f0000310f rbx=0x0000445f00004400 rcx=0x000088a700008801 rdx=0x00000000000000d0
  rsi=0x0000000000000093 rdi=0x0000000000000118 flags=0b000000000010
  xmm0=0xc4ed0000c4ed000006ea000006ea xmm1=0xfbf00000fbf0000198600001986 
  xmm2=0xe10b0000e10b0000978900009789 xmm3=0x4d5700004d570000116000001160 
  xmm4=0x4d5b00004d5b00006cfe00006cfe xmm5=0x7518000075180000e3230000e323 
  xmm6=0xd0ce0000d0ce0000a4e30000a4e3 xmm7=0xf9220000f9220000b0c80000b0c8 

0x33: sets [r14 +rdi]
  rax=0x0000310f0000310f rbx=0x0000445f00004400 rcx=0x000088a700008801 rdx=0x00000000000000d0
  rsi=0x0000000000000093 rdi=0x0000000000000118 flags=0b000000000110
  xmm0=0xc4ed0000c4ed000006ea000006ea xmm1=0xfbf00000fbf0000198600001986 
  xmm2=0xe10b0000e10b0000978900009789 xmm3=0x4d5700004d570000116000001160 
  xmm4=0x4d5b00004d5b00006cfe00006cfe xmm5=0x7518000075180000e3230000e323 
  xmm6=0xd0ce0000d0ce0000a4e30000a4e3 xmm7=0xf9220000f9220000b0c80000b0c8 

    > store to +0x118 value 0x0
0x38: and rdx, 0b1111111111000
  rax=0x0000310f0000310f rbx=0x0000445f00004400 rcx=0x000088a700008801 rdx=0x00000000000000d0
  rsi=0x0000000000000093 rdi=0x0000000000000118 flags=0b000000000110
  xmm0=0xc4ed0000c4ed000006ea000006ea xmm1=0xfbf00000fbf0000198600001986 
  xmm2=0xe10b0000e10b0000978900009789 xmm3=0x4d5700004d570000116000001160 
  xmm4=0x4d5b00004d5b00006cfe00006cfe xmm5=0x7518000075180000e3230000e323 
  xmm6=0xd0ce0000d0ce0000a4e30000a4e3 xmm7=0xf9220000f9220000b0c80000b0c8 

0x3f: lock dec [r14 +rdx]
  rax=0x0000310f0000310f rbx=0x0000445f00004400 rcx=0x000088a700008801 rdx=0x00000000000000d0
  rsi=0x0000000000000093 rdi=0x0000000000000118 flags=0b000000000010
  xmm0=0xc4ed0000c4ed000006ea000006ea xmm1=0xfbf00000fbf0000198600001986 
  xmm2=0xe10b0000e10b0000978900009789 xmm3=0x4d5700004d570000116000001160 
  xmm4=0x4d5b00004d5b00006cfe00006cfe xmm5=0x7518000075180000e3230000e323 
  xmm6=0xd0ce0000d0ce0000a4e30000a4e3 xmm7=0xf9220000f9220000b0c80000b0c8 

    > load from +0xd0 value 0xad000000a00
    > store to +0xd0 value 0xad0000009ff
0x44: movsx rax, dx
  rax=0x0000310f0000310f rbx=0x0000445f00004400 rcx=0x000088a700008801 rdx=0x00000000000000d0
  rsi=0x0000000000000093 rdi=0x0000000000000118 flags=0b000000010110
  xmm0=0xc4ed0000c4ed000006ea000006ea xmm1=0xfbf00000fbf0000198600001986 
  xmm2=0xe10b0000e10b0000978900009789 xmm3=0x4d5700004d570000116000001160 
  xmm4=0x4d5b00004d5b00006cfe00006cfe xmm5=0x7518000075180000e3230000e323 
  xmm6=0xd0ce0000d0ce0000a4e30000a4e3 xmm7=0xf9220000f9220000b0c80000b0c8 

0x48: and rdx, 0b1111111111111
  rax=0x00000000000000d0 rbx=0x0000445f00004400 rcx=0x000088a700008801 rdx=0x00000000000000d0
  rsi=0x0000000000000093 rdi=0x0000000000000118 flags=0b000000010110
  xmm0=0xc4ed0000c4ed000006ea000006ea xmm1=0xfbf00000fbf0000198600001986 
  xmm2=0xe10b0000e10b0000978900009789 xmm3=0x4d5700004d570000116000001160 
  xmm4=0x4d5b00004d5b00006cfe00006cfe xmm5=0x7518000075180000e3230000e323 
  xmm6=0xd0ce0000d0ce0000a4e30000a4e3 xmm7=0xf9220000f9220000b0c80000b0c8 

0x4f: mov [r14 +rdx], sil
  rax=0x00000000000000d0 rbx=0x0000445f00004400 rcx=0x000088a700008801 rdx=0x00000000000000d0
  rsi=0x0000000000000093 rdi=0x0000000000000118 flags=0b000000000010
  xmm0=0xc4ed0000c4ed000006ea000006ea xmm1=0xfbf00000fbf0000198600001986 
  xmm2=0xe10b0000e10b0000978900009789 xmm3=0x4d5700004d570000116000001160 
  xmm4=0x4d5b00004d5b00006cfe00006cfe xmm5=0x7518000075180000e3230000e323 
  xmm6=0xd0ce0000d0ce0000a4e30000a4e3 xmm7=0xf9220000f9220000b0c80000b0c8 

    > store to +0xd0 value 0x93
0x53: and rsi, 0b1111111111111
  rax=0x00000000000000d0 rbx=0x0000445f00004400 rcx=0x000088a700008801 rdx=0x00000000000000d0
  rsi=0x0000000000000093 rdi=0x0000000000000118 flags=0b000000000010
  xmm0=0xc4ed0000c4ed000006ea000006ea xmm1=0xfbf00000fbf0000198600001986 
  xmm2=0xe10b0000e10b0000978900009789 xmm3=0x4d5700004d570000116000001160 
  xmm4=0x4d5b00004d5b00006cfe00006cfe xmm5=0x7518000075180000e3230000e323 
  xmm6=0xd0ce0000d0ce0000a4e30000a4e3 xmm7=0xf9220000f9220000b0c80000b0c8 

0x5a: add [r14 +rsi], rdx
  rax=0x00000000000000d0 rbx=0x0000445f00004400 rcx=0x000088a700008801 rdx=0x00000000000000d0
  rsi=0x0000000000000093 rdi=0x0000000000000118 flags=0b000000000110
  xmm0=0xc4ed0000c4ed000006ea000006ea xmm1=0xfbf00000fbf0000198600001986 
  xmm2=0xe10b0000e10b0000978900009789 xmm3=0x4d5700004d570000116000001160 
  xmm4=0x4d5b00004d5b00006cfe00006cfe xmm5=0x7518000075180000e3230000e323 
  xmm6=0xd0ce0000d0ce0000a4e30000a4e3 xmm7=0xf9220000f9220000b0c80000b0c8 

    > load from +0x93 value 0xfff70000318700
    > store to +0x93 value 0xfff700003187d0
0x5e: lfence 
  rax=0x00000000000000d0 rbx=0x0000445f00004400 rcx=0x000088a700008801 rdx=0x00000000000000d0
  rsi=0x0000000000000093 rdi=0x0000000000000118 flags=0b000000000010
  xmm0=0xc4ed0000c4ed000006ea000006ea xmm1=0xfbf00000fbf0000198600001986 
  xmm2=0xe10b0000e10b0000978900009789 xmm3=0x4d5700004d570000116000001160 
  xmm4=0x4d5b00004d5b00006cfe00006cfe xmm5=0x7518000075180000e3230000e323 
  xmm6=0xd0ce0000d0ce0000a4e30000a4e3 xmm7=0xf9220000f9220000b0c80000b0c8 

0x61: sub edi, -95
  rax=0x00000000000000d0 rbx=0x0000445f00004400 rcx=0x000088a700008801 rdx=0x00000000000000d0
  rsi=0x0000000000000093 rdi=0x0000000000000118 flags=0b000000000010
  xmm0=0xc4ed0000c4ed000006ea000006ea xmm1=0xfbf00000fbf0000198600001986 
  xmm2=0xe10b0000e10b0000978900009789 xmm3=0x4d5700004d570000116000001160 
  xmm4=0x4d5b00004d5b00006cfe00006cfe xmm5=0x7518000075180000e3230000e323 
  xmm6=0xd0ce0000d0ce0000a4e30000a4e3 xmm7=0xf9220000f9220000b0c80000b0c8 

0x64: add dil, 67
  rax=0x00000000000000d0 rbx=0x0000445f00004400 rcx=0x000088a700008801 rdx=0x00000000000000d0
  rsi=0x0000000000000093 rdi=0x0000000000000177 flags=0b000000000111
  xmm0=0xc4ed0000c4ed000006ea000006ea xmm1=0xfbf00000fbf0000198600001986 
  xmm2=0xe10b0000e10b0000978900009789 xmm3=0x4d5700004d570000116000001160 
  xmm4=0x4d5b00004d5b00006cfe00006cfe xmm5=0x7518000075180000e3230000e323 
  xmm6=0xd0ce0000d0ce0000a4e30000a4e3 xmm7=0xf9220000f9220000b0c80000b0c8 

0x68: and rdi, 0b1111111111111
  rax=0x00000000000000d0 rbx=0x0000445f00004400 rcx=0x000088a700008801 rdx=0x00000000000000d0
  rsi=0x0000000000000093 rdi=0x00000000000001ba flags=0b100010000010
  xmm0=0xc4ed0000c4ed000006ea000006ea xmm1=0xfbf00000fbf0000198600001986 
  xmm2=0xe10b0000e10b0000978900009789 xmm3=0x4d5700004d570000116000001160 
  xmm4=0x4d5b00004d5b00006cfe00006cfe xmm5=0x7518000075180000e3230000e323 
  xmm6=0xd0ce0000d0ce0000a4e30000a4e3 xmm7=0xf9220000f9220000b0c80000b0c8 

0x6f: lfence 
  rax=0x00000000000000d0 rbx=0x0000445f00004400 rcx=0x000088a700008801 rdx=0x00000000000000d0
  rsi=0x0000000000000093 rdi=0x00000000000001ba flags=0b000000000010
  xmm0=0xc4ed0000c4ed000006ea000006ea xmm1=0xfbf00000fbf0000198600001986 
  xmm2=0xe10b0000e10b0000978900009789 xmm3=0x4d5700004d570000116000001160 
  xmm4=0x4d5b00004d5b00006cfe00006cfe xmm5=0x7518000075180000e3230000e323 
  xmm6=0xd0ce0000d0ce0000a4e30000a4e3 xmm7=0xf9220000f9220000b0c80000b0c8 

0x72: mov rdi, [r14 +rdi]
  rax=0x00000000000000d0 rbx=0x0000445f00004400 rcx=0x000088a700008801 rdx=0x00000000000000d0
  rsi=0x0000000000000093 rdi=0x00000000000001ba flags=0b000000000010
  xmm0=0xc4ed0000c4ed000006ea000006ea xmm1=0xfbf00000fbf0000198600001986 
  xmm2=0xe10b0000e10b0000978900009789 xmm3=0x4d5700004d570000116000001160 
  xmm4=0x4d5b00004d5b00006cfe00006cfe xmm5=0x7518000075180000e3230000e323 
  xmm6=0xd0ce0000d0ce0000a4e30000a4e3 xmm7=0xf9220000f9220000b0c80000b0c8 

    > load from +0x1ba value 0xd05300007ef80000
0x76: lfence 
  rax=0x00000000000000d0 rbx=0x0000445f00004400 rcx=0x000088a700008801 rdx=0x00000000000000d0
  rsi=0x0000000000000093 rdi=0xd05300007ef80000 flags=0b000000000010
  xmm0=0xc4ed0000c4ed000006ea000006ea xmm1=0xfbf00000fbf0000198600001986 
  xmm2=0xe10b0000e10b0000978900009789 xmm3=0x4d5700004d570000116000001160 
  xmm4=0x4d5b00004d5b00006cfe00006cfe xmm5=0x7518000075180000e3230000e323 
  xmm6=0xd0ce0000d0ce0000a4e30000a4e3 xmm7=0xf9220000f9220000b0c80000b0c8 

0x79: mov dil, 124
  rax=0x00000000000000d0 rbx=0x0000445f00004400 rcx=0x000088a700008801 rdx=0x00000000000000d0
  rsi=0x0000000000000093 rdi=0xd05300007ef80000 flags=0b000000000010
  xmm0=0xc4ed0000c4ed000006ea000006ea xmm1=0xfbf00000fbf0000198600001986 
  xmm2=0xe10b0000e10b0000978900009789 xmm3=0x4d5700004d570000116000001160 
  xmm4=0x4d5b00004d5b00006cfe00006cfe xmm5=0x7518000075180000e3230000e323 
  xmm6=0xd0ce0000d0ce0000a4e30000a4e3 xmm7=0xf9220000f9220000b0c80000b0c8 

0x7c: macro .switch, .actor2.function_actor2_0
  rax=0x00000000000000d0 rbx=0x0000445f00004400 rcx=0x000088a700008801 rdx=0x00000000000000d0
  rsi=0x0000000000000093 rdi=0xd05300007ef8007c flags=0b000000000010
  xmm0=0xc4ed0000c4ed000006ea000006ea xmm1=0xfbf00000fbf0000198600001986 
  xmm2=0xe10b0000e10b0000978900009789 xmm3=0x4d5700004d570000116000001160 
  xmm4=0x4d5b00004d5b00006cfe00006cfe xmm5=0x7518000075180000e3230000e323 
  xmm6=0xd0ce0000d0ce0000a4e30000a4e3 xmm7=0xf9220000f9220000b0c80000b0c8 

0x3000: add sil, 29
  rax=0x00000000000000d0 rbx=0x0000445f00004400 rcx=0x000088a700008801 rdx=0x00000000000000d0
  rsi=0x0000000000000093 rdi=0xd05300007ef8007c flags=0b000000000010
  xmm0=0xc4ed0000c4ed000006ea000006ea xmm1=0xfbf00000fbf0000198600001986 
  xmm2=0xe10b0000e10b0000978900009789 xmm3=0x4d5700004d570000116000001160 
  xmm4=0x4d5b00004d5b00006cfe00006cfe xmm5=0x7518000075180000e3230000e323 
  xmm6=0xd0ce0000d0ce0000a4e30000a4e3 xmm7=0xf9220000f9220000b0c80000b0c8 

0x3004: mov ecx, 0x1a4
  rax=0x00000000000000d0 rbx=0x0000445f00004400 rcx=0x000088a700008801 rdx=0x00000000000000d0
  rsi=0x00000000000000b0 rdi=0xd05300007ef8007c flags=0b000010010010
  xmm0=0xc4ed0000c4ed000006ea000006ea xmm1=0xfbf00000fbf0000198600001986 
  xmm2=0xe10b0000e10b0000978900009789 xmm3=0x4d5700004d570000116000001160 
  xmm4=0x4d5b00004d5b00006cfe00006cfe xmm5=0x7518000075180000e3230000e323 
  xmm6=0xd0ce0000d0ce0000a4e30000a4e3 xmm7=0xf9220000f9220000b0c80000b0c8 

0x3009: mov edx, 0
  rax=0x00000000000000d0 rbx=0x0000445f00004400 rcx=0x00000000000001a4 rdx=0x00000000000000d0
  rsi=0x00000000000000b0 rdi=0xd05300007ef8007c flags=0b000010010010
  xmm0=0xc4ed0000c4ed000006ea000006ea xmm1=0xfbf00000fbf0000198600001986 
  xmm2=0xe10b0000e10b0000978900009789 xmm3=0x4d5700004d570000116000001160 
  xmm4=0x4d5b00004d5b00006cfe00006cfe xmm5=0x7518000075180000e3230000e323 
  xmm6=0xd0ce0000d0ce0000a4e30000a4e3 xmm7=0xf9220000f9220000b0c80000b0c8 

0x300e: mov eax, 0b1111
  rax=0x00000000000000d0 rbx=0x0000445f00004400 rcx=0x00000000000001a4 rdx=0x0000000000000000
  rsi=0x00000000000000b0 rdi=0xd05300007ef8007c flags=0b000010010010
  xmm0=0xc4ed0000c4ed000006ea000006ea xmm1=0xfbf00000fbf0000198600001986 
  xmm2=0xe10b0000e10b0000978900009789 xmm3=0x4d5700004d570000116000001160 
  xmm4=0x4d5b00004d5b00006cfe00006cfe xmm5=0x7518000075180000e3230000e323 
  xmm6=0xd0ce0000d0ce0000a4e30000a4e3 xmm7=0xf9220000f9220000b0c80000b0c8 

0x3013: wrmsr 
  rax=0x000000000000000f rbx=0x0000445f00004400 rcx=0x00000000000001a4 rdx=0x0000000000000000
  rsi=0x00000000000000b0 rdi=0xd05300007ef8007c flags=0b000010010010
  xmm0=0xc4ed0000c4ed000006ea000006ea xmm1=0xfbf00000fbf0000198600001986 
  xmm2=0xe10b0000e10b0000978900009789 xmm3=0x4d5700004d570000116000001160 
  xmm4=0x4d5b00004d5b00006cfe00006cfe xmm5=0x7518000075180000e3230000e323 
  xmm6=0xd0ce0000d0ce0000a4e30000a4e3 xmm7=0xf9220000f9220000b0c80000b0c8 

0x3015: mfence 
  rax=0x000000000000000f rbx=0x0000445f00004400 rcx=0x00000000000001a4 rdx=0x0000000000000000
  rsi=0x00000000000000b0 rdi=0xd05300007ef8007c flags=0b000010010010
  xmm0=0xc4ed0000c4ed000006ea000006ea xmm1=0xfbf00000fbf0000198600001986 
  xmm2=0xe10b0000e10b0000978900009789 xmm3=0x4d5700004d570000116000001160 
  xmm4=0x4d5b00004d5b00006cfe00006cfe xmm5=0x7518000075180000e3230000e323 
  xmm6=0xd0ce0000d0ce0000a4e30000a4e3 xmm7=0xf9220000f9220000b0c80000b0c8 

0x3018: lfence 
  rax=0x000000000000000f rbx=0x0000445f00004400 rcx=0x00000000000001a4 rdx=0x0000000000000000
  rsi=0x00000000000000b0 rdi=0xd05300007ef8007c flags=0b000010010010
  xmm0=0xc4ed0000c4ed000006ea000006ea xmm1=0xfbf00000fbf0000198600001986 
  xmm2=0xe10b0000e10b0000978900009789 xmm3=0x4d5700004d570000116000001160 
  xmm4=0x4d5b00004d5b00006cfe00006cfe xmm5=0x7518000075180000e3230000e323 
  xmm6=0xd0ce0000d0ce0000a4e30000a4e3 xmm7=0xf9220000f9220000b0c80000b0c8 

0x301b: macro .measurement_start, .noarg
  rax=0x000000000000000f rbx=0x0000445f00004400 rcx=0x00000000000001a4 rdx=0x0000000000000000
  rsi=0x00000000000000b0 rdi=0xd05300007ef8007c flags=0b000010010010
  xmm0=0xc4ed0000c4ed000006ea000006ea xmm1=0xfbf00000fbf0000198600001986 
  xmm2=0xe10b0000e10b0000978900009789 xmm3=0x4d5700004d570000116000001160 
  xmm4=0x4d5b00004d5b00006cfe00006cfe xmm5=0x7518000075180000e3230000e323 
  xmm6=0xd0ce0000d0ce0000a4e30000a4e3 xmm7=0xf9220000f9220000b0c80000b0c8 

0x3023: mov ecx, 0x1a4
  rax=0x000000000000000f rbx=0x0000445f00004400 rcx=0x00000000000001a4 rdx=0x0000000000000000
  rsi=0x00000000000000b0 rdi=0xd05300007ef8007c flags=0b000010010010
  xmm0=0xc4ed0000c4ed000006ea000006ea xmm1=0xfbf00000fbf0000198600001986 
  xmm2=0xe10b0000e10b0000978900009789 xmm3=0x4d5700004d570000116000001160 
  xmm4=0x4d5b00004d5b00006cfe00006cfe xmm5=0x7518000075180000e3230000e323 
  xmm6=0xd0ce0000d0ce0000a4e30000a4e3 xmm7=0xf9220000f9220000b0c80000b0c8 

0x3028: mov edx, 0
  rax=0x000000000000000f rbx=0x0000445f00004400 rcx=0x00000000000001a4 rdx=0x0000000000000000
  rsi=0x00000000000000b0 rdi=0xd05300007ef8007c flags=0b000010010010
  xmm0=0xc4ed0000c4ed000006ea000006ea xmm1=0xfbf00000fbf0000198600001986 
  xmm2=0xe10b0000e10b0000978900009789 xmm3=0x4d5700004d570000116000001160 
  xmm4=0x4d5b00004d5b00006cfe00006cfe xmm5=0x7518000075180000e3230000e323 
  xmm6=0xd0ce0000d0ce0000a4e30000a4e3 xmm7=0xf9220000f9220000b0c80000b0c8 

0x302d: mov eax, 0b0000
  rax=0x000000000000000f rbx=0x0000445f00004400 rcx=0x00000000000001a4 rdx=0x0000000000000000
  rsi=0x00000000000000b0 rdi=0xd05300007ef8007c flags=0b000010010010
  xmm0=0xc4ed0000c4ed000006ea000006ea xmm1=0xfbf00000fbf0000198600001986 
  xmm2=0xe10b0000e10b0000978900009789 xmm3=0x4d5700004d570000116000001160 
  xmm4=0x4d5b00004d5b00006cfe00006cfe xmm5=0x7518000075180000e3230000e323 
  xmm6=0xd0ce0000d0ce0000a4e30000a4e3 xmm7=0xf9220000f9220000b0c80000b0c8 

0x3032: wrmsr 
  rax=0x0000000000000000 rbx=0x0000445f00004400 rcx=0x00000000000001a4 rdx=0x0000000000000000
  rsi=0x00000000000000b0 rdi=0xd05300007ef8007c flags=0b000010010010
  xmm0=0xc4ed0000c4ed000006ea000006ea xmm1=0xfbf00000fbf0000198600001986 
  xmm2=0xe10b0000e10b0000978900009789 xmm3=0x4d5700004d570000116000001160 
  xmm4=0x4d5b00004d5b00006cfe00006cfe xmm5=0x7518000075180000e3230000e323 
  xmm6=0xd0ce0000d0ce0000a4e30000a4e3 xmm7=0xf9220000f9220000b0c80000b0c8 

0x3034: mfence 
  rax=0x0000000000000000 rbx=0x0000445f00004400 rcx=0x00000000000001a4 rdx=0x0000000000000000
  rsi=0x00000000000000b0 rdi=0xd05300007ef8007c flags=0b000010010010
  xmm0=0xc4ed0000c4ed000006ea000006ea xmm1=0xfbf00000fbf0000198600001986 
  xmm2=0xe10b0000e10b0000978900009789 xmm3=0x4d5700004d570000116000001160 
  xmm4=0x4d5b00004d5b00006cfe00006cfe xmm5=0x7518000075180000e3230000e323 
  xmm6=0xd0ce0000d0ce0000a4e30000a4e3 xmm7=0xf9220000f9220000b0c80000b0c8 

0x3037: lfence 
  rax=0x0000000000000000 rbx=0x0000445f00004400 rcx=0x00000000000001a4 rdx=0x0000000000000000
  rsi=0x00000000000000b0 rdi=0xd05300007ef8007c flags=0b000010010010
  xmm0=0xc4ed0000c4ed000006ea000006ea xmm1=0xfbf00000fbf0000198600001986 
  xmm2=0xe10b0000e10b0000978900009789 xmm3=0x4d5700004d570000116000001160 
  xmm4=0x4d5b00004d5b00006cfe00006cfe xmm5=0x7518000075180000e3230000e323 
  xmm6=0xd0ce0000d0ce0000a4e30000a4e3 xmm7=0xf9220000f9220000b0c80000b0c8 

0x303a: mov eax, 0
  rax=0x0000000000000000 rbx=0x0000445f00004400 rcx=0x00000000000001a4 rdx=0x0000000000000000
  rsi=0x00000000000000b0 rdi=0xd05300007ef8007c flags=0b000010010010
  xmm0=0xc4ed0000c4ed000006ea000006ea xmm1=0xfbf00000fbf0000198600001986 
  xmm2=0xe10b0000e10b0000978900009789 xmm3=0x4d5700004d570000116000001160 
  xmm4=0x4d5b00004d5b00006cfe00006cfe xmm5=0x7518000075180000e3230000e323 
  xmm6=0xd0ce0000d0ce0000a4e30000a4e3 xmm7=0xf9220000f9220000b0c80000b0c8 

0x303f: and rcx, 0b1111111111111
  rax=0x0000000000000000 rbx=0x0000445f00004400 rcx=0x00000000000001a4 rdx=0x0000000000000000
  rsi=0x00000000000000b0 rdi=0xd05300007ef8007c flags=0b000010010010
  xmm0=0xc4ed0000c4ed000006ea000006ea xmm1=0xfbf00000fbf0000198600001986 
  xmm2=0xe10b0000e10b0000978900009789 xmm3=0x4d5700004d570000116000001160 
  xmm4=0x4d5b00004d5b00006cfe00006cfe xmm5=0x7518000075180000e3230000e323 
  xmm6=0xd0ce0000d0ce0000a4e30000a4e3 xmm7=0xf9220000f9220000b0c80000b0c8 

0x3046: setnbe [r14 +rcx]
  rax=0x0000000000000000 rbx=0x0000445f00004400 rcx=0x00000000000001a4 rdx=0x0000000000000000
  rsi=0x00000000000000b0 rdi=0xd05300007ef8007c flags=0b000000000010
  xmm0=0xc4ed0000c4ed000006ea000006ea xmm1=0xfbf00000fbf0000198600001986 
  xmm2=0xe10b0000e10b0000978900009789 xmm3=0x4d5700004d570000116000001160 
  xmm4=0x4d5b00004d5b00006cfe00006cfe xmm5=0x7518000075180000e3230000e323 
  xmm6=0xd0ce0000d0ce0000a4e30000a4e3 xmm7=0xf9220000f9220000b0c80000b0c8 

    > store to +0x41a4 value 0x1
0x304b: and rdi, 0b1111111111111
  rax=0x0000000000000000 rbx=0x0000445f00004400 rcx=0x00000000000001a4 rdx=0x0000000000000000
  rsi=0x00000000000000b0 rdi=0xd05300007ef8007c flags=0b000000000010
  xmm0=0xc4ed0000c4ed000006ea000006ea xmm1=0xfbf00000fbf0000198600001986 
  xmm2=0xe10b0000e10b0000978900009789 xmm3=0x4d5700004d570000116000001160 
  xmm4=0x4d5b00004d5b00006cfe00006cfe xmm5=0x7518000075180000e3230000e323 
  xmm6=0xd0ce0000d0ce0000a4e30000a4e3 xmm7=0xf9220000f9220000b0c80000b0c8 

0x3052: movsx rbx, [r14 +rdi]
  rax=0x0000000000000000 rbx=0x0000445f00004400 rcx=0x00000000000001a4 rdx=0x0000000000000000
  rsi=0x00000000000000b0 rdi=0x000000000000007c flags=0b000000000010
  xmm0=0xc4ed0000c4ed000006ea000006ea xmm1=0xfbf00000fbf0000198600001986 
  xmm2=0xe10b0000e10b0000978900009789 xmm3=0x4d5700004d570000116000001160 
  xmm4=0x4d5b00004d5b00006cfe00006cfe xmm5=0x7518000075180000e3230000e323 
  xmm6=0xd0ce0000d0ce0000a4e30000a4e3 xmm7=0xf9220000f9220000b0c80000b0c8 

    > load from +0x407c value 0xaee7
0x3057: add rsi, 0
  rax=0x0000000000000000 rbx=0xffffffffffffaee7 rcx=0x00000000000001a4 rdx=0x0000000000000000
  rsi=0x00000000000000b0 rdi=0x000000000000007c flags=0b000000000010
  xmm0=0xc4ed0000c4ed000006ea000006ea xmm1=0xfbf00000fbf0000198600001986 
  xmm2=0xe10b0000e10b0000978900009789 xmm3=0x4d5700004d570000116000001160 
  xmm4=0x4d5b00004d5b00006cfe00006cfe xmm5=0x7518000075180000e3230000e323 
  xmm6=0xd0ce0000d0ce0000a4e30000a4e3 xmm7=0xf9220000f9220000b0c80000b0c8 

0x305b: and rcx, 0b1111111111111
  rax=0x0000000000000000 rbx=0xffffffffffffaee7 rcx=0x00000000000001a4 rdx=0x0000000000000000
  rsi=0x00000000000000b0 rdi=0x000000000000007c flags=0b000000000010
  xmm0=0xc4ed0000c4ed000006ea000006ea xmm1=0xfbf00000fbf0000198600001986 
  xmm2=0xe10b0000e10b0000978900009789 xmm3=0x4d5700004d570000116000001160 
  xmm4=0x4d5b00004d5b00006cfe00006cfe xmm5=0x7518000075180000e3230000e323 
  xmm6=0xd0ce0000d0ce0000a4e30000a4e3 xmm7=0xf9220000f9220000b0c80000b0c8 

0x3062: add ebx, [r14 +rcx]
  rax=0x0000000000000000 rbx=0xffffffffffffaee7 rcx=0x00000000000001a4 rdx=0x0000000000000000
  rsi=0x00000000000000b0 rdi=0x000000000000007c flags=0b000000000010
  xmm0=0xc4ed0000c4ed000006ea000006ea xmm1=0xfbf00000fbf0000198600001986 
  xmm2=0xe10b0000e10b0000978900009789 xmm3=0x4d5700004d570000116000001160 
  xmm4=0x4d5b00004d5b00006cfe00006cfe xmm5=0x7518000075180000e3230000e323 
  xmm6=0xd0ce0000d0ce0000a4e30000a4e3 xmm7=0xf9220000f9220000b0c80000b0c8 

    > load from +0x41a4 value 0x7201
0x3066: add rax, 2054399225
  rax=0x0000000000000000 rbx=0x00000000000020e8 rcx=0x00000000000001a4 rdx=0x0000000000000000
  rsi=0x00000000000000b0 rdi=0x000000000000007c flags=0b000000000111
  xmm0=0xc4ed0000c4ed000006ea000006ea xmm1=0xfbf00000fbf0000198600001986 
  xmm2=0xe10b0000e10b0000978900009789 xmm3=0x4d5700004d570000116000001160 
  xmm4=0x4d5b00004d5b00006cfe00006cfe xmm5=0x7518000075180000e3230000e323 
  xmm6=0xd0ce0000d0ce0000a4e30000a4e3 xmm7=0xf9220000f9220000b0c80000b0c8 

0x306c: setno bl
  rax=0x000000007a73a4f9 rbx=0x00000000000020e8 rcx=0x00000000000001a4 rdx=0x0000000000000000
  rsi=0x00000000000000b0 rdi=0x000000000000007c flags=0b000000000110
  xmm0=0xc4ed0000c4ed000006ea000006ea xmm1=0xfbf00000fbf0000198600001986 
  xmm2=0xe10b0000e10b0000978900009789 xmm3=0x4d5700004d570000116000001160 
  xmm4=0x4d5b00004d5b00006cfe00006cfe xmm5=0x7518000075180000e3230000e323 
  xmm6=0xd0ce0000d0ce0000a4e30000a4e3 xmm7=0xf9220000f9220000b0c80000b0c8 

0x306f: and rbx, 0b1111111111111
  rax=0x000000007a73a4f9 rbx=0x0000000000002001 rcx=0x00000000000001a4 rdx=0x0000000000000000
  rsi=0x00000000000000b0 rdi=0x000000000000007c flags=0b000000000110
  xmm0=0xc4ed0000c4ed000006ea000006ea xmm1=0xfbf00000fbf0000198600001986 
  xmm2=0xe10b0000e10b0000978900009789 xmm3=0x4d5700004d570000116000001160 
  xmm4=0x4d5b00004d5b00006cfe00006cfe xmm5=0x7518000075180000e3230000e323 
  xmm6=0xd0ce0000d0ce0000a4e30000a4e3 xmm7=0xf9220000f9220000b0c80000b0c8 

0x3076: xadd [r14 +rbx], ecx
  rax=0x000000007a73a4f9 rbx=0x0000000000000001 rcx=0x00000000000001a4 rdx=0x0000000000000000
  rsi=0x00000000000000b0 rdi=0x000000000000007c flags=0b000000000010
  xmm0=0xc4ed0000c4ed000006ea000006ea xmm1=0xfbf00000fbf0000198600001986 
  xmm2=0xe10b0000e10b0000978900009789 xmm3=0x4d5700004d570000116000001160 
  xmm4=0x4d5b00004d5b00006cfe00006cfe xmm5=0x7518000075180000e3230000e323 
  xmm6=0xd0ce0000d0ce0000a4e30000a4e3 xmm7=0xf9220000f9220000b0c80000b0c8 

    > load from +0x4001 value 0xad0000b4
    > store to +0x4001 value 0xad000258
0x307b: and rax, 0b1111111111111
  rax=0x000000007a73a4f9 rbx=0x0000000000000001 rcx=0x00000000ad0000b4 rdx=0x0000000000000000
  rsi=0x00000000000000b0 rdi=0x000000000000007c flags=0b000010000010
  xmm0=0xc4ed0000c4ed000006ea000006ea xmm1=0xfbf00000fbf0000198600001986 
  xmm2=0xe10b0000e10b0000978900009789 xmm3=0x4d5700004d570000116000001160 
  xmm4=0x4d5b00004d5b00006cfe00006cfe xmm5=0x7518000075180000e3230000e323 
  xmm6=0xd0ce0000d0ce0000a4e30000a4e3 xmm7=0xf9220000f9220000b0c80000b0c8 

0x3081: add cl, [r14 +rax]
  rax=0x00000000000004f9 rbx=0x0000000000000001 rcx=0x00000000ad0000b4 rdx=0x0000000000000000
  rsi=0x00000000000000b0 rdi=0x000000000000007c flags=0b000000000110
  xmm0=0xc4ed0000c4ed000006ea000006ea xmm1=0xfbf00000fbf0000198600001986 
  xmm2=0xe10b0000e10b0000978900009789 xmm3=0x4d5700004d570000116000001160 
  xmm4=0x4d5b00004d5b00006cfe00006cfe xmm5=0x7518000075180000e3230000e323 
  xmm6=0xd0ce0000d0ce0000a4e30000a4e3 xmm7=0xf9220000f9220000b0c80000b0c8 

    > load from +0x44f9 value 0x1b
0x3085: mov dl, 0
  rax=0x00000000000004f9 rbx=0x0000000000000001 rcx=0x00000000ad0000cf rdx=0x0000000000000000
  rsi=0x00000000000000b0 rdi=0x000000000000007c flags=0b000010000110
  xmm0=0xc4ed0000c4ed000006ea000006ea xmm1=0xfbf00000fbf0000198600001986 
  xmm2=0xe10b0000e10b0000978900009789 xmm3=0x4d5700004d570000116000001160 
  xmm4=0x4d5b00004d5b00006cfe00006cfe xmm5=0x7518000075180000e3230000e323 
  xmm6=0xd0ce0000d0ce0000a4e30000a4e3 xmm7=0xf9220000f9220000b0c80000b0c8 

0x3087: and rbx, 0b1111111111111
  rax=0x00000000000004f9 rbx=0x0000000000000001 rcx=0x00000000ad0000cf rdx=0x0000000000000000
  rsi=0x00000000000000b0 rdi=0x000000000000007c flags=0b000010000110
  xmm0=0xc4ed0000c4ed000006ea000006ea xmm1=0xfbf00000fbf0000198600001986 
  xmm2=0xe10b0000e10b0000978900009789 xmm3=0x4d5700004d570000116000001160 
  xmm4=0x4d5b00004d5b00006cfe00006cfe xmm5=0x7518000075180000e3230000e323 
  xmm6=0xd0ce0000d0ce0000a4e30000a4e3 xmm7=0xf9220000f9220000b0c80000b0c8 

0x308e: mov ax, [r14 +rbx]
  rax=0x00000000000004f9 rbx=0x0000000000000001 rcx=0x00000000ad0000cf rdx=0x0000000000000000
  rsi=0x00000000000000b0 rdi=0x000000000000007c flags=0b000000000010
  xmm0=0xc4ed0000c4ed000006ea000006ea xmm1=0xfbf00000fbf0000198600001986 
  xmm2=0xe10b0000e10b0000978900009789 xmm3=0x4d5700004d570000116000001160 
  xmm4=0x4d5b00004d5b00006cfe00006cfe xmm5=0x7518000075180000e3230000e323 
  xmm6=0xd0ce0000d0ce0000a4e30000a4e3 xmm7=0xf9220000f9220000b0c80000b0c8 

    > load from +0x4001 value 0x258
0x3093: and rcx, 0b1111111111000
  rax=0x0000000000000258 rbx=0x0000000000000001 rcx=0x00000000ad0000cf rdx=0x0000000000000000
  rsi=0x00000000000000b0 rdi=0x000000000000007c flags=0b000000000010
  xmm0=0xc4ed0000c4ed000006ea000006ea xmm1=0xfbf00000fbf0000198600001986 
  xmm2=0xe10b0000e10b0000978900009789 xmm3=0x4d5700004d570000116000001160 
  xmm4=0x4d5b00004d5b00006cfe00006cfe xmm5=0x7518000075180000e3230000e323 
  xmm6=0xd0ce0000d0ce0000a4e30000a4e3 xmm7=0xf9220000f9220000b0c80000b0c8 

0x309a: lock btc [r14 +rcx], 0
  rax=0x0000000000000258 rbx=0x0000000000000001 rcx=0x00000000000000c8 rdx=0x0000000000000000
  rsi=0x00000000000000b0 rdi=0x000000000000007c flags=0b000000000010
  xmm0=0xc4ed0000c4ed000006ea000006ea xmm1=0xfbf00000fbf0000198600001986 
  xmm2=0xe10b0000e10b0000978900009789 xmm3=0x4d5700004d570000116000001160 
  xmm4=0x4d5b00004d5b00006cfe00006cfe xmm5=0x7518000075180000e3230000e323 
  xmm6=0xd0ce0000d0ce0000a4e30000a4e3 xmm7=0xf9220000f9220000b0c80000b0c8 

    > load from +0x40c8 value 0xc891
    > store to +0x40c8 value 0xc890
0x30a1: neg edx
  rax=0x0000000000000258 rbx=0x0000000000000001 rcx=0x00000000000000c8 rdx=0x0000000000000000
  rsi=0x00000000000000b0 rdi=0x000000000000007c flags=0b000000000011
  xmm0=0xc4ed0000c4ed000006ea000006ea xmm1=0xfbf00000fbf0000198600001986 
  xmm2=0xe10b0000e10b0000978900009789 xmm3=0x4d5700004d570000116000001160 
  xmm4=0x4d5b00004d5b00006cfe00006cfe xmm5=0x7518000075180000e3230000e323 
  xmm6=0xd0ce0000d0ce0000a4e30000a4e3 xmm7=0xf9220000f9220000b0c80000b0c8 

0x30a3: and rbx, 0b1111111111000
  rax=0x0000000000000258 rbx=0x0000000000000001 rcx=0x00000000000000c8 rdx=0x0000000000000000
  rsi=0x00000000000000b0 rdi=0x000000000000007c flags=0b000001000110
  xmm0=0xc4ed0000c4ed000006ea000006ea xmm1=0xfbf00000fbf0000198600001986 
  xmm2=0xe10b0000e10b0000978900009789 xmm3=0x4d5700004d570000116000001160 
  xmm4=0x4d5b00004d5b00006cfe00006cfe xmm5=0x7518000075180000e3230000e323 
  xmm6=0xd0ce0000d0ce0000a4e30000a4e3 xmm7=0xf9220000f9220000b0c80000b0c8 

0x30aa: and rcx, 0b111
  rax=0x0000000000000258 rbx=0x0000000000000000 rcx=0x00000000000000c8 rdx=0x0000000000000000
  rsi=0x00000000000000b0 rdi=0x000000000000007c flags=0b000001000110
  xmm0=0xc4ed0000c4ed000006ea000006ea xmm1=0xfbf00000fbf0000198600001986 
  xmm2=0xe10b0000e10b0000978900009789 xmm3=0x4d5700004d570000116000001160 
  xmm4=0x4d5b00004d5b00006cfe00006cfe xmm5=0x7518000075180000e3230000e323 
  xmm6=0xd0ce0000d0ce0000a4e30000a4e3 xmm7=0xf9220000f9220000b0c80000b0c8 

0x30ae: lock btr [r14 +rbx], rcx
  rax=0x0000000000000258 rbx=0x0000000000000000 rcx=0x0000000000000000 rdx=0x0000000000000000
  rsi=0x00000000000000b0 rdi=0x000000000000007c flags=0b000001000110
  xmm0=0xc4ed0000c4ed000006ea000006ea xmm1=0xfbf00000fbf0000198600001986 
  xmm2=0xe10b0000e10b0000978900009789 xmm3=0x4d5700004d570000116000001160 
  xmm4=0x4d5b00004d5b00006cfe00006cfe xmm5=0x7518000075180000e3230000e323 
  xmm6=0xd0ce0000d0ce0000a4e30000a4e3 xmm7=0xf9220000f9220000b0c80000b0c8 

    > load from +0x4000 value 0xb4ad000258ad
    > store to +0x4000 value 0xb4ad000258ac
0x30b4: and rcx, 0b1111111111111
  rax=0x0000000000000258 rbx=0x0000000000000000 rcx=0x0000000000000000 rdx=0x0000000000000000
  rsi=0x00000000000000b0 rdi=0x000000000000007c flags=0b000001000111
  xmm0=0xc4ed0000c4ed000006ea000006ea xmm1=0xfbf00000fbf0000198600001986 
  xmm2=0xe10b0000e10b0000978900009789 xmm3=0x4d5700004d570000116000001160 
  xmm4=0x4d5b00004d5b00006cfe00006cfe xmm5=0x7518000075180000e3230000e323 
  xmm6=0xd0ce0000d0ce0000a4e30000a4e3 xmm7=0xf9220000f9220000b0c80000b0c8 

0x30bb: movzx esi, [r14 +rcx]
  rax=0x0000000000000258 rbx=0x0000000000000000 rcx=0x0000000000000000 rdx=0x0000000000000000
  rsi=0x00000000000000b0 rdi=0x000000000000007c flags=0b000001000110
  xmm0=0xc4ed0000c4ed000006ea000006ea xmm1=0xfbf00000fbf0000198600001986 
  xmm2=0xe10b0000e10b0000978900009789 xmm3=0x4d5700004d570000116000001160 
  xmm4=0x4d5b00004d5b00006cfe00006cfe xmm5=0x7518000075180000e3230000e323 
  xmm6=0xd0ce0000d0ce0000a4e30000a4e3 xmm7=0xf9220000f9220000b0c80000b0c8 

    > load from +0x4000 value 0xac
0x30c0: and rax, 0b1111111111000
  rax=0x0000000000000258 rbx=0x0000000000000000 rcx=0x0000000000000000 rdx=0x0000000000000000
  rsi=0x00000000000000ac rdi=0x000000000000007c flags=0b000001000110
  xmm0=0xc4ed0000c4ed000006ea000006ea xmm1=0xfbf00000fbf0000198600001986 
  xmm2=0xe10b0000e10b0000978900009789 xmm3=0x4d5700004d570000116000001160 
  xmm4=0x4d5b00004d5b00006cfe00006cfe xmm5=0x7518000075180000e3230000e323 
  xmm6=0xd0ce0000d0ce0000a4e30000a4e3 xmm7=0xf9220000f9220000b0c80000b0c8 

0x30c6: add [r14 +rax], bl
  rax=0x0000000000000258 rbx=0x0000000000000000 rcx=0x0000000000000000 rdx=0x0000000000000000
  rsi=0x00000000000000ac rdi=0x000000000000007c flags=0b000000000010
  xmm0=0xc4ed0000c4ed000006ea000006ea xmm1=0xfbf00000fbf0000198600001986 
  xmm2=0xe10b0000e10b0000978900009789 xmm3=0x4d5700004d570000116000001160 
  xmm4=0x4d5b00004d5b00006cfe00006cfe xmm5=0x7518000075180000e3230000e323 
  xmm6=0xd0ce0000d0ce0000a4e30000a4e3 xmm7=0xf9220000f9220000b0c80000b0c8 

    > load from +0x4258 value 0xeb
    > store to +0x4258 value 0xeb
0x30ca: mov ecx, 0x1a4
  rax=0x0000000000000258 rbx=0x0000000000000000 rcx=0x0000000000000000 rdx=0x0000000000000000
  rsi=0x00000000000000ac rdi=0x000000000000007c flags=0b000010000110
  xmm0=0xc4ed0000c4ed000006ea000006ea xmm1=0xfbf00000fbf0000198600001986 
  xmm2=0xe10b0000e10b0000978900009789 xmm3=0x4d5700004d570000116000001160 
  xmm4=0x4d5b00004d5b00006cfe00006cfe xmm5=0x7518000075180000e3230000e323 
  xmm6=0xd0ce0000d0ce0000a4e30000a4e3 xmm7=0xf9220000f9220000b0c80000b0c8 

0x30cf: mov edx, 0
  rax=0x0000000000000258 rbx=0x0000000000000000 rcx=0x00000000000001a4 rdx=0x0000000000000000
  rsi=0x00000000000000ac rdi=0x000000000000007c flags=0b000010000110
  xmm0=0xc4ed0000c4ed000006ea000006ea xmm1=0xfbf00000fbf0000198600001986 
  xmm2=0xe10b0000e10b0000978900009789 xmm3=0x4d5700004d570000116000001160 
  xmm4=0x4d5b00004d5b00006cfe00006cfe xmm5=0x7518000075180000e3230000e323 
  xmm6=0xd0ce0000d0ce0000a4e30000a4e3 xmm7=0xf9220000f9220000b0c80000b0c8 

0x30d4: mov eax, 0b1111
  rax=0x0000000000000258 rbx=0x0000000000000000 rcx=0x00000000000001a4 rdx=0x0000000000000000
  rsi=0x00000000000000ac rdi=0x000000000000007c flags=0b000010000110
  xmm0=0xc4ed0000c4ed000006ea000006ea xmm1=0xfbf00000fbf0000198600001986 
  xmm2=0xe10b0000e10b0000978900009789 xmm3=0x4d5700004d570000116000001160 
  xmm4=0x4d5b00004d5b00006cfe00006cfe xmm5=0x7518000075180000e3230000e323 
  xmm6=0xd0ce0000d0ce0000a4e30000a4e3 xmm7=0xf9220000f9220000b0c80000b0c8 

0x30d9: wrmsr 
  rax=0x000000000000000f rbx=0x0000000000000000 rcx=0x00000000000001a4 rdx=0x0000000000000000
  rsi=0x00000000000000ac rdi=0x000000000000007c flags=0b000010000110
  xmm0=0xc4ed0000c4ed000006ea000006ea xmm1=0xfbf00000fbf0000198600001986 
  xmm2=0xe10b0000e10b0000978900009789 xmm3=0x4d5700004d570000116000001160 
  xmm4=0x4d5b00004d5b00006cfe00006cfe xmm5=0x7518000075180000e3230000e323 
  xmm6=0xd0ce0000d0ce0000a4e30000a4e3 xmm7=0xf9220000f9220000b0c80000b0c8 

0x30db: mfence 
  rax=0x000000000000000f rbx=0x0000000000000000 rcx=0x00000000000001a4 rdx=0x0000000000000000
  rsi=0x00000000000000ac rdi=0x000000000000007c flags=0b000010000110
  xmm0=0xc4ed0000c4ed000006ea000006ea xmm1=0xfbf00000fbf0000198600001986 
  xmm2=0xe10b0000e10b0000978900009789 xmm3=0x4d5700004d570000116000001160 
  xmm4=0x4d5b00004d5b00006cfe00006cfe xmm5=0x7518000075180000e3230000e323 
  xmm6=0xd0ce0000d0ce0000a4e30000a4e3 xmm7=0xf9220000f9220000b0c80000b0c8 

0x30de: lfence 
  rax=0x000000000000000f rbx=0x0000000000000000 rcx=0x00000000000001a4 rdx=0x0000000000000000
  rsi=0x00000000000000ac rdi=0x000000000000007c flags=0b000010000110
  xmm0=0xc4ed0000c4ed000006ea000006ea xmm1=0xfbf00000fbf0000198600001986 
  xmm2=0xe10b0000e10b0000978900009789 xmm3=0x4d5700004d570000116000001160 
  xmm4=0x4d5b00004d5b00006cfe00006cfe xmm5=0x7518000075180000e3230000e323 
  xmm6=0xd0ce0000d0ce0000a4e30000a4e3 xmm7=0xf9220000f9220000b0c80000b0c8 

0x30e1: macro .measurement_end, .noarg
  rax=0x000000000000000f rbx=0x0000000000000000 rcx=0x00000000000001a4 rdx=0x0000000000000000
  rsi=0x00000000000000ac rdi=0x000000000000007c flags=0b000010000110
  xmm0=0xc4ed0000c4ed000006ea000006ea xmm1=0xfbf00000fbf0000198600001986 
  xmm2=0xe10b0000e10b0000978900009789 xmm3=0x4d5700004d570000116000001160 
  xmm4=0x4d5b00004d5b00006cfe00006cfe xmm5=0x7518000075180000e3230000e323 
  xmm6=0xd0ce0000d0ce0000a4e30000a4e3 xmm7=0xf9220000f9220000b0c80000b0c8 

0x30e9: mov ecx, 0x1a4
  rax=0x000000000000000f rbx=0x0000000000000000 rcx=0x00000000000001a4 rdx=0x0000000000000000
  rsi=0x00000000000000ac rdi=0x000000000000007c flags=0b000010000110
  xmm0=0xc4ed0000c4ed000006ea000006ea xmm1=0xfbf00000fbf0000198600001986 
  xmm2=0xe10b0000e10b0000978900009789 xmm3=0x4d5700004d570000116000001160 
  xmm4=0x4d5b00004d5b00006cfe00006cfe xmm5=0x7518000075180000e3230000e323 
  xmm6=0xd0ce0000d0ce0000a4e30000a4e3 xmm7=0xf9220000f9220000b0c80000b0c8 

0x30ee: mov edx, 0
  rax=0x000000000000000f rbx=0x0000000000000000 rcx=0x00000000000001a4 rdx=0x0000000000000000
  rsi=0x00000000000000ac rdi=0x000000000000007c flags=0b000010000110
  xmm0=0xc4ed0000c4ed000006ea000006ea xmm1=0xfbf00000fbf0000198600001986 
  xmm2=0xe10b0000e10b0000978900009789 xmm3=0x4d5700004d570000116000001160 
  xmm4=0x4d5b00004d5b00006cfe00006cfe xmm5=0x7518000075180000e3230000e323 
  xmm6=0xd0ce0000d0ce0000a4e30000a4e3 xmm7=0xf9220000f9220000b0c80000b0c8 

0x30f3: mov eax, 0b0000
  rax=0x000000000000000f rbx=0x0000000000000000 rcx=0x00000000000001a4 rdx=0x0000000000000000
  rsi=0x00000000000000ac rdi=0x000000000000007c flags=0b000010000110
  xmm0=0xc4ed0000c4ed000006ea000006ea xmm1=0xfbf00000fbf0000198600001986 
  xmm2=0xe10b0000e10b0000978900009789 xmm3=0x4d5700004d570000116000001160 
  xmm4=0x4d5b00004d5b00006cfe00006cfe xmm5=0x7518000075180000e3230000e323 
  xmm6=0xd0ce0000d0ce0000a4e30000a4e3 xmm7=0xf9220000f9220000b0c80000b0c8 

0x30f8: wrmsr 
  rax=0x0000000000000000 rbx=0x0000000000000000 rcx=0x00000000000001a4 rdx=0x0000000000000000
  rsi=0x00000000000000ac rdi=0x000000000000007c flags=0b000010000110
  xmm0=0xc4ed0000c4ed000006ea000006ea xmm1=0xfbf00000fbf0000198600001986 
  xmm2=0xe10b0000e10b0000978900009789 xmm3=0x4d5700004d570000116000001160 
  xmm4=0x4d5b00004d5b00006cfe00006cfe xmm5=0x7518000075180000e3230000e323 
  xmm6=0xd0ce0000d0ce0000a4e30000a4e3 xmm7=0xf9220000f9220000b0c80000b0c8 

0x30fa: mfence 
  rax=0x0000000000000000 rbx=0x0000000000000000 rcx=0x00000000000001a4 rdx=0x0000000000000000
  rsi=0x00000000000000ac rdi=0x000000000000007c flags=0b000010000110
  xmm0=0xc4ed0000c4ed000006ea000006ea xmm1=0xfbf00000fbf0000198600001986 
  xmm2=0xe10b0000e10b0000978900009789 xmm3=0x4d5700004d570000116000001160 
  xmm4=0x4d5b00004d5b00006cfe00006cfe xmm5=0x7518000075180000e3230000e323 
  xmm6=0xd0ce0000d0ce0000a4e30000a4e3 xmm7=0xf9220000f9220000b0c80000b0c8 

0x30fd: lfence 
  rax=0x0000000000000000 rbx=0x0000000000000000 rcx=0x00000000000001a4 rdx=0x0000000000000000
  rsi=0x00000000000000ac rdi=0x000000000000007c flags=0b000010000110
  xmm0=0xc4ed0000c4ed000006ea000006ea xmm1=0xfbf00000fbf0000198600001986 
  xmm2=0xe10b0000e10b0000978900009789 xmm3=0x4d5700004d570000116000001160 
  xmm4=0x4d5b00004d5b00006cfe00006cfe xmm5=0x7518000075180000e3230000e323 
  xmm6=0xd0ce0000d0ce0000a4e30000a4e3 xmm7=0xf9220000f9220000b0c80000b0c8 

0x3100: macro .switch, .main.function_main_1
  rax=0x0000000000000000 rbx=0x0000000000000000 rcx=0x00000000000001a4 rdx=0x0000000000000000
  rsi=0x00000000000000ac rdi=0x000000000000007c flags=0b000010000110
  xmm0=0xc4ed0000c4ed000006ea000006ea xmm1=0xfbf00000fbf0000198600001986 
  xmm2=0xe10b0000e10b0000978900009789 xmm3=0x4d5700004d570000116000001160 
  xmm4=0x4d5b00004d5b00006cfe00006cfe xmm5=0x7518000075180000e3230000e323 
  xmm6=0xd0ce0000d0ce0000a4e30000a4e3 xmm7=0xf9220000f9220000b0c80000b0c8 




                      ##### Input 93 #####

                     ##### Input 0 #####
0x0 : and rdi, 0b1111111111000
  rax=0x00003dd900003dd9 rbx=0x0000445f0000445f rcx=0x000088a7000088a7 rdx=0x0000e05e0000e05e
  rsi=0x0000a4a40000a4a4 rdi=0x0000c11e0000c11e flags=0b000000000111
  xmm0=0x7a2c00007a2c0000643600006436 xmm1=0x2832000028320000507f0000507f 
  xmm2=0xd8bd0000d8bd00001abd00001abd xmm3=0xcc760000cc760000681000006810 
  xmm4=0xc9790000c9790000c62b0000c62b xmm5=0xa3d20000a3d200005c2400005c24 
  xmm6=0xe2820000e2820000499000004990 xmm7=0xe4e90000e4e90000ffea0000ffea 

0x7 : lock xadd [r14 +rdi], dl
  rax=0x00003dd900003dd9 rbx=0x0000445f0000445f rcx=0x000088a7000088a7 rdx=0x0000e05e0000e05e
  rsi=0x0000a4a40000a4a4 rdi=0x0000000000000118 flags=0b000000000110
  xmm0=0x7a2c00007a2c0000643600006436 xmm1=0x2832000028320000507f0000507f 
  xmm2=0xd8bd0000d8bd00001abd00001abd xmm3=0xcc760000cc760000681000006810 
  xmm4=0xc9790000c9790000c62b0000c62b xmm5=0xa3d20000a3d200005c2400005c24 
  xmm6=0xe2820000e2820000499000004990 xmm7=0xe4e90000e4e90000ffea0000ffea 

    > load from +0x118 value 0xd5
    > store to +0x118 value 0x33
0xd : and rdx, 0b1111111111000
  rax=0x00003dd900003dd9 rbx=0x0000445f0000445f rcx=0x000088a7000088a7 rdx=0x0000e05e0000e0d5
  rsi=0x0000a4a40000a4a4 rdi=0x0000000000000118 flags=0b000000010111
  xmm0=0x7a2c00007a2c0000643600006436 xmm1=0x2832000028320000507f0000507f 
  xmm2=0xd8bd0000d8bd00001abd00001abd xmm3=0xcc760000cc760000681000006810 
  xmm4=0xc9790000c9790000c62b0000c62b xmm5=0xa3d20000a3d200005c2400005c24 
  xmm6=0xe2820000e2820000499000004990 xmm7=0xe4e90000e4e90000ffea0000ffea 

0x14: lock sub [r14 +rdx], dl
  rax=0x00003dd900003dd9 rbx=0x0000445f0000445f rcx=0x000088a7000088a7 rdx=0x00000000000000d0
  rsi=0x0000a4a40000a4a4 rdi=0x0000000000000118 flags=0b000000000010
  xmm0=0x7a2c00007a2c0000643600006436 xmm1=0x2832000028320000507f0000507f 
  xmm2=0xd8bd0000d8bd00001abd00001abd xmm3=0xcc760000cc760000681000006810 
  xmm4=0xc9790000c9790000c62b0000c62b xmm5=0xa3d20000a3d200005c2400005c24 
  xmm6=0xe2820000e2820000499000004990 xmm7=0xe4e90000e4e90000ffea0000ffea 

    > load from +0xd0 value 0xd0
    > store to +0xd0 value 0x0
0x19: dec bl
  rax=0x00003dd900003dd9 rbx=0x0000445f0000445f rcx=0x000088a7000088a7 rdx=0x00000000000000d0
  rsi=0x0000a4a40000a4a4 rdi=0x0000000000000118 flags=0b000001000110
  xmm0=0x7a2c00007a2c0000643600006436 xmm1=0x2832000028320000507f0000507f 
  xmm2=0xd8bd0000d8bd00001abd00001abd xmm3=0xcc760000cc760000681000006810 
  xmm4=0xc9790000c9790000c62b0000c62b xmm5=0xa3d20000a3d200005c2400005c24 
  xmm6=0xe2820000e2820000499000004990 xmm7=0xe4e90000e4e90000ffea0000ffea 

0x1b: setnle cl
  rax=0x00003dd900003dd9 rbx=0x0000445f0000445e rcx=0x000088a7000088a7 rdx=0x00000000000000d0
  rsi=0x0000a4a40000a4a4 rdi=0x0000000000000118 flags=0b000000000010
  xmm0=0x7a2c00007a2c0000643600006436 xmm1=0x2832000028320000507f0000507f 
  xmm2=0xd8bd0000d8bd00001abd00001abd xmm3=0xcc760000cc760000681000006810 
  xmm4=0xc9790000c9790000c62b0000c62b xmm5=0xa3d20000a3d200005c2400005c24 
  xmm6=0xe2820000e2820000499000004990 xmm7=0xe4e90000e4e90000ffea0000ffea 

0x1e: and rsi, 0b1111111111111
  rax=0x00003dd900003dd9 rbx=0x0000445f0000445e rcx=0x000088a700008801 rdx=0x00000000000000d0
  rsi=0x0000a4a40000a4a4 rdi=0x0000000000000118 flags=0b000000000010
  xmm0=0x7a2c00007a2c0000643600006436 xmm1=0x2832000028320000507f0000507f 
  xmm2=0xd8bd0000d8bd00001abd00001abd xmm3=0xcc760000cc760000681000006810 
  xmm4=0xc9790000c9790000c62b0000c62b xmm5=0xa3d20000a3d200005c2400005c24 
  xmm6=0xe2820000e2820000499000004990 xmm7=0xe4e90000e4e90000ffea0000ffea 

0x25: movzx rsi, [r14 +rsi]
  rax=0x00003dd900003dd9 rbx=0x0000445f0000445e rcx=0x000088a700008801 rdx=0x00000000000000d0
  rsi=0x00000000000004a4 rdi=0x0000000000000118 flags=0b000000000010
  xmm0=0x7a2c00007a2c0000643600006436 xmm1=0x2832000028320000507f0000507f 
  xmm2=0xd8bd0000d8bd00001abd00001abd xmm3=0xcc760000cc760000681000006810 
  xmm4=0xc9790000c9790000c62b0000c62b xmm5=0xa3d20000a3d200005c2400005c24 
  xmm6=0xe2820000e2820000499000004990 xmm7=0xe4e90000e4e90000ffea0000ffea 

    > load from +0x4a4 value 0x531b
0x2a: mov bl, 0
  rax=0x00003dd900003dd9 rbx=0x0000445f0000445e rcx=0x000088a700008801 rdx=0x00000000000000d0
  rsi=0x000000000000531b rdi=0x0000000000000118 flags=0b000000000010
  xmm0=0x7a2c00007a2c0000643600006436 xmm1=0x2832000028320000507f0000507f 
  xmm2=0xd8bd0000d8bd00001abd00001abd xmm3=0xcc760000cc760000681000006810 
  xmm4=0xc9790000c9790000c62b0000c62b xmm5=0xa3d20000a3d200005c2400005c24 
  xmm6=0xe2820000e2820000499000004990 xmm7=0xe4e90000e4e90000ffea0000ffea 

0x2c: and rdi, 0b1111111111111
  rax=0x00003dd900003dd9 rbx=0x0000445f00004400 rcx=0x000088a700008801 rdx=0x00000000000000d0
  rsi=0x000000000000531b rdi=0x0000000000000118 flags=0b000000000010
  xmm0=0x7a2c00007a2c0000643600006436 xmm1=0x2832000028320000507f0000507f 
  xmm2=0xd8bd0000d8bd00001abd00001abd xmm3=0xcc760000cc760000681000006810 
  xmm4=0xc9790000c9790000c62b0000c62b xmm5=0xa3d20000a3d200005c2400005c24 
  xmm6=0xe2820000e2820000499000004990 xmm7=0xe4e90000e4e90000ffea0000ffea 

0x33: sets [r14 +rdi]
  rax=0x00003dd900003dd9 rbx=0x0000445f00004400 rcx=0x000088a700008801 rdx=0x00000000000000d0
  rsi=0x000000000000531b rdi=0x0000000000000118 flags=0b000000000110
  xmm0=0x7a2c00007a2c0000643600006436 xmm1=0x2832000028320000507f0000507f 
  xmm2=0xd8bd0000d8bd00001abd00001abd xmm3=0xcc760000cc760000681000006810 
  xmm4=0xc9790000c9790000c62b0000c62b xmm5=0xa3d20000a3d200005c2400005c24 
  xmm6=0xe2820000e2820000499000004990 xmm7=0xe4e90000e4e90000ffea0000ffea 

    > store to +0x118 value 0x0
0x38: and rdx, 0b1111111111000
  rax=0x00003dd900003dd9 rbx=0x0000445f00004400 rcx=0x000088a700008801 rdx=0x00000000000000d0
  rsi=0x000000000000531b rdi=0x0000000000000118 flags=0b000000000110
  xmm0=0x7a2c00007a2c0000643600006436 xmm1=0x2832000028320000507f0000507f 
  xmm2=0xd8bd0000d8bd00001abd00001abd xmm3=0xcc760000cc760000681000006810 
  xmm4=0xc9790000c9790000c62b0000c62b xmm5=0xa3d20000a3d200005c2400005c24 
  xmm6=0xe2820000e2820000499000004990 xmm7=0xe4e90000e4e90000ffea0000ffea 

0x3f: lock dec [r14 +rdx]
  rax=0x00003dd900003dd9 rbx=0x0000445f00004400 rcx=0x000088a700008801 rdx=0x00000000000000d0
  rsi=0x000000000000531b rdi=0x0000000000000118 flags=0b000000000010
  xmm0=0x7a2c00007a2c0000643600006436 xmm1=0x2832000028320000507f0000507f 
  xmm2=0xd8bd0000d8bd00001abd00001abd xmm3=0xcc760000cc760000681000006810 
  xmm4=0xc9790000c9790000c62b0000c62b xmm5=0xa3d20000a3d200005c2400005c24 
  xmm6=0xe2820000e2820000499000004990 xmm7=0xe4e90000e4e90000ffea0000ffea 

    > load from +0xd0 value 0xad000000a00
    > store to +0xd0 value 0xad0000009ff
0x44: movsx rax, dx
  rax=0x00003dd900003dd9 rbx=0x0000445f00004400 rcx=0x000088a700008801 rdx=0x00000000000000d0
  rsi=0x000000000000531b rdi=0x0000000000000118 flags=0b000000010110
  xmm0=0x7a2c00007a2c0000643600006436 xmm1=0x2832000028320000507f0000507f 
  xmm2=0xd8bd0000d8bd00001abd00001abd xmm3=0xcc760000cc760000681000006810 
  xmm4=0xc9790000c9790000c62b0000c62b xmm5=0xa3d20000a3d200005c2400005c24 
  xmm6=0xe2820000e2820000499000004990 xmm7=0xe4e90000e4e90000ffea0000ffea 

0x48: and rdx, 0b1111111111111
  rax=0x00000000000000d0 rbx=0x0000445f00004400 rcx=0x000088a700008801 rdx=0x00000000000000d0
  rsi=0x000000000000531b rdi=0x0000000000000118 flags=0b000000010110
  xmm0=0x7a2c00007a2c0000643600006436 xmm1=0x2832000028320000507f0000507f 
  xmm2=0xd8bd0000d8bd00001abd00001abd xmm3=0xcc760000cc760000681000006810 
  xmm4=0xc9790000c9790000c62b0000c62b xmm5=0xa3d20000a3d200005c2400005c24 
  xmm6=0xe2820000e2820000499000004990 xmm7=0xe4e90000e4e90000ffea0000ffea 

0x4f: mov [r14 +rdx], sil
  rax=0x00000000000000d0 rbx=0x0000445f00004400 rcx=0x000088a700008801 rdx=0x00000000000000d0
  rsi=0x000000000000531b rdi=0x0000000000000118 flags=0b000000000010
  xmm0=0x7a2c00007a2c0000643600006436 xmm1=0x2832000028320000507f0000507f 
  xmm2=0xd8bd0000d8bd00001abd00001abd xmm3=0xcc760000cc760000681000006810 
  xmm4=0xc9790000c9790000c62b0000c62b xmm5=0xa3d20000a3d200005c2400005c24 
  xmm6=0xe2820000e2820000499000004990 xmm7=0xe4e90000e4e90000ffea0000ffea 

    > store to +0xd0 value 0x1b
0x53: and rsi, 0b1111111111111
  rax=0x00000000000000d0 rbx=0x0000445f00004400 rcx=0x000088a700008801 rdx=0x00000000000000d0
  rsi=0x000000000000531b rdi=0x0000000000000118 flags=0b000000000010
  xmm0=0x7a2c00007a2c0000643600006436 xmm1=0x2832000028320000507f0000507f 
  xmm2=0xd8bd0000d8bd00001abd00001abd xmm3=0xcc760000cc760000681000006810 
  xmm4=0xc9790000c9790000c62b0000c62b xmm5=0xa3d20000a3d200005c2400005c24 
  xmm6=0xe2820000e2820000499000004990 xmm7=0xe4e90000e4e90000ffea0000ffea 

0x5a: add [r14 +rsi], rdx
  rax=0x00000000000000d0 rbx=0x0000445f00004400 rcx=0x000088a700008801 rdx=0x00000000000000d0
  rsi=0x000000000000131b rdi=0x0000000000000118 flags=0b000000000110
  xmm0=0x7a2c00007a2c0000643600006436 xmm1=0x2832000028320000507f0000507f 
  xmm2=0xd8bd0000d8bd00001abd00001abd xmm3=0xcc760000cc760000681000006810 
  xmm4=0xc9790000c9790000c62b0000c62b xmm5=0xa3d20000a3d200005c2400005c24 
  xmm6=0xe2820000e2820000499000004990 xmm7=0xe4e90000e4e90000ffea0000ffea 

    > load from +0x131b value 0x65b20000790300
    > store to +0x131b value 0x65b200007903d0
0x5e: lfence 
  rax=0x00000000000000d0 rbx=0x0000445f00004400 rcx=0x000088a700008801 rdx=0x00000000000000d0
  rsi=0x000000000000131b rdi=0x0000000000000118 flags=0b000000000010
  xmm0=0x7a2c00007a2c0000643600006436 xmm1=0x2832000028320000507f0000507f 
  xmm2=0xd8bd0000d8bd00001abd00001abd xmm3=0xcc760000cc760000681000006810 
  xmm4=0xc9790000c9790000c62b0000c62b xmm5=0xa3d20000a3d200005c2400005c24 
  xmm6=0xe2820000e2820000499000004990 xmm7=0xe4e90000e4e90000ffea0000ffea 

0x61: sub edi, -95
  rax=0x00000000000000d0 rbx=0x0000445f00004400 rcx=0x000088a700008801 rdx=0x00000000000000d0
  rsi=0x000000000000131b rdi=0x0000000000000118 flags=0b000000000010
  xmm0=0x7a2c00007a2c0000643600006436 xmm1=0x2832000028320000507f0000507f 
  xmm2=0xd8bd0000d8bd00001abd00001abd xmm3=0xcc760000cc760000681000006810 
  xmm4=0xc9790000c9790000c62b0000c62b xmm5=0xa3d20000a3d200005c2400005c24 
  xmm6=0xe2820000e2820000499000004990 xmm7=0xe4e90000e4e90000ffea0000ffea 

0x64: add dil, 67
  rax=0x00000000000000d0 rbx=0x0000445f00004400 rcx=0x000088a700008801 rdx=0x00000000000000d0
  rsi=0x000000000000131b rdi=0x0000000000000177 flags=0b000000000111
  xmm0=0x7a2c00007a2c0000643600006436 xmm1=0x2832000028320000507f0000507f 
  xmm2=0xd8bd0000d8bd00001abd00001abd xmm3=0xcc760000cc760000681000006810 
  xmm4=0xc9790000c9790000c62b0000c62b xmm5=0xa3d20000a3d200005c2400005c24 
  xmm6=0xe2820000e2820000499000004990 xmm7=0xe4e90000e4e90000ffea0000ffea 

0x68: and rdi, 0b1111111111111
  rax=0x00000000000000d0 rbx=0x0000445f00004400 rcx=0x000088a700008801 rdx=0x00000000000000d0
  rsi=0x000000000000131b rdi=0x00000000000001ba flags=0b100010000010
  xmm0=0x7a2c00007a2c0000643600006436 xmm1=0x2832000028320000507f0000507f 
  xmm2=0xd8bd0000d8bd00001abd00001abd xmm3=0xcc760000cc760000681000006810 
  xmm4=0xc9790000c9790000c62b0000c62b xmm5=0xa3d20000a3d200005c2400005c24 
  xmm6=0xe2820000e2820000499000004990 xmm7=0xe4e90000e4e90000ffea0000ffea 

0x6f: lfence 
  rax=0x00000000000000d0 rbx=0x0000445f00004400 rcx=0x000088a700008801 rdx=0x00000000000000d0
  rsi=0x000000000000131b rdi=0x00000000000001ba flags=0b000000000010
  xmm0=0x7a2c00007a2c0000643600006436 xmm1=0x2832000028320000507f0000507f 
  xmm2=0xd8bd0000d8bd00001abd00001abd xmm3=0xcc760000cc760000681000006810 
  xmm4=0xc9790000c9790000c62b0000c62b xmm5=0xa3d20000a3d200005c2400005c24 
  xmm6=0xe2820000e2820000499000004990 xmm7=0xe4e90000e4e90000ffea0000ffea 

0x72: mov rdi, [r14 +rdi]
  rax=0x00000000000000d0 rbx=0x0000445f00004400 rcx=0x000088a700008801 rdx=0x00000000000000d0
  rsi=0x000000000000131b rdi=0x00000000000001ba flags=0b000000000010
  xmm0=0x7a2c00007a2c0000643600006436 xmm1=0x2832000028320000507f0000507f 
  xmm2=0xd8bd0000d8bd00001abd00001abd xmm3=0xcc760000cc760000681000006810 
  xmm4=0xc9790000c9790000c62b0000c62b xmm5=0xa3d20000a3d200005c2400005c24 
  xmm6=0xe2820000e2820000499000004990 xmm7=0xe4e90000e4e90000ffea0000ffea 

    > load from +0x1ba value 0xc8800000bef60000
0x76: lfence 
  rax=0x00000000000000d0 rbx=0x0000445f00004400 rcx=0x000088a700008801 rdx=0x00000000000000d0
  rsi=0x000000000000131b rdi=0xc8800000bef60000 flags=0b000000000010
  xmm0=0x7a2c00007a2c0000643600006436 xmm1=0x2832000028320000507f0000507f 
  xmm2=0xd8bd0000d8bd00001abd00001abd xmm3=0xcc760000cc760000681000006810 
  xmm4=0xc9790000c9790000c62b0000c62b xmm5=0xa3d20000a3d200005c2400005c24 
  xmm6=0xe2820000e2820000499000004990 xmm7=0xe4e90000e4e90000ffea0000ffea 

0x79: mov dil, 124
  rax=0x00000000000000d0 rbx=0x0000445f00004400 rcx=0x000088a700008801 rdx=0x00000000000000d0
  rsi=0x000000000000131b rdi=0xc8800000bef60000 flags=0b000000000010
  xmm0=0x7a2c00007a2c0000643600006436 xmm1=0x2832000028320000507f0000507f 
  xmm2=0xd8bd0000d8bd00001abd00001abd xmm3=0xcc760000cc760000681000006810 
  xmm4=0xc9790000c9790000c62b0000c62b xmm5=0xa3d20000a3d200005c2400005c24 
  xmm6=0xe2820000e2820000499000004990 xmm7=0xe4e90000e4e90000ffea0000ffea 

0x7c: macro .switch, .actor2.function_actor2_0
  rax=0x00000000000000d0 rbx=0x0000445f00004400 rcx=0x000088a700008801 rdx=0x00000000000000d0
  rsi=0x000000000000131b rdi=0xc8800000bef6007c flags=0b000000000010
  xmm0=0x7a2c00007a2c0000643600006436 xmm1=0x2832000028320000507f0000507f 
  xmm2=0xd8bd0000d8bd00001abd00001abd xmm3=0xcc760000cc760000681000006810 
  xmm4=0xc9790000c9790000c62b0000c62b xmm5=0xa3d20000a3d200005c2400005c24 
  xmm6=0xe2820000e2820000499000004990 xmm7=0xe4e90000e4e90000ffea0000ffea 

0x3000: add sil, 29
  rax=0x00000000000000d0 rbx=0x0000445f00004400 rcx=0x000088a700008801 rdx=0x00000000000000d0
  rsi=0x000000000000131b rdi=0xc8800000bef6007c flags=0b000000000010
  xmm0=0x7a2c00007a2c0000643600006436 xmm1=0x2832000028320000507f0000507f 
  xmm2=0xd8bd0000d8bd00001abd00001abd xmm3=0xcc760000cc760000681000006810 
  xmm4=0xc9790000c9790000c62b0000c62b xmm5=0xa3d20000a3d200005c2400005c24 
  xmm6=0xe2820000e2820000499000004990 xmm7=0xe4e90000e4e90000ffea0000ffea 

0x3004: mov ecx, 0x1a4
  rax=0x00000000000000d0 rbx=0x0000445f00004400 rcx=0x000088a700008801 rdx=0x00000000000000d0
  rsi=0x0000000000001338 rdi=0xc8800000bef6007c flags=0b000000010010
  xmm0=0x7a2c00007a2c0000643600006436 xmm1=0x2832000028320000507f0000507f 
  xmm2=0xd8bd0000d8bd00001abd00001abd xmm3=0xcc760000cc760000681000006810 
  xmm4=0xc9790000c9790000c62b0000c62b xmm5=0xa3d20000a3d200005c2400005c24 
  xmm6=0xe2820000e2820000499000004990 xmm7=0xe4e90000e4e90000ffea0000ffea 

0x3009: mov edx, 0
  rax=0x00000000000000d0 rbx=0x0000445f00004400 rcx=0x00000000000001a4 rdx=0x00000000000000d0
  rsi=0x0000000000001338 rdi=0xc8800000bef6007c flags=0b000000010010
  xmm0=0x7a2c00007a2c0000643600006436 xmm1=0x2832000028320000507f0000507f 
  xmm2=0xd8bd0000d8bd00001abd00001abd xmm3=0xcc760000cc760000681000006810 
  xmm4=0xc9790000c9790000c62b0000c62b xmm5=0xa3d20000a3d200005c2400005c24 
  xmm6=0xe2820000e2820000499000004990 xmm7=0xe4e90000e4e90000ffea0000ffea 

0x300e: mov eax, 0b1111
  rax=0x00000000000000d0 rbx=0x0000445f00004400 rcx=0x00000000000001a4 rdx=0x0000000000000000
  rsi=0x0000000000001338 rdi=0xc8800000bef6007c flags=0b000000010010
  xmm0=0x7a2c00007a2c0000643600006436 xmm1=0x2832000028320000507f0000507f 
  xmm2=0xd8bd0000d8bd00001abd00001abd xmm3=0xcc760000cc760000681000006810 
  xmm4=0xc9790000c9790000c62b0000c62b xmm5=0xa3d20000a3d200005c2400005c24 
  xmm6=0xe2820000e2820000499000004990 xmm7=0xe4e90000e4e90000ffea0000ffea 

0x3013: wrmsr 
  rax=0x000000000000000f rbx=0x0000445f00004400 rcx=0x00000000000001a4 rdx=0x0000000000000000
  rsi=0x0000000000001338 rdi=0xc8800000bef6007c flags=0b000000010010
  xmm0=0x7a2c00007a2c0000643600006436 xmm1=0x2832000028320000507f0000507f 
  xmm2=0xd8bd0000d8bd00001abd00001abd xmm3=0xcc760000cc760000681000006810 
  xmm4=0xc9790000c9790000c62b0000c62b xmm5=0xa3d20000a3d200005c2400005c24 
  xmm6=0xe2820000e2820000499000004990 xmm7=0xe4e90000e4e90000ffea0000ffea 

0x3015: mfence 
  rax=0x000000000000000f rbx=0x0000445f00004400 rcx=0x00000000000001a4 rdx=0x0000000000000000
  rsi=0x0000000000001338 rdi=0xc8800000bef6007c flags=0b000000010010
  xmm0=0x7a2c00007a2c0000643600006436 xmm1=0x2832000028320000507f0000507f 
  xmm2=0xd8bd0000d8bd00001abd00001abd xmm3=0xcc760000cc760000681000006810 
  xmm4=0xc9790000c9790000c62b0000c62b xmm5=0xa3d20000a3d200005c2400005c24 
  xmm6=0xe2820000e2820000499000004990 xmm7=0xe4e90000e4e90000ffea0000ffea 

0x3018: lfence 
  rax=0x000000000000000f rbx=0x0000445f00004400 rcx=0x00000000000001a4 rdx=0x0000000000000000
  rsi=0x0000000000001338 rdi=0xc8800000bef6007c flags=0b000000010010
  xmm0=0x7a2c00007a2c0000643600006436 xmm1=0x2832000028320000507f0000507f 
  xmm2=0xd8bd0000d8bd00001abd00001abd xmm3=0xcc760000cc760000681000006810 
  xmm4=0xc9790000c9790000c62b0000c62b xmm5=0xa3d20000a3d200005c2400005c24 
  xmm6=0xe2820000e2820000499000004990 xmm7=0xe4e90000e4e90000ffea0000ffea 

0x301b: macro .measurement_start, .noarg
  rax=0x000000000000000f rbx=0x0000445f00004400 rcx=0x00000000000001a4 rdx=0x0000000000000000
  rsi=0x0000000000001338 rdi=0xc8800000bef6007c flags=0b000000010010
  xmm0=0x7a2c00007a2c0000643600006436 xmm1=0x2832000028320000507f0000507f 
  xmm2=0xd8bd0000d8bd00001abd00001abd xmm3=0xcc760000cc760000681000006810 
  xmm4=0xc9790000c9790000c62b0000c62b xmm5=0xa3d20000a3d200005c2400005c24 
  xmm6=0xe2820000e2820000499000004990 xmm7=0xe4e90000e4e90000ffea0000ffea 

0x3023: mov ecx, 0x1a4
  rax=0x000000000000000f rbx=0x0000445f00004400 rcx=0x00000000000001a4 rdx=0x0000000000000000
  rsi=0x0000000000001338 rdi=0xc8800000bef6007c flags=0b000000010010
  xmm0=0x7a2c00007a2c0000643600006436 xmm1=0x2832000028320000507f0000507f 
  xmm2=0xd8bd0000d8bd00001abd00001abd xmm3=0xcc760000cc760000681000006810 
  xmm4=0xc9790000c9790000c62b0000c62b xmm5=0xa3d20000a3d200005c2400005c24 
  xmm6=0xe2820000e2820000499000004990 xmm7=0xe4e90000e4e90000ffea0000ffea 

0x3028: mov edx, 0
  rax=0x000000000000000f rbx=0x0000445f00004400 rcx=0x00000000000001a4 rdx=0x0000000000000000
  rsi=0x0000000000001338 rdi=0xc8800000bef6007c flags=0b000000010010
  xmm0=0x7a2c00007a2c0000643600006436 xmm1=0x2832000028320000507f0000507f 
  xmm2=0xd8bd0000d8bd00001abd00001abd xmm3=0xcc760000cc760000681000006810 
  xmm4=0xc9790000c9790000c62b0000c62b xmm5=0xa3d20000a3d200005c2400005c24 
  xmm6=0xe2820000e2820000499000004990 xmm7=0xe4e90000e4e90000ffea0000ffea 

0x302d: mov eax, 0b0000
  rax=0x000000000000000f rbx=0x0000445f00004400 rcx=0x00000000000001a4 rdx=0x0000000000000000
  rsi=0x0000000000001338 rdi=0xc8800000bef6007c flags=0b000000010010
  xmm0=0x7a2c00007a2c0000643600006436 xmm1=0x2832000028320000507f0000507f 
  xmm2=0xd8bd0000d8bd00001abd00001abd xmm3=0xcc760000cc760000681000006810 
  xmm4=0xc9790000c9790000c62b0000c62b xmm5=0xa3d20000a3d200005c2400005c24 
  xmm6=0xe2820000e2820000499000004990 xmm7=0xe4e90000e4e90000ffea0000ffea 

0x3032: wrmsr 
  rax=0x0000000000000000 rbx=0x0000445f00004400 rcx=0x00000000000001a4 rdx=0x0000000000000000
  rsi=0x0000000000001338 rdi=0xc8800000bef6007c flags=0b000000010010
  xmm0=0x7a2c00007a2c0000643600006436 xmm1=0x2832000028320000507f0000507f 
  xmm2=0xd8bd0000d8bd00001abd00001abd xmm3=0xcc760000cc760000681000006810 
  xmm4=0xc9790000c9790000c62b0000c62b xmm5=0xa3d20000a3d200005c2400005c24 
  xmm6=0xe2820000e2820000499000004990 xmm7=0xe4e90000e4e90000ffea0000ffea 

0x3034: mfence 
  rax=0x0000000000000000 rbx=0x0000445f00004400 rcx=0x00000000000001a4 rdx=0x0000000000000000
  rsi=0x0000000000001338 rdi=0xc8800000bef6007c flags=0b000000010010
  xmm0=0x7a2c00007a2c0000643600006436 xmm1=0x2832000028320000507f0000507f 
  xmm2=0xd8bd0000d8bd00001abd00001abd xmm3=0xcc760000cc760000681000006810 
  xmm4=0xc9790000c9790000c62b0000c62b xmm5=0xa3d20000a3d200005c2400005c24 
  xmm6=0xe2820000e2820000499000004990 xmm7=0xe4e90000e4e90000ffea0000ffea 

0x3037: lfence 
  rax=0x0000000000000000 rbx=0x0000445f00004400 rcx=0x00000000000001a4 rdx=0x0000000000000000
  rsi=0x0000000000001338 rdi=0xc8800000bef6007c flags=0b000000010010
  xmm0=0x7a2c00007a2c0000643600006436 xmm1=0x2832000028320000507f0000507f 
  xmm2=0xd8bd0000d8bd00001abd00001abd xmm3=0xcc760000cc760000681000006810 
  xmm4=0xc9790000c9790000c62b0000c62b xmm5=0xa3d20000a3d200005c2400005c24 
  xmm6=0xe2820000e2820000499000004990 xmm7=0xe4e90000e4e90000ffea0000ffea 

0x303a: mov eax, 0
  rax=0x0000000000000000 rbx=0x0000445f00004400 rcx=0x00000000000001a4 rdx=0x0000000000000000
  rsi=0x0000000000001338 rdi=0xc8800000bef6007c flags=0b000000010010
  xmm0=0x7a2c00007a2c0000643600006436 xmm1=0x2832000028320000507f0000507f 
  xmm2=0xd8bd0000d8bd00001abd00001abd xmm3=0xcc760000cc760000681000006810 
  xmm4=0xc9790000c9790000c62b0000c62b xmm5=0xa3d20000a3d200005c2400005c24 
  xmm6=0xe2820000e2820000499000004990 xmm7=0xe4e90000e4e90000ffea0000ffea 

0x303f: and rcx, 0b1111111111111
  rax=0x0000000000000000 rbx=0x0000445f00004400 rcx=0x00000000000001a4 rdx=0x0000000000000000
  rsi=0x0000000000001338 rdi=0xc8800000bef6007c flags=0b000000010010
  xmm0=0x7a2c00007a2c0000643600006436 xmm1=0x2832000028320000507f0000507f 
  xmm2=0xd8bd0000d8bd00001abd00001abd xmm3=0xcc760000cc760000681000006810 
  xmm4=0xc9790000c9790000c62b0000c62b xmm5=0xa3d20000a3d200005c2400005c24 
  xmm6=0xe2820000e2820000499000004990 xmm7=0xe4e90000e4e90000ffea0000ffea 

0x3046: setnbe [r14 +rcx]
  rax=0x0000000000000000 rbx=0x0000445f00004400 rcx=0x00000000000001a4 rdx=0x0000000000000000
  rsi=0x0000000000001338 rdi=0xc8800000bef6007c flags=0b000000000010
  xmm0=0x7a2c00007a2c0000643600006436 xmm1=0x2832000028320000507f0000507f 
  xmm2=0xd8bd0000d8bd00001abd00001abd xmm3=0xcc760000cc760000681000006810 
  xmm4=0xc9790000c9790000c62b0000c62b xmm5=0xa3d20000a3d200005c2400005c24 
  xmm6=0xe2820000e2820000499000004990 xmm7=0xe4e90000e4e90000ffea0000ffea 

    > store to +0x41a4 value 0x1
0x304b: and rdi, 0b1111111111111
  rax=0x0000000000000000 rbx=0x0000445f00004400 rcx=0x00000000000001a4 rdx=0x0000000000000000
  rsi=0x0000000000001338 rdi=0xc8800000bef6007c flags=0b000000000010
  xmm0=0x7a2c00007a2c0000643600006436 xmm1=0x2832000028320000507f0000507f 
  xmm2=0xd8bd0000d8bd00001abd00001abd xmm3=0xcc760000cc760000681000006810 
  xmm4=0xc9790000c9790000c62b0000c62b xmm5=0xa3d20000a3d200005c2400005c24 
  xmm6=0xe2820000e2820000499000004990 xmm7=0xe4e90000e4e90000ffea0000ffea 

0x3052: movsx rbx, [r14 +rdi]
  rax=0x0000000000000000 rbx=0x0000445f00004400 rcx=0x00000000000001a4 rdx=0x0000000000000000
  rsi=0x0000000000001338 rdi=0x000000000000007c flags=0b000000000010
  xmm0=0x7a2c00007a2c0000643600006436 xmm1=0x2832000028320000507f0000507f 
  xmm2=0xd8bd0000d8bd00001abd00001abd xmm3=0xcc760000cc760000681000006810 
  xmm4=0xc9790000c9790000c62b0000c62b xmm5=0xa3d20000a3d200005c2400005c24 
  xmm6=0xe2820000e2820000499000004990 xmm7=0xe4e90000e4e90000ffea0000ffea 

    > load from +0x407c value 0xaee7
0x3057: add rsi, 0
  rax=0x0000000000000000 rbx=0xffffffffffffaee7 rcx=0x00000000000001a4 rdx=0x0000000000000000
  rsi=0x0000000000001338 rdi=0x000000000000007c flags=0b000000000010
  xmm0=0x7a2c00007a2c0000643600006436 xmm1=0x2832000028320000507f0000507f 
  xmm2=0xd8bd0000d8bd00001abd00001abd xmm3=0xcc760000cc760000681000006810 
  xmm4=0xc9790000c9790000c62b0000c62b xmm5=0xa3d20000a3d200005c2400005c24 
  xmm6=0xe2820000e2820000499000004990 xmm7=0xe4e90000e4e90000ffea0000ffea 

0x305b: and rcx, 0b1111111111111
  rax=0x0000000000000000 rbx=0xffffffffffffaee7 rcx=0x00000000000001a4 rdx=0x0000000000000000
  rsi=0x0000000000001338 rdi=0x000000000000007c flags=0b000000000010
  xmm0=0x7a2c00007a2c0000643600006436 xmm1=0x2832000028320000507f0000507f 
  xmm2=0xd8bd0000d8bd00001abd00001abd xmm3=0xcc760000cc760000681000006810 
  xmm4=0xc9790000c9790000c62b0000c62b xmm5=0xa3d20000a3d200005c2400005c24 
  xmm6=0xe2820000e2820000499000004990 xmm7=0xe4e90000e4e90000ffea0000ffea 

0x3062: add ebx, [r14 +rcx]
  rax=0x0000000000000000 rbx=0xffffffffffffaee7 rcx=0x00000000000001a4 rdx=0x0000000000000000
  rsi=0x0000000000001338 rdi=0x000000000000007c flags=0b000000000010
  xmm0=0x7a2c00007a2c0000643600006436 xmm1=0x2832000028320000507f0000507f 
  xmm2=0xd8bd0000d8bd00001abd00001abd xmm3=0xcc760000cc760000681000006810 
  xmm4=0xc9790000c9790000c62b0000c62b xmm5=0xa3d20000a3d200005c2400005c24 
  xmm6=0xe2820000e2820000499000004990 xmm7=0xe4e90000e4e90000ffea0000ffea 

    > load from +0x41a4 value 0x7201
0x3066: add rax, 2054399225
  rax=0x0000000000000000 rbx=0x00000000000020e8 rcx=0x00000000000001a4 rdx=0x0000000000000000
  rsi=0x0000000000001338 rdi=0x000000000000007c flags=0b000000000111
  xmm0=0x7a2c00007a2c0000643600006436 xmm1=0x2832000028320000507f0000507f 
  xmm2=0xd8bd0000d8bd00001abd00001abd xmm3=0xcc760000cc760000681000006810 
  xmm4=0xc9790000c9790000c62b0000c62b xmm5=0xa3d20000a3d200005c2400005c24 
  xmm6=0xe2820000e2820000499000004990 xmm7=0xe4e90000e4e90000ffea0000ffea 

0x306c: setno bl
  rax=0x000000007a73a4f9 rbx=0x00000000000020e8 rcx=0x00000000000001a4 rdx=0x0000000000000000
  rsi=0x0000000000001338 rdi=0x000000000000007c flags=0b000000000110
  xmm0=0x7a2c00007a2c0000643600006436 xmm1=0x2832000028320000507f0000507f 
  xmm2=0xd8bd0000d8bd00001abd00001abd xmm3=0xcc760000cc760000681000006810 
  xmm4=0xc9790000c9790000c62b0000c62b xmm5=0xa3d20000a3d200005c2400005c24 
  xmm6=0xe2820000e2820000499000004990 xmm7=0xe4e90000e4e90000ffea0000ffea 

0x306f: and rbx, 0b1111111111111
  rax=0x000000007a73a4f9 rbx=0x0000000000002001 rcx=0x00000000000001a4 rdx=0x0000000000000000
  rsi=0x0000000000001338 rdi=0x000000000000007c flags=0b000000000110
  xmm0=0x7a2c00007a2c0000643600006436 xmm1=0x2832000028320000507f0000507f 
  xmm2=0xd8bd0000d8bd00001abd00001abd xmm3=0xcc760000cc760000681000006810 
  xmm4=0xc9790000c9790000c62b0000c62b xmm5=0xa3d20000a3d200005c2400005c24 
  xmm6=0xe2820000e2820000499000004990 xmm7=0xe4e90000e4e90000ffea0000ffea 

0x3076: xadd [r14 +rbx], ecx
  rax=0x000000007a73a4f9 rbx=0x0000000000000001 rcx=0x00000000000001a4 rdx=0x0000000000000000
  rsi=0x0000000000001338 rdi=0x000000000000007c flags=0b000000000010
  xmm0=0x7a2c00007a2c0000643600006436 xmm1=0x2832000028320000507f0000507f 
  xmm2=0xd8bd0000d8bd00001abd00001abd xmm3=0xcc760000cc760000681000006810 
  xmm4=0xc9790000c9790000c62b0000c62b xmm5=0xa3d20000a3d200005c2400005c24 
  xmm6=0xe2820000e2820000499000004990 xmm7=0xe4e90000e4e90000ffea0000ffea 

    > load from +0x4001 value 0xad0000b4
    > store to +0x4001 value 0xad000258
0x307b: and rax, 0b1111111111111
  rax=0x000000007a73a4f9 rbx=0x0000000000000001 rcx=0x00000000ad0000b4 rdx=0x0000000000000000
  rsi=0x0000000000001338 rdi=0x000000000000007c flags=0b000010000010
  xmm0=0x7a2c00007a2c0000643600006436 xmm1=0x2832000028320000507f0000507f 
  xmm2=0xd8bd0000d8bd00001abd00001abd xmm3=0xcc760000cc760000681000006810 
  xmm4=0xc9790000c9790000c62b0000c62b xmm5=0xa3d20000a3d200005c2400005c24 
  xmm6=0xe2820000e2820000499000004990 xmm7=0xe4e90000e4e90000ffea0000ffea 

0x3081: add cl, [r14 +rax]
  rax=0x00000000000004f9 rbx=0x0000000000000001 rcx=0x00000000ad0000b4 rdx=0x0000000000000000
  rsi=0x0000000000001338 rdi=0x000000000000007c flags=0b000000000110
  xmm0=0x7a2c00007a2c0000643600006436 xmm1=0x2832000028320000507f0000507f 
  xmm2=0xd8bd0000d8bd00001abd00001abd xmm3=0xcc760000cc760000681000006810 
  xmm4=0xc9790000c9790000c62b0000c62b xmm5=0xa3d20000a3d200005c2400005c24 
  xmm6=0xe2820000e2820000499000004990 xmm7=0xe4e90000e4e90000ffea0000ffea 

    > load from +0x44f9 value 0x1b
0x3085: mov dl, 0
  rax=0x00000000000004f9 rbx=0x0000000000000001 rcx=0x00000000ad0000cf rdx=0x0000000000000000
  rsi=0x0000000000001338 rdi=0x000000000000007c flags=0b000010000110
  xmm0=0x7a2c00007a2c0000643600006436 xmm1=0x2832000028320000507f0000507f 
  xmm2=0xd8bd0000d8bd00001abd00001abd xmm3=0xcc760000cc760000681000006810 
  xmm4=0xc9790000c9790000c62b0000c62b xmm5=0xa3d20000a3d200005c2400005c24 
  xmm6=0xe2820000e2820000499000004990 xmm7=0xe4e90000e4e90000ffea0000ffea 

0x3087: and rbx, 0b1111111111111
  rax=0x00000000000004f9 rbx=0x0000000000000001 rcx=0x00000000ad0000cf rdx=0x0000000000000000
  rsi=0x0000000000001338 rdi=0x000000000000007c flags=0b000010000110
  xmm0=0x7a2c00007a2c0000643600006436 xmm1=0x2832000028320000507f0000507f 
  xmm2=0xd8bd0000d8bd00001abd00001abd xmm3=0xcc760000cc760000681000006810 
  xmm4=0xc9790000c9790000c62b0000c62b xmm5=0xa3d20000a3d200005c2400005c24 
  xmm6=0xe2820000e2820000499000004990 xmm7=0xe4e90000e4e90000ffea0000ffea 

0x308e: mov ax, [r14 +rbx]
  rax=0x00000000000004f9 rbx=0x0000000000000001 rcx=0x00000000ad0000cf rdx=0x0000000000000000
  rsi=0x0000000000001338 rdi=0x000000000000007c flags=0b000000000010
  xmm0=0x7a2c00007a2c0000643600006436 xmm1=0x2832000028320000507f0000507f 
  xmm2=0xd8bd0000d8bd00001abd00001abd xmm3=0xcc760000cc760000681000006810 
  xmm4=0xc9790000c9790000c62b0000c62b xmm5=0xa3d20000a3d200005c2400005c24 
  xmm6=0xe2820000e2820000499000004990 xmm7=0xe4e90000e4e90000ffea0000ffea 

    > load from +0x4001 value 0x258
0x3093: and rcx, 0b1111111111000
  rax=0x0000000000000258 rbx=0x0000000000000001 rcx=0x00000000ad0000cf rdx=0x0000000000000000
  rsi=0x0000000000001338 rdi=0x000000000000007c flags=0b000000000010
  xmm0=0x7a2c00007a2c0000643600006436 xmm1=0x2832000028320000507f0000507f 
  xmm2=0xd8bd0000d8bd00001abd00001abd xmm3=0xcc760000cc760000681000006810 
  xmm4=0xc9790000c9790000c62b0000c62b xmm5=0xa3d20000a3d200005c2400005c24 
  xmm6=0xe2820000e2820000499000004990 xmm7=0xe4e90000e4e90000ffea0000ffea 

0x309a: lock btc [r14 +rcx], 0
  rax=0x0000000000000258 rbx=0x0000000000000001 rcx=0x00000000000000c8 rdx=0x0000000000000000
  rsi=0x0000000000001338 rdi=0x000000000000007c flags=0b000000000010
  xmm0=0x7a2c00007a2c0000643600006436 xmm1=0x2832000028320000507f0000507f 
  xmm2=0xd8bd0000d8bd00001abd00001abd xmm3=0xcc760000cc760000681000006810 
  xmm4=0xc9790000c9790000c62b0000c62b xmm5=0xa3d20000a3d200005c2400005c24 
  xmm6=0xe2820000e2820000499000004990 xmm7=0xe4e90000e4e90000ffea0000ffea 

    > load from +0x40c8 value 0xc891
    > store to +0x40c8 value 0xc890
0x30a1: neg edx
  rax=0x0000000000000258 rbx=0x0000000000000001 rcx=0x00000000000000c8 rdx=0x0000000000000000
  rsi=0x0000000000001338 rdi=0x000000000000007c flags=0b000000000011
  xmm0=0x7a2c00007a2c0000643600006436 xmm1=0x2832000028320000507f0000507f 
  xmm2=0xd8bd0000d8bd00001abd00001abd xmm3=0xcc760000cc760000681000006810 
  xmm4=0xc9790000c9790000c62b0000c62b xmm5=0xa3d20000a3d200005c2400005c24 
  xmm6=0xe2820000e2820000499000004990 xmm7=0xe4e90000e4e90000ffea0000ffea 

0x30a3: and rbx, 0b1111111111000
  rax=0x0000000000000258 rbx=0x0000000000000001 rcx=0x00000000000000c8 rdx=0x0000000000000000
  rsi=0x0000000000001338 rdi=0x000000000000007c flags=0b000001000110
  xmm0=0x7a2c00007a2c0000643600006436 xmm1=0x2832000028320000507f0000507f 
  xmm2=0xd8bd0000d8bd00001abd00001abd xmm3=0xcc760000cc760000681000006810 
  xmm4=0xc9790000c9790000c62b0000c62b xmm5=0xa3d20000a3d200005c2400005c24 
  xmm6=0xe2820000e2820000499000004990 xmm7=0xe4e90000e4e90000ffea0000ffea 

0x30aa: and rcx, 0b111
  rax=0x0000000000000258 rbx=0x0000000000000000 rcx=0x00000000000000c8 rdx=0x0000000000000000
  rsi=0x0000000000001338 rdi=0x000000000000007c flags=0b000001000110
  xmm0=0x7a2c00007a2c0000643600006436 xmm1=0x2832000028320000507f0000507f 
  xmm2=0xd8bd0000d8bd00001abd00001abd xmm3=0xcc760000cc760000681000006810 
  xmm4=0xc9790000c9790000c62b0000c62b xmm5=0xa3d20000a3d200005c2400005c24 
  xmm6=0xe2820000e2820000499000004990 xmm7=0xe4e90000e4e90000ffea0000ffea 

0x30ae: lock btr [r14 +rbx], rcx
  rax=0x0000000000000258 rbx=0x0000000000000000 rcx=0x0000000000000000 rdx=0x0000000000000000
  rsi=0x0000000000001338 rdi=0x000000000000007c flags=0b000001000110
  xmm0=0x7a2c00007a2c0000643600006436 xmm1=0x2832000028320000507f0000507f 
  xmm2=0xd8bd0000d8bd00001abd00001abd xmm3=0xcc760000cc760000681000006810 
  xmm4=0xc9790000c9790000c62b0000c62b xmm5=0xa3d20000a3d200005c2400005c24 
  xmm6=0xe2820000e2820000499000004990 xmm7=0xe4e90000e4e90000ffea0000ffea 

    > load from +0x4000 value 0xb4ad000258ad
    > store to +0x4000 value 0xb4ad000258ac
0x30b4: and rcx, 0b1111111111111
  rax=0x0000000000000258 rbx=0x0000000000000000 rcx=0x0000000000000000 rdx=0x0000000000000000
  rsi=0x0000000000001338 rdi=0x000000000000007c flags=0b000001000111
  xmm0=0x7a2c00007a2c0000643600006436 xmm1=0x2832000028320000507f0000507f 
  xmm2=0xd8bd0000d8bd00001abd00001abd xmm3=0xcc760000cc760000681000006810 
  xmm4=0xc9790000c9790000c62b0000c62b xmm5=0xa3d20000a3d200005c2400005c24 
  xmm6=0xe2820000e2820000499000004990 xmm7=0xe4e90000e4e90000ffea0000ffea 

0x30bb: movzx esi, [r14 +rcx]
  rax=0x0000000000000258 rbx=0x0000000000000000 rcx=0x0000000000000000 rdx=0x0000000000000000
  rsi=0x0000000000001338 rdi=0x000000000000007c flags=0b000001000110
  xmm0=0x7a2c00007a2c0000643600006436 xmm1=0x2832000028320000507f0000507f 
  xmm2=0xd8bd0000d8bd00001abd00001abd xmm3=0xcc760000cc760000681000006810 
  xmm4=0xc9790000c9790000c62b0000c62b xmm5=0xa3d20000a3d200005c2400005c24 
  xmm6=0xe2820000e2820000499000004990 xmm7=0xe4e90000e4e90000ffea0000ffea 

    > load from +0x4000 value 0xac
0x30c0: and rax, 0b1111111111000
  rax=0x0000000000000258 rbx=0x0000000000000000 rcx=0x0000000000000000 rdx=0x0000000000000000
  rsi=0x00000000000000ac rdi=0x000000000000007c flags=0b000001000110
  xmm0=0x7a2c00007a2c0000643600006436 xmm1=0x2832000028320000507f0000507f 
  xmm2=0xd8bd0000d8bd00001abd00001abd xmm3=0xcc760000cc760000681000006810 
  xmm4=0xc9790000c9790000c62b0000c62b xmm5=0xa3d20000a3d200005c2400005c24 
  xmm6=0xe2820000e2820000499000004990 xmm7=0xe4e90000e4e90000ffea0000ffea 

0x30c6: add [r14 +rax], bl
  rax=0x0000000000000258 rbx=0x0000000000000000 rcx=0x0000000000000000 rdx=0x0000000000000000
  rsi=0x00000000000000ac rdi=0x000000000000007c flags=0b000000000010
  xmm0=0x7a2c00007a2c0000643600006436 xmm1=0x2832000028320000507f0000507f 
  xmm2=0xd8bd0000d8bd00001abd00001abd xmm3=0xcc760000cc760000681000006810 
  xmm4=0xc9790000c9790000c62b0000c62b xmm5=0xa3d20000a3d200005c2400005c24 
  xmm6=0xe2820000e2820000499000004990 xmm7=0xe4e90000e4e90000ffea0000ffea 

    > load from +0x4258 value 0xeb
    > store to +0x4258 value 0xeb
0x30ca: mov ecx, 0x1a4
  rax=0x0000000000000258 rbx=0x0000000000000000 rcx=0x0000000000000000 rdx=0x0000000000000000
  rsi=0x00000000000000ac rdi=0x000000000000007c flags=0b000010000110
  xmm0=0x7a2c00007a2c0000643600006436 xmm1=0x2832000028320000507f0000507f 
  xmm2=0xd8bd0000d8bd00001abd00001abd xmm3=0xcc760000cc760000681000006810 
  xmm4=0xc9790000c9790000c62b0000c62b xmm5=0xa3d20000a3d200005c2400005c24 
  xmm6=0xe2820000e2820000499000004990 xmm7=0xe4e90000e4e90000ffea0000ffea 

0x30cf: mov edx, 0
  rax=0x0000000000000258 rbx=0x0000000000000000 rcx=0x00000000000001a4 rdx=0x0000000000000000
  rsi=0x00000000000000ac rdi=0x000000000000007c flags=0b000010000110
  xmm0=0x7a2c00007a2c0000643600006436 xmm1=0x2832000028320000507f0000507f 
  xmm2=0xd8bd0000d8bd00001abd00001abd xmm3=0xcc760000cc760000681000006810 
  xmm4=0xc9790000c9790000c62b0000c62b xmm5=0xa3d20000a3d200005c2400005c24 
  xmm6=0xe2820000e2820000499000004990 xmm7=0xe4e90000e4e90000ffea0000ffea 

0x30d4: mov eax, 0b1111
  rax=0x0000000000000258 rbx=0x0000000000000000 rcx=0x00000000000001a4 rdx=0x0000000000000000
  rsi=0x00000000000000ac rdi=0x000000000000007c flags=0b000010000110
  xmm0=0x7a2c00007a2c0000643600006436 xmm1=0x2832000028320000507f0000507f 
  xmm2=0xd8bd0000d8bd00001abd00001abd xmm3=0xcc760000cc760000681000006810 
  xmm4=0xc9790000c9790000c62b0000c62b xmm5=0xa3d20000a3d200005c2400005c24 
  xmm6=0xe2820000e2820000499000004990 xmm7=0xe4e90000e4e90000ffea0000ffea 

0x30d9: wrmsr 
  rax=0x000000000000000f rbx=0x0000000000000000 rcx=0x00000000000001a4 rdx=0x0000000000000000
  rsi=0x00000000000000ac rdi=0x000000000000007c flags=0b000010000110
  xmm0=0x7a2c00007a2c0000643600006436 xmm1=0x2832000028320000507f0000507f 
  xmm2=0xd8bd0000d8bd00001abd00001abd xmm3=0xcc760000cc760000681000006810 
  xmm4=0xc9790000c9790000c62b0000c62b xmm5=0xa3d20000a3d200005c2400005c24 
  xmm6=0xe2820000e2820000499000004990 xmm7=0xe4e90000e4e90000ffea0000ffea 

0x30db: mfence 
  rax=0x000000000000000f rbx=0x0000000000000000 rcx=0x00000000000001a4 rdx=0x0000000000000000
  rsi=0x00000000000000ac rdi=0x000000000000007c flags=0b000010000110
  xmm0=0x7a2c00007a2c0000643600006436 xmm1=0x2832000028320000507f0000507f 
  xmm2=0xd8bd0000d8bd00001abd00001abd xmm3=0xcc760000cc760000681000006810 
  xmm4=0xc9790000c9790000c62b0000c62b xmm5=0xa3d20000a3d200005c2400005c24 
  xmm6=0xe2820000e2820000499000004990 xmm7=0xe4e90000e4e90000ffea0000ffea 

0x30de: lfence 
  rax=0x000000000000000f rbx=0x0000000000000000 rcx=0x00000000000001a4 rdx=0x0000000000000000
  rsi=0x00000000000000ac rdi=0x000000000000007c flags=0b000010000110
  xmm0=0x7a2c00007a2c0000643600006436 xmm1=0x2832000028320000507f0000507f 
  xmm2=0xd8bd0000d8bd00001abd00001abd xmm3=0xcc760000cc760000681000006810 
  xmm4=0xc9790000c9790000c62b0000c62b xmm5=0xa3d20000a3d200005c2400005c24 
  xmm6=0xe2820000e2820000499000004990 xmm7=0xe4e90000e4e90000ffea0000ffea 

0x30e1: macro .measurement_end, .noarg
  rax=0x000000000000000f rbx=0x0000000000000000 rcx=0x00000000000001a4 rdx=0x0000000000000000
  rsi=0x00000000000000ac rdi=0x000000000000007c flags=0b000010000110
  xmm0=0x7a2c00007a2c0000643600006436 xmm1=0x2832000028320000507f0000507f 
  xmm2=0xd8bd0000d8bd00001abd00001abd xmm3=0xcc760000cc760000681000006810 
  xmm4=0xc9790000c9790000c62b0000c62b xmm5=0xa3d20000a3d200005c2400005c24 
  xmm6=0xe2820000e2820000499000004990 xmm7=0xe4e90000e4e90000ffea0000ffea 

0x30e9: mov ecx, 0x1a4
  rax=0x000000000000000f rbx=0x0000000000000000 rcx=0x00000000000001a4 rdx=0x0000000000000000
  rsi=0x00000000000000ac rdi=0x000000000000007c flags=0b000010000110
  xmm0=0x7a2c00007a2c0000643600006436 xmm1=0x2832000028320000507f0000507f 
  xmm2=0xd8bd0000d8bd00001abd00001abd xmm3=0xcc760000cc760000681000006810 
  xmm4=0xc9790000c9790000c62b0000c62b xmm5=0xa3d20000a3d200005c2400005c24 
  xmm6=0xe2820000e2820000499000004990 xmm7=0xe4e90000e4e90000ffea0000ffea 

0x30ee: mov edx, 0
  rax=0x000000000000000f rbx=0x0000000000000000 rcx=0x00000000000001a4 rdx=0x0000000000000000
  rsi=0x00000000000000ac rdi=0x000000000000007c flags=0b000010000110
  xmm0=0x7a2c00007a2c0000643600006436 xmm1=0x2832000028320000507f0000507f 
  xmm2=0xd8bd0000d8bd00001abd00001abd xmm3=0xcc760000cc760000681000006810 
  xmm4=0xc9790000c9790000c62b0000c62b xmm5=0xa3d20000a3d200005c2400005c24 
  xmm6=0xe2820000e2820000499000004990 xmm7=0xe4e90000e4e90000ffea0000ffea 

0x30f3: mov eax, 0b0000
  rax=0x000000000000000f rbx=0x0000000000000000 rcx=0x00000000000001a4 rdx=0x0000000000000000
  rsi=0x00000000000000ac rdi=0x000000000000007c flags=0b000010000110
  xmm0=0x7a2c00007a2c0000643600006436 xmm1=0x2832000028320000507f0000507f 
  xmm2=0xd8bd0000d8bd00001abd00001abd xmm3=0xcc760000cc760000681000006810 
  xmm4=0xc9790000c9790000c62b0000c62b xmm5=0xa3d20000a3d200005c2400005c24 
  xmm6=0xe2820000e2820000499000004990 xmm7=0xe4e90000e4e90000ffea0000ffea 

0x30f8: wrmsr 
  rax=0x0000000000000000 rbx=0x0000000000000000 rcx=0x00000000000001a4 rdx=0x0000000000000000
  rsi=0x00000000000000ac rdi=0x000000000000007c flags=0b000010000110
  xmm0=0x7a2c00007a2c0000643600006436 xmm1=0x2832000028320000507f0000507f 
  xmm2=0xd8bd0000d8bd00001abd00001abd xmm3=0xcc760000cc760000681000006810 
  xmm4=0xc9790000c9790000c62b0000c62b xmm5=0xa3d20000a3d200005c2400005c24 
  xmm6=0xe2820000e2820000499000004990 xmm7=0xe4e90000e4e90000ffea0000ffea 

0x30fa: mfence 
  rax=0x0000000000000000 rbx=0x0000000000000000 rcx=0x00000000000001a4 rdx=0x0000000000000000
  rsi=0x00000000000000ac rdi=0x000000000000007c flags=0b000010000110
  xmm0=0x7a2c00007a2c0000643600006436 xmm1=0x2832000028320000507f0000507f 
  xmm2=0xd8bd0000d8bd00001abd00001abd xmm3=0xcc760000cc760000681000006810 
  xmm4=0xc9790000c9790000c62b0000c62b xmm5=0xa3d20000a3d200005c2400005c24 
  xmm6=0xe2820000e2820000499000004990 xmm7=0xe4e90000e4e90000ffea0000ffea 

0x30fd: lfence 
  rax=0x0000000000000000 rbx=0x0000000000000000 rcx=0x00000000000001a4 rdx=0x0000000000000000
  rsi=0x00000000000000ac rdi=0x000000000000007c flags=0b000010000110
  xmm0=0x7a2c00007a2c0000643600006436 xmm1=0x2832000028320000507f0000507f 
  xmm2=0xd8bd0000d8bd00001abd00001abd xmm3=0xcc760000cc760000681000006810 
  xmm4=0xc9790000c9790000c62b0000c62b xmm5=0xa3d20000a3d200005c2400005c24 
  xmm6=0xe2820000e2820000499000004990 xmm7=0xe4e90000e4e90000ffea0000ffea 

0x3100: macro .switch, .main.function_main_1
  rax=0x0000000000000000 rbx=0x0000000000000000 rcx=0x00000000000001a4 rdx=0x0000000000000000
  rsi=0x00000000000000ac rdi=0x000000000000007c flags=0b000010000110
  xmm0=0x7a2c00007a2c0000643600006436 xmm1=0x2832000028320000507f0000507f 
  xmm2=0xd8bd0000d8bd00001abd00001abd xmm3=0xcc760000cc760000681000006810 
  xmm4=0xc9790000c9790000c62b0000c62b xmm5=0xa3d20000a3d200005c2400005c24 
  xmm6=0xe2820000e2820000499000004990 xmm7=0xe4e90000e4e90000ffea0000ffea 





================================ Statistics ===================================

Test Cases: 1
Inputs per test case: 100.0
Violations: 1
Effectiveness: 
  Total Cls: 50.0
  Effective Cls: 50.0
Discarded Test Cases:
  Speculation Filter: 0
  Observation Filter: 0
  Fast Path: 0
  Max Nesting Check: 0
  Tainting Check: 0
  Early Priming Check: 0
  Large Sample Check: 0
  Priming Check: 0

Duration: 98.7
Finished at 14:33:51
