
INFO: [fuzzer] Starting at 13:51:31
> Entering slow path...> Priming  6             > Priming  5              > Increase sample size to 40> Priming  3             > Priming  2             > Priming  1             
================================ Statistics ===================================

Test Cases: 1
Inputs per test case: 100.0
Violations: 0
Effectiveness: 
  Total Cls: 50.0
  Effective Cls: 50.0
Discarded Test Cases:
  Speculation Filter: 0
  Observation Filter: 0
  Fast Path: 0
  Max Nesting Check: 0
  Tainting Check: 0
  Early Priming Check: 0
  Large Sample Check: 0
  Priming Check: 1

Duration: 3.1
Finished at 13:51:34
