[PASS 1] Reproducing the violation
  > Violation reproduced. Proceeding with minimization
  > Violating input IDs: [19, 69]
[INFO] Minimization attempt 1/10
[PASS 2] Instruction Removal Pass

.-.................-..-...................------................
...............----------------------------------
[INFO] Minimization attempt 2/10
[PASS 3] Instruction Removal Pass

...............................-------.--...........------------
---------------------
[INFO] Minimization attempt 3/10
[PASS 4] Instruction Removal Pass

......------.......--------------------------------
[INFO] Minimization attempt 4/10
[PASS 5] Instruction Removal Pass

.------..--------------------------------
[INFO] Minimization attempt 5/10
[PASS 6] Instruction Removal Pass

.------.--------------------------------
[INFO] Minimization attempt 6/10
[PASS 7] Instruction Removal Pass

.------.--------------------------------
[INFO] Minimization attempt 7/10
[PASS 8] Instruction Removal Pass

--------------------------------------
[INFO] Minimization attempt 8/10
[PASS 9] Instruction Removal Pass

--------------------------------------
[INFO] Minimization attempt 9/10
[PASS 10] Instruction Removal Pass

--------------------------------------
[INFO] Minimization attempt 10/10
[PASS 11] Instruction Removal Pass

--------------------------------------
[PASS 12] Violation Comment Insertion
[PASS 13] Label Removal Pass

.---------------------------------------------------------------
---------....-------------------------------------------.
[PASS 14] Storing the results
