[PASS 1] Reproducing the violation
  > Violation reproduced. Proceeding with minimization
[PASS 2] Input Sequence Minimization
  > Reducing the number of inputs by halving
  > Result: Reduced to 25 inputs
  > Reducing the input sequence iteratively
  > Iteration 1

..........----------------------------------------
  > Iteration 2

--------------
---------------------------
  > Result: Reduced to 41 inputs
[PASS 3] Differential Input Minimizer

Address    +0x0     +0x40    +0x80    +0xc0    +0x100   +0x140   +0x180   +0x1c0   
0x00000000 ==...... ....+=.. ........ ........ ........ ........ ........ ........
0x00000200 ........ ........ ........ ........ ........ ........ ........ ........
0x00000400 =....... ........ ........ ........ ........ ........ ........ ........
0x00000600 ........ ........ ........ ........ ........ ........ ........ ........
0x00000800 ........ ........ ........ ........ ........ ........ ........ ........
0x00000a00 ........ ........ ........ ........ ........ ........ ........ ........
0x00000c00 ........ ........ ........ ........ ........ ........ ........ ........
0x00000e00 ........ ........ ........ ........ ........ ........ ........ ........
0x00001000 ........ ........ ........ ........ ........ ........ ........ ........
0x00001200 ........ ........ ........ ........ ........ ........ ........ ........
0x00001400 ........ ........ ........ ........ ........ ........ ........ ........
0x00001600 ........ ........ ........ ........ ........ ........ ........ ........
0x00001800 ........ ........ ........ ........ ........ ........ ........ ........
0x00001a00 ........ ........ ........ ........ ........ ........ ........ ........
0x00001c00 ........ ........ ........ ........ ........ ........ ........ ........
0x00001e00 ........ ........ ........ ........ ........ ........ ........ ........
0x00002000 =======.
0x00002040 ........ ........ ........ ........
0x00004000 ======== ======== ======== ======== ======== ======== ======== ========
0x00004200 ======== ======== ======== ======== ======== ======== ======== ========
0x00004400 ======== ======== ======== ======== ======== ======== ======== ========
0x00004600 ======== ======== ======== ======== ======== ======== ======== ========
0x00004800 ======== ======== ======== ======== ======== ======== ======== ========
0x00004a00 ======== ======== ======== ======== ======== ======== ======== ========
0x00004c00 ======== ======== ======== ======== ======== ======== ======== ========
0x00004e00 ======== ======== ======== ======== ======== ======== ======== ========
0x00005000 ======== ======== ======== ======== ======== ======== ======== ========
0x00005200 ======== ======== ======== ======== ======== ======== ======== ========
0x00005400 ======== ======== ======== ======== ======== ======== ======== ========
0x00005600 ======== ======== ======== ======== ======== ======== ======== ========
0x00005800 ======== ======== ======== ======== ======== ======== ======== ========
0x00005a00 ======== ======== ======== ======== ======== ======== ======== ========
0x00005c00 ======== ======== ======== ======== ======== ======== ======== ========
0x00005e00 ======== ======== ======== ======== ======== ======== ======== ========
0x00006000 ========
0x00006040 ======== ======== ======== ========
  > Result: Leaked 0 bytes
  > Addresses: []
  > Saving new inputs in '/home/t-fubo/code/sca-fuzzer/debug/stored_vios/ddp_240814/violation-240813-225849/min_input_sequence'
  > Violating input IDs: [22, 64]
[INFO] Minimization attempt 1/10
[PASS 4] Instruction Removal Pass

-...
WARNING: [fuzzer] Architectural violation detected
Input 0:
  Model Registers:
  rax:00000000000012c4 rbx:0000000000001677 rcx:000000000000008a rdx:000000000000d30e rsi:00000000000013d0 rdi:0000000000001322 
  HW Registers:   
  rax:00000000000012c4 rbx:0000000000001677 rcx:000000000000008a rdx:000000000000d30e rsi:00000000000013d0 rdi:0000000000001322 

--...--....-...-...--..--...--
WARNING: [fuzzer] Architectural violation detected
Input 0:
  Model Registers:
  rax:00000000000012c4 rbx:0000000000001677 rcx:000000000000008a rdx:000000000000d30e rsi:00000000000013d0 rdi:0000000000001322 
  HW Registers:   
  rax:00000000000012c4 rbx:0000000000001677 rcx:000000000000008a rdx:000000000000d30e rsi:00000000000013d0 rdi:0000000000001322 

-......
WARNING: [fuzzer] Architectural violation detected
Input 0:
  Model Registers:
  rax:000000000000088b rbx:0000000000001eb3 rcx:000000000000004e rdx:0000000000001300 rsi:0000000000001635 rdi:0000000000001dc3 
  HW Registers:   
  rax:000000000000088b rbx:0000000000001eb3 rcx:000000000000004e rdx:0000000000001300 rsi:0000000000001635 rdi:0000000000001dc3 

-.......-.-.
WARNING: [fuzzer] Architectural violation detected
Input 0:
  Model Registers:
  rax:00000000000007e9 rbx:0000000000001fff rcx:000000000000006e rdx:000000000000ffa6 rsi:0000000000001635 rdi:0000000000001dc3 
  HW Registers:   
  rax:00000000000007e9 rbx:0000000000001fff rcx:000000000000006e rdx:000000000000ffa6 rsi:0000000000001635 rdi:0000000000001dc3 

-.
WARNING: [fuzzer] Architectural violation detected
Input 0:
  Model Registers:
  rax:0000000000000440 rbx:0000000000001fff rcx:000000000000006e rdx:000000000000d38e rsi:0000000000001635 rdi:0000000000001dc3 
  HW Registers:   
  rax:0000000000000440 rbx:0000000000001fff rcx:000000000000006e rdx:000000000000d38e rsi:0000000000001635 rdi:0000000000001dc3 

-........
WARNING: [fuzzer] Architectural violation detected
Input 0:
  Model Registers:
  rax:0000000000000ae9 rbx:0000000000001e6f rcx:00000000000000bb rdx:000000000000d2d6 rsi:0000000000001635 rdi:0000000000001dc3 
  HW Registers:   
  rax:0000000000000ae9 rbx:0000000000001e6f rcx:00000000000000bb rdx:000000000000d2d6 rsi:0000000000001635 rdi:0000000000001dc3 


--...-...
WARNING: [fuzzer] Architectural violation detected
Input 0:
  Model Registers:
  rax:0000000000001610 rbx:0000000000001e6f rcx:0000000000001b74 rdx:000000002fffd3a3 rsi:0000000000001635 rdi:0000000000001dc3 
  HW Registers:   
  rax:0000000000001610 rbx:0000000000001e6f rcx:0000000000001b74 rdx:000000002fffd3a3 rsi:0000000000001635 rdi:0000000000001dc3 

-.-...--......-
[INFO] Minimization attempt 2/10
[PASS 5] Instruction Removal Pass

----...-
WARNING: [fuzzer] Architectural violation detected
Input 0:
  Model Registers:
  rax:00000000000004d1 rbx:0000000000001eef rcx:0000000000001b74 rdx:000000000000d2c4 rsi:00000000000000b8 rdi:0000000000000032 
  HW Registers:   
  rax:00000000000004d1 rbx:0000000000001eef rcx:0000000000001b74 rdx:000000000000d2c4 rsi:00000000000000b8 rdi:0000000000000032 

-.....-......-
WARNING: [fuzzer] Architectural violation detected
Input 0:
  Model Registers:
  rax:0000000000001900 rbx:000000000000007f rcx:00000000000007da rdx:000000000000d2d1 rsi:0000000000001bb1 rdi:0000000000000098 
  HW Registers:   
  rax:0000000000001900 rbx:000000000000007f rcx:00000000000007da rdx:000000000000d2d1 rsi:0000000000001bb1 rdi:0000000000000098 

-.-...
WARNING: [fuzzer] Architectural violation detected
Input 0:
  Model Registers:
  rax:00000000743f1900 rbx:000000000000007f rcx:00000000000007da rdx:000000000000d2d1 rsi:0000000000001bb1 rdi:0000000000000098 
  HW Registers:   
  rax:00000000743f1900 rbx:000000000000007f rcx:00000000000007da rdx:000000000000d2d1 rsi:0000000000001bb1 rdi:0000000000000098 

-
WARNING: [fuzzer] Architectural violation detected
Input 0:
  Model Registers:
  rax:0000000000000850 rbx:000000000000007f rcx:00000000000007da rdx:000000000000004c rsi:0000000000001bb1 rdi:0000000000000098 
  HW Registers:   
  rax:0000000000000850 rbx:000000000000007f rcx:00000000000007da rdx:000000000000004c rsi:0000000000001bb1 rdi:0000000000000098 

-.....--.
WARNING: [fuzzer] Architectural violation detected
Input 0:
  Model Registers:
  rax:0000000000000a40 rbx:000000000000007f rcx:00000000000007da rdx:000000000000ff30 rsi:0000000000001bb1 rdi:0000000000000098 
  HW Registers:   
  rax:0000000000000a40 rbx:000000000000007f rcx:00000000000007da rdx:000000000000ff30 rsi:0000000000001bb1 rdi:0000000000000098 

-
WARNING: [fuzzer] Architectural violation detected
Input 0:
  Model Registers:
  rax:0000000000000440 rbx:000000000000007f rcx:00000000000007da rdx:000000000000d38e rsi:0000000000001bb1 rdi:0000000000000098 
  HW Registers:   
  rax:0000000000000440 rbx:000000000000007f rcx:00000000000007da rdx:000000000000d38e rsi:0000000000001bb1 rdi:0000000000000098 

-....
WARNING: [fuzzer] Architectural violation detected
Input 0:
  Model Registers:
  rax:0000000000001fe1 rbx:000000000000007f rcx:00000000000007da rdx:000000000000d343 rsi:0000000000001bb1 rdi:0000000000000098 
  HW Registers:   
  rax:0000000000001fe1 rbx:000000000000007f rcx:00000000000007da rdx:000000000000d343 rsi:0000000000001bb1 rdi:0000000000000098 

--...-...-..--.-
[INFO] Minimization attempt 3/10
[PASS 6] Instruction Removal Pass

---..---...--.
WARNING: [fuzzer] Architectural violation detected
Input 0:
  Model Registers:
  rax:0000000000001900 rbx:000000000000007f rcx:00000000000007da rdx:000000000000d2d1 rsi:0000000000001bb1 rdi:0000000000000098 
  HW Registers:   
  rax:0000000000001900 rbx:000000000000007f rcx:00000000000007da rdx:000000000000d2d1 rsi:0000000000001bb1 rdi:0000000000000098 

-.
WARNING: [fuzzer] Architectural violation detected
Input 0:
  Model Registers:
  rax:00000000743f1900 rbx:000000000000007f rcx:00000000000007da rdx:000000000000d2d1 rsi:0000000000001bb1 rdi:0000000000000098 
  HW Registers:   
  rax:00000000743f1900 rbx:000000000000007f rcx:00000000000007da rdx:000000000000d2d1 rsi:0000000000001bb1 rdi:0000000000000098 

-
WARNING: [fuzzer] Architectural violation detected
Input 0:
  Model Registers:
  rax:0000000000000850 rbx:000000000000007f rcx:00000000000007da rdx:000000000000001a rsi:0000000000001bb1 rdi:0000000000000098 
  HW Registers:   
  rax:0000000000000850 rbx:000000000000007f rcx:00000000000007da rdx:000000000000001a rsi:0000000000001bb1 rdi:0000000000000098 

---...-------
[INFO] Minimization attempt 4/10
[PASS 7] Instruction Removal Pass

-.----.--.-..--..-------
[INFO] Minimization attempt 5/10
[PASS 8] Instruction Removal Pass

----------.-------
[INFO] Minimization attempt 6/10
[PASS 9] Instruction Removal Pass

----------.-------
[INFO] Minimization attempt 7/10
[PASS 10] Instruction Removal Pass

----------.-------
[INFO] Minimization attempt 8/10
[PASS 11] Instruction Removal Pass

-----------------
[INFO] Minimization attempt 9/10
[PASS 12] Instruction Removal Pass

-----------------
[INFO] Minimization attempt 10/10
[PASS 13] Instruction Removal Pass

-----------------
[PASS 14] Violation Comment Insertion
[PASS 15] Label Removal Pass

...-------------------------------....--------------------------
------------------------..--------------------------.
[PASS 16] Storing the results
