
INFO: [fuzzer] Starting at 10:56:13
> Entering slow path...> Priming  1             
================================ Collected Traces =============================
- Input 0:
  HTr:
    ^^^..............^^............................................^ [160]

    With no prev delay:
    ^^^.......^......^^..^.........................................^ [160    | 11    ]
  Feedback: [822 753  12   0   0]
- Input 1:
  HTr:
    ^.........^....^....^.................^.........^^..^.......^.^^ [160]
  Feedback: [822 752  10   0   0]
- Input 2:
  HTr:
    ^.........^....^....^.................^.........^^..^.......^.^^ [160]
  Feedback: [822 753  18   0   0]
- Input 3:
  HTr:
    ^.........^....^....^.................^.........^^..^.......^.^^ [160]
  Feedback: [822 752   4   0   0]
- Input 4:
  HTr:
    ^.........^....^....^.................^.........^^..^.......^.^^ [160]
  Feedback: [822 753  12   0   0]
- Input 5:
  HTr:
    ^.........^....^....^.................^.........^^..^.......^.^^ [160]
  Feedback: [822 752  11   0   0]
- Input 6:
  HTr:
    ^.........^....^....^.................^.........^^..^.......^.^^ [160]
  Feedback: [822 751  12   0   0]
- Input 7:
  HTr:
    ^.........^....^....^.................^.........^^..^.......^.^^ [160]
  Feedback: [822 752   4   0   0]
- Input 8:
  HTr:
    ^.........^....^....^.................^.........^^..^.......^.^^ [160]
  Feedback: [822 751   4   0   0]
- Input 9:
  HTr:
    ^.........^....^....^.................^.........^^..^.......^.^^ [160]
  Feedback: [822 753   4   0   0]
- Input 10:
  HTr:
    ^.........^....^....^.................^.........^^..^.......^.^^ [160]
  Feedback: [822 752   4   0   0]
- Input 11:
  HTr:
    ^.........^....^....^.................^.........^^..^.......^.^^ [160]
  Feedback: [822 752  12   0   0]
- Input 12:
  HTr:
    ^.........^....^....^.................^.........^^..^.......^.^^ [160]
  Feedback: [822 752   8   0   0]
- Input 13:
  HTr:
    ^.........^....^....^.................^.........^^..^.......^.^^ [160]
  Feedback: [822 753   4   0   0]
- Input 14:
  HTr:
    ^.........^....^....^.................^.........^^..^.......^.^^ [160]
  Feedback: [822 751   4   0   0]
- Input 15:
  HTr:
    ^.........^....^....^.................^.........^^..^.......^.^^ [160]
  Feedback: [822 752   5   0   0]
- Input 16:
  HTr:
    ^^^..............^^.^^.........................................^ [158]
    ^^^..............^^............................................^ [2]

    With no prev delay:
    ^^^.......^.....^^^..^....................^....................^ [0      | 149   ]
  Feedback: [935 760  10   0   0]

Duration: 4.3
Finished at 10:56:18
