[PASS 1] Reproducing the violation
  > Violation reproduced. Proceeding with minimization
[PASS 2] Input Sequence Minimization
  > Reducing the number of inputs by halving
  > Result: Reduced to 3 inputs
  > Reducing the input sequence iteratively
  > Iteration 1

...---
  > Iteration 2

----
  > Result: Reduced to 4 inputs
  > Saving new inputs in '/home/brian/code/sca-fuzzer/dbg/stored_vios/240720/violation-240720-203237/min_input_sequence'
  > Violating input IDs: [1, 4]
[INFO] Minimization attempt 1/1
[PASS 3] Instruction Removal Pass

----------------------------------------------------------------
---
[PASS 4] Violation Comment Insertion
[PASS 5] Label Removal Pass

----------------------------------------------------------------
---------------------------------------------------------------
---------------------------------------------------------------
---------------------------------------------------------------
---------------------------------------------------------------
-
[PASS 6] Storing the results
