
INFO: [fuzzer] Starting at 10:56:48
> Entering slow path...> Priming  1              > Increase sample size to 40> Priming  1              > Increase sample size to 160> Priming  1              > Increase sample size to 320> Priming  1             

================================ Violations detected ==========================
Contract trace:
 2051816072449610417 (hash)
Hardware traces:
  Input group 1: [3]
  Input group 2: [23]
  ^..^...........^.........................^...^.................^ [261    | 16    ]
  ^..^........^..^.........................^...^.................^ [59     | 0     ]
  ^..^...........^^........................^...^.................^ [0      | 304   ]

================================ Violation Traces =============================
                      ##### Input 3 #####

                     ##### Input 0 #####
0x0 : macro .switch, .actor2.function_actor2_0
  rax=0x0000270700002707 rbx=0x0000ee6a0000ee6a rcx=0x0000de0c0000de0c rdx=0x00007be600007be6
  rsi=0x00005b3600005b36 rdi=0x0000d3c70000d3c7 flags=0b000001010010
  xmm0=0x00000100000001000000589100005891 xmm1=0x0000a8470000a84700002bec00002bec 
  xmm2=0x00002dc400002dc40000333e0000333e xmm3=0x00008733000087330000a0ba0000a0ba 
  xmm4=0x00008d9c00008d9c0000e15c0000e15c xmm5=0x00006ff400006ff40000ded00000ded0 
  xmm6=0x0000502e0000502e0000eb9b0000eb9b xmm7=0x0000300b0000300b0000424c0000424c 

0x3000: pushfq 
  rax=0x0000270700002707 rbx=0x0000ee6a0000ee6a rcx=0x0000de0c0000de0c rdx=0x00007be600007be6
  rsi=0x00005b3600005b36 rdi=0x0000d3c70000d3c7 flags=0b000001010010
  xmm0=0x00000100000001000000589100005891 xmm1=0x0000a8470000a84700002bec00002bec 
  xmm2=0x00002dc400002dc40000333e0000333e xmm3=0x00008733000087330000a0ba0000a0ba 
  xmm4=0x00008d9c00008d9c0000e15c0000e15c xmm5=0x00006ff400006ff40000ded00000ded0 
  xmm6=0x0000502e0000502e0000eb9b0000eb9b xmm7=0x0000300b0000300b0000424c0000424c 

    > store to +0x4ff0 value 0x52
0x3001: push rax
  rax=0x0000270700002707 rbx=0x0000ee6a0000ee6a rcx=0x0000de0c0000de0c rdx=0x00007be600007be6
  rsi=0x00005b3600005b36 rdi=0x0000d3c70000d3c7 flags=0b000001010010
  xmm0=0x00000100000001000000589100005891 xmm1=0x0000a8470000a84700002bec00002bec 
  xmm2=0x00002dc400002dc40000333e0000333e xmm3=0x00008733000087330000a0ba0000a0ba 
  xmm4=0x00008d9c00008d9c0000e15c0000e15c xmm5=0x00006ff400006ff40000ded00000ded0 
  xmm6=0x0000502e0000502e0000eb9b0000eb9b xmm7=0x0000300b0000300b0000424c0000424c 

    > store to +0x4fe8 value 0x270700002707
0x3002: push rcx
  rax=0x0000270700002707 rbx=0x0000ee6a0000ee6a rcx=0x0000de0c0000de0c rdx=0x00007be600007be6
  rsi=0x00005b3600005b36 rdi=0x0000d3c70000d3c7 flags=0b000001010010
  xmm0=0x00000100000001000000589100005891 xmm1=0x0000a8470000a84700002bec00002bec 
  xmm2=0x00002dc400002dc40000333e0000333e xmm3=0x00008733000087330000a0ba0000a0ba 
  xmm4=0x00008d9c00008d9c0000e15c0000e15c xmm5=0x00006ff400006ff40000ded00000ded0 
  xmm6=0x0000502e0000502e0000eb9b0000eb9b xmm7=0x0000300b0000300b0000424c0000424c 

    > store to +0x4fe0 value 0xde0c0000de0c
0x3003: push rdx
  rax=0x0000270700002707 rbx=0x0000ee6a0000ee6a rcx=0x0000de0c0000de0c rdx=0x00007be600007be6
  rsi=0x00005b3600005b36 rdi=0x0000d3c70000d3c7 flags=0b000001010010
  xmm0=0x00000100000001000000589100005891 xmm1=0x0000a8470000a84700002bec00002bec 
  xmm2=0x00002dc400002dc40000333e0000333e xmm3=0x00008733000087330000a0ba0000a0ba 
  xmm4=0x00008d9c00008d9c0000e15c0000e15c xmm5=0x00006ff400006ff40000ded00000ded0 
  xmm6=0x0000502e0000502e0000eb9b0000eb9b xmm7=0x0000300b0000300b0000424c0000424c 

    > store to +0x4fd8 value 0x7be600007be6
0x3004: mov ecx, 0x48
  rax=0x0000270700002707 rbx=0x0000ee6a0000ee6a rcx=0x0000de0c0000de0c rdx=0x00007be600007be6
  rsi=0x00005b3600005b36 rdi=0x0000d3c70000d3c7 flags=0b000001010010
  xmm0=0x00000100000001000000589100005891 xmm1=0x0000a8470000a84700002bec00002bec 
  xmm2=0x00002dc400002dc40000333e0000333e xmm3=0x00008733000087330000a0ba0000a0ba 
  xmm4=0x00008d9c00008d9c0000e15c0000e15c xmm5=0x00006ff400006ff40000ded00000ded0 
  xmm6=0x0000502e0000502e0000eb9b0000eb9b xmm7=0x0000300b0000300b0000424c0000424c 

0x3009: rdmsr 
  rax=0x0000270700002707 rbx=0x0000ee6a0000ee6a rcx=0x0000000000000048 rdx=0x00007be600007be6
  rsi=0x00005b3600005b36 rdi=0x0000d3c70000d3c7 flags=0b000001010010
  xmm0=0x00000100000001000000589100005891 xmm1=0x0000a8470000a84700002bec00002bec 
  xmm2=0x00002dc400002dc40000333e0000333e xmm3=0x00008733000087330000a0ba0000a0ba 
  xmm4=0x00008d9c00008d9c0000e15c0000e15c xmm5=0x00006ff400006ff40000ded00000ded0 
  xmm6=0x0000502e0000502e0000eb9b0000eb9b xmm7=0x0000300b0000300b0000424c0000424c 

0x300b: and eax, 0xfffffffb
  rax=0x0000000000000000 rbx=0x0000ee6a0000ee6a rcx=0x0000000000000048 rdx=0x0000000000000000
  rsi=0x00005b3600005b36 rdi=0x0000d3c70000d3c7 flags=0b000001010010
  xmm0=0x00000100000001000000589100005891 xmm1=0x0000a8470000a84700002bec00002bec 
  xmm2=0x00002dc400002dc40000333e0000333e xmm3=0x00008733000087330000a0ba0000a0ba 
  xmm4=0x00008d9c00008d9c0000e15c0000e15c xmm5=0x00006ff400006ff40000ded00000ded0 
  xmm6=0x0000502e0000502e0000eb9b0000eb9b xmm7=0x0000300b0000300b0000424c0000424c 

0x300e: or eax, 0x100
  rax=0x0000000000000000 rbx=0x0000ee6a0000ee6a rcx=0x0000000000000048 rdx=0x0000000000000000
  rsi=0x00005b3600005b36 rdi=0x0000d3c70000d3c7 flags=0b000001000110
  xmm0=0x00000100000001000000589100005891 xmm1=0x0000a8470000a84700002bec00002bec 
  xmm2=0x00002dc400002dc40000333e0000333e xmm3=0x00008733000087330000a0ba0000a0ba 
  xmm4=0x00008d9c00008d9c0000e15c0000e15c xmm5=0x00006ff400006ff40000ded00000ded0 
  xmm6=0x0000502e0000502e0000eb9b0000eb9b xmm7=0x0000300b0000300b0000424c0000424c 

0x3013: wrmsr 
  rax=0x0000000000000100 rbx=0x0000ee6a0000ee6a rcx=0x0000000000000048 rdx=0x0000000000000000
  rsi=0x00005b3600005b36 rdi=0x0000d3c70000d3c7 flags=0b000000000110
  xmm0=0x00000100000001000000589100005891 xmm1=0x0000a8470000a84700002bec00002bec 
  xmm2=0x00002dc400002dc40000333e0000333e xmm3=0x00008733000087330000a0ba0000a0ba 
  xmm4=0x00008d9c00008d9c0000e15c0000e15c xmm5=0x00006ff400006ff40000ded00000ded0 
  xmm6=0x0000502e0000502e0000eb9b0000eb9b xmm7=0x0000300b0000300b0000424c0000424c 

0x3015: mfence 
  rax=0x0000000000000100 rbx=0x0000ee6a0000ee6a rcx=0x0000000000000048 rdx=0x0000000000000000
  rsi=0x00005b3600005b36 rdi=0x0000d3c70000d3c7 flags=0b000000000110
  xmm0=0x00000100000001000000589100005891 xmm1=0x0000a8470000a84700002bec00002bec 
  xmm2=0x00002dc400002dc40000333e0000333e xmm3=0x00008733000087330000a0ba0000a0ba 
  xmm4=0x00008d9c00008d9c0000e15c0000e15c xmm5=0x00006ff400006ff40000ded00000ded0 
  xmm6=0x0000502e0000502e0000eb9b0000eb9b xmm7=0x0000300b0000300b0000424c0000424c 

0x3018: lfence 
  rax=0x0000000000000100 rbx=0x0000ee6a0000ee6a rcx=0x0000000000000048 rdx=0x0000000000000000
  rsi=0x00005b3600005b36 rdi=0x0000d3c70000d3c7 flags=0b000000000110
  xmm0=0x00000100000001000000589100005891 xmm1=0x0000a8470000a84700002bec00002bec 
  xmm2=0x00002dc400002dc40000333e0000333e xmm3=0x00008733000087330000a0ba0000a0ba 
  xmm4=0x00008d9c00008d9c0000e15c0000e15c xmm5=0x00006ff400006ff40000ded00000ded0 
  xmm6=0x0000502e0000502e0000eb9b0000eb9b xmm7=0x0000300b0000300b0000424c0000424c 

0x301b: macro .measurement_start, .noarg
  rax=0x0000000000000100 rbx=0x0000ee6a0000ee6a rcx=0x0000000000000048 rdx=0x0000000000000000
  rsi=0x00005b3600005b36 rdi=0x0000d3c70000d3c7 flags=0b000000000110
  xmm0=0x00000100000001000000589100005891 xmm1=0x0000a8470000a84700002bec00002bec 
  xmm2=0x00002dc400002dc40000333e0000333e xmm3=0x00008733000087330000a0ba0000a0ba 
  xmm4=0x00008d9c00008d9c0000e15c0000e15c xmm5=0x00006ff400006ff40000ded00000ded0 
  xmm6=0x0000502e0000502e0000eb9b0000eb9b xmm7=0x0000300b0000300b0000424c0000424c 

0x3023: mov ecx, 0x48
  rax=0x0000000000000100 rbx=0x0000ee6a0000ee6a rcx=0x0000000000000048 rdx=0x0000000000000000
  rsi=0x00005b3600005b36 rdi=0x0000d3c70000d3c7 flags=0b000000000110
  xmm0=0x00000100000001000000589100005891 xmm1=0x0000a8470000a84700002bec00002bec 
  xmm2=0x00002dc400002dc40000333e0000333e xmm3=0x00008733000087330000a0ba0000a0ba 
  xmm4=0x00008d9c00008d9c0000e15c0000e15c xmm5=0x00006ff400006ff40000ded00000ded0 
  xmm6=0x0000502e0000502e0000eb9b0000eb9b xmm7=0x0000300b0000300b0000424c0000424c 

0x3028: rdmsr 
  rax=0x0000000000000100 rbx=0x0000ee6a0000ee6a rcx=0x0000000000000048 rdx=0x0000000000000000
  rsi=0x00005b3600005b36 rdi=0x0000d3c70000d3c7 flags=0b000000000110
  xmm0=0x00000100000001000000589100005891 xmm1=0x0000a8470000a84700002bec00002bec 
  xmm2=0x00002dc400002dc40000333e0000333e xmm3=0x00008733000087330000a0ba0000a0ba 
  xmm4=0x00008d9c00008d9c0000e15c0000e15c xmm5=0x00006ff400006ff40000ded00000ded0 
  xmm6=0x0000502e0000502e0000eb9b0000eb9b xmm7=0x0000300b0000300b0000424c0000424c 

0x302a: and eax, 0xfffffffb
  rax=0x0000000000000000 rbx=0x0000ee6a0000ee6a rcx=0x0000000000000048 rdx=0x0000000000000000
  rsi=0x00005b3600005b36 rdi=0x0000d3c70000d3c7 flags=0b000000000110
  xmm0=0x00000100000001000000589100005891 xmm1=0x0000a8470000a84700002bec00002bec 
  xmm2=0x00002dc400002dc40000333e0000333e xmm3=0x00008733000087330000a0ba0000a0ba 
  xmm4=0x00008d9c00008d9c0000e15c0000e15c xmm5=0x00006ff400006ff40000ded00000ded0 
  xmm6=0x0000502e0000502e0000eb9b0000eb9b xmm7=0x0000300b0000300b0000424c0000424c 

0x302d: and eax, 0xfffffeff
  rax=0x0000000000000000 rbx=0x0000ee6a0000ee6a rcx=0x0000000000000048 rdx=0x0000000000000000
  rsi=0x00005b3600005b36 rdi=0x0000d3c70000d3c7 flags=0b000001000110
  xmm0=0x00000100000001000000589100005891 xmm1=0x0000a8470000a84700002bec00002bec 
  xmm2=0x00002dc400002dc40000333e0000333e xmm3=0x00008733000087330000a0ba0000a0ba 
  xmm4=0x00008d9c00008d9c0000e15c0000e15c xmm5=0x00006ff400006ff40000ded00000ded0 
  xmm6=0x0000502e0000502e0000eb9b0000eb9b xmm7=0x0000300b0000300b0000424c0000424c 

0x3032: wrmsr 
  rax=0x0000000000000000 rbx=0x0000ee6a0000ee6a rcx=0x0000000000000048 rdx=0x0000000000000000
  rsi=0x00005b3600005b36 rdi=0x0000d3c70000d3c7 flags=0b000001000110
  xmm0=0x00000100000001000000589100005891 xmm1=0x0000a8470000a84700002bec00002bec 
  xmm2=0x00002dc400002dc40000333e0000333e xmm3=0x00008733000087330000a0ba0000a0ba 
  xmm4=0x00008d9c00008d9c0000e15c0000e15c xmm5=0x00006ff400006ff40000ded00000ded0 
  xmm6=0x0000502e0000502e0000eb9b0000eb9b xmm7=0x0000300b0000300b0000424c0000424c 

0x3034: mfence 
  rax=0x0000000000000000 rbx=0x0000ee6a0000ee6a rcx=0x0000000000000048 rdx=0x0000000000000000
  rsi=0x00005b3600005b36 rdi=0x0000d3c70000d3c7 flags=0b000001000110
  xmm0=0x00000100000001000000589100005891 xmm1=0x0000a8470000a84700002bec00002bec 
  xmm2=0x00002dc400002dc40000333e0000333e xmm3=0x00008733000087330000a0ba0000a0ba 
  xmm4=0x00008d9c00008d9c0000e15c0000e15c xmm5=0x00006ff400006ff40000ded00000ded0 
  xmm6=0x0000502e0000502e0000eb9b0000eb9b xmm7=0x0000300b0000300b0000424c0000424c 

0x3037: lfence 
  rax=0x0000000000000000 rbx=0x0000ee6a0000ee6a rcx=0x0000000000000048 rdx=0x0000000000000000
  rsi=0x00005b3600005b36 rdi=0x0000d3c70000d3c7 flags=0b000001000110
  xmm0=0x00000100000001000000589100005891 xmm1=0x0000a8470000a84700002bec00002bec 
  xmm2=0x00002dc400002dc40000333e0000333e xmm3=0x00008733000087330000a0ba0000a0ba 
  xmm4=0x00008d9c00008d9c0000e15c0000e15c xmm5=0x00006ff400006ff40000ded00000ded0 
  xmm6=0x0000502e0000502e0000eb9b0000eb9b xmm7=0x0000300b0000300b0000424c0000424c 

0x303a: pop rdx
  rax=0x0000000000000000 rbx=0x0000ee6a0000ee6a rcx=0x0000000000000048 rdx=0x0000000000000000
  rsi=0x00005b3600005b36 rdi=0x0000d3c70000d3c7 flags=0b000001000110
  xmm0=0x00000100000001000000589100005891 xmm1=0x0000a8470000a84700002bec00002bec 
  xmm2=0x00002dc400002dc40000333e0000333e xmm3=0x00008733000087330000a0ba0000a0ba 
  xmm4=0x00008d9c00008d9c0000e15c0000e15c xmm5=0x00006ff400006ff40000ded00000ded0 
  xmm6=0x0000502e0000502e0000eb9b0000eb9b xmm7=0x0000300b0000300b0000424c0000424c 

    > load from +0x4fd8 value 0x7be600007be6
0x303b: pop rcx
  rax=0x0000000000000000 rbx=0x0000ee6a0000ee6a rcx=0x0000000000000048 rdx=0x00007be600007be6
  rsi=0x00005b3600005b36 rdi=0x0000d3c70000d3c7 flags=0b000001000110
  xmm0=0x00000100000001000000589100005891 xmm1=0x0000a8470000a84700002bec00002bec 
  xmm2=0x00002dc400002dc40000333e0000333e xmm3=0x00008733000087330000a0ba0000a0ba 
  xmm4=0x00008d9c00008d9c0000e15c0000e15c xmm5=0x00006ff400006ff40000ded00000ded0 
  xmm6=0x0000502e0000502e0000eb9b0000eb9b xmm7=0x0000300b0000300b0000424c0000424c 

    > load from +0x4fe0 value 0xde0c0000de0c
0x303c: pop rax
  rax=0x0000000000000000 rbx=0x0000ee6a0000ee6a rcx=0x0000de0c0000de0c rdx=0x00007be600007be6
  rsi=0x00005b3600005b36 rdi=0x0000d3c70000d3c7 flags=0b000001000110
  xmm0=0x00000100000001000000589100005891 xmm1=0x0000a8470000a84700002bec00002bec 
  xmm2=0x00002dc400002dc40000333e0000333e xmm3=0x00008733000087330000a0ba0000a0ba 
  xmm4=0x00008d9c00008d9c0000e15c0000e15c xmm5=0x00006ff400006ff40000ded00000ded0 
  xmm6=0x0000502e0000502e0000eb9b0000eb9b xmm7=0x0000300b0000300b0000424c0000424c 

    > load from +0x4fe8 value 0x270700002707
0x303d: popfq 
  rax=0x0000270700002707 rbx=0x0000ee6a0000ee6a rcx=0x0000de0c0000de0c rdx=0x00007be600007be6
  rsi=0x00005b3600005b36 rdi=0x0000d3c70000d3c7 flags=0b000001000110
  xmm0=0x00000100000001000000589100005891 xmm1=0x0000a8470000a84700002bec00002bec 
  xmm2=0x00002dc400002dc40000333e0000333e xmm3=0x00008733000087330000a0ba0000a0ba 
  xmm4=0x00008d9c00008d9c0000e15c0000e15c xmm5=0x00006ff400006ff40000ded00000ded0 
  xmm6=0x0000502e0000502e0000eb9b0000eb9b xmm7=0x0000300b0000300b0000424c0000424c 

    > load from +0x4ff0 value 0x52
0x303e: and rbx, 0b1111111111111
  rax=0x0000270700002707 rbx=0x0000ee6a0000ee6a rcx=0x0000de0c0000de0c rdx=0x00007be600007be6
  rsi=0x00005b3600005b36 rdi=0x0000d3c70000d3c7 flags=0b000001010010
  xmm0=0x00000100000001000000589100005891 xmm1=0x0000a8470000a84700002bec00002bec 
  xmm2=0x00002dc400002dc40000333e0000333e xmm3=0x00008733000087330000a0ba0000a0ba 
  xmm4=0x00008d9c00008d9c0000e15c0000e15c xmm5=0x00006ff400006ff40000ded00000ded0 
  xmm6=0x0000502e0000502e0000eb9b0000eb9b xmm7=0x0000300b0000300b0000424c0000424c 

0x3045: and ecx, 0b111
  rax=0x0000270700002707 rbx=0x0000000000000e6a rcx=0x0000de0c0000de0c rdx=0x00007be600007be6
  rsi=0x00005b3600005b36 rdi=0x0000d3c70000d3c7 flags=0b000000000110
  xmm0=0x00000100000001000000589100005891 xmm1=0x0000a8470000a84700002bec00002bec 
  xmm2=0x00002dc400002dc40000333e0000333e xmm3=0x00008733000087330000a0ba0000a0ba 
  xmm4=0x00008d9c00008d9c0000e15c0000e15c xmm5=0x00006ff400006ff40000ded00000ded0 
  xmm6=0x0000502e0000502e0000eb9b0000eb9b xmm7=0x0000300b0000300b0000424c0000424c 

0x3048: and rdi, 0b1111111111111
  rax=0x0000270700002707 rbx=0x0000000000000e6a rcx=0x0000000000000004 rdx=0x00007be600007be6
  rsi=0x00005b3600005b36 rdi=0x0000d3c70000d3c7 flags=0b000000000010
  xmm0=0x00000100000001000000589100005891 xmm1=0x0000a8470000a84700002bec00002bec 
  xmm2=0x00002dc400002dc40000333e0000333e xmm3=0x00008733000087330000a0ba0000a0ba 
  xmm4=0x00008d9c00008d9c0000e15c0000e15c xmm5=0x00006ff400006ff40000ded00000ded0 
  xmm6=0x0000502e0000502e0000eb9b0000eb9b xmm7=0x0000300b0000300b0000424c0000424c 

0x304f: add rbx, [r14 +rdi]
  rax=0x0000270700002707 rbx=0x0000000000000e6a rcx=0x0000000000000004 rdx=0x00007be600007be6
  rsi=0x00005b3600005b36 rdi=0x00000000000013c7 flags=0b000000000010
  xmm0=0x00000100000001000000589100005891 xmm1=0x0000a8470000a84700002bec00002bec 
  xmm2=0x00002dc400002dc40000333e0000333e xmm3=0x00008733000087330000a0ba0000a0ba 
  xmm4=0x00008d9c00008d9c0000e15c0000e15c xmm5=0x00006ff400006ff40000ded00000ded0 
  xmm6=0x0000502e0000502e0000eb9b0000eb9b xmm7=0x0000300b0000300b0000424c0000424c 

    > load from +0x53c7 value 0x7b5d00007b5d00
0x3053: or edx, 0b1000000000000000000000000000000
  rax=0x0000270700002707 rbx=0x007b5d00007b6b6a rcx=0x0000000000000004 rdx=0x00007be600007be6
  rsi=0x00005b3600005b36 rdi=0x00000000000013c7 flags=0b000000000110
  xmm0=0x00000100000001000000589100005891 xmm1=0x0000a8470000a84700002bec00002bec 
  xmm2=0x00002dc400002dc40000333e0000333e xmm3=0x00008733000087330000a0ba0000a0ba 
  xmm4=0x00008d9c00008d9c0000e15c0000e15c xmm5=0x00006ff400006ff40000ded00000ded0 
  xmm6=0x0000502e0000502e0000eb9b0000eb9b xmm7=0x0000300b0000300b0000424c0000424c 

0x3059: bsr esi, edx
  rax=0x0000270700002707 rbx=0x007b5d00007b6b6a rcx=0x0000000000000004 rdx=0x0000000040007be6
  rsi=0x00005b3600005b36 rdi=0x00000000000013c7 flags=0b000000000010
  xmm0=0x00000100000001000000589100005891 xmm1=0x0000a8470000a84700002bec00002bec 
  xmm2=0x00002dc400002dc40000333e0000333e xmm3=0x00008733000087330000a0ba0000a0ba 
  xmm4=0x00008d9c00008d9c0000e15c0000e15c xmm5=0x00006ff400006ff40000ded00000ded0 
  xmm6=0x0000502e0000502e0000eb9b0000eb9b xmm7=0x0000300b0000300b0000424c0000424c 

0x305c: add sil, 53
  rax=0x0000270700002707 rbx=0x007b5d00007b6b6a rcx=0x0000000000000004 rdx=0x0000000040007be6
  rsi=0x000000000000001e rdi=0x00000000000013c7 flags=0b000000000010
  xmm0=0x00000100000001000000589100005891 xmm1=0x0000a8470000a84700002bec00002bec 
  xmm2=0x00002dc400002dc40000333e0000333e xmm3=0x00008733000087330000a0ba0000a0ba 
  xmm4=0x00008d9c00008d9c0000e15c0000e15c xmm5=0x00006ff400006ff40000ded00000ded0 
  xmm6=0x0000502e0000502e0000eb9b0000eb9b xmm7=0x0000300b0000300b0000424c0000424c 

0x3060: macro .switch, .main.function_main_1
  rax=0x0000270700002707 rbx=0x007b5d00007b6b6a rcx=0x0000000000000004 rdx=0x0000000040007be6
  rsi=0x0000000000000053 rdi=0x00000000000013c7 flags=0b000000010110
  xmm0=0x00000100000001000000589100005891 xmm1=0x0000a8470000a84700002bec00002bec 
  xmm2=0x00002dc400002dc40000333e0000333e xmm3=0x00008733000087330000a0ba0000a0ba 
  xmm4=0x00008d9c00008d9c0000e15c0000e15c xmm5=0x00006ff400006ff40000ded00000ded0 
  xmm6=0x0000502e0000502e0000eb9b0000eb9b xmm7=0x0000300b0000300b0000424c0000424c 

0x8 : add sil, -26
  rax=0x0000270700002707 rbx=0x007b5d00007b6b6a rcx=0x0000000000000004 rdx=0x0000000040007be6
  rsi=0x0000000000000053 rdi=0x00000000000013c7 flags=0b000000010110
  xmm0=0x00000100000001000000589100005891 xmm1=0x0000a8470000a84700002bec00002bec 
  xmm2=0x00002dc400002dc40000333e0000333e xmm3=0x00008733000087330000a0ba0000a0ba 
  xmm4=0x00008d9c00008d9c0000e15c0000e15c xmm5=0x00006ff400006ff40000ded00000ded0 
  xmm6=0x0000502e0000502e0000eb9b0000eb9b xmm7=0x0000300b0000300b0000424c0000424c 

0xc : and rbx, 0b1111111111111
  rax=0x0000270700002707 rbx=0x007b5d00007b6b6a rcx=0x0000000000000004 rdx=0x0000000040007be6
  rsi=0x0000000000000039 rdi=0x00000000000013c7 flags=0b000000000111
  xmm0=0x00000100000001000000589100005891 xmm1=0x0000a8470000a84700002bec00002bec 
  xmm2=0x00002dc400002dc40000333e0000333e xmm3=0x00008733000087330000a0ba0000a0ba 
  xmm4=0x00008d9c00008d9c0000e15c0000e15c xmm5=0x00006ff400006ff40000ded00000ded0 
  xmm6=0x0000502e0000502e0000eb9b0000eb9b xmm7=0x0000300b0000300b0000424c0000424c 

0x13: and dil, [r14 +rbx]
  rax=0x0000270700002707 rbx=0x0000000000000b6a rcx=0x0000000000000004 rdx=0x0000000040007be6
  rsi=0x0000000000000039 rdi=0x00000000000013c7 flags=0b000000000110
  xmm0=0x00000100000001000000589100005891 xmm1=0x0000a8470000a84700002bec00002bec 
  xmm2=0x00002dc400002dc40000333e0000333e xmm3=0x00008733000087330000a0ba0000a0ba 
  xmm4=0x00008d9c00008d9c0000e15c0000e15c xmm5=0x00006ff400006ff40000ded00000ded0 
  xmm6=0x0000502e0000502e0000eb9b0000eb9b xmm7=0x0000300b0000300b0000424c0000424c 

    > load from +0xb6a value 0x0
0x17: and rbx, 0b1111111111111
  rax=0x0000270700002707 rbx=0x0000000000000b6a rcx=0x0000000000000004 rdx=0x0000000040007be6
  rsi=0x0000000000000039 rdi=0x0000000000001300 flags=0b000001000110
  xmm0=0x00000100000001000000589100005891 xmm1=0x0000a8470000a84700002bec00002bec 
  xmm2=0x00002dc400002dc40000333e0000333e xmm3=0x00008733000087330000a0ba0000a0ba 
  xmm4=0x00008d9c00008d9c0000e15c0000e15c xmm5=0x00006ff400006ff40000ded00000ded0 
  xmm6=0x0000502e0000502e0000eb9b0000eb9b xmm7=0x0000300b0000300b0000424c0000424c 

0x1e: setnz cl
  rax=0x0000270700002707 rbx=0x0000000000000b6a rcx=0x0000000000000004 rdx=0x0000000040007be6
  rsi=0x0000000000000039 rdi=0x0000000000001300 flags=0b000000000110
  xmm0=0x00000100000001000000589100005891 xmm1=0x0000a8470000a84700002bec00002bec 
  xmm2=0x00002dc400002dc40000333e0000333e xmm3=0x00008733000087330000a0ba0000a0ba 
  xmm4=0x00008d9c00008d9c0000e15c0000e15c xmm5=0x00006ff400006ff40000ded00000ded0 
  xmm6=0x0000502e0000502e0000eb9b0000eb9b xmm7=0x0000300b0000300b0000424c0000424c 

0x21: and rsi, 0b1111111111111
  rax=0x0000270700002707 rbx=0x0000000000000b6a rcx=0x0000000000000001 rdx=0x0000000040007be6
  rsi=0x0000000000000039 rdi=0x0000000000001300 flags=0b000000000110
  xmm0=0x00000100000001000000589100005891 xmm1=0x0000a8470000a84700002bec00002bec 
  xmm2=0x00002dc400002dc40000333e0000333e xmm3=0x00008733000087330000a0ba0000a0ba 
  xmm4=0x00008d9c00008d9c0000e15c0000e15c xmm5=0x00006ff400006ff40000ded00000ded0 
  xmm6=0x0000502e0000502e0000eb9b0000eb9b xmm7=0x0000300b0000300b0000424c0000424c 

0x28: or [r14 +rsi], 1
  rax=0x0000270700002707 rbx=0x0000000000000b6a rcx=0x0000000000000001 rdx=0x0000000040007be6
  rsi=0x0000000000000039 rdi=0x0000000000001300 flags=0b000000000110
  xmm0=0x00000100000001000000589100005891 xmm1=0x0000a8470000a84700002bec00002bec 
  xmm2=0x00002dc400002dc40000333e0000333e xmm3=0x00008733000087330000a0ba0000a0ba 
  xmm4=0x00008d9c00008d9c0000e15c0000e15c xmm5=0x00006ff400006ff40000ded00000ded0 
  xmm6=0x0000502e0000502e0000eb9b0000eb9b xmm7=0x0000300b0000300b0000424c0000424c 

    > load from +0x39 value 0x7a000063
    > store to +0x39 value 0x7a000063
0x2d: and edx, [r14 +rsi]
  rax=0x0000270700002707 rbx=0x0000000000000b6a rcx=0x0000000000000001 rdx=0x0000000040007be6
  rsi=0x0000000000000039 rdi=0x0000000000001300 flags=0b000000000110
  xmm0=0x00000100000001000000589100005891 xmm1=0x0000a8470000a84700002bec00002bec 
  xmm2=0x00002dc400002dc40000333e0000333e xmm3=0x00008733000087330000a0ba0000a0ba 
  xmm4=0x00008d9c00008d9c0000e15c0000e15c xmm5=0x00006ff400006ff40000ded00000ded0 
  xmm6=0x0000502e0000502e0000eb9b0000eb9b xmm7=0x0000300b0000300b0000424c0000424c 

    > load from +0x39 value 0x7a000063
0x31: shr edx, 1
  rax=0x0000270700002707 rbx=0x0000000000000b6a rcx=0x0000000000000001 rdx=0x0000000040000062
  rsi=0x0000000000000039 rdi=0x0000000000001300 flags=0b000000000010
  xmm0=0x00000100000001000000589100005891 xmm1=0x0000a8470000a84700002bec00002bec 
  xmm2=0x00002dc400002dc40000333e0000333e xmm3=0x00008733000087330000a0ba0000a0ba 
  xmm4=0x00008d9c00008d9c0000e15c0000e15c xmm5=0x00006ff400006ff40000ded00000ded0 
  xmm6=0x0000502e0000502e0000eb9b0000eb9b xmm7=0x0000300b0000300b0000424c0000424c 

0x33: mov di, 14953
  rax=0x0000270700002707 rbx=0x0000000000000b6a rcx=0x0000000000000001 rdx=0x0000000020000031
  rsi=0x0000000000000039 rdi=0x0000000000001300 flags=0b000000000010
  xmm0=0x00000100000001000000589100005891 xmm1=0x0000a8470000a84700002bec00002bec 
  xmm2=0x00002dc400002dc40000333e0000333e xmm3=0x00008733000087330000a0ba0000a0ba 
  xmm4=0x00008d9c00008d9c0000e15c0000e15c xmm5=0x00006ff400006ff40000ded00000ded0 
  xmm6=0x0000502e0000502e0000eb9b0000eb9b xmm7=0x0000300b0000300b0000424c0000424c 

0x37: and rdi, 0b1111111111111
  rax=0x0000270700002707 rbx=0x0000000000000b6a rcx=0x0000000000000001 rdx=0x0000000020000031
  rsi=0x0000000000000039 rdi=0x0000000000003a69 flags=0b000000000010
  xmm0=0x00000100000001000000589100005891 xmm1=0x0000a8470000a84700002bec00002bec 
  xmm2=0x00002dc400002dc40000333e0000333e xmm3=0x00008733000087330000a0ba0000a0ba 
  xmm4=0x00008d9c00008d9c0000e15c0000e15c xmm5=0x00006ff400006ff40000ded00000ded0 
  xmm6=0x0000502e0000502e0000eb9b0000eb9b xmm7=0x0000300b0000300b0000424c0000424c 

0x3e: movzx eax, [r14 +rdi]
  rax=0x0000270700002707 rbx=0x0000000000000b6a rcx=0x0000000000000001 rdx=0x0000000020000031
  rsi=0x0000000000000039 rdi=0x0000000000001a69 flags=0b000000000110
  xmm0=0x00000100000001000000589100005891 xmm1=0x0000a8470000a84700002bec00002bec 
  xmm2=0x00002dc400002dc40000333e0000333e xmm3=0x00008733000087330000a0ba0000a0ba 
  xmm4=0x00008d9c00008d9c0000e15c0000e15c xmm5=0x00006ff400006ff40000ded00000ded0 
  xmm6=0x0000502e0000502e0000eb9b0000eb9b xmm7=0x0000300b0000300b0000424c0000424c 

    > load from +0x1a69 value 0x1
0x43: and rax, 0b1111111111111
  rax=0x0000000000000001 rbx=0x0000000000000b6a rcx=0x0000000000000001 rdx=0x0000000020000031
  rsi=0x0000000000000039 rdi=0x0000000000001a69 flags=0b000000000110
  xmm0=0x00000100000001000000589100005891 xmm1=0x0000a8470000a84700002bec00002bec 
  xmm2=0x00002dc400002dc40000333e0000333e xmm3=0x00008733000087330000a0ba0000a0ba 
  xmm4=0x00008d9c00008d9c0000e15c0000e15c xmm5=0x00006ff400006ff40000ded00000ded0 
  xmm6=0x0000502e0000502e0000eb9b0000eb9b xmm7=0x0000300b0000300b0000424c0000424c 

0x49: or [r14 +rax], 0b1000
  rax=0x0000000000000001 rbx=0x0000000000000b6a rcx=0x0000000000000001 rdx=0x0000000020000031
  rsi=0x0000000000000039 rdi=0x0000000000001a69 flags=0b000000000010
  xmm0=0x00000100000001000000589100005891 xmm1=0x0000a8470000a84700002bec00002bec 
  xmm2=0x00002dc400002dc40000333e0000333e xmm3=0x00008733000087330000a0ba0000a0ba 
  xmm4=0x00008d9c00008d9c0000e15c0000e15c xmm5=0x00006ff400006ff40000ded00000ded0 
  xmm6=0x0000502e0000502e0000eb9b0000eb9b xmm7=0x0000300b0000300b0000424c0000424c 

    > load from +0x1 value 0x980000bd
    > store to +0x1 value 0x980000bd
0x4e: and [r14 +rax], 0b11111000
  rax=0x0000000000000001 rbx=0x0000000000000b6a rcx=0x0000000000000001 rdx=0x0000000020000031
  rsi=0x0000000000000039 rdi=0x0000000000001a69 flags=0b000010000110
  xmm0=0x00000100000001000000589100005891 xmm1=0x0000a8470000a84700002bec00002bec 
  xmm2=0x00002dc400002dc40000333e0000333e xmm3=0x00008733000087330000a0ba0000a0ba 
  xmm4=0x00008d9c00008d9c0000e15c0000e15c xmm5=0x00006ff400006ff40000ded00000ded0 
  xmm6=0x0000502e0000502e0000eb9b0000eb9b xmm7=0x0000300b0000300b0000424c0000424c 

    > load from +0x1 value 0xbd
    > store to +0x1 value 0xb8
0x53: inc rdx
  rax=0x0000000000000001 rbx=0x0000000000000b6a rcx=0x0000000000000001 rdx=0x0000000020000031
  rsi=0x0000000000000039 rdi=0x0000000000001a69 flags=0b000010000110
  xmm0=0x00000100000001000000589100005891 xmm1=0x0000a8470000a84700002bec00002bec 
  xmm2=0x00002dc400002dc40000333e0000333e xmm3=0x00008733000087330000a0ba0000a0ba 
  xmm4=0x00008d9c00008d9c0000e15c0000e15c xmm5=0x00006ff400006ff40000ded00000ded0 
  xmm6=0x0000502e0000502e0000eb9b0000eb9b xmm7=0x0000300b0000300b0000424c0000424c 

0x56: and rcx, 0b1111111111111
  rax=0x0000000000000001 rbx=0x0000000000000b6a rcx=0x0000000000000001 rdx=0x0000000020000032
  rsi=0x0000000000000039 rdi=0x0000000000001a69 flags=0b000000000010
  xmm0=0x00000100000001000000589100005891 xmm1=0x0000a8470000a84700002bec00002bec 
  xmm2=0x00002dc400002dc40000333e0000333e xmm3=0x00008733000087330000a0ba0000a0ba 
  xmm4=0x00008d9c00008d9c0000e15c0000e15c xmm5=0x00006ff400006ff40000ded00000ded0 
  xmm6=0x0000502e0000502e0000eb9b0000eb9b xmm7=0x0000300b0000300b0000424c0000424c 

0x5d: adc dx, [r14 +rcx]
  rax=0x0000000000000001 rbx=0x0000000000000b6a rcx=0x0000000000000001 rdx=0x0000000020000032
  rsi=0x0000000000000039 rdi=0x0000000000001a69 flags=0b000000000010
  xmm0=0x00000100000001000000589100005891 xmm1=0x0000a8470000a84700002bec00002bec 
  xmm2=0x00002dc400002dc40000333e0000333e xmm3=0x00008733000087330000a0ba0000a0ba 
  xmm4=0x00008d9c00008d9c0000e15c0000e15c xmm5=0x00006ff400006ff40000ded00000ded0 
  xmm6=0x0000502e0000502e0000eb9b0000eb9b xmm7=0x0000300b0000300b0000424c0000424c 

    > load from +0x1 value 0xb8
0x62: and rdx, 0b1111111111111
  rax=0x0000000000000001 rbx=0x0000000000000b6a rcx=0x0000000000000001 rdx=0x00000000200000ea
  rsi=0x0000000000000039 rdi=0x0000000000001a69 flags=0b000000000010
  xmm0=0x00000100000001000000589100005891 xmm1=0x0000a8470000a84700002bec00002bec 
  xmm2=0x00002dc400002dc40000333e0000333e xmm3=0x00008733000087330000a0ba0000a0ba 
  xmm4=0x00008d9c00008d9c0000e15c0000e15c xmm5=0x00006ff400006ff40000ded00000ded0 
  xmm6=0x0000502e0000502e0000eb9b0000eb9b xmm7=0x0000300b0000300b0000424c0000424c 

0x69: movsx esi, [r14 +rdx]
  rax=0x0000000000000001 rbx=0x0000000000000b6a rcx=0x0000000000000001 rdx=0x00000000000000ea
  rsi=0x0000000000000039 rdi=0x0000000000001a69 flags=0b000000000010
  xmm0=0x00000100000001000000589100005891 xmm1=0x0000a8470000a84700002bec00002bec 
  xmm2=0x00002dc400002dc40000333e0000333e xmm3=0x00008733000087330000a0ba0000a0ba 
  xmm4=0x00008d9c00008d9c0000e15c0000e15c xmm5=0x00006ff400006ff40000ded00000ded0 
  xmm6=0x0000502e0000502e0000eb9b0000eb9b xmm7=0x0000300b0000300b0000424c0000424c 

    > load from +0xea value 0x0
0x6e: and rsi, 0b1111111111111
  rax=0x0000000000000001 rbx=0x0000000000000b6a rcx=0x0000000000000001 rdx=0x00000000000000ea
  rsi=0x0000000000000000 rdi=0x0000000000001a69 flags=0b000000000010
  xmm0=0x00000100000001000000589100005891 xmm1=0x0000a8470000a84700002bec00002bec 
  xmm2=0x00002dc400002dc40000333e0000333e xmm3=0x00008733000087330000a0ba0000a0ba 
  xmm4=0x00008d9c00008d9c0000e15c0000e15c xmm5=0x00006ff400006ff40000ded00000ded0 
  xmm6=0x0000502e0000502e0000eb9b0000eb9b xmm7=0x0000300b0000300b0000424c0000424c 

0x75: cmovns ax, [r14 +rsi]
  rax=0x0000000000000001 rbx=0x0000000000000b6a rcx=0x0000000000000001 rdx=0x00000000000000ea
  rsi=0x0000000000000000 rdi=0x0000000000001a69 flags=0b000001000110
  xmm0=0x00000100000001000000589100005891 xmm1=0x0000a8470000a84700002bec00002bec 
  xmm2=0x00002dc400002dc40000333e0000333e xmm3=0x00008733000087330000a0ba0000a0ba 
  xmm4=0x00008d9c00008d9c0000e15c0000e15c xmm5=0x00006ff400006ff40000ded00000ded0 
  xmm6=0x0000502e0000502e0000eb9b0000eb9b xmm7=0x0000300b0000300b0000424c0000424c 

    > load from +0x0 value 0xb898
0x7b: macro .switch, .actor2.function_actor2_1
  rax=0x000000000000b898 rbx=0x0000000000000b6a rcx=0x0000000000000001 rdx=0x00000000000000ea
  rsi=0x0000000000000000 rdi=0x0000000000001a69 flags=0b000001000110
  xmm0=0x00000100000001000000589100005891 xmm1=0x0000a8470000a84700002bec00002bec 
  xmm2=0x00002dc400002dc40000333e0000333e xmm3=0x00008733000087330000a0ba0000a0ba 
  xmm4=0x00008d9c00008d9c0000e15c0000e15c xmm5=0x00006ff400006ff40000ded00000ded0 
  xmm6=0x0000502e0000502e0000eb9b0000eb9b xmm7=0x0000300b0000300b0000424c0000424c 

0x3068: pushfq 
  rax=0x000000000000b898 rbx=0x0000000000000b6a rcx=0x0000000000000001 rdx=0x00000000000000ea
  rsi=0x0000000000000000 rdi=0x0000000000001a69 flags=0b000001000110
  xmm0=0x00000100000001000000589100005891 xmm1=0x0000a8470000a84700002bec00002bec 
  xmm2=0x00002dc400002dc40000333e0000333e xmm3=0x00008733000087330000a0ba0000a0ba 
  xmm4=0x00008d9c00008d9c0000e15c0000e15c xmm5=0x00006ff400006ff40000ded00000ded0 
  xmm6=0x0000502e0000502e0000eb9b0000eb9b xmm7=0x0000300b0000300b0000424c0000424c 

    > store to +0x4ff0 value 0x46
0x3069: push rax
  rax=0x000000000000b898 rbx=0x0000000000000b6a rcx=0x0000000000000001 rdx=0x00000000000000ea
  rsi=0x0000000000000000 rdi=0x0000000000001a69 flags=0b000001000110
  xmm0=0x00000100000001000000589100005891 xmm1=0x0000a8470000a84700002bec00002bec 
  xmm2=0x00002dc400002dc40000333e0000333e xmm3=0x00008733000087330000a0ba0000a0ba 
  xmm4=0x00008d9c00008d9c0000e15c0000e15c xmm5=0x00006ff400006ff40000ded00000ded0 
  xmm6=0x0000502e0000502e0000eb9b0000eb9b xmm7=0x0000300b0000300b0000424c0000424c 

    > store to +0x4fe8 value 0xb898
0x306a: push rcx
  rax=0x000000000000b898 rbx=0x0000000000000b6a rcx=0x0000000000000001 rdx=0x00000000000000ea
  rsi=0x0000000000000000 rdi=0x0000000000001a69 flags=0b000001000110
  xmm0=0x00000100000001000000589100005891 xmm1=0x0000a8470000a84700002bec00002bec 
  xmm2=0x00002dc400002dc40000333e0000333e xmm3=0x00008733000087330000a0ba0000a0ba 
  xmm4=0x00008d9c00008d9c0000e15c0000e15c xmm5=0x00006ff400006ff40000ded00000ded0 
  xmm6=0x0000502e0000502e0000eb9b0000eb9b xmm7=0x0000300b0000300b0000424c0000424c 

    > store to +0x4fe0 value 0x1
0x306b: push rdx
  rax=0x000000000000b898 rbx=0x0000000000000b6a rcx=0x0000000000000001 rdx=0x00000000000000ea
  rsi=0x0000000000000000 rdi=0x0000000000001a69 flags=0b000001000110
  xmm0=0x00000100000001000000589100005891 xmm1=0x0000a8470000a84700002bec00002bec 
  xmm2=0x00002dc400002dc40000333e0000333e xmm3=0x00008733000087330000a0ba0000a0ba 
  xmm4=0x00008d9c00008d9c0000e15c0000e15c xmm5=0x00006ff400006ff40000ded00000ded0 
  xmm6=0x0000502e0000502e0000eb9b0000eb9b xmm7=0x0000300b0000300b0000424c0000424c 

    > store to +0x4fd8 value 0xea
0x306c: mov ecx, 0x48
  rax=0x000000000000b898 rbx=0x0000000000000b6a rcx=0x0000000000000001 rdx=0x00000000000000ea
  rsi=0x0000000000000000 rdi=0x0000000000001a69 flags=0b000001000110
  xmm0=0x00000100000001000000589100005891 xmm1=0x0000a8470000a84700002bec00002bec 
  xmm2=0x00002dc400002dc40000333e0000333e xmm3=0x00008733000087330000a0ba0000a0ba 
  xmm4=0x00008d9c00008d9c0000e15c0000e15c xmm5=0x00006ff400006ff40000ded00000ded0 
  xmm6=0x0000502e0000502e0000eb9b0000eb9b xmm7=0x0000300b0000300b0000424c0000424c 

0x3071: rdmsr 
  rax=0x000000000000b898 rbx=0x0000000000000b6a rcx=0x0000000000000048 rdx=0x00000000000000ea
  rsi=0x0000000000000000 rdi=0x0000000000001a69 flags=0b000001000110
  xmm0=0x00000100000001000000589100005891 xmm1=0x0000a8470000a84700002bec00002bec 
  xmm2=0x00002dc400002dc40000333e0000333e xmm3=0x00008733000087330000a0ba0000a0ba 
  xmm4=0x00008d9c00008d9c0000e15c0000e15c xmm5=0x00006ff400006ff40000ded00000ded0 
  xmm6=0x0000502e0000502e0000eb9b0000eb9b xmm7=0x0000300b0000300b0000424c0000424c 

0x3073: and eax, 0xfffffffb
  rax=0x0000000000000000 rbx=0x0000000000000b6a rcx=0x0000000000000048 rdx=0x0000000000000000
  rsi=0x0000000000000000 rdi=0x0000000000001a69 flags=0b000001000110
  xmm0=0x00000100000001000000589100005891 xmm1=0x0000a8470000a84700002bec00002bec 
  xmm2=0x00002dc400002dc40000333e0000333e xmm3=0x00008733000087330000a0ba0000a0ba 
  xmm4=0x00008d9c00008d9c0000e15c0000e15c xmm5=0x00006ff400006ff40000ded00000ded0 
  xmm6=0x0000502e0000502e0000eb9b0000eb9b xmm7=0x0000300b0000300b0000424c0000424c 

0x3076: or eax, 0x100
  rax=0x0000000000000000 rbx=0x0000000000000b6a rcx=0x0000000000000048 rdx=0x0000000000000000
  rsi=0x0000000000000000 rdi=0x0000000000001a69 flags=0b000001000110
  xmm0=0x00000100000001000000589100005891 xmm1=0x0000a8470000a84700002bec00002bec 
  xmm2=0x00002dc400002dc40000333e0000333e xmm3=0x00008733000087330000a0ba0000a0ba 
  xmm4=0x00008d9c00008d9c0000e15c0000e15c xmm5=0x00006ff400006ff40000ded00000ded0 
  xmm6=0x0000502e0000502e0000eb9b0000eb9b xmm7=0x0000300b0000300b0000424c0000424c 

0x307b: wrmsr 
  rax=0x0000000000000100 rbx=0x0000000000000b6a rcx=0x0000000000000048 rdx=0x0000000000000000
  rsi=0x0000000000000000 rdi=0x0000000000001a69 flags=0b000000000110
  xmm0=0x00000100000001000000589100005891 xmm1=0x0000a8470000a84700002bec00002bec 
  xmm2=0x00002dc400002dc40000333e0000333e xmm3=0x00008733000087330000a0ba0000a0ba 
  xmm4=0x00008d9c00008d9c0000e15c0000e15c xmm5=0x00006ff400006ff40000ded00000ded0 
  xmm6=0x0000502e0000502e0000eb9b0000eb9b xmm7=0x0000300b0000300b0000424c0000424c 

0x307d: mfence 
  rax=0x0000000000000100 rbx=0x0000000000000b6a rcx=0x0000000000000048 rdx=0x0000000000000000
  rsi=0x0000000000000000 rdi=0x0000000000001a69 flags=0b000000000110
  xmm0=0x00000100000001000000589100005891 xmm1=0x0000a8470000a84700002bec00002bec 
  xmm2=0x00002dc400002dc40000333e0000333e xmm3=0x00008733000087330000a0ba0000a0ba 
  xmm4=0x00008d9c00008d9c0000e15c0000e15c xmm5=0x00006ff400006ff40000ded00000ded0 
  xmm6=0x0000502e0000502e0000eb9b0000eb9b xmm7=0x0000300b0000300b0000424c0000424c 

0x3080: lfence 
  rax=0x0000000000000100 rbx=0x0000000000000b6a rcx=0x0000000000000048 rdx=0x0000000000000000
  rsi=0x0000000000000000 rdi=0x0000000000001a69 flags=0b000000000110
  xmm0=0x00000100000001000000589100005891 xmm1=0x0000a8470000a84700002bec00002bec 
  xmm2=0x00002dc400002dc40000333e0000333e xmm3=0x00008733000087330000a0ba0000a0ba 
  xmm4=0x00008d9c00008d9c0000e15c0000e15c xmm5=0x00006ff400006ff40000ded00000ded0 
  xmm6=0x0000502e0000502e0000eb9b0000eb9b xmm7=0x0000300b0000300b0000424c0000424c 

0x3083: macro .measurement_end, .noarg
  rax=0x0000000000000100 rbx=0x0000000000000b6a rcx=0x0000000000000048 rdx=0x0000000000000000
  rsi=0x0000000000000000 rdi=0x0000000000001a69 flags=0b000000000110
  xmm0=0x00000100000001000000589100005891 xmm1=0x0000a8470000a84700002bec00002bec 
  xmm2=0x00002dc400002dc40000333e0000333e xmm3=0x00008733000087330000a0ba0000a0ba 
  xmm4=0x00008d9c00008d9c0000e15c0000e15c xmm5=0x00006ff400006ff40000ded00000ded0 
  xmm6=0x0000502e0000502e0000eb9b0000eb9b xmm7=0x0000300b0000300b0000424c0000424c 

0x308b: mov ecx, 0x48
  rax=0x0000000000000100 rbx=0x0000000000000b6a rcx=0x0000000000000048 rdx=0x0000000000000000
  rsi=0x0000000000000000 rdi=0x0000000000001a69 flags=0b000000000110
  xmm0=0x00000100000001000000589100005891 xmm1=0x0000a8470000a84700002bec00002bec 
  xmm2=0x00002dc400002dc40000333e0000333e xmm3=0x00008733000087330000a0ba0000a0ba 
  xmm4=0x00008d9c00008d9c0000e15c0000e15c xmm5=0x00006ff400006ff40000ded00000ded0 
  xmm6=0x0000502e0000502e0000eb9b0000eb9b xmm7=0x0000300b0000300b0000424c0000424c 

0x3090: rdmsr 
  rax=0x0000000000000100 rbx=0x0000000000000b6a rcx=0x0000000000000048 rdx=0x0000000000000000
  rsi=0x0000000000000000 rdi=0x0000000000001a69 flags=0b000000000110
  xmm0=0x00000100000001000000589100005891 xmm1=0x0000a8470000a84700002bec00002bec 
  xmm2=0x00002dc400002dc40000333e0000333e xmm3=0x00008733000087330000a0ba0000a0ba 
  xmm4=0x00008d9c00008d9c0000e15c0000e15c xmm5=0x00006ff400006ff40000ded00000ded0 
  xmm6=0x0000502e0000502e0000eb9b0000eb9b xmm7=0x0000300b0000300b0000424c0000424c 

0x3092: and eax, 0xfffffffb
  rax=0x0000000000000000 rbx=0x0000000000000b6a rcx=0x0000000000000048 rdx=0x0000000000000000
  rsi=0x0000000000000000 rdi=0x0000000000001a69 flags=0b000000000110
  xmm0=0x00000100000001000000589100005891 xmm1=0x0000a8470000a84700002bec00002bec 
  xmm2=0x00002dc400002dc40000333e0000333e xmm3=0x00008733000087330000a0ba0000a0ba 
  xmm4=0x00008d9c00008d9c0000e15c0000e15c xmm5=0x00006ff400006ff40000ded00000ded0 
  xmm6=0x0000502e0000502e0000eb9b0000eb9b xmm7=0x0000300b0000300b0000424c0000424c 

0x3095: and eax, 0xfffffeff
  rax=0x0000000000000000 rbx=0x0000000000000b6a rcx=0x0000000000000048 rdx=0x0000000000000000
  rsi=0x0000000000000000 rdi=0x0000000000001a69 flags=0b000001000110
  xmm0=0x00000100000001000000589100005891 xmm1=0x0000a8470000a84700002bec00002bec 
  xmm2=0x00002dc400002dc40000333e0000333e xmm3=0x00008733000087330000a0ba0000a0ba 
  xmm4=0x00008d9c00008d9c0000e15c0000e15c xmm5=0x00006ff400006ff40000ded00000ded0 
  xmm6=0x0000502e0000502e0000eb9b0000eb9b xmm7=0x0000300b0000300b0000424c0000424c 

0x309a: wrmsr 
  rax=0x0000000000000000 rbx=0x0000000000000b6a rcx=0x0000000000000048 rdx=0x0000000000000000
  rsi=0x0000000000000000 rdi=0x0000000000001a69 flags=0b000001000110
  xmm0=0x00000100000001000000589100005891 xmm1=0x0000a8470000a84700002bec00002bec 
  xmm2=0x00002dc400002dc40000333e0000333e xmm3=0x00008733000087330000a0ba0000a0ba 
  xmm4=0x00008d9c00008d9c0000e15c0000e15c xmm5=0x00006ff400006ff40000ded00000ded0 
  xmm6=0x0000502e0000502e0000eb9b0000eb9b xmm7=0x0000300b0000300b0000424c0000424c 

0x309c: mfence 
  rax=0x0000000000000000 rbx=0x0000000000000b6a rcx=0x0000000000000048 rdx=0x0000000000000000
  rsi=0x0000000000000000 rdi=0x0000000000001a69 flags=0b000001000110
  xmm0=0x00000100000001000000589100005891 xmm1=0x0000a8470000a84700002bec00002bec 
  xmm2=0x00002dc400002dc40000333e0000333e xmm3=0x00008733000087330000a0ba0000a0ba 
  xmm4=0x00008d9c00008d9c0000e15c0000e15c xmm5=0x00006ff400006ff40000ded00000ded0 
  xmm6=0x0000502e0000502e0000eb9b0000eb9b xmm7=0x0000300b0000300b0000424c0000424c 

0x309f: lfence 
  rax=0x0000000000000000 rbx=0x0000000000000b6a rcx=0x0000000000000048 rdx=0x0000000000000000
  rsi=0x0000000000000000 rdi=0x0000000000001a69 flags=0b000001000110
  xmm0=0x00000100000001000000589100005891 xmm1=0x0000a8470000a84700002bec00002bec 
  xmm2=0x00002dc400002dc40000333e0000333e xmm3=0x00008733000087330000a0ba0000a0ba 
  xmm4=0x00008d9c00008d9c0000e15c0000e15c xmm5=0x00006ff400006ff40000ded00000ded0 
  xmm6=0x0000502e0000502e0000eb9b0000eb9b xmm7=0x0000300b0000300b0000424c0000424c 

0x30a2: pop rdx
  rax=0x0000000000000000 rbx=0x0000000000000b6a rcx=0x0000000000000048 rdx=0x0000000000000000
  rsi=0x0000000000000000 rdi=0x0000000000001a69 flags=0b000001000110
  xmm0=0x00000100000001000000589100005891 xmm1=0x0000a8470000a84700002bec00002bec 
  xmm2=0x00002dc400002dc40000333e0000333e xmm3=0x00008733000087330000a0ba0000a0ba 
  xmm4=0x00008d9c00008d9c0000e15c0000e15c xmm5=0x00006ff400006ff40000ded00000ded0 
  xmm6=0x0000502e0000502e0000eb9b0000eb9b xmm7=0x0000300b0000300b0000424c0000424c 

    > load from +0x4fd8 value 0xea
0x30a3: pop rcx
  rax=0x0000000000000000 rbx=0x0000000000000b6a rcx=0x0000000000000048 rdx=0x00000000000000ea
  rsi=0x0000000000000000 rdi=0x0000000000001a69 flags=0b000001000110
  xmm0=0x00000100000001000000589100005891 xmm1=0x0000a8470000a84700002bec00002bec 
  xmm2=0x00002dc400002dc40000333e0000333e xmm3=0x00008733000087330000a0ba0000a0ba 
  xmm4=0x00008d9c00008d9c0000e15c0000e15c xmm5=0x00006ff400006ff40000ded00000ded0 
  xmm6=0x0000502e0000502e0000eb9b0000eb9b xmm7=0x0000300b0000300b0000424c0000424c 

    > load from +0x4fe0 value 0x1
0x30a4: pop rax
  rax=0x0000000000000000 rbx=0x0000000000000b6a rcx=0x0000000000000001 rdx=0x00000000000000ea
  rsi=0x0000000000000000 rdi=0x0000000000001a69 flags=0b000001000110
  xmm0=0x00000100000001000000589100005891 xmm1=0x0000a8470000a84700002bec00002bec 
  xmm2=0x00002dc400002dc40000333e0000333e xmm3=0x00008733000087330000a0ba0000a0ba 
  xmm4=0x00008d9c00008d9c0000e15c0000e15c xmm5=0x00006ff400006ff40000ded00000ded0 
  xmm6=0x0000502e0000502e0000eb9b0000eb9b xmm7=0x0000300b0000300b0000424c0000424c 

    > load from +0x4fe8 value 0xb898
0x30a5: popfq 
  rax=0x000000000000b898 rbx=0x0000000000000b6a rcx=0x0000000000000001 rdx=0x00000000000000ea
  rsi=0x0000000000000000 rdi=0x0000000000001a69 flags=0b000001000110
  xmm0=0x00000100000001000000589100005891 xmm1=0x0000a8470000a84700002bec00002bec 
  xmm2=0x00002dc400002dc40000333e0000333e xmm3=0x00008733000087330000a0ba0000a0ba 
  xmm4=0x00008d9c00008d9c0000e15c0000e15c xmm5=0x00006ff400006ff40000ded00000ded0 
  xmm6=0x0000502e0000502e0000eb9b0000eb9b xmm7=0x0000300b0000300b0000424c0000424c 

    > load from +0x4ff0 value 0x46
0x30a6: macro .switch, .main.function_main_2
  rax=0x000000000000b898 rbx=0x0000000000000b6a rcx=0x0000000000000001 rdx=0x00000000000000ea
  rsi=0x0000000000000000 rdi=0x0000000000001a69 flags=0b000001000110
  xmm0=0x00000100000001000000589100005891 xmm1=0x0000a8470000a84700002bec00002bec 
  xmm2=0x00002dc400002dc40000333e0000333e xmm3=0x00008733000087330000a0ba0000a0ba 
  xmm4=0x00008d9c00008d9c0000e15c0000e15c xmm5=0x00006ff400006ff40000ded00000ded0 
  xmm6=0x0000502e0000502e0000eb9b0000eb9b xmm7=0x0000300b0000300b0000424c0000424c 




                      ##### Input 23 #####

                     ##### Input 0 #####
0x0 : macro .switch, .actor2.function_actor2_0
  rax=0x0000270700002707 rbx=0x0000ee6a0000ee6a rcx=0x0000de0c0000de0c rdx=0x00007be600007be6
  rsi=0x00005b3600005b36 rdi=0x0000d3c70000d3c7 flags=0b000001010010
  xmm0=0x0000f8d80000f8d80000690100006901 xmm1=0x0000d65e0000d65e0000b9800000b980 
  xmm2=0x0000f9b40000f9b400001d9700001d97 xmm3=0x0000879200008792000040b6000040b6 
  xmm4=0x00009e0700009e070000ba030000ba03 xmm5=0x0000ea1a0000ea1a000021c3000021c3 
  xmm6=0x0000dfe40000dfe400002c6f00002c6f xmm7=0x00000eb100000eb1000060c3000060c3 

0x3000: pushfq 
  rax=0x0000270700002707 rbx=0x0000ee6a0000ee6a rcx=0x0000de0c0000de0c rdx=0x00007be600007be6
  rsi=0x00005b3600005b36 rdi=0x0000d3c70000d3c7 flags=0b000001010010
  xmm0=0x0000f8d80000f8d80000690100006901 xmm1=0x0000d65e0000d65e0000b9800000b980 
  xmm2=0x0000f9b40000f9b400001d9700001d97 xmm3=0x0000879200008792000040b6000040b6 
  xmm4=0x00009e0700009e070000ba030000ba03 xmm5=0x0000ea1a0000ea1a000021c3000021c3 
  xmm6=0x0000dfe40000dfe400002c6f00002c6f xmm7=0x00000eb100000eb1000060c3000060c3 

    > store to +0x4ff0 value 0x52
0x3001: push rax
  rax=0x0000270700002707 rbx=0x0000ee6a0000ee6a rcx=0x0000de0c0000de0c rdx=0x00007be600007be6
  rsi=0x00005b3600005b36 rdi=0x0000d3c70000d3c7 flags=0b000001010010
  xmm0=0x0000f8d80000f8d80000690100006901 xmm1=0x0000d65e0000d65e0000b9800000b980 
  xmm2=0x0000f9b40000f9b400001d9700001d97 xmm3=0x0000879200008792000040b6000040b6 
  xmm4=0x00009e0700009e070000ba030000ba03 xmm5=0x0000ea1a0000ea1a000021c3000021c3 
  xmm6=0x0000dfe40000dfe400002c6f00002c6f xmm7=0x00000eb100000eb1000060c3000060c3 

    > store to +0x4fe8 value 0x270700002707
0x3002: push rcx
  rax=0x0000270700002707 rbx=0x0000ee6a0000ee6a rcx=0x0000de0c0000de0c rdx=0x00007be600007be6
  rsi=0x00005b3600005b36 rdi=0x0000d3c70000d3c7 flags=0b000001010010
  xmm0=0x0000f8d80000f8d80000690100006901 xmm1=0x0000d65e0000d65e0000b9800000b980 
  xmm2=0x0000f9b40000f9b400001d9700001d97 xmm3=0x0000879200008792000040b6000040b6 
  xmm4=0x00009e0700009e070000ba030000ba03 xmm5=0x0000ea1a0000ea1a000021c3000021c3 
  xmm6=0x0000dfe40000dfe400002c6f00002c6f xmm7=0x00000eb100000eb1000060c3000060c3 

    > store to +0x4fe0 value 0xde0c0000de0c
0x3003: push rdx
  rax=0x0000270700002707 rbx=0x0000ee6a0000ee6a rcx=0x0000de0c0000de0c rdx=0x00007be600007be6
  rsi=0x00005b3600005b36 rdi=0x0000d3c70000d3c7 flags=0b000001010010
  xmm0=0x0000f8d80000f8d80000690100006901 xmm1=0x0000d65e0000d65e0000b9800000b980 
  xmm2=0x0000f9b40000f9b400001d9700001d97 xmm3=0x0000879200008792000040b6000040b6 
  xmm4=0x00009e0700009e070000ba030000ba03 xmm5=0x0000ea1a0000ea1a000021c3000021c3 
  xmm6=0x0000dfe40000dfe400002c6f00002c6f xmm7=0x00000eb100000eb1000060c3000060c3 

    > store to +0x4fd8 value 0x7be600007be6
0x3004: mov ecx, 0x48
  rax=0x0000270700002707 rbx=0x0000ee6a0000ee6a rcx=0x0000de0c0000de0c rdx=0x00007be600007be6
  rsi=0x00005b3600005b36 rdi=0x0000d3c70000d3c7 flags=0b000001010010
  xmm0=0x0000f8d80000f8d80000690100006901 xmm1=0x0000d65e0000d65e0000b9800000b980 
  xmm2=0x0000f9b40000f9b400001d9700001d97 xmm3=0x0000879200008792000040b6000040b6 
  xmm4=0x00009e0700009e070000ba030000ba03 xmm5=0x0000ea1a0000ea1a000021c3000021c3 
  xmm6=0x0000dfe40000dfe400002c6f00002c6f xmm7=0x00000eb100000eb1000060c3000060c3 

0x3009: rdmsr 
  rax=0x0000270700002707 rbx=0x0000ee6a0000ee6a rcx=0x0000000000000048 rdx=0x00007be600007be6
  rsi=0x00005b3600005b36 rdi=0x0000d3c70000d3c7 flags=0b000001010010
  xmm0=0x0000f8d80000f8d80000690100006901 xmm1=0x0000d65e0000d65e0000b9800000b980 
  xmm2=0x0000f9b40000f9b400001d9700001d97 xmm3=0x0000879200008792000040b6000040b6 
  xmm4=0x00009e0700009e070000ba030000ba03 xmm5=0x0000ea1a0000ea1a000021c3000021c3 
  xmm6=0x0000dfe40000dfe400002c6f00002c6f xmm7=0x00000eb100000eb1000060c3000060c3 

0x300b: and eax, 0xfffffffb
  rax=0x0000000000000000 rbx=0x0000ee6a0000ee6a rcx=0x0000000000000048 rdx=0x0000000000000000
  rsi=0x00005b3600005b36 rdi=0x0000d3c70000d3c7 flags=0b000001010010
  xmm0=0x0000f8d80000f8d80000690100006901 xmm1=0x0000d65e0000d65e0000b9800000b980 
  xmm2=0x0000f9b40000f9b400001d9700001d97 xmm3=0x0000879200008792000040b6000040b6 
  xmm4=0x00009e0700009e070000ba030000ba03 xmm5=0x0000ea1a0000ea1a000021c3000021c3 
  xmm6=0x0000dfe40000dfe400002c6f00002c6f xmm7=0x00000eb100000eb1000060c3000060c3 

0x300e: or eax, 0x100
  rax=0x0000000000000000 rbx=0x0000ee6a0000ee6a rcx=0x0000000000000048 rdx=0x0000000000000000
  rsi=0x00005b3600005b36 rdi=0x0000d3c70000d3c7 flags=0b000001000110
  xmm0=0x0000f8d80000f8d80000690100006901 xmm1=0x0000d65e0000d65e0000b9800000b980 
  xmm2=0x0000f9b40000f9b400001d9700001d97 xmm3=0x0000879200008792000040b6000040b6 
  xmm4=0x00009e0700009e070000ba030000ba03 xmm5=0x0000ea1a0000ea1a000021c3000021c3 
  xmm6=0x0000dfe40000dfe400002c6f00002c6f xmm7=0x00000eb100000eb1000060c3000060c3 

0x3013: wrmsr 
  rax=0x0000000000000100 rbx=0x0000ee6a0000ee6a rcx=0x0000000000000048 rdx=0x0000000000000000
  rsi=0x00005b3600005b36 rdi=0x0000d3c70000d3c7 flags=0b000000000110
  xmm0=0x0000f8d80000f8d80000690100006901 xmm1=0x0000d65e0000d65e0000b9800000b980 
  xmm2=0x0000f9b40000f9b400001d9700001d97 xmm3=0x0000879200008792000040b6000040b6 
  xmm4=0x00009e0700009e070000ba030000ba03 xmm5=0x0000ea1a0000ea1a000021c3000021c3 
  xmm6=0x0000dfe40000dfe400002c6f00002c6f xmm7=0x00000eb100000eb1000060c3000060c3 

0x3015: mfence 
  rax=0x0000000000000100 rbx=0x0000ee6a0000ee6a rcx=0x0000000000000048 rdx=0x0000000000000000
  rsi=0x00005b3600005b36 rdi=0x0000d3c70000d3c7 flags=0b000000000110
  xmm0=0x0000f8d80000f8d80000690100006901 xmm1=0x0000d65e0000d65e0000b9800000b980 
  xmm2=0x0000f9b40000f9b400001d9700001d97 xmm3=0x0000879200008792000040b6000040b6 
  xmm4=0x00009e0700009e070000ba030000ba03 xmm5=0x0000ea1a0000ea1a000021c3000021c3 
  xmm6=0x0000dfe40000dfe400002c6f00002c6f xmm7=0x00000eb100000eb1000060c3000060c3 

0x3018: lfence 
  rax=0x0000000000000100 rbx=0x0000ee6a0000ee6a rcx=0x0000000000000048 rdx=0x0000000000000000
  rsi=0x00005b3600005b36 rdi=0x0000d3c70000d3c7 flags=0b000000000110
  xmm0=0x0000f8d80000f8d80000690100006901 xmm1=0x0000d65e0000d65e0000b9800000b980 
  xmm2=0x0000f9b40000f9b400001d9700001d97 xmm3=0x0000879200008792000040b6000040b6 
  xmm4=0x00009e0700009e070000ba030000ba03 xmm5=0x0000ea1a0000ea1a000021c3000021c3 
  xmm6=0x0000dfe40000dfe400002c6f00002c6f xmm7=0x00000eb100000eb1000060c3000060c3 

0x301b: macro .measurement_start, .noarg
  rax=0x0000000000000100 rbx=0x0000ee6a0000ee6a rcx=0x0000000000000048 rdx=0x0000000000000000
  rsi=0x00005b3600005b36 rdi=0x0000d3c70000d3c7 flags=0b000000000110
  xmm0=0x0000f8d80000f8d80000690100006901 xmm1=0x0000d65e0000d65e0000b9800000b980 
  xmm2=0x0000f9b40000f9b400001d9700001d97 xmm3=0x0000879200008792000040b6000040b6 
  xmm4=0x00009e0700009e070000ba030000ba03 xmm5=0x0000ea1a0000ea1a000021c3000021c3 
  xmm6=0x0000dfe40000dfe400002c6f00002c6f xmm7=0x00000eb100000eb1000060c3000060c3 

0x3023: mov ecx, 0x48
  rax=0x0000000000000100 rbx=0x0000ee6a0000ee6a rcx=0x0000000000000048 rdx=0x0000000000000000
  rsi=0x00005b3600005b36 rdi=0x0000d3c70000d3c7 flags=0b000000000110
  xmm0=0x0000f8d80000f8d80000690100006901 xmm1=0x0000d65e0000d65e0000b9800000b980 
  xmm2=0x0000f9b40000f9b400001d9700001d97 xmm3=0x0000879200008792000040b6000040b6 
  xmm4=0x00009e0700009e070000ba030000ba03 xmm5=0x0000ea1a0000ea1a000021c3000021c3 
  xmm6=0x0000dfe40000dfe400002c6f00002c6f xmm7=0x00000eb100000eb1000060c3000060c3 

0x3028: rdmsr 
  rax=0x0000000000000100 rbx=0x0000ee6a0000ee6a rcx=0x0000000000000048 rdx=0x0000000000000000
  rsi=0x00005b3600005b36 rdi=0x0000d3c70000d3c7 flags=0b000000000110
  xmm0=0x0000f8d80000f8d80000690100006901 xmm1=0x0000d65e0000d65e0000b9800000b980 
  xmm2=0x0000f9b40000f9b400001d9700001d97 xmm3=0x0000879200008792000040b6000040b6 
  xmm4=0x00009e0700009e070000ba030000ba03 xmm5=0x0000ea1a0000ea1a000021c3000021c3 
  xmm6=0x0000dfe40000dfe400002c6f00002c6f xmm7=0x00000eb100000eb1000060c3000060c3 

0x302a: and eax, 0xfffffffb
  rax=0x0000000000000000 rbx=0x0000ee6a0000ee6a rcx=0x0000000000000048 rdx=0x0000000000000000
  rsi=0x00005b3600005b36 rdi=0x0000d3c70000d3c7 flags=0b000000000110
  xmm0=0x0000f8d80000f8d80000690100006901 xmm1=0x0000d65e0000d65e0000b9800000b980 
  xmm2=0x0000f9b40000f9b400001d9700001d97 xmm3=0x0000879200008792000040b6000040b6 
  xmm4=0x00009e0700009e070000ba030000ba03 xmm5=0x0000ea1a0000ea1a000021c3000021c3 
  xmm6=0x0000dfe40000dfe400002c6f00002c6f xmm7=0x00000eb100000eb1000060c3000060c3 

0x302d: and eax, 0xfffffeff
  rax=0x0000000000000000 rbx=0x0000ee6a0000ee6a rcx=0x0000000000000048 rdx=0x0000000000000000
  rsi=0x00005b3600005b36 rdi=0x0000d3c70000d3c7 flags=0b000001000110
  xmm0=0x0000f8d80000f8d80000690100006901 xmm1=0x0000d65e0000d65e0000b9800000b980 
  xmm2=0x0000f9b40000f9b400001d9700001d97 xmm3=0x0000879200008792000040b6000040b6 
  xmm4=0x00009e0700009e070000ba030000ba03 xmm5=0x0000ea1a0000ea1a000021c3000021c3 
  xmm6=0x0000dfe40000dfe400002c6f00002c6f xmm7=0x00000eb100000eb1000060c3000060c3 

0x3032: wrmsr 
  rax=0x0000000000000000 rbx=0x0000ee6a0000ee6a rcx=0x0000000000000048 rdx=0x0000000000000000
  rsi=0x00005b3600005b36 rdi=0x0000d3c70000d3c7 flags=0b000001000110
  xmm0=0x0000f8d80000f8d80000690100006901 xmm1=0x0000d65e0000d65e0000b9800000b980 
  xmm2=0x0000f9b40000f9b400001d9700001d97 xmm3=0x0000879200008792000040b6000040b6 
  xmm4=0x00009e0700009e070000ba030000ba03 xmm5=0x0000ea1a0000ea1a000021c3000021c3 
  xmm6=0x0000dfe40000dfe400002c6f00002c6f xmm7=0x00000eb100000eb1000060c3000060c3 

0x3034: mfence 
  rax=0x0000000000000000 rbx=0x0000ee6a0000ee6a rcx=0x0000000000000048 rdx=0x0000000000000000
  rsi=0x00005b3600005b36 rdi=0x0000d3c70000d3c7 flags=0b000001000110
  xmm0=0x0000f8d80000f8d80000690100006901 xmm1=0x0000d65e0000d65e0000b9800000b980 
  xmm2=0x0000f9b40000f9b400001d9700001d97 xmm3=0x0000879200008792000040b6000040b6 
  xmm4=0x00009e0700009e070000ba030000ba03 xmm5=0x0000ea1a0000ea1a000021c3000021c3 
  xmm6=0x0000dfe40000dfe400002c6f00002c6f xmm7=0x00000eb100000eb1000060c3000060c3 

0x3037: lfence 
  rax=0x0000000000000000 rbx=0x0000ee6a0000ee6a rcx=0x0000000000000048 rdx=0x0000000000000000
  rsi=0x00005b3600005b36 rdi=0x0000d3c70000d3c7 flags=0b000001000110
  xmm0=0x0000f8d80000f8d80000690100006901 xmm1=0x0000d65e0000d65e0000b9800000b980 
  xmm2=0x0000f9b40000f9b400001d9700001d97 xmm3=0x0000879200008792000040b6000040b6 
  xmm4=0x00009e0700009e070000ba030000ba03 xmm5=0x0000ea1a0000ea1a000021c3000021c3 
  xmm6=0x0000dfe40000dfe400002c6f00002c6f xmm7=0x00000eb100000eb1000060c3000060c3 

0x303a: pop rdx
  rax=0x0000000000000000 rbx=0x0000ee6a0000ee6a rcx=0x0000000000000048 rdx=0x0000000000000000
  rsi=0x00005b3600005b36 rdi=0x0000d3c70000d3c7 flags=0b000001000110
  xmm0=0x0000f8d80000f8d80000690100006901 xmm1=0x0000d65e0000d65e0000b9800000b980 
  xmm2=0x0000f9b40000f9b400001d9700001d97 xmm3=0x0000879200008792000040b6000040b6 
  xmm4=0x00009e0700009e070000ba030000ba03 xmm5=0x0000ea1a0000ea1a000021c3000021c3 
  xmm6=0x0000dfe40000dfe400002c6f00002c6f xmm7=0x00000eb100000eb1000060c3000060c3 

    > load from +0x4fd8 value 0x7be600007be6
0x303b: pop rcx
  rax=0x0000000000000000 rbx=0x0000ee6a0000ee6a rcx=0x0000000000000048 rdx=0x00007be600007be6
  rsi=0x00005b3600005b36 rdi=0x0000d3c70000d3c7 flags=0b000001000110
  xmm0=0x0000f8d80000f8d80000690100006901 xmm1=0x0000d65e0000d65e0000b9800000b980 
  xmm2=0x0000f9b40000f9b400001d9700001d97 xmm3=0x0000879200008792000040b6000040b6 
  xmm4=0x00009e0700009e070000ba030000ba03 xmm5=0x0000ea1a0000ea1a000021c3000021c3 
  xmm6=0x0000dfe40000dfe400002c6f00002c6f xmm7=0x00000eb100000eb1000060c3000060c3 

    > load from +0x4fe0 value 0xde0c0000de0c
0x303c: pop rax
  rax=0x0000000000000000 rbx=0x0000ee6a0000ee6a rcx=0x0000de0c0000de0c rdx=0x00007be600007be6
  rsi=0x00005b3600005b36 rdi=0x0000d3c70000d3c7 flags=0b000001000110
  xmm0=0x0000f8d80000f8d80000690100006901 xmm1=0x0000d65e0000d65e0000b9800000b980 
  xmm2=0x0000f9b40000f9b400001d9700001d97 xmm3=0x0000879200008792000040b6000040b6 
  xmm4=0x00009e0700009e070000ba030000ba03 xmm5=0x0000ea1a0000ea1a000021c3000021c3 
  xmm6=0x0000dfe40000dfe400002c6f00002c6f xmm7=0x00000eb100000eb1000060c3000060c3 

    > load from +0x4fe8 value 0x270700002707
0x303d: popfq 
  rax=0x0000270700002707 rbx=0x0000ee6a0000ee6a rcx=0x0000de0c0000de0c rdx=0x00007be600007be6
  rsi=0x00005b3600005b36 rdi=0x0000d3c70000d3c7 flags=0b000001000110
  xmm0=0x0000f8d80000f8d80000690100006901 xmm1=0x0000d65e0000d65e0000b9800000b980 
  xmm2=0x0000f9b40000f9b400001d9700001d97 xmm3=0x0000879200008792000040b6000040b6 
  xmm4=0x00009e0700009e070000ba030000ba03 xmm5=0x0000ea1a0000ea1a000021c3000021c3 
  xmm6=0x0000dfe40000dfe400002c6f00002c6f xmm7=0x00000eb100000eb1000060c3000060c3 

    > load from +0x4ff0 value 0x52
0x303e: and rbx, 0b1111111111111
  rax=0x0000270700002707 rbx=0x0000ee6a0000ee6a rcx=0x0000de0c0000de0c rdx=0x00007be600007be6
  rsi=0x00005b3600005b36 rdi=0x0000d3c70000d3c7 flags=0b000001010010
  xmm0=0x0000f8d80000f8d80000690100006901 xmm1=0x0000d65e0000d65e0000b9800000b980 
  xmm2=0x0000f9b40000f9b400001d9700001d97 xmm3=0x0000879200008792000040b6000040b6 
  xmm4=0x00009e0700009e070000ba030000ba03 xmm5=0x0000ea1a0000ea1a000021c3000021c3 
  xmm6=0x0000dfe40000dfe400002c6f00002c6f xmm7=0x00000eb100000eb1000060c3000060c3 

0x3045: and ecx, 0b111
  rax=0x0000270700002707 rbx=0x0000000000000e6a rcx=0x0000de0c0000de0c rdx=0x00007be600007be6
  rsi=0x00005b3600005b36 rdi=0x0000d3c70000d3c7 flags=0b000000000110
  xmm0=0x0000f8d80000f8d80000690100006901 xmm1=0x0000d65e0000d65e0000b9800000b980 
  xmm2=0x0000f9b40000f9b400001d9700001d97 xmm3=0x0000879200008792000040b6000040b6 
  xmm4=0x00009e0700009e070000ba030000ba03 xmm5=0x0000ea1a0000ea1a000021c3000021c3 
  xmm6=0x0000dfe40000dfe400002c6f00002c6f xmm7=0x00000eb100000eb1000060c3000060c3 

0x3048: and rdi, 0b1111111111111
  rax=0x0000270700002707 rbx=0x0000000000000e6a rcx=0x0000000000000004 rdx=0x00007be600007be6
  rsi=0x00005b3600005b36 rdi=0x0000d3c70000d3c7 flags=0b000000000010
  xmm0=0x0000f8d80000f8d80000690100006901 xmm1=0x0000d65e0000d65e0000b9800000b980 
  xmm2=0x0000f9b40000f9b400001d9700001d97 xmm3=0x0000879200008792000040b6000040b6 
  xmm4=0x00009e0700009e070000ba030000ba03 xmm5=0x0000ea1a0000ea1a000021c3000021c3 
  xmm6=0x0000dfe40000dfe400002c6f00002c6f xmm7=0x00000eb100000eb1000060c3000060c3 

0x304f: add rbx, [r14 +rdi]
  rax=0x0000270700002707 rbx=0x0000000000000e6a rcx=0x0000000000000004 rdx=0x00007be600007be6
  rsi=0x00005b3600005b36 rdi=0x00000000000013c7 flags=0b000000000010
  xmm0=0x0000f8d80000f8d80000690100006901 xmm1=0x0000d65e0000d65e0000b9800000b980 
  xmm2=0x0000f9b40000f9b400001d9700001d97 xmm3=0x0000879200008792000040b6000040b6 
  xmm4=0x00009e0700009e070000ba030000ba03 xmm5=0x0000ea1a0000ea1a000021c3000021c3 
  xmm6=0x0000dfe40000dfe400002c6f00002c6f xmm7=0x00000eb100000eb1000060c3000060c3 

    > load from +0x53c7 value 0x7b5d00007b5d00
0x3053: or edx, 0b1000000000000000000000000000000
  rax=0x0000270700002707 rbx=0x007b5d00007b6b6a rcx=0x0000000000000004 rdx=0x00007be600007be6
  rsi=0x00005b3600005b36 rdi=0x00000000000013c7 flags=0b000000000110
  xmm0=0x0000f8d80000f8d80000690100006901 xmm1=0x0000d65e0000d65e0000b9800000b980 
  xmm2=0x0000f9b40000f9b400001d9700001d97 xmm3=0x0000879200008792000040b6000040b6 
  xmm4=0x00009e0700009e070000ba030000ba03 xmm5=0x0000ea1a0000ea1a000021c3000021c3 
  xmm6=0x0000dfe40000dfe400002c6f00002c6f xmm7=0x00000eb100000eb1000060c3000060c3 

0x3059: bsr esi, edx
  rax=0x0000270700002707 rbx=0x007b5d00007b6b6a rcx=0x0000000000000004 rdx=0x0000000040007be6
  rsi=0x00005b3600005b36 rdi=0x00000000000013c7 flags=0b000000000010
  xmm0=0x0000f8d80000f8d80000690100006901 xmm1=0x0000d65e0000d65e0000b9800000b980 
  xmm2=0x0000f9b40000f9b400001d9700001d97 xmm3=0x0000879200008792000040b6000040b6 
  xmm4=0x00009e0700009e070000ba030000ba03 xmm5=0x0000ea1a0000ea1a000021c3000021c3 
  xmm6=0x0000dfe40000dfe400002c6f00002c6f xmm7=0x00000eb100000eb1000060c3000060c3 

0x305c: add sil, 53
  rax=0x0000270700002707 rbx=0x007b5d00007b6b6a rcx=0x0000000000000004 rdx=0x0000000040007be6
  rsi=0x000000000000001e rdi=0x00000000000013c7 flags=0b000000000010
  xmm0=0x0000f8d80000f8d80000690100006901 xmm1=0x0000d65e0000d65e0000b9800000b980 
  xmm2=0x0000f9b40000f9b400001d9700001d97 xmm3=0x0000879200008792000040b6000040b6 
  xmm4=0x00009e0700009e070000ba030000ba03 xmm5=0x0000ea1a0000ea1a000021c3000021c3 
  xmm6=0x0000dfe40000dfe400002c6f00002c6f xmm7=0x00000eb100000eb1000060c3000060c3 

0x3060: macro .switch, .main.function_main_1
  rax=0x0000270700002707 rbx=0x007b5d00007b6b6a rcx=0x0000000000000004 rdx=0x0000000040007be6
  rsi=0x0000000000000053 rdi=0x00000000000013c7 flags=0b000000010110
  xmm0=0x0000f8d80000f8d80000690100006901 xmm1=0x0000d65e0000d65e0000b9800000b980 
  xmm2=0x0000f9b40000f9b400001d9700001d97 xmm3=0x0000879200008792000040b6000040b6 
  xmm4=0x00009e0700009e070000ba030000ba03 xmm5=0x0000ea1a0000ea1a000021c3000021c3 
  xmm6=0x0000dfe40000dfe400002c6f00002c6f xmm7=0x00000eb100000eb1000060c3000060c3 

0x8 : add sil, -26
  rax=0x0000270700002707 rbx=0x007b5d00007b6b6a rcx=0x0000000000000004 rdx=0x0000000040007be6
  rsi=0x0000000000000053 rdi=0x00000000000013c7 flags=0b000000010110
  xmm0=0x0000f8d80000f8d80000690100006901 xmm1=0x0000d65e0000d65e0000b9800000b980 
  xmm2=0x0000f9b40000f9b400001d9700001d97 xmm3=0x0000879200008792000040b6000040b6 
  xmm4=0x00009e0700009e070000ba030000ba03 xmm5=0x0000ea1a0000ea1a000021c3000021c3 
  xmm6=0x0000dfe40000dfe400002c6f00002c6f xmm7=0x00000eb100000eb1000060c3000060c3 

0xc : and rbx, 0b1111111111111
  rax=0x0000270700002707 rbx=0x007b5d00007b6b6a rcx=0x0000000000000004 rdx=0x0000000040007be6
  rsi=0x0000000000000039 rdi=0x00000000000013c7 flags=0b000000000111
  xmm0=0x0000f8d80000f8d80000690100006901 xmm1=0x0000d65e0000d65e0000b9800000b980 
  xmm2=0x0000f9b40000f9b400001d9700001d97 xmm3=0x0000879200008792000040b6000040b6 
  xmm4=0x00009e0700009e070000ba030000ba03 xmm5=0x0000ea1a0000ea1a000021c3000021c3 
  xmm6=0x0000dfe40000dfe400002c6f00002c6f xmm7=0x00000eb100000eb1000060c3000060c3 

0x13: and dil, [r14 +rbx]
  rax=0x0000270700002707 rbx=0x0000000000000b6a rcx=0x0000000000000004 rdx=0x0000000040007be6
  rsi=0x0000000000000039 rdi=0x00000000000013c7 flags=0b000000000110
  xmm0=0x0000f8d80000f8d80000690100006901 xmm1=0x0000d65e0000d65e0000b9800000b980 
  xmm2=0x0000f9b40000f9b400001d9700001d97 xmm3=0x0000879200008792000040b6000040b6 
  xmm4=0x00009e0700009e070000ba030000ba03 xmm5=0x0000ea1a0000ea1a000021c3000021c3 
  xmm6=0x0000dfe40000dfe400002c6f00002c6f xmm7=0x00000eb100000eb1000060c3000060c3 

    > load from +0xb6a value 0x0
0x17: and rbx, 0b1111111111111
  rax=0x0000270700002707 rbx=0x0000000000000b6a rcx=0x0000000000000004 rdx=0x0000000040007be6
  rsi=0x0000000000000039 rdi=0x0000000000001300 flags=0b000001000110
  xmm0=0x0000f8d80000f8d80000690100006901 xmm1=0x0000d65e0000d65e0000b9800000b980 
  xmm2=0x0000f9b40000f9b400001d9700001d97 xmm3=0x0000879200008792000040b6000040b6 
  xmm4=0x00009e0700009e070000ba030000ba03 xmm5=0x0000ea1a0000ea1a000021c3000021c3 
  xmm6=0x0000dfe40000dfe400002c6f00002c6f xmm7=0x00000eb100000eb1000060c3000060c3 

0x1e: setnz cl
  rax=0x0000270700002707 rbx=0x0000000000000b6a rcx=0x0000000000000004 rdx=0x0000000040007be6
  rsi=0x0000000000000039 rdi=0x0000000000001300 flags=0b000000000110
  xmm0=0x0000f8d80000f8d80000690100006901 xmm1=0x0000d65e0000d65e0000b9800000b980 
  xmm2=0x0000f9b40000f9b400001d9700001d97 xmm3=0x0000879200008792000040b6000040b6 
  xmm4=0x00009e0700009e070000ba030000ba03 xmm5=0x0000ea1a0000ea1a000021c3000021c3 
  xmm6=0x0000dfe40000dfe400002c6f00002c6f xmm7=0x00000eb100000eb1000060c3000060c3 

0x21: and rsi, 0b1111111111111
  rax=0x0000270700002707 rbx=0x0000000000000b6a rcx=0x0000000000000001 rdx=0x0000000040007be6
  rsi=0x0000000000000039 rdi=0x0000000000001300 flags=0b000000000110
  xmm0=0x0000f8d80000f8d80000690100006901 xmm1=0x0000d65e0000d65e0000b9800000b980 
  xmm2=0x0000f9b40000f9b400001d9700001d97 xmm3=0x0000879200008792000040b6000040b6 
  xmm4=0x00009e0700009e070000ba030000ba03 xmm5=0x0000ea1a0000ea1a000021c3000021c3 
  xmm6=0x0000dfe40000dfe400002c6f00002c6f xmm7=0x00000eb100000eb1000060c3000060c3 

0x28: or [r14 +rsi], 1
  rax=0x0000270700002707 rbx=0x0000000000000b6a rcx=0x0000000000000001 rdx=0x0000000040007be6
  rsi=0x0000000000000039 rdi=0x0000000000001300 flags=0b000000000110
  xmm0=0x0000f8d80000f8d80000690100006901 xmm1=0x0000d65e0000d65e0000b9800000b980 
  xmm2=0x0000f9b40000f9b400001d9700001d97 xmm3=0x0000879200008792000040b6000040b6 
  xmm4=0x00009e0700009e070000ba030000ba03 xmm5=0x0000ea1a0000ea1a000021c3000021c3 
  xmm6=0x0000dfe40000dfe400002c6f00002c6f xmm7=0x00000eb100000eb1000060c3000060c3 

    > load from +0x39 value 0x7a000063
    > store to +0x39 value 0x7a000063
0x2d: and edx, [r14 +rsi]
  rax=0x0000270700002707 rbx=0x0000000000000b6a rcx=0x0000000000000001 rdx=0x0000000040007be6
  rsi=0x0000000000000039 rdi=0x0000000000001300 flags=0b000000000110
  xmm0=0x0000f8d80000f8d80000690100006901 xmm1=0x0000d65e0000d65e0000b9800000b980 
  xmm2=0x0000f9b40000f9b400001d9700001d97 xmm3=0x0000879200008792000040b6000040b6 
  xmm4=0x00009e0700009e070000ba030000ba03 xmm5=0x0000ea1a0000ea1a000021c3000021c3 
  xmm6=0x0000dfe40000dfe400002c6f00002c6f xmm7=0x00000eb100000eb1000060c3000060c3 

    > load from +0x39 value 0x7a000063
0x31: shr edx, 1
  rax=0x0000270700002707 rbx=0x0000000000000b6a rcx=0x0000000000000001 rdx=0x0000000040000062
  rsi=0x0000000000000039 rdi=0x0000000000001300 flags=0b000000000010
  xmm0=0x0000f8d80000f8d80000690100006901 xmm1=0x0000d65e0000d65e0000b9800000b980 
  xmm2=0x0000f9b40000f9b400001d9700001d97 xmm3=0x0000879200008792000040b6000040b6 
  xmm4=0x00009e0700009e070000ba030000ba03 xmm5=0x0000ea1a0000ea1a000021c3000021c3 
  xmm6=0x0000dfe40000dfe400002c6f00002c6f xmm7=0x00000eb100000eb1000060c3000060c3 

0x33: mov di, 14953
  rax=0x0000270700002707 rbx=0x0000000000000b6a rcx=0x0000000000000001 rdx=0x0000000020000031
  rsi=0x0000000000000039 rdi=0x0000000000001300 flags=0b000000000010
  xmm0=0x0000f8d80000f8d80000690100006901 xmm1=0x0000d65e0000d65e0000b9800000b980 
  xmm2=0x0000f9b40000f9b400001d9700001d97 xmm3=0x0000879200008792000040b6000040b6 
  xmm4=0x00009e0700009e070000ba030000ba03 xmm5=0x0000ea1a0000ea1a000021c3000021c3 
  xmm6=0x0000dfe40000dfe400002c6f00002c6f xmm7=0x00000eb100000eb1000060c3000060c3 

0x37: and rdi, 0b1111111111111
  rax=0x0000270700002707 rbx=0x0000000000000b6a rcx=0x0000000000000001 rdx=0x0000000020000031
  rsi=0x0000000000000039 rdi=0x0000000000003a69 flags=0b000000000010
  xmm0=0x0000f8d80000f8d80000690100006901 xmm1=0x0000d65e0000d65e0000b9800000b980 
  xmm2=0x0000f9b40000f9b400001d9700001d97 xmm3=0x0000879200008792000040b6000040b6 
  xmm4=0x00009e0700009e070000ba030000ba03 xmm5=0x0000ea1a0000ea1a000021c3000021c3 
  xmm6=0x0000dfe40000dfe400002c6f00002c6f xmm7=0x00000eb100000eb1000060c3000060c3 

0x3e: movzx eax, [r14 +rdi]
  rax=0x0000270700002707 rbx=0x0000000000000b6a rcx=0x0000000000000001 rdx=0x0000000020000031
  rsi=0x0000000000000039 rdi=0x0000000000001a69 flags=0b000000000110
  xmm0=0x0000f8d80000f8d80000690100006901 xmm1=0x0000d65e0000d65e0000b9800000b980 
  xmm2=0x0000f9b40000f9b400001d9700001d97 xmm3=0x0000879200008792000040b6000040b6 
  xmm4=0x00009e0700009e070000ba030000ba03 xmm5=0x0000ea1a0000ea1a000021c3000021c3 
  xmm6=0x0000dfe40000dfe400002c6f00002c6f xmm7=0x00000eb100000eb1000060c3000060c3 

    > load from +0x1a69 value 0x1
0x43: and rax, 0b1111111111111
  rax=0x0000000000000001 rbx=0x0000000000000b6a rcx=0x0000000000000001 rdx=0x0000000020000031
  rsi=0x0000000000000039 rdi=0x0000000000001a69 flags=0b000000000110
  xmm0=0x0000f8d80000f8d80000690100006901 xmm1=0x0000d65e0000d65e0000b9800000b980 
  xmm2=0x0000f9b40000f9b400001d9700001d97 xmm3=0x0000879200008792000040b6000040b6 
  xmm4=0x00009e0700009e070000ba030000ba03 xmm5=0x0000ea1a0000ea1a000021c3000021c3 
  xmm6=0x0000dfe40000dfe400002c6f00002c6f xmm7=0x00000eb100000eb1000060c3000060c3 

0x49: or [r14 +rax], 0b1000
  rax=0x0000000000000001 rbx=0x0000000000000b6a rcx=0x0000000000000001 rdx=0x0000000020000031
  rsi=0x0000000000000039 rdi=0x0000000000001a69 flags=0b000000000010
  xmm0=0x0000f8d80000f8d80000690100006901 xmm1=0x0000d65e0000d65e0000b9800000b980 
  xmm2=0x0000f9b40000f9b400001d9700001d97 xmm3=0x0000879200008792000040b6000040b6 
  xmm4=0x00009e0700009e070000ba030000ba03 xmm5=0x0000ea1a0000ea1a000021c3000021c3 
  xmm6=0x0000dfe40000dfe400002c6f00002c6f xmm7=0x00000eb100000eb1000060c3000060c3 

    > load from +0x1 value 0x980000bd
    > store to +0x1 value 0x980000bd
0x4e: and [r14 +rax], 0b11111000
  rax=0x0000000000000001 rbx=0x0000000000000b6a rcx=0x0000000000000001 rdx=0x0000000020000031
  rsi=0x0000000000000039 rdi=0x0000000000001a69 flags=0b000010000110
  xmm0=0x0000f8d80000f8d80000690100006901 xmm1=0x0000d65e0000d65e0000b9800000b980 
  xmm2=0x0000f9b40000f9b400001d9700001d97 xmm3=0x0000879200008792000040b6000040b6 
  xmm4=0x00009e0700009e070000ba030000ba03 xmm5=0x0000ea1a0000ea1a000021c3000021c3 
  xmm6=0x0000dfe40000dfe400002c6f00002c6f xmm7=0x00000eb100000eb1000060c3000060c3 

    > load from +0x1 value 0xbd
    > store to +0x1 value 0xb8
0x53: inc rdx
  rax=0x0000000000000001 rbx=0x0000000000000b6a rcx=0x0000000000000001 rdx=0x0000000020000031
  rsi=0x0000000000000039 rdi=0x0000000000001a69 flags=0b000010000110
  xmm0=0x0000f8d80000f8d80000690100006901 xmm1=0x0000d65e0000d65e0000b9800000b980 
  xmm2=0x0000f9b40000f9b400001d9700001d97 xmm3=0x0000879200008792000040b6000040b6 
  xmm4=0x00009e0700009e070000ba030000ba03 xmm5=0x0000ea1a0000ea1a000021c3000021c3 
  xmm6=0x0000dfe40000dfe400002c6f00002c6f xmm7=0x00000eb100000eb1000060c3000060c3 

0x56: and rcx, 0b1111111111111
  rax=0x0000000000000001 rbx=0x0000000000000b6a rcx=0x0000000000000001 rdx=0x0000000020000032
  rsi=0x0000000000000039 rdi=0x0000000000001a69 flags=0b000000000010
  xmm0=0x0000f8d80000f8d80000690100006901 xmm1=0x0000d65e0000d65e0000b9800000b980 
  xmm2=0x0000f9b40000f9b400001d9700001d97 xmm3=0x0000879200008792000040b6000040b6 
  xmm4=0x00009e0700009e070000ba030000ba03 xmm5=0x0000ea1a0000ea1a000021c3000021c3 
  xmm6=0x0000dfe40000dfe400002c6f00002c6f xmm7=0x00000eb100000eb1000060c3000060c3 

0x5d: adc dx, [r14 +rcx]
  rax=0x0000000000000001 rbx=0x0000000000000b6a rcx=0x0000000000000001 rdx=0x0000000020000032
  rsi=0x0000000000000039 rdi=0x0000000000001a69 flags=0b000000000010
  xmm0=0x0000f8d80000f8d80000690100006901 xmm1=0x0000d65e0000d65e0000b9800000b980 
  xmm2=0x0000f9b40000f9b400001d9700001d97 xmm3=0x0000879200008792000040b6000040b6 
  xmm4=0x00009e0700009e070000ba030000ba03 xmm5=0x0000ea1a0000ea1a000021c3000021c3 
  xmm6=0x0000dfe40000dfe400002c6f00002c6f xmm7=0x00000eb100000eb1000060c3000060c3 

    > load from +0x1 value 0xb8
0x62: and rdx, 0b1111111111111
  rax=0x0000000000000001 rbx=0x0000000000000b6a rcx=0x0000000000000001 rdx=0x00000000200000ea
  rsi=0x0000000000000039 rdi=0x0000000000001a69 flags=0b000000000010
  xmm0=0x0000f8d80000f8d80000690100006901 xmm1=0x0000d65e0000d65e0000b9800000b980 
  xmm2=0x0000f9b40000f9b400001d9700001d97 xmm3=0x0000879200008792000040b6000040b6 
  xmm4=0x00009e0700009e070000ba030000ba03 xmm5=0x0000ea1a0000ea1a000021c3000021c3 
  xmm6=0x0000dfe40000dfe400002c6f00002c6f xmm7=0x00000eb100000eb1000060c3000060c3 

0x69: movsx esi, [r14 +rdx]
  rax=0x0000000000000001 rbx=0x0000000000000b6a rcx=0x0000000000000001 rdx=0x00000000000000ea
  rsi=0x0000000000000039 rdi=0x0000000000001a69 flags=0b000000000010
  xmm0=0x0000f8d80000f8d80000690100006901 xmm1=0x0000d65e0000d65e0000b9800000b980 
  xmm2=0x0000f9b40000f9b400001d9700001d97 xmm3=0x0000879200008792000040b6000040b6 
  xmm4=0x00009e0700009e070000ba030000ba03 xmm5=0x0000ea1a0000ea1a000021c3000021c3 
  xmm6=0x0000dfe40000dfe400002c6f00002c6f xmm7=0x00000eb100000eb1000060c3000060c3 

    > load from +0xea value 0x0
0x6e: and rsi, 0b1111111111111
  rax=0x0000000000000001 rbx=0x0000000000000b6a rcx=0x0000000000000001 rdx=0x00000000000000ea
  rsi=0x0000000000000000 rdi=0x0000000000001a69 flags=0b000000000010
  xmm0=0x0000f8d80000f8d80000690100006901 xmm1=0x0000d65e0000d65e0000b9800000b980 
  xmm2=0x0000f9b40000f9b400001d9700001d97 xmm3=0x0000879200008792000040b6000040b6 
  xmm4=0x00009e0700009e070000ba030000ba03 xmm5=0x0000ea1a0000ea1a000021c3000021c3 
  xmm6=0x0000dfe40000dfe400002c6f00002c6f xmm7=0x00000eb100000eb1000060c3000060c3 

0x75: cmovns ax, [r14 +rsi]
  rax=0x0000000000000001 rbx=0x0000000000000b6a rcx=0x0000000000000001 rdx=0x00000000000000ea
  rsi=0x0000000000000000 rdi=0x0000000000001a69 flags=0b000001000110
  xmm0=0x0000f8d80000f8d80000690100006901 xmm1=0x0000d65e0000d65e0000b9800000b980 
  xmm2=0x0000f9b40000f9b400001d9700001d97 xmm3=0x0000879200008792000040b6000040b6 
  xmm4=0x00009e0700009e070000ba030000ba03 xmm5=0x0000ea1a0000ea1a000021c3000021c3 
  xmm6=0x0000dfe40000dfe400002c6f00002c6f xmm7=0x00000eb100000eb1000060c3000060c3 

    > load from +0x0 value 0xb898
0x7b: macro .switch, .actor2.function_actor2_1
  rax=0x000000000000b898 rbx=0x0000000000000b6a rcx=0x0000000000000001 rdx=0x00000000000000ea
  rsi=0x0000000000000000 rdi=0x0000000000001a69 flags=0b000001000110
  xmm0=0x0000f8d80000f8d80000690100006901 xmm1=0x0000d65e0000d65e0000b9800000b980 
  xmm2=0x0000f9b40000f9b400001d9700001d97 xmm3=0x0000879200008792000040b6000040b6 
  xmm4=0x00009e0700009e070000ba030000ba03 xmm5=0x0000ea1a0000ea1a000021c3000021c3 
  xmm6=0x0000dfe40000dfe400002c6f00002c6f xmm7=0x00000eb100000eb1000060c3000060c3 

0x3068: pushfq 
  rax=0x000000000000b898 rbx=0x0000000000000b6a rcx=0x0000000000000001 rdx=0x00000000000000ea
  rsi=0x0000000000000000 rdi=0x0000000000001a69 flags=0b000001000110
  xmm0=0x0000f8d80000f8d80000690100006901 xmm1=0x0000d65e0000d65e0000b9800000b980 
  xmm2=0x0000f9b40000f9b400001d9700001d97 xmm3=0x0000879200008792000040b6000040b6 
  xmm4=0x00009e0700009e070000ba030000ba03 xmm5=0x0000ea1a0000ea1a000021c3000021c3 
  xmm6=0x0000dfe40000dfe400002c6f00002c6f xmm7=0x00000eb100000eb1000060c3000060c3 

    > store to +0x4ff0 value 0x46
0x3069: push rax
  rax=0x000000000000b898 rbx=0x0000000000000b6a rcx=0x0000000000000001 rdx=0x00000000000000ea
  rsi=0x0000000000000000 rdi=0x0000000000001a69 flags=0b000001000110
  xmm0=0x0000f8d80000f8d80000690100006901 xmm1=0x0000d65e0000d65e0000b9800000b980 
  xmm2=0x0000f9b40000f9b400001d9700001d97 xmm3=0x0000879200008792000040b6000040b6 
  xmm4=0x00009e0700009e070000ba030000ba03 xmm5=0x0000ea1a0000ea1a000021c3000021c3 
  xmm6=0x0000dfe40000dfe400002c6f00002c6f xmm7=0x00000eb100000eb1000060c3000060c3 

    > store to +0x4fe8 value 0xb898
0x306a: push rcx
  rax=0x000000000000b898 rbx=0x0000000000000b6a rcx=0x0000000000000001 rdx=0x00000000000000ea
  rsi=0x0000000000000000 rdi=0x0000000000001a69 flags=0b000001000110
  xmm0=0x0000f8d80000f8d80000690100006901 xmm1=0x0000d65e0000d65e0000b9800000b980 
  xmm2=0x0000f9b40000f9b400001d9700001d97 xmm3=0x0000879200008792000040b6000040b6 
  xmm4=0x00009e0700009e070000ba030000ba03 xmm5=0x0000ea1a0000ea1a000021c3000021c3 
  xmm6=0x0000dfe40000dfe400002c6f00002c6f xmm7=0x00000eb100000eb1000060c3000060c3 

    > store to +0x4fe0 value 0x1
0x306b: push rdx
  rax=0x000000000000b898 rbx=0x0000000000000b6a rcx=0x0000000000000001 rdx=0x00000000000000ea
  rsi=0x0000000000000000 rdi=0x0000000000001a69 flags=0b000001000110
  xmm0=0x0000f8d80000f8d80000690100006901 xmm1=0x0000d65e0000d65e0000b9800000b980 
  xmm2=0x0000f9b40000f9b400001d9700001d97 xmm3=0x0000879200008792000040b6000040b6 
  xmm4=0x00009e0700009e070000ba030000ba03 xmm5=0x0000ea1a0000ea1a000021c3000021c3 
  xmm6=0x0000dfe40000dfe400002c6f00002c6f xmm7=0x00000eb100000eb1000060c3000060c3 

    > store to +0x4fd8 value 0xea
0x306c: mov ecx, 0x48
  rax=0x000000000000b898 rbx=0x0000000000000b6a rcx=0x0000000000000001 rdx=0x00000000000000ea
  rsi=0x0000000000000000 rdi=0x0000000000001a69 flags=0b000001000110
  xmm0=0x0000f8d80000f8d80000690100006901 xmm1=0x0000d65e0000d65e0000b9800000b980 
  xmm2=0x0000f9b40000f9b400001d9700001d97 xmm3=0x0000879200008792000040b6000040b6 
  xmm4=0x00009e0700009e070000ba030000ba03 xmm5=0x0000ea1a0000ea1a000021c3000021c3 
  xmm6=0x0000dfe40000dfe400002c6f00002c6f xmm7=0x00000eb100000eb1000060c3000060c3 

0x3071: rdmsr 
  rax=0x000000000000b898 rbx=0x0000000000000b6a rcx=0x0000000000000048 rdx=0x00000000000000ea
  rsi=0x0000000000000000 rdi=0x0000000000001a69 flags=0b000001000110
  xmm0=0x0000f8d80000f8d80000690100006901 xmm1=0x0000d65e0000d65e0000b9800000b980 
  xmm2=0x0000f9b40000f9b400001d9700001d97 xmm3=0x0000879200008792000040b6000040b6 
  xmm4=0x00009e0700009e070000ba030000ba03 xmm5=0x0000ea1a0000ea1a000021c3000021c3 
  xmm6=0x0000dfe40000dfe400002c6f00002c6f xmm7=0x00000eb100000eb1000060c3000060c3 

0x3073: and eax, 0xfffffffb
  rax=0x0000000000000000 rbx=0x0000000000000b6a rcx=0x0000000000000048 rdx=0x0000000000000000
  rsi=0x0000000000000000 rdi=0x0000000000001a69 flags=0b000001000110
  xmm0=0x0000f8d80000f8d80000690100006901 xmm1=0x0000d65e0000d65e0000b9800000b980 
  xmm2=0x0000f9b40000f9b400001d9700001d97 xmm3=0x0000879200008792000040b6000040b6 
  xmm4=0x00009e0700009e070000ba030000ba03 xmm5=0x0000ea1a0000ea1a000021c3000021c3 
  xmm6=0x0000dfe40000dfe400002c6f00002c6f xmm7=0x00000eb100000eb1000060c3000060c3 

0x3076: or eax, 0x100
  rax=0x0000000000000000 rbx=0x0000000000000b6a rcx=0x0000000000000048 rdx=0x0000000000000000
  rsi=0x0000000000000000 rdi=0x0000000000001a69 flags=0b000001000110
  xmm0=0x0000f8d80000f8d80000690100006901 xmm1=0x0000d65e0000d65e0000b9800000b980 
  xmm2=0x0000f9b40000f9b400001d9700001d97 xmm3=0x0000879200008792000040b6000040b6 
  xmm4=0x00009e0700009e070000ba030000ba03 xmm5=0x0000ea1a0000ea1a000021c3000021c3 
  xmm6=0x0000dfe40000dfe400002c6f00002c6f xmm7=0x00000eb100000eb1000060c3000060c3 

0x307b: wrmsr 
  rax=0x0000000000000100 rbx=0x0000000000000b6a rcx=0x0000000000000048 rdx=0x0000000000000000
  rsi=0x0000000000000000 rdi=0x0000000000001a69 flags=0b000000000110
  xmm0=0x0000f8d80000f8d80000690100006901 xmm1=0x0000d65e0000d65e0000b9800000b980 
  xmm2=0x0000f9b40000f9b400001d9700001d97 xmm3=0x0000879200008792000040b6000040b6 
  xmm4=0x00009e0700009e070000ba030000ba03 xmm5=0x0000ea1a0000ea1a000021c3000021c3 
  xmm6=0x0000dfe40000dfe400002c6f00002c6f xmm7=0x00000eb100000eb1000060c3000060c3 

0x307d: mfence 
  rax=0x0000000000000100 rbx=0x0000000000000b6a rcx=0x0000000000000048 rdx=0x0000000000000000
  rsi=0x0000000000000000 rdi=0x0000000000001a69 flags=0b000000000110
  xmm0=0x0000f8d80000f8d80000690100006901 xmm1=0x0000d65e0000d65e0000b9800000b980 
  xmm2=0x0000f9b40000f9b400001d9700001d97 xmm3=0x0000879200008792000040b6000040b6 
  xmm4=0x00009e0700009e070000ba030000ba03 xmm5=0x0000ea1a0000ea1a000021c3000021c3 
  xmm6=0x0000dfe40000dfe400002c6f00002c6f xmm7=0x00000eb100000eb1000060c3000060c3 

0x3080: lfence 
  rax=0x0000000000000100 rbx=0x0000000000000b6a rcx=0x0000000000000048 rdx=0x0000000000000000
  rsi=0x0000000000000000 rdi=0x0000000000001a69 flags=0b000000000110
  xmm0=0x0000f8d80000f8d80000690100006901 xmm1=0x0000d65e0000d65e0000b9800000b980 
  xmm2=0x0000f9b40000f9b400001d9700001d97 xmm3=0x0000879200008792000040b6000040b6 
  xmm4=0x00009e0700009e070000ba030000ba03 xmm5=0x0000ea1a0000ea1a000021c3000021c3 
  xmm6=0x0000dfe40000dfe400002c6f00002c6f xmm7=0x00000eb100000eb1000060c3000060c3 

0x3083: macro .measurement_end, .noarg
  rax=0x0000000000000100 rbx=0x0000000000000b6a rcx=0x0000000000000048 rdx=0x0000000000000000
  rsi=0x0000000000000000 rdi=0x0000000000001a69 flags=0b000000000110
  xmm0=0x0000f8d80000f8d80000690100006901 xmm1=0x0000d65e0000d65e0000b9800000b980 
  xmm2=0x0000f9b40000f9b400001d9700001d97 xmm3=0x0000879200008792000040b6000040b6 
  xmm4=0x00009e0700009e070000ba030000ba03 xmm5=0x0000ea1a0000ea1a000021c3000021c3 
  xmm6=0x0000dfe40000dfe400002c6f00002c6f xmm7=0x00000eb100000eb1000060c3000060c3 

0x308b: mov ecx, 0x48
  rax=0x0000000000000100 rbx=0x0000000000000b6a rcx=0x0000000000000048 rdx=0x0000000000000000
  rsi=0x0000000000000000 rdi=0x0000000000001a69 flags=0b000000000110
  xmm0=0x0000f8d80000f8d80000690100006901 xmm1=0x0000d65e0000d65e0000b9800000b980 
  xmm2=0x0000f9b40000f9b400001d9700001d97 xmm3=0x0000879200008792000040b6000040b6 
  xmm4=0x00009e0700009e070000ba030000ba03 xmm5=0x0000ea1a0000ea1a000021c3000021c3 
  xmm6=0x0000dfe40000dfe400002c6f00002c6f xmm7=0x00000eb100000eb1000060c3000060c3 

0x3090: rdmsr 
  rax=0x0000000000000100 rbx=0x0000000000000b6a rcx=0x0000000000000048 rdx=0x0000000000000000
  rsi=0x0000000000000000 rdi=0x0000000000001a69 flags=0b000000000110
  xmm0=0x0000f8d80000f8d80000690100006901 xmm1=0x0000d65e0000d65e0000b9800000b980 
  xmm2=0x0000f9b40000f9b400001d9700001d97 xmm3=0x0000879200008792000040b6000040b6 
  xmm4=0x00009e0700009e070000ba030000ba03 xmm5=0x0000ea1a0000ea1a000021c3000021c3 
  xmm6=0x0000dfe40000dfe400002c6f00002c6f xmm7=0x00000eb100000eb1000060c3000060c3 

0x3092: and eax, 0xfffffffb
  rax=0x0000000000000000 rbx=0x0000000000000b6a rcx=0x0000000000000048 rdx=0x0000000000000000
  rsi=0x0000000000000000 rdi=0x0000000000001a69 flags=0b000000000110
  xmm0=0x0000f8d80000f8d80000690100006901 xmm1=0x0000d65e0000d65e0000b9800000b980 
  xmm2=0x0000f9b40000f9b400001d9700001d97 xmm3=0x0000879200008792000040b6000040b6 
  xmm4=0x00009e0700009e070000ba030000ba03 xmm5=0x0000ea1a0000ea1a000021c3000021c3 
  xmm6=0x0000dfe40000dfe400002c6f00002c6f xmm7=0x00000eb100000eb1000060c3000060c3 

0x3095: and eax, 0xfffffeff
  rax=0x0000000000000000 rbx=0x0000000000000b6a rcx=0x0000000000000048 rdx=0x0000000000000000
  rsi=0x0000000000000000 rdi=0x0000000000001a69 flags=0b000001000110
  xmm0=0x0000f8d80000f8d80000690100006901 xmm1=0x0000d65e0000d65e0000b9800000b980 
  xmm2=0x0000f9b40000f9b400001d9700001d97 xmm3=0x0000879200008792000040b6000040b6 
  xmm4=0x00009e0700009e070000ba030000ba03 xmm5=0x0000ea1a0000ea1a000021c3000021c3 
  xmm6=0x0000dfe40000dfe400002c6f00002c6f xmm7=0x00000eb100000eb1000060c3000060c3 

0x309a: wrmsr 
  rax=0x0000000000000000 rbx=0x0000000000000b6a rcx=0x0000000000000048 rdx=0x0000000000000000
  rsi=0x0000000000000000 rdi=0x0000000000001a69 flags=0b000001000110
  xmm0=0x0000f8d80000f8d80000690100006901 xmm1=0x0000d65e0000d65e0000b9800000b980 
  xmm2=0x0000f9b40000f9b400001d9700001d97 xmm3=0x0000879200008792000040b6000040b6 
  xmm4=0x00009e0700009e070000ba030000ba03 xmm5=0x0000ea1a0000ea1a000021c3000021c3 
  xmm6=0x0000dfe40000dfe400002c6f00002c6f xmm7=0x00000eb100000eb1000060c3000060c3 

0x309c: mfence 
  rax=0x0000000000000000 rbx=0x0000000000000b6a rcx=0x0000000000000048 rdx=0x0000000000000000
  rsi=0x0000000000000000 rdi=0x0000000000001a69 flags=0b000001000110
  xmm0=0x0000f8d80000f8d80000690100006901 xmm1=0x0000d65e0000d65e0000b9800000b980 
  xmm2=0x0000f9b40000f9b400001d9700001d97 xmm3=0x0000879200008792000040b6000040b6 
  xmm4=0x00009e0700009e070000ba030000ba03 xmm5=0x0000ea1a0000ea1a000021c3000021c3 
  xmm6=0x0000dfe40000dfe400002c6f00002c6f xmm7=0x00000eb100000eb1000060c3000060c3 

0x309f: lfence 
  rax=0x0000000000000000 rbx=0x0000000000000b6a rcx=0x0000000000000048 rdx=0x0000000000000000
  rsi=0x0000000000000000 rdi=0x0000000000001a69 flags=0b000001000110
  xmm0=0x0000f8d80000f8d80000690100006901 xmm1=0x0000d65e0000d65e0000b9800000b980 
  xmm2=0x0000f9b40000f9b400001d9700001d97 xmm3=0x0000879200008792000040b6000040b6 
  xmm4=0x00009e0700009e070000ba030000ba03 xmm5=0x0000ea1a0000ea1a000021c3000021c3 
  xmm6=0x0000dfe40000dfe400002c6f00002c6f xmm7=0x00000eb100000eb1000060c3000060c3 

0x30a2: pop rdx
  rax=0x0000000000000000 rbx=0x0000000000000b6a rcx=0x0000000000000048 rdx=0x0000000000000000
  rsi=0x0000000000000000 rdi=0x0000000000001a69 flags=0b000001000110
  xmm0=0x0000f8d80000f8d80000690100006901 xmm1=0x0000d65e0000d65e0000b9800000b980 
  xmm2=0x0000f9b40000f9b400001d9700001d97 xmm3=0x0000879200008792000040b6000040b6 
  xmm4=0x00009e0700009e070000ba030000ba03 xmm5=0x0000ea1a0000ea1a000021c3000021c3 
  xmm6=0x0000dfe40000dfe400002c6f00002c6f xmm7=0x00000eb100000eb1000060c3000060c3 

    > load from +0x4fd8 value 0xea
0x30a3: pop rcx
  rax=0x0000000000000000 rbx=0x0000000000000b6a rcx=0x0000000000000048 rdx=0x00000000000000ea
  rsi=0x0000000000000000 rdi=0x0000000000001a69 flags=0b000001000110
  xmm0=0x0000f8d80000f8d80000690100006901 xmm1=0x0000d65e0000d65e0000b9800000b980 
  xmm2=0x0000f9b40000f9b400001d9700001d97 xmm3=0x0000879200008792000040b6000040b6 
  xmm4=0x00009e0700009e070000ba030000ba03 xmm5=0x0000ea1a0000ea1a000021c3000021c3 
  xmm6=0x0000dfe40000dfe400002c6f00002c6f xmm7=0x00000eb100000eb1000060c3000060c3 

    > load from +0x4fe0 value 0x1
0x30a4: pop rax
  rax=0x0000000000000000 rbx=0x0000000000000b6a rcx=0x0000000000000001 rdx=0x00000000000000ea
  rsi=0x0000000000000000 rdi=0x0000000000001a69 flags=0b000001000110
  xmm0=0x0000f8d80000f8d80000690100006901 xmm1=0x0000d65e0000d65e0000b9800000b980 
  xmm2=0x0000f9b40000f9b400001d9700001d97 xmm3=0x0000879200008792000040b6000040b6 
  xmm4=0x00009e0700009e070000ba030000ba03 xmm5=0x0000ea1a0000ea1a000021c3000021c3 
  xmm6=0x0000dfe40000dfe400002c6f00002c6f xmm7=0x00000eb100000eb1000060c3000060c3 

    > load from +0x4fe8 value 0xb898
0x30a5: popfq 
  rax=0x000000000000b898 rbx=0x0000000000000b6a rcx=0x0000000000000001 rdx=0x00000000000000ea
  rsi=0x0000000000000000 rdi=0x0000000000001a69 flags=0b000001000110
  xmm0=0x0000f8d80000f8d80000690100006901 xmm1=0x0000d65e0000d65e0000b9800000b980 
  xmm2=0x0000f9b40000f9b400001d9700001d97 xmm3=0x0000879200008792000040b6000040b6 
  xmm4=0x00009e0700009e070000ba030000ba03 xmm5=0x0000ea1a0000ea1a000021c3000021c3 
  xmm6=0x0000dfe40000dfe400002c6f00002c6f xmm7=0x00000eb100000eb1000060c3000060c3 

    > load from +0x4ff0 value 0x46
0x30a6: macro .switch, .main.function_main_2
  rax=0x000000000000b898 rbx=0x0000000000000b6a rcx=0x0000000000000001 rdx=0x00000000000000ea
  rsi=0x0000000000000000 rdi=0x0000000000001a69 flags=0b000001000110
  xmm0=0x0000f8d80000f8d80000690100006901 xmm1=0x0000d65e0000d65e0000b9800000b980 
  xmm2=0x0000f9b40000f9b400001d9700001d97 xmm3=0x0000879200008792000040b6000040b6 
  xmm4=0x00009e0700009e070000ba030000ba03 xmm5=0x0000ea1a0000ea1a000021c3000021c3 
  xmm6=0x0000dfe40000dfe400002c6f00002c6f xmm7=0x00000eb100000eb1000060c3000060c3 





================================ Statistics ===================================

Test Cases: 1
Inputs per test case: 24.0
Violations: 1
Effectiveness: 
  Total Cls: 21.0
  Effective Cls: 3.0
Discarded Test Cases:
  Speculation Filter: 0
  Observation Filter: 0
  Fast Path: 0
  Max Nesting Check: 0
  Tainting Check: 0
  Early Priming Check: 0
  Large Sample Check: 0
  Priming Check: 0

Duration: 16.4
Finished at 10:57:04
