
INFO: [fuzzer] Starting at 19:42:20
> Entering slow path...> Priming  1              > Increase sample size to 40> Priming  1              > Increase sample size to 160> Priming  1              > Increase sample size to 320> Priming  1             

================================ Violations detected ==========================
Contract trace:
 2875706269562645997 (hash)
Hardware traces:
  Input group 1: [24]
  Input group 2: [39]
  ^..^^.......^................^...^...^...........^...........^.^ [314    | 0     ]
  ^..^^.......^................^...^...^.........................^ [6      | 320   ]

================================ Violation Traces =============================
                      ##### Input 24 #####

                     ##### Input 0 #####
0x0 : macro .switch, .actor2.function_actor2_0
  rax=0x0000eea70000eea7 rbx=0x000020cb000020cb rcx=0x0000996100009961 rdx=0x0000975200009752
  rsi=0x0000423b0000423b rdi=0x0000177d0000177d flags=0b000010000111
  xmm0=0x000058e4000058e4000079fc000079fc xmm1=0x00001163000011630000ecf80000ecf8 
  xmm2=0x000006ea000006ea0000145100001451 xmm3=0x0000aa5c0000aa5c0000a6c00000a6c0 
  xmm4=0x0000825300008253000012b1000012b1 xmm5=0x00008dfc00008dfc0000340600003406 
  xmm6=0x0000ddbf0000ddbf000046c7000046c7 xmm7=0x00004a6b00004a6b00008b2100008b21 

0x3000: pushfq 
  rax=0x0000eea70000eea7 rbx=0x000020cb000020cb rcx=0x0000996100009961 rdx=0x0000975200009752
  rsi=0x0000423b0000423b rdi=0x0000177d0000177d flags=0b000010000111
  xmm0=0x000058e4000058e4000079fc000079fc xmm1=0x00001163000011630000ecf80000ecf8 
  xmm2=0x000006ea000006ea0000145100001451 xmm3=0x0000aa5c0000aa5c0000a6c00000a6c0 
  xmm4=0x0000825300008253000012b1000012b1 xmm5=0x00008dfc00008dfc0000340600003406 
  xmm6=0x0000ddbf0000ddbf000046c7000046c7 xmm7=0x00004a6b00004a6b00008b2100008b21 

    > store to +0x4ff0 value 0x87
0x3001: push rax
  rax=0x0000eea70000eea7 rbx=0x000020cb000020cb rcx=0x0000996100009961 rdx=0x0000975200009752
  rsi=0x0000423b0000423b rdi=0x0000177d0000177d flags=0b000010000111
  xmm0=0x000058e4000058e4000079fc000079fc xmm1=0x00001163000011630000ecf80000ecf8 
  xmm2=0x000006ea000006ea0000145100001451 xmm3=0x0000aa5c0000aa5c0000a6c00000a6c0 
  xmm4=0x0000825300008253000012b1000012b1 xmm5=0x00008dfc00008dfc0000340600003406 
  xmm6=0x0000ddbf0000ddbf000046c7000046c7 xmm7=0x00004a6b00004a6b00008b2100008b21 

    > store to +0x4fe8 value 0xeea70000eea7
0x3002: push rcx
  rax=0x0000eea70000eea7 rbx=0x000020cb000020cb rcx=0x0000996100009961 rdx=0x0000975200009752
  rsi=0x0000423b0000423b rdi=0x0000177d0000177d flags=0b000010000111
  xmm0=0x000058e4000058e4000079fc000079fc xmm1=0x00001163000011630000ecf80000ecf8 
  xmm2=0x000006ea000006ea0000145100001451 xmm3=0x0000aa5c0000aa5c0000a6c00000a6c0 
  xmm4=0x0000825300008253000012b1000012b1 xmm5=0x00008dfc00008dfc0000340600003406 
  xmm6=0x0000ddbf0000ddbf000046c7000046c7 xmm7=0x00004a6b00004a6b00008b2100008b21 

    > store to +0x4fe0 value 0x996100009961
0x3003: push rdx
  rax=0x0000eea70000eea7 rbx=0x000020cb000020cb rcx=0x0000996100009961 rdx=0x0000975200009752
  rsi=0x0000423b0000423b rdi=0x0000177d0000177d flags=0b000010000111
  xmm0=0x000058e4000058e4000079fc000079fc xmm1=0x00001163000011630000ecf80000ecf8 
  xmm2=0x000006ea000006ea0000145100001451 xmm3=0x0000aa5c0000aa5c0000a6c00000a6c0 
  xmm4=0x0000825300008253000012b1000012b1 xmm5=0x00008dfc00008dfc0000340600003406 
  xmm6=0x0000ddbf0000ddbf000046c7000046c7 xmm7=0x00004a6b00004a6b00008b2100008b21 

    > store to +0x4fd8 value 0x975200009752
0x3004: mov ecx, 0x48
  rax=0x0000eea70000eea7 rbx=0x000020cb000020cb rcx=0x0000996100009961 rdx=0x0000975200009752
  rsi=0x0000423b0000423b rdi=0x0000177d0000177d flags=0b000010000111
  xmm0=0x000058e4000058e4000079fc000079fc xmm1=0x00001163000011630000ecf80000ecf8 
  xmm2=0x000006ea000006ea0000145100001451 xmm3=0x0000aa5c0000aa5c0000a6c00000a6c0 
  xmm4=0x0000825300008253000012b1000012b1 xmm5=0x00008dfc00008dfc0000340600003406 
  xmm6=0x0000ddbf0000ddbf000046c7000046c7 xmm7=0x00004a6b00004a6b00008b2100008b21 

0x3009: rdmsr 
  rax=0x0000eea70000eea7 rbx=0x000020cb000020cb rcx=0x0000000000000048 rdx=0x0000975200009752
  rsi=0x0000423b0000423b rdi=0x0000177d0000177d flags=0b000010000111
  xmm0=0x000058e4000058e4000079fc000079fc xmm1=0x00001163000011630000ecf80000ecf8 
  xmm2=0x000006ea000006ea0000145100001451 xmm3=0x0000aa5c0000aa5c0000a6c00000a6c0 
  xmm4=0x0000825300008253000012b1000012b1 xmm5=0x00008dfc00008dfc0000340600003406 
  xmm6=0x0000ddbf0000ddbf000046c7000046c7 xmm7=0x00004a6b00004a6b00008b2100008b21 

0x300b: and eax, 0xfffffffb
  rax=0x0000000000000000 rbx=0x000020cb000020cb rcx=0x0000000000000048 rdx=0x0000000000000000
  rsi=0x0000423b0000423b rdi=0x0000177d0000177d flags=0b000010000111
  xmm0=0x000058e4000058e4000079fc000079fc xmm1=0x00001163000011630000ecf80000ecf8 
  xmm2=0x000006ea000006ea0000145100001451 xmm3=0x0000aa5c0000aa5c0000a6c00000a6c0 
  xmm4=0x0000825300008253000012b1000012b1 xmm5=0x00008dfc00008dfc0000340600003406 
  xmm6=0x0000ddbf0000ddbf000046c7000046c7 xmm7=0x00004a6b00004a6b00008b2100008b21 

0x300e: or eax, 0x100
  rax=0x0000000000000000 rbx=0x000020cb000020cb rcx=0x0000000000000048 rdx=0x0000000000000000
  rsi=0x0000423b0000423b rdi=0x0000177d0000177d flags=0b000001000110
  xmm0=0x000058e4000058e4000079fc000079fc xmm1=0x00001163000011630000ecf80000ecf8 
  xmm2=0x000006ea000006ea0000145100001451 xmm3=0x0000aa5c0000aa5c0000a6c00000a6c0 
  xmm4=0x0000825300008253000012b1000012b1 xmm5=0x00008dfc00008dfc0000340600003406 
  xmm6=0x0000ddbf0000ddbf000046c7000046c7 xmm7=0x00004a6b00004a6b00008b2100008b21 

0x3013: wrmsr 
  rax=0x0000000000000100 rbx=0x000020cb000020cb rcx=0x0000000000000048 rdx=0x0000000000000000
  rsi=0x0000423b0000423b rdi=0x0000177d0000177d flags=0b000000000110
  xmm0=0x000058e4000058e4000079fc000079fc xmm1=0x00001163000011630000ecf80000ecf8 
  xmm2=0x000006ea000006ea0000145100001451 xmm3=0x0000aa5c0000aa5c0000a6c00000a6c0 
  xmm4=0x0000825300008253000012b1000012b1 xmm5=0x00008dfc00008dfc0000340600003406 
  xmm6=0x0000ddbf0000ddbf000046c7000046c7 xmm7=0x00004a6b00004a6b00008b2100008b21 

0x3015: mfence 
  rax=0x0000000000000100 rbx=0x000020cb000020cb rcx=0x0000000000000048 rdx=0x0000000000000000
  rsi=0x0000423b0000423b rdi=0x0000177d0000177d flags=0b000000000110
  xmm0=0x000058e4000058e4000079fc000079fc xmm1=0x00001163000011630000ecf80000ecf8 
  xmm2=0x000006ea000006ea0000145100001451 xmm3=0x0000aa5c0000aa5c0000a6c00000a6c0 
  xmm4=0x0000825300008253000012b1000012b1 xmm5=0x00008dfc00008dfc0000340600003406 
  xmm6=0x0000ddbf0000ddbf000046c7000046c7 xmm7=0x00004a6b00004a6b00008b2100008b21 

0x3018: lfence 
  rax=0x0000000000000100 rbx=0x000020cb000020cb rcx=0x0000000000000048 rdx=0x0000000000000000
  rsi=0x0000423b0000423b rdi=0x0000177d0000177d flags=0b000000000110
  xmm0=0x000058e4000058e4000079fc000079fc xmm1=0x00001163000011630000ecf80000ecf8 
  xmm2=0x000006ea000006ea0000145100001451 xmm3=0x0000aa5c0000aa5c0000a6c00000a6c0 
  xmm4=0x0000825300008253000012b1000012b1 xmm5=0x00008dfc00008dfc0000340600003406 
  xmm6=0x0000ddbf0000ddbf000046c7000046c7 xmm7=0x00004a6b00004a6b00008b2100008b21 

0x301b: macro .measurement_start, .noarg
  rax=0x0000000000000100 rbx=0x000020cb000020cb rcx=0x0000000000000048 rdx=0x0000000000000000
  rsi=0x0000423b0000423b rdi=0x0000177d0000177d flags=0b000000000110
  xmm0=0x000058e4000058e4000079fc000079fc xmm1=0x00001163000011630000ecf80000ecf8 
  xmm2=0x000006ea000006ea0000145100001451 xmm3=0x0000aa5c0000aa5c0000a6c00000a6c0 
  xmm4=0x0000825300008253000012b1000012b1 xmm5=0x00008dfc00008dfc0000340600003406 
  xmm6=0x0000ddbf0000ddbf000046c7000046c7 xmm7=0x00004a6b00004a6b00008b2100008b21 

0x3023: mov ecx, 0x48
  rax=0x0000000000000100 rbx=0x000020cb000020cb rcx=0x0000000000000048 rdx=0x0000000000000000
  rsi=0x0000423b0000423b rdi=0x0000177d0000177d flags=0b000000000110
  xmm0=0x000058e4000058e4000079fc000079fc xmm1=0x00001163000011630000ecf80000ecf8 
  xmm2=0x000006ea000006ea0000145100001451 xmm3=0x0000aa5c0000aa5c0000a6c00000a6c0 
  xmm4=0x0000825300008253000012b1000012b1 xmm5=0x00008dfc00008dfc0000340600003406 
  xmm6=0x0000ddbf0000ddbf000046c7000046c7 xmm7=0x00004a6b00004a6b00008b2100008b21 

0x3028: rdmsr 
  rax=0x0000000000000100 rbx=0x000020cb000020cb rcx=0x0000000000000048 rdx=0x0000000000000000
  rsi=0x0000423b0000423b rdi=0x0000177d0000177d flags=0b000000000110
  xmm0=0x000058e4000058e4000079fc000079fc xmm1=0x00001163000011630000ecf80000ecf8 
  xmm2=0x000006ea000006ea0000145100001451 xmm3=0x0000aa5c0000aa5c0000a6c00000a6c0 
  xmm4=0x0000825300008253000012b1000012b1 xmm5=0x00008dfc00008dfc0000340600003406 
  xmm6=0x0000ddbf0000ddbf000046c7000046c7 xmm7=0x00004a6b00004a6b00008b2100008b21 

0x302a: and eax, 0xfffffffb
  rax=0x0000000000000000 rbx=0x000020cb000020cb rcx=0x0000000000000048 rdx=0x0000000000000000
  rsi=0x0000423b0000423b rdi=0x0000177d0000177d flags=0b000000000110
  xmm0=0x000058e4000058e4000079fc000079fc xmm1=0x00001163000011630000ecf80000ecf8 
  xmm2=0x000006ea000006ea0000145100001451 xmm3=0x0000aa5c0000aa5c0000a6c00000a6c0 
  xmm4=0x0000825300008253000012b1000012b1 xmm5=0x00008dfc00008dfc0000340600003406 
  xmm6=0x0000ddbf0000ddbf000046c7000046c7 xmm7=0x00004a6b00004a6b00008b2100008b21 

0x302d: and eax, 0xfffffeff
  rax=0x0000000000000000 rbx=0x000020cb000020cb rcx=0x0000000000000048 rdx=0x0000000000000000
  rsi=0x0000423b0000423b rdi=0x0000177d0000177d flags=0b000001000110
  xmm0=0x000058e4000058e4000079fc000079fc xmm1=0x00001163000011630000ecf80000ecf8 
  xmm2=0x000006ea000006ea0000145100001451 xmm3=0x0000aa5c0000aa5c0000a6c00000a6c0 
  xmm4=0x0000825300008253000012b1000012b1 xmm5=0x00008dfc00008dfc0000340600003406 
  xmm6=0x0000ddbf0000ddbf000046c7000046c7 xmm7=0x00004a6b00004a6b00008b2100008b21 

0x3032: wrmsr 
  rax=0x0000000000000000 rbx=0x000020cb000020cb rcx=0x0000000000000048 rdx=0x0000000000000000
  rsi=0x0000423b0000423b rdi=0x0000177d0000177d flags=0b000001000110
  xmm0=0x000058e4000058e4000079fc000079fc xmm1=0x00001163000011630000ecf80000ecf8 
  xmm2=0x000006ea000006ea0000145100001451 xmm3=0x0000aa5c0000aa5c0000a6c00000a6c0 
  xmm4=0x0000825300008253000012b1000012b1 xmm5=0x00008dfc00008dfc0000340600003406 
  xmm6=0x0000ddbf0000ddbf000046c7000046c7 xmm7=0x00004a6b00004a6b00008b2100008b21 

0x3034: mfence 
  rax=0x0000000000000000 rbx=0x000020cb000020cb rcx=0x0000000000000048 rdx=0x0000000000000000
  rsi=0x0000423b0000423b rdi=0x0000177d0000177d flags=0b000001000110
  xmm0=0x000058e4000058e4000079fc000079fc xmm1=0x00001163000011630000ecf80000ecf8 
  xmm2=0x000006ea000006ea0000145100001451 xmm3=0x0000aa5c0000aa5c0000a6c00000a6c0 
  xmm4=0x0000825300008253000012b1000012b1 xmm5=0x00008dfc00008dfc0000340600003406 
  xmm6=0x0000ddbf0000ddbf000046c7000046c7 xmm7=0x00004a6b00004a6b00008b2100008b21 

0x3037: lfence 
  rax=0x0000000000000000 rbx=0x000020cb000020cb rcx=0x0000000000000048 rdx=0x0000000000000000
  rsi=0x0000423b0000423b rdi=0x0000177d0000177d flags=0b000001000110
  xmm0=0x000058e4000058e4000079fc000079fc xmm1=0x00001163000011630000ecf80000ecf8 
  xmm2=0x000006ea000006ea0000145100001451 xmm3=0x0000aa5c0000aa5c0000a6c00000a6c0 
  xmm4=0x0000825300008253000012b1000012b1 xmm5=0x00008dfc00008dfc0000340600003406 
  xmm6=0x0000ddbf0000ddbf000046c7000046c7 xmm7=0x00004a6b00004a6b00008b2100008b21 

0x303a: pop rdx
  rax=0x0000000000000000 rbx=0x000020cb000020cb rcx=0x0000000000000048 rdx=0x0000000000000000
  rsi=0x0000423b0000423b rdi=0x0000177d0000177d flags=0b000001000110
  xmm0=0x000058e4000058e4000079fc000079fc xmm1=0x00001163000011630000ecf80000ecf8 
  xmm2=0x000006ea000006ea0000145100001451 xmm3=0x0000aa5c0000aa5c0000a6c00000a6c0 
  xmm4=0x0000825300008253000012b1000012b1 xmm5=0x00008dfc00008dfc0000340600003406 
  xmm6=0x0000ddbf0000ddbf000046c7000046c7 xmm7=0x00004a6b00004a6b00008b2100008b21 

    > load from +0x4fd8 value 0x975200009752
0x303b: pop rcx
  rax=0x0000000000000000 rbx=0x000020cb000020cb rcx=0x0000000000000048 rdx=0x0000975200009752
  rsi=0x0000423b0000423b rdi=0x0000177d0000177d flags=0b000001000110
  xmm0=0x000058e4000058e4000079fc000079fc xmm1=0x00001163000011630000ecf80000ecf8 
  xmm2=0x000006ea000006ea0000145100001451 xmm3=0x0000aa5c0000aa5c0000a6c00000a6c0 
  xmm4=0x0000825300008253000012b1000012b1 xmm5=0x00008dfc00008dfc0000340600003406 
  xmm6=0x0000ddbf0000ddbf000046c7000046c7 xmm7=0x00004a6b00004a6b00008b2100008b21 

    > load from +0x4fe0 value 0x996100009961
0x303c: pop rax
  rax=0x0000000000000000 rbx=0x000020cb000020cb rcx=0x0000996100009961 rdx=0x0000975200009752
  rsi=0x0000423b0000423b rdi=0x0000177d0000177d flags=0b000001000110
  xmm0=0x000058e4000058e4000079fc000079fc xmm1=0x00001163000011630000ecf80000ecf8 
  xmm2=0x000006ea000006ea0000145100001451 xmm3=0x0000aa5c0000aa5c0000a6c00000a6c0 
  xmm4=0x0000825300008253000012b1000012b1 xmm5=0x00008dfc00008dfc0000340600003406 
  xmm6=0x0000ddbf0000ddbf000046c7000046c7 xmm7=0x00004a6b00004a6b00008b2100008b21 

    > load from +0x4fe8 value 0xeea70000eea7
0x303d: popfq 
  rax=0x0000eea70000eea7 rbx=0x000020cb000020cb rcx=0x0000996100009961 rdx=0x0000975200009752
  rsi=0x0000423b0000423b rdi=0x0000177d0000177d flags=0b000001000110
  xmm0=0x000058e4000058e4000079fc000079fc xmm1=0x00001163000011630000ecf80000ecf8 
  xmm2=0x000006ea000006ea0000145100001451 xmm3=0x0000aa5c0000aa5c0000a6c00000a6c0 
  xmm4=0x0000825300008253000012b1000012b1 xmm5=0x00008dfc00008dfc0000340600003406 
  xmm6=0x0000ddbf0000ddbf000046c7000046c7 xmm7=0x00004a6b00004a6b00008b2100008b21 

    > load from +0x4ff0 value 0x87
0x303e: and rcx, 0b1111111111111
  rax=0x0000eea70000eea7 rbx=0x000020cb000020cb rcx=0x0000996100009961 rdx=0x0000975200009752
  rsi=0x0000423b0000423b rdi=0x0000177d0000177d flags=0b000010000111
  xmm0=0x000058e4000058e4000079fc000079fc xmm1=0x00001163000011630000ecf80000ecf8 
  xmm2=0x000006ea000006ea0000145100001451 xmm3=0x0000aa5c0000aa5c0000a6c00000a6c0 
  xmm4=0x0000825300008253000012b1000012b1 xmm5=0x00008dfc00008dfc0000340600003406 
  xmm6=0x0000ddbf0000ddbf000046c7000046c7 xmm7=0x00004a6b00004a6b00008b2100008b21 

0x3045: or [r14 +rcx], 0b1000
  rax=0x0000eea70000eea7 rbx=0x000020cb000020cb rcx=0x0000000000001961 rdx=0x0000975200009752
  rsi=0x0000423b0000423b rdi=0x0000177d0000177d flags=0b000000000010
  xmm0=0x000058e4000058e4000079fc000079fc xmm1=0x00001163000011630000ecf80000ecf8 
  xmm2=0x000006ea000006ea0000145100001451 xmm3=0x0000aa5c0000aa5c0000a6c00000a6c0 
  xmm4=0x0000825300008253000012b1000012b1 xmm5=0x00008dfc00008dfc0000340600003406 
  xmm6=0x0000ddbf0000ddbf000046c7000046c7 xmm7=0x00004a6b00004a6b00008b2100008b21 

    > load from +0x5961 value 0x17
    > store to +0x5961 value 0x1f
0x304a: and [r14 +rcx], 0b11111000
  rax=0x0000eea70000eea7 rbx=0x000020cb000020cb rcx=0x0000000000001961 rdx=0x0000975200009752
  rsi=0x0000423b0000423b rdi=0x0000177d0000177d flags=0b000000000010
  xmm0=0x000058e4000058e4000079fc000079fc xmm1=0x00001163000011630000ecf80000ecf8 
  xmm2=0x000006ea000006ea0000145100001451 xmm3=0x0000aa5c0000aa5c0000a6c00000a6c0 
  xmm4=0x0000825300008253000012b1000012b1 xmm5=0x00008dfc00008dfc0000340600003406 
  xmm6=0x0000ddbf0000ddbf000046c7000046c7 xmm7=0x00004a6b00004a6b00008b2100008b21 

    > load from +0x5961 value 0x1f
    > store to +0x5961 value 0x18
0x304f: mov ax, 1
  rax=0x0000eea70000eea7 rbx=0x000020cb000020cb rcx=0x0000000000001961 rdx=0x0000975200009752
  rsi=0x0000423b0000423b rdi=0x0000177d0000177d flags=0b000000000110
  xmm0=0x000058e4000058e4000079fc000079fc xmm1=0x00001163000011630000ecf80000ecf8 
  xmm2=0x000006ea000006ea0000145100001451 xmm3=0x0000aa5c0000aa5c0000a6c00000a6c0 
  xmm4=0x0000825300008253000012b1000012b1 xmm5=0x00008dfc00008dfc0000340600003406 
  xmm6=0x0000ddbf0000ddbf000046c7000046c7 xmm7=0x00004a6b00004a6b00008b2100008b21 

0x3053: idiv [r14 +rcx]
  rax=0x0000eea700000001 rbx=0x000020cb000020cb rcx=0x0000000000001961 rdx=0x0000975200009752
  rsi=0x0000423b0000423b rdi=0x0000177d0000177d flags=0b000000000110
  xmm0=0x000058e4000058e4000079fc000079fc xmm1=0x00001163000011630000ecf80000ecf8 
  xmm2=0x000006ea000006ea0000145100001451 xmm3=0x0000aa5c0000aa5c0000a6c00000a6c0 
  xmm4=0x0000825300008253000012b1000012b1 xmm5=0x00008dfc00008dfc0000340600003406 
  xmm6=0x0000ddbf0000ddbf000046c7000046c7 xmm7=0x00004a6b00004a6b00008b2100008b21 

    > load from +0x5961 value 0x18
0x3057: and rax, 0b1111111111111
  rax=0x0000eea700000100 rbx=0x000020cb000020cb rcx=0x0000000000001961 rdx=0x0000975200009752
  rsi=0x0000423b0000423b rdi=0x0000177d0000177d flags=0b000000000110
  xmm0=0x000058e4000058e4000079fc000079fc xmm1=0x00001163000011630000ecf80000ecf8 
  xmm2=0x000006ea000006ea0000145100001451 xmm3=0x0000aa5c0000aa5c0000a6c00000a6c0 
  xmm4=0x0000825300008253000012b1000012b1 xmm5=0x00008dfc00008dfc0000340600003406 
  xmm6=0x0000ddbf0000ddbf000046c7000046c7 xmm7=0x00004a6b00004a6b00008b2100008b21 

0x305d: and rcx, 0b111
  rax=0x0000000000000100 rbx=0x000020cb000020cb rcx=0x0000000000001961 rdx=0x0000975200009752
  rsi=0x0000423b0000423b rdi=0x0000177d0000177d flags=0b000000000110
  xmm0=0x000058e4000058e4000079fc000079fc xmm1=0x00001163000011630000ecf80000ecf8 
  xmm2=0x000006ea000006ea0000145100001451 xmm3=0x0000aa5c0000aa5c0000a6c00000a6c0 
  xmm4=0x0000825300008253000012b1000012b1 xmm5=0x00008dfc00008dfc0000340600003406 
  xmm6=0x0000ddbf0000ddbf000046c7000046c7 xmm7=0x00004a6b00004a6b00008b2100008b21 

0x3061: add dil, -116
  rax=0x0000000000000100 rbx=0x000020cb000020cb rcx=0x0000000000000001 rdx=0x0000975200009752
  rsi=0x0000423b0000423b rdi=0x0000177d0000177d flags=0b000000000010
  xmm0=0x000058e4000058e4000079fc000079fc xmm1=0x00001163000011630000ecf80000ecf8 
  xmm2=0x000006ea000006ea0000145100001451 xmm3=0x0000aa5c0000aa5c0000a6c00000a6c0 
  xmm4=0x0000825300008253000012b1000012b1 xmm5=0x00008dfc00008dfc0000340600003406 
  xmm6=0x0000ddbf0000ddbf000046c7000046c7 xmm7=0x00004a6b00004a6b00008b2100008b21 

0x3065: and rax, 0b1111111111111
  rax=0x0000000000000100 rbx=0x000020cb000020cb rcx=0x0000000000000001 rdx=0x0000975200009752
  rsi=0x0000423b0000423b rdi=0x0000177d00001709 flags=0b000000010111
  xmm0=0x000058e4000058e4000079fc000079fc xmm1=0x00001163000011630000ecf80000ecf8 
  xmm2=0x000006ea000006ea0000145100001451 xmm3=0x0000aa5c0000aa5c0000a6c00000a6c0 
  xmm4=0x0000825300008253000012b1000012b1 xmm5=0x00008dfc00008dfc0000340600003406 
  xmm6=0x0000ddbf0000ddbf000046c7000046c7 xmm7=0x00004a6b00004a6b00008b2100008b21 

0x306b: imul [r14 +rax]
  rax=0x0000000000000100 rbx=0x000020cb000020cb rcx=0x0000000000000001 rdx=0x0000975200009752
  rsi=0x0000423b0000423b rdi=0x0000177d00001709 flags=0b000000000110
  xmm0=0x000058e4000058e4000079fc000079fc xmm1=0x00001163000011630000ecf80000ecf8 
  xmm2=0x000006ea000006ea0000145100001451 xmm3=0x0000aa5c0000aa5c0000a6c00000a6c0 
  xmm4=0x0000825300008253000012b1000012b1 xmm5=0x00008dfc00008dfc0000340600003406 
  xmm6=0x0000ddbf0000ddbf000046c7000046c7 xmm7=0x00004a6b00004a6b00008b2100008b21 

    > load from +0x4100 value 0x7c
0x306f: and rcx, 0b1111111111111
  rax=0x0000000000000000 rbx=0x000020cb000020cb rcx=0x0000000000000001 rdx=0x0000975200009752
  rsi=0x0000423b0000423b rdi=0x0000177d00001709 flags=0b000001000110
  xmm0=0x000058e4000058e4000079fc000079fc xmm1=0x00001163000011630000ecf80000ecf8 
  xmm2=0x000006ea000006ea0000145100001451 xmm3=0x0000aa5c0000aa5c0000a6c00000a6c0 
  xmm4=0x0000825300008253000012b1000012b1 xmm5=0x00008dfc00008dfc0000340600003406 
  xmm6=0x0000ddbf0000ddbf000046c7000046c7 xmm7=0x00004a6b00004a6b00008b2100008b21 

0x3076: mov bx, [r14 +rcx]
  rax=0x0000000000000000 rbx=0x000020cb000020cb rcx=0x0000000000000001 rdx=0x0000975200009752
  rsi=0x0000423b0000423b rdi=0x0000177d00001709 flags=0b000000000010
  xmm0=0x000058e4000058e4000079fc000079fc xmm1=0x00001163000011630000ecf80000ecf8 
  xmm2=0x000006ea000006ea0000145100001451 xmm3=0x0000aa5c0000aa5c0000a6c00000a6c0 
  xmm4=0x0000825300008253000012b1000012b1 xmm5=0x00008dfc00008dfc0000340600003406 
  xmm6=0x0000ddbf0000ddbf000046c7000046c7 xmm7=0x00004a6b00004a6b00008b2100008b21 

    > load from +0x4001 value 0xea
0x307b: movsx si, dl
  rax=0x0000000000000000 rbx=0x000020cb000000ea rcx=0x0000000000000001 rdx=0x0000975200009752
  rsi=0x0000423b0000423b rdi=0x0000177d00001709 flags=0b000000000010
  xmm0=0x000058e4000058e4000079fc000079fc xmm1=0x00001163000011630000ecf80000ecf8 
  xmm2=0x000006ea000006ea0000145100001451 xmm3=0x0000aa5c0000aa5c0000a6c00000a6c0 
  xmm4=0x0000825300008253000012b1000012b1 xmm5=0x00008dfc00008dfc0000340600003406 
  xmm6=0x0000ddbf0000ddbf000046c7000046c7 xmm7=0x00004a6b00004a6b00008b2100008b21 

0x307f: or ax, 0b1000
  rax=0x0000000000000000 rbx=0x000020cb000000ea rcx=0x0000000000000001 rdx=0x0000975200009752
  rsi=0x0000423b00000052 rdi=0x0000177d00001709 flags=0b000000000010
  xmm0=0x000058e4000058e4000079fc000079fc xmm1=0x00001163000011630000ecf80000ecf8 
  xmm2=0x000006ea000006ea0000145100001451 xmm3=0x0000aa5c0000aa5c0000a6c00000a6c0 
  xmm4=0x0000825300008253000012b1000012b1 xmm5=0x00008dfc00008dfc0000340600003406 
  xmm6=0x0000ddbf0000ddbf000046c7000046c7 xmm7=0x00004a6b00004a6b00008b2100008b21 

0x3083: and al, 0b11111000
  rax=0x0000000000000008 rbx=0x000020cb000000ea rcx=0x0000000000000001 rdx=0x0000975200009752
  rsi=0x0000423b00000052 rdi=0x0000177d00001709 flags=0b000000000010
  xmm0=0x000058e4000058e4000079fc000079fc xmm1=0x00001163000011630000ecf80000ecf8 
  xmm2=0x000006ea000006ea0000145100001451 xmm3=0x0000aa5c0000aa5c0000a6c00000a6c0 
  xmm4=0x0000825300008253000012b1000012b1 xmm5=0x00008dfc00008dfc0000340600003406 
  xmm6=0x0000ddbf0000ddbf000046c7000046c7 xmm7=0x00004a6b00004a6b00008b2100008b21 

0x3085: and dx, 0b11
  rax=0x0000000000000008 rbx=0x000020cb000000ea rcx=0x0000000000000001 rdx=0x0000975200009752
  rsi=0x0000423b00000052 rdi=0x0000177d00001709 flags=0b000000000010
  xmm0=0x000058e4000058e4000079fc000079fc xmm1=0x00001163000011630000ecf80000ecf8 
  xmm2=0x000006ea000006ea0000145100001451 xmm3=0x0000aa5c0000aa5c0000a6c00000a6c0 
  xmm4=0x0000825300008253000012b1000012b1 xmm5=0x00008dfc00008dfc0000340600003406 
  xmm6=0x0000ddbf0000ddbf000046c7000046c7 xmm7=0x00004a6b00004a6b00008b2100008b21 

0x3089: idiv ax
  rax=0x0000000000000008 rbx=0x000020cb000000ea rcx=0x0000000000000001 rdx=0x0000975200000002
  rsi=0x0000423b00000052 rdi=0x0000177d00001709 flags=0b000000000010
  xmm0=0x000058e4000058e4000079fc000079fc xmm1=0x00001163000011630000ecf80000ecf8 
  xmm2=0x000006ea000006ea0000145100001451 xmm3=0x0000aa5c0000aa5c0000a6c00000a6c0 
  xmm4=0x0000825300008253000012b1000012b1 xmm5=0x00008dfc00008dfc0000340600003406 
  xmm6=0x0000ddbf0000ddbf000046c7000046c7 xmm7=0x00004a6b00004a6b00008b2100008b21 

0x308c: add sil, -118
  rax=0x0000000000004001 rbx=0x000020cb000000ea rcx=0x0000000000000001 rdx=0x0000975200000000
  rsi=0x0000423b00000052 rdi=0x0000177d00001709 flags=0b000000000010
  xmm0=0x000058e4000058e4000079fc000079fc xmm1=0x00001163000011630000ecf80000ecf8 
  xmm2=0x000006ea000006ea0000145100001451 xmm3=0x0000aa5c0000aa5c0000a6c00000a6c0 
  xmm4=0x0000825300008253000012b1000012b1 xmm5=0x00008dfc00008dfc0000340600003406 
  xmm6=0x0000ddbf0000ddbf000046c7000046c7 xmm7=0x00004a6b00004a6b00008b2100008b21 

0x3090: and rbx, 0b1111111111111
  rax=0x0000000000004001 rbx=0x000020cb000000ea rcx=0x0000000000000001 rdx=0x0000975200000000
  rsi=0x0000423b000000dc rdi=0x0000177d00001709 flags=0b000010000010
  xmm0=0x000058e4000058e4000079fc000079fc xmm1=0x00001163000011630000ecf80000ecf8 
  xmm2=0x000006ea000006ea0000145100001451 xmm3=0x0000aa5c0000aa5c0000a6c00000a6c0 
  xmm4=0x0000825300008253000012b1000012b1 xmm5=0x00008dfc00008dfc0000340600003406 
  xmm6=0x0000ddbf0000ddbf000046c7000046c7 xmm7=0x00004a6b00004a6b00008b2100008b21 

0x3097: imul [r14 +rbx]
  rax=0x0000000000004001 rbx=0x00000000000000ea rcx=0x0000000000000001 rdx=0x0000975200000000
  rsi=0x0000423b000000dc rdi=0x0000177d00001709 flags=0b000000000010
  xmm0=0x000058e4000058e4000079fc000079fc xmm1=0x00001163000011630000ecf80000ecf8 
  xmm2=0x000006ea000006ea0000145100001451 xmm3=0x0000aa5c0000aa5c0000a6c00000a6c0 
  xmm4=0x0000825300008253000012b1000012b1 xmm5=0x00008dfc00008dfc0000340600003406 
  xmm6=0x0000ddbf0000ddbf000046c7000046c7 xmm7=0x00004a6b00004a6b00008b2100008b21 

    > load from +0x40ea value 0xc8b0000fab50000
0x309b: macro .switch, .main.function_main_1
  rax=0xcc8b3eae3ab50000 rbx=0x00000000000000ea rcx=0x0000000000000001 rdx=0x0000000000000322
  rsi=0x0000423b000000dc rdi=0x0000177d00001709 flags=0b100010000111
  xmm0=0x000058e4000058e4000079fc000079fc xmm1=0x00001163000011630000ecf80000ecf8 
  xmm2=0x000006ea000006ea0000145100001451 xmm3=0x0000aa5c0000aa5c0000a6c00000a6c0 
  xmm4=0x0000825300008253000012b1000012b1 xmm5=0x00008dfc00008dfc0000340600003406 
  xmm6=0x0000ddbf0000ddbf000046c7000046c7 xmm7=0x00004a6b00004a6b00008b2100008b21 

0x8 : and rdx, 0b1111111111111
  rax=0xcc8b3eae3ab50000 rbx=0x00000000000000ea rcx=0x0000000000000001 rdx=0x0000000000000322
  rsi=0x0000423b000000dc rdi=0x0000177d00001709 flags=0b100010000111
  xmm0=0x000058e4000058e4000079fc000079fc xmm1=0x00001163000011630000ecf80000ecf8 
  xmm2=0x000006ea000006ea0000145100001451 xmm3=0x0000aa5c0000aa5c0000a6c00000a6c0 
  xmm4=0x0000825300008253000012b1000012b1 xmm5=0x00008dfc00008dfc0000340600003406 
  xmm6=0x0000ddbf0000ddbf000046c7000046c7 xmm7=0x00004a6b00004a6b00008b2100008b21 

0xf : add si, [r14 +rdx]
  rax=0xcc8b3eae3ab50000 rbx=0x00000000000000ea rcx=0x0000000000000001 rdx=0x0000000000000322
  rsi=0x0000423b000000dc rdi=0x0000177d00001709 flags=0b000000000110
  xmm0=0x000058e4000058e4000079fc000079fc xmm1=0x00001163000011630000ecf80000ecf8 
  xmm2=0x000006ea000006ea0000145100001451 xmm3=0x0000aa5c0000aa5c0000a6c00000a6c0 
  xmm4=0x0000825300008253000012b1000012b1 xmm5=0x00008dfc00008dfc0000340600003406 
  xmm6=0x0000ddbf0000ddbf000046c7000046c7 xmm7=0x00004a6b00004a6b00008b2100008b21 

    > load from +0x322 value 0x0
0x14: add dil, -29
  rax=0xcc8b3eae3ab50000 rbx=0x00000000000000ea rcx=0x0000000000000001 rdx=0x0000000000000322
  rsi=0x0000423b000000dc rdi=0x0000177d00001709 flags=0b000000000010
  xmm0=0x000058e4000058e4000079fc000079fc xmm1=0x00001163000011630000ecf80000ecf8 
  xmm2=0x000006ea000006ea0000145100001451 xmm3=0x0000aa5c0000aa5c0000a6c00000a6c0 
  xmm4=0x0000825300008253000012b1000012b1 xmm5=0x00008dfc00008dfc0000340600003406 
  xmm6=0x0000ddbf0000ddbf000046c7000046c7 xmm7=0x00004a6b00004a6b00008b2100008b21 

0x18: cmovnz dx, si
  rax=0xcc8b3eae3ab50000 rbx=0x00000000000000ea rcx=0x0000000000000001 rdx=0x0000000000000322
  rsi=0x0000423b000000dc rdi=0x0000177d000017ec flags=0b000010000010
  xmm0=0x000058e4000058e4000079fc000079fc xmm1=0x00001163000011630000ecf80000ecf8 
  xmm2=0x000006ea000006ea0000145100001451 xmm3=0x0000aa5c0000aa5c0000a6c00000a6c0 
  xmm4=0x0000825300008253000012b1000012b1 xmm5=0x00008dfc00008dfc0000340600003406 
  xmm6=0x0000ddbf0000ddbf000046c7000046c7 xmm7=0x00004a6b00004a6b00008b2100008b21 

0x1c: setle dl
  rax=0xcc8b3eae3ab50000 rbx=0x00000000000000ea rcx=0x0000000000000001 rdx=0x00000000000000dc
  rsi=0x0000423b000000dc rdi=0x0000177d000017ec flags=0b000010000010
  xmm0=0x000058e4000058e4000079fc000079fc xmm1=0x00001163000011630000ecf80000ecf8 
  xmm2=0x000006ea000006ea0000145100001451 xmm3=0x0000aa5c0000aa5c0000a6c00000a6c0 
  xmm4=0x0000825300008253000012b1000012b1 xmm5=0x00008dfc00008dfc0000340600003406 
  xmm6=0x0000ddbf0000ddbf000046c7000046c7 xmm7=0x00004a6b00004a6b00008b2100008b21 

0x1f: and rdx, 0b1111111111111
  rax=0xcc8b3eae3ab50000 rbx=0x00000000000000ea rcx=0x0000000000000001 rdx=0x0000000000000001
  rsi=0x0000423b000000dc rdi=0x0000177d000017ec flags=0b000010000010
  xmm0=0x000058e4000058e4000079fc000079fc xmm1=0x00001163000011630000ecf80000ecf8 
  xmm2=0x000006ea000006ea0000145100001451 xmm3=0x0000aa5c0000aa5c0000a6c00000a6c0 
  xmm4=0x0000825300008253000012b1000012b1 xmm5=0x00008dfc00008dfc0000340600003406 
  xmm6=0x0000ddbf0000ddbf000046c7000046c7 xmm7=0x00004a6b00004a6b00008b2100008b21 

0x26: or [r14 +rdx], 0b1000
  rax=0xcc8b3eae3ab50000 rbx=0x00000000000000ea rcx=0x0000000000000001 rdx=0x0000000000000001
  rsi=0x0000423b000000dc rdi=0x0000177d000017ec flags=0b000000000010
  xmm0=0x000058e4000058e4000079fc000079fc xmm1=0x00001163000011630000ecf80000ecf8 
  xmm2=0x000006ea000006ea0000145100001451 xmm3=0x0000aa5c0000aa5c0000a6c00000a6c0 
  xmm4=0x0000825300008253000012b1000012b1 xmm5=0x00008dfc00008dfc0000340600003406 
  xmm6=0x0000ddbf0000ddbf000046c7000046c7 xmm7=0x00004a6b00004a6b00008b2100008b21 

    > load from +0x1 value 0xbc
    > store to +0x1 value 0xbc
0x2b: and [r14 +rdx], 0b11111000
  rax=0xcc8b3eae3ab50000 rbx=0x00000000000000ea rcx=0x0000000000000001 rdx=0x0000000000000001
  rsi=0x0000423b000000dc rdi=0x0000177d000017ec flags=0b000010000010
  xmm0=0x000058e4000058e4000079fc000079fc xmm1=0x00001163000011630000ecf80000ecf8 
  xmm2=0x000006ea000006ea0000145100001451 xmm3=0x0000aa5c0000aa5c0000a6c00000a6c0 
  xmm4=0x0000825300008253000012b1000012b1 xmm5=0x00008dfc00008dfc0000340600003406 
  xmm6=0x0000ddbf0000ddbf000046c7000046c7 xmm7=0x00004a6b00004a6b00008b2100008b21 

    > load from +0x1 value 0xbc
    > store to +0x1 value 0xb8
0x30: xor ecx, ecx
  rax=0xcc8b3eae3ab50000 rbx=0x00000000000000ea rcx=0x0000000000000001 rdx=0x0000000000000001
  rsi=0x0000423b000000dc rdi=0x0000177d000017ec flags=0b000010000110
  xmm0=0x000058e4000058e4000079fc000079fc xmm1=0x00001163000011630000ecf80000ecf8 
  xmm2=0x000006ea000006ea0000145100001451 xmm3=0x0000aa5c0000aa5c0000a6c00000a6c0 
  xmm4=0x0000825300008253000012b1000012b1 xmm5=0x00008dfc00008dfc0000340600003406 
  xmm6=0x0000ddbf0000ddbf000046c7000046c7 xmm7=0x00004a6b00004a6b00008b2100008b21 

0x32: and rcx, 0b1111111111111
  rax=0xcc8b3eae3ab50000 rbx=0x00000000000000ea rcx=0x0000000000000000 rdx=0x0000000000000001
  rsi=0x0000423b000000dc rdi=0x0000177d000017ec flags=0b000001000110
  xmm0=0x000058e4000058e4000079fc000079fc xmm1=0x00001163000011630000ecf80000ecf8 
  xmm2=0x000006ea000006ea0000145100001451 xmm3=0x0000aa5c0000aa5c0000a6c00000a6c0 
  xmm4=0x0000825300008253000012b1000012b1 xmm5=0x00008dfc00008dfc0000340600003406 
  xmm6=0x0000ddbf0000ddbf000046c7000046c7 xmm7=0x00004a6b00004a6b00008b2100008b21 

0x39: movsxd rsi, [r14 +rcx]
  rax=0xcc8b3eae3ab50000 rbx=0x00000000000000ea rcx=0x0000000000000000 rdx=0x0000000000000001
  rsi=0x0000423b000000dc rdi=0x0000177d000017ec flags=0b000001000110
  xmm0=0x000058e4000058e4000079fc000079fc xmm1=0x00001163000011630000ecf80000ecf8 
  xmm2=0x000006ea000006ea0000145100001451 xmm3=0x0000aa5c0000aa5c0000a6c00000a6c0 
  xmm4=0x0000825300008253000012b1000012b1 xmm5=0x00008dfc00008dfc0000340600003406 
  xmm6=0x0000ddbf0000ddbf000046c7000046c7 xmm7=0x00004a6b00004a6b00008b2100008b21 

    > load from +0x0 value 0xb84c
0x3d: and rsi, 0b1111111111111
  rax=0xcc8b3eae3ab50000 rbx=0x00000000000000ea rcx=0x0000000000000000 rdx=0x0000000000000001
  rsi=0x000000000000b84c rdi=0x0000177d000017ec flags=0b000001000110
  xmm0=0x000058e4000058e4000079fc000079fc xmm1=0x00001163000011630000ecf80000ecf8 
  xmm2=0x000006ea000006ea0000145100001451 xmm3=0x0000aa5c0000aa5c0000a6c00000a6c0 
  xmm4=0x0000825300008253000012b1000012b1 xmm5=0x00008dfc00008dfc0000340600003406 
  xmm6=0x0000ddbf0000ddbf000046c7000046c7 xmm7=0x00004a6b00004a6b00008b2100008b21 

0x44: cmovnz rsi, [r14 +rsi]
  rax=0xcc8b3eae3ab50000 rbx=0x00000000000000ea rcx=0x0000000000000000 rdx=0x0000000000000001
  rsi=0x000000000000184c rdi=0x0000177d000017ec flags=0b000000000010
  xmm0=0x000058e4000058e4000079fc000079fc xmm1=0x00001163000011630000ecf80000ecf8 
  xmm2=0x000006ea000006ea0000145100001451 xmm3=0x0000aa5c0000aa5c0000a6c00000a6c0 
  xmm4=0x0000825300008253000012b1000012b1 xmm5=0x00008dfc00008dfc0000340600003406 
  xmm6=0x0000ddbf0000ddbf000046c7000046c7 xmm7=0x00004a6b00004a6b00008b2100008b21 

    > load from +0x184c value 0x68c10000d768
0x49: and rsi, 0b1111111111111
  rax=0xcc8b3eae3ab50000 rbx=0x00000000000000ea rcx=0x0000000000000000 rdx=0x0000000000000001
  rsi=0x000068c10000d768 rdi=0x0000177d000017ec flags=0b000000000010
  xmm0=0x000058e4000058e4000079fc000079fc xmm1=0x00001163000011630000ecf80000ecf8 
  xmm2=0x000006ea000006ea0000145100001451 xmm3=0x0000aa5c0000aa5c0000a6c00000a6c0 
  xmm4=0x0000825300008253000012b1000012b1 xmm5=0x00008dfc00008dfc0000340600003406 
  xmm6=0x0000ddbf0000ddbf000046c7000046c7 xmm7=0x00004a6b00004a6b00008b2100008b21 

0x50: or edi, [r14 +rsi]
  rax=0xcc8b3eae3ab50000 rbx=0x00000000000000ea rcx=0x0000000000000000 rdx=0x0000000000000001
  rsi=0x0000000000001768 rdi=0x0000177d000017ec flags=0b000000000010
  xmm0=0x000058e4000058e4000079fc000079fc xmm1=0x00001163000011630000ecf80000ecf8 
  xmm2=0x000006ea000006ea0000145100001451 xmm3=0x0000aa5c0000aa5c0000a6c00000a6c0 
  xmm4=0x0000825300008253000012b1000012b1 xmm5=0x00008dfc00008dfc0000340600003406 
  xmm6=0x0000ddbf0000ddbf000046c7000046c7 xmm7=0x00004a6b00004a6b00008b2100008b21 

    > load from +0x1768 value 0x9030
0x54: and rax, 0b1111111111111
  rax=0xcc8b3eae3ab50000 rbx=0x00000000000000ea rcx=0x0000000000000000 rdx=0x0000000000000001
  rsi=0x0000000000001768 rdi=0x00000000000097fc flags=0b000000000110
  xmm0=0x000058e4000058e4000079fc000079fc xmm1=0x00001163000011630000ecf80000ecf8 
  xmm2=0x000006ea000006ea0000145100001451 xmm3=0x0000aa5c0000aa5c0000a6c00000a6c0 
  xmm4=0x0000825300008253000012b1000012b1 xmm5=0x00008dfc00008dfc0000340600003406 
  xmm6=0x0000ddbf0000ddbf000046c7000046c7 xmm7=0x00004a6b00004a6b00008b2100008b21 

0x5a: macro .switch, .actor2.function_actor2_1
  rax=0x0000000000000000 rbx=0x00000000000000ea rcx=0x0000000000000000 rdx=0x0000000000000001
  rsi=0x0000000000001768 rdi=0x00000000000097fc flags=0b000001000110
  xmm0=0x000058e4000058e4000079fc000079fc xmm1=0x00001163000011630000ecf80000ecf8 
  xmm2=0x000006ea000006ea0000145100001451 xmm3=0x0000aa5c0000aa5c0000a6c00000a6c0 
  xmm4=0x0000825300008253000012b1000012b1 xmm5=0x00008dfc00008dfc0000340600003406 
  xmm6=0x0000ddbf0000ddbf000046c7000046c7 xmm7=0x00004a6b00004a6b00008b2100008b21 

0x30a3: pushfq 
  rax=0x0000000000000000 rbx=0x00000000000000ea rcx=0x0000000000000000 rdx=0x0000000000000001
  rsi=0x0000000000001768 rdi=0x00000000000097fc flags=0b000001000110
  xmm0=0x000058e4000058e4000079fc000079fc xmm1=0x00001163000011630000ecf80000ecf8 
  xmm2=0x000006ea000006ea0000145100001451 xmm3=0x0000aa5c0000aa5c0000a6c00000a6c0 
  xmm4=0x0000825300008253000012b1000012b1 xmm5=0x00008dfc00008dfc0000340600003406 
  xmm6=0x0000ddbf0000ddbf000046c7000046c7 xmm7=0x00004a6b00004a6b00008b2100008b21 

    > store to +0x4ff0 value 0x46
0x30a4: push rax
  rax=0x0000000000000000 rbx=0x00000000000000ea rcx=0x0000000000000000 rdx=0x0000000000000001
  rsi=0x0000000000001768 rdi=0x00000000000097fc flags=0b000001000110
  xmm0=0x000058e4000058e4000079fc000079fc xmm1=0x00001163000011630000ecf80000ecf8 
  xmm2=0x000006ea000006ea0000145100001451 xmm3=0x0000aa5c0000aa5c0000a6c00000a6c0 
  xmm4=0x0000825300008253000012b1000012b1 xmm5=0x00008dfc00008dfc0000340600003406 
  xmm6=0x0000ddbf0000ddbf000046c7000046c7 xmm7=0x00004a6b00004a6b00008b2100008b21 

    > store to +0x4fe8 value 0x0
0x30a5: push rcx
  rax=0x0000000000000000 rbx=0x00000000000000ea rcx=0x0000000000000000 rdx=0x0000000000000001
  rsi=0x0000000000001768 rdi=0x00000000000097fc flags=0b000001000110
  xmm0=0x000058e4000058e4000079fc000079fc xmm1=0x00001163000011630000ecf80000ecf8 
  xmm2=0x000006ea000006ea0000145100001451 xmm3=0x0000aa5c0000aa5c0000a6c00000a6c0 
  xmm4=0x0000825300008253000012b1000012b1 xmm5=0x00008dfc00008dfc0000340600003406 
  xmm6=0x0000ddbf0000ddbf000046c7000046c7 xmm7=0x00004a6b00004a6b00008b2100008b21 

    > store to +0x4fe0 value 0x0
0x30a6: push rdx
  rax=0x0000000000000000 rbx=0x00000000000000ea rcx=0x0000000000000000 rdx=0x0000000000000001
  rsi=0x0000000000001768 rdi=0x00000000000097fc flags=0b000001000110
  xmm0=0x000058e4000058e4000079fc000079fc xmm1=0x00001163000011630000ecf80000ecf8 
  xmm2=0x000006ea000006ea0000145100001451 xmm3=0x0000aa5c0000aa5c0000a6c00000a6c0 
  xmm4=0x0000825300008253000012b1000012b1 xmm5=0x00008dfc00008dfc0000340600003406 
  xmm6=0x0000ddbf0000ddbf000046c7000046c7 xmm7=0x00004a6b00004a6b00008b2100008b21 

    > store to +0x4fd8 value 0x1
0x30a7: mov ecx, 0x48
  rax=0x0000000000000000 rbx=0x00000000000000ea rcx=0x0000000000000000 rdx=0x0000000000000001
  rsi=0x0000000000001768 rdi=0x00000000000097fc flags=0b000001000110
  xmm0=0x000058e4000058e4000079fc000079fc xmm1=0x00001163000011630000ecf80000ecf8 
  xmm2=0x000006ea000006ea0000145100001451 xmm3=0x0000aa5c0000aa5c0000a6c00000a6c0 
  xmm4=0x0000825300008253000012b1000012b1 xmm5=0x00008dfc00008dfc0000340600003406 
  xmm6=0x0000ddbf0000ddbf000046c7000046c7 xmm7=0x00004a6b00004a6b00008b2100008b21 

0x30ac: rdmsr 
  rax=0x0000000000000000 rbx=0x00000000000000ea rcx=0x0000000000000048 rdx=0x0000000000000001
  rsi=0x0000000000001768 rdi=0x00000000000097fc flags=0b000001000110
  xmm0=0x000058e4000058e4000079fc000079fc xmm1=0x00001163000011630000ecf80000ecf8 
  xmm2=0x000006ea000006ea0000145100001451 xmm3=0x0000aa5c0000aa5c0000a6c00000a6c0 
  xmm4=0x0000825300008253000012b1000012b1 xmm5=0x00008dfc00008dfc0000340600003406 
  xmm6=0x0000ddbf0000ddbf000046c7000046c7 xmm7=0x00004a6b00004a6b00008b2100008b21 

0x30ae: and eax, 0xfffffffb
  rax=0x0000000000000000 rbx=0x00000000000000ea rcx=0x0000000000000048 rdx=0x0000000000000000
  rsi=0x0000000000001768 rdi=0x00000000000097fc flags=0b000001000110
  xmm0=0x000058e4000058e4000079fc000079fc xmm1=0x00001163000011630000ecf80000ecf8 
  xmm2=0x000006ea000006ea0000145100001451 xmm3=0x0000aa5c0000aa5c0000a6c00000a6c0 
  xmm4=0x0000825300008253000012b1000012b1 xmm5=0x00008dfc00008dfc0000340600003406 
  xmm6=0x0000ddbf0000ddbf000046c7000046c7 xmm7=0x00004a6b00004a6b00008b2100008b21 

0x30b1: or eax, 0x100
  rax=0x0000000000000000 rbx=0x00000000000000ea rcx=0x0000000000000048 rdx=0x0000000000000000
  rsi=0x0000000000001768 rdi=0x00000000000097fc flags=0b000001000110
  xmm0=0x000058e4000058e4000079fc000079fc xmm1=0x00001163000011630000ecf80000ecf8 
  xmm2=0x000006ea000006ea0000145100001451 xmm3=0x0000aa5c0000aa5c0000a6c00000a6c0 
  xmm4=0x0000825300008253000012b1000012b1 xmm5=0x00008dfc00008dfc0000340600003406 
  xmm6=0x0000ddbf0000ddbf000046c7000046c7 xmm7=0x00004a6b00004a6b00008b2100008b21 

0x30b6: wrmsr 
  rax=0x0000000000000100 rbx=0x00000000000000ea rcx=0x0000000000000048 rdx=0x0000000000000000
  rsi=0x0000000000001768 rdi=0x00000000000097fc flags=0b000000000110
  xmm0=0x000058e4000058e4000079fc000079fc xmm1=0x00001163000011630000ecf80000ecf8 
  xmm2=0x000006ea000006ea0000145100001451 xmm3=0x0000aa5c0000aa5c0000a6c00000a6c0 
  xmm4=0x0000825300008253000012b1000012b1 xmm5=0x00008dfc00008dfc0000340600003406 
  xmm6=0x0000ddbf0000ddbf000046c7000046c7 xmm7=0x00004a6b00004a6b00008b2100008b21 

0x30b8: mfence 
  rax=0x0000000000000100 rbx=0x00000000000000ea rcx=0x0000000000000048 rdx=0x0000000000000000
  rsi=0x0000000000001768 rdi=0x00000000000097fc flags=0b000000000110
  xmm0=0x000058e4000058e4000079fc000079fc xmm1=0x00001163000011630000ecf80000ecf8 
  xmm2=0x000006ea000006ea0000145100001451 xmm3=0x0000aa5c0000aa5c0000a6c00000a6c0 
  xmm4=0x0000825300008253000012b1000012b1 xmm5=0x00008dfc00008dfc0000340600003406 
  xmm6=0x0000ddbf0000ddbf000046c7000046c7 xmm7=0x00004a6b00004a6b00008b2100008b21 

0x30bb: lfence 
  rax=0x0000000000000100 rbx=0x00000000000000ea rcx=0x0000000000000048 rdx=0x0000000000000000
  rsi=0x0000000000001768 rdi=0x00000000000097fc flags=0b000000000110
  xmm0=0x000058e4000058e4000079fc000079fc xmm1=0x00001163000011630000ecf80000ecf8 
  xmm2=0x000006ea000006ea0000145100001451 xmm3=0x0000aa5c0000aa5c0000a6c00000a6c0 
  xmm4=0x0000825300008253000012b1000012b1 xmm5=0x00008dfc00008dfc0000340600003406 
  xmm6=0x0000ddbf0000ddbf000046c7000046c7 xmm7=0x00004a6b00004a6b00008b2100008b21 

0x30be: macro .measurement_end, .noarg
  rax=0x0000000000000100 rbx=0x00000000000000ea rcx=0x0000000000000048 rdx=0x0000000000000000
  rsi=0x0000000000001768 rdi=0x00000000000097fc flags=0b000000000110
  xmm0=0x000058e4000058e4000079fc000079fc xmm1=0x00001163000011630000ecf80000ecf8 
  xmm2=0x000006ea000006ea0000145100001451 xmm3=0x0000aa5c0000aa5c0000a6c00000a6c0 
  xmm4=0x0000825300008253000012b1000012b1 xmm5=0x00008dfc00008dfc0000340600003406 
  xmm6=0x0000ddbf0000ddbf000046c7000046c7 xmm7=0x00004a6b00004a6b00008b2100008b21 

0x30c6: mov ecx, 0x48
  rax=0x0000000000000100 rbx=0x00000000000000ea rcx=0x0000000000000048 rdx=0x0000000000000000
  rsi=0x0000000000001768 rdi=0x00000000000097fc flags=0b000000000110
  xmm0=0x000058e4000058e4000079fc000079fc xmm1=0x00001163000011630000ecf80000ecf8 
  xmm2=0x000006ea000006ea0000145100001451 xmm3=0x0000aa5c0000aa5c0000a6c00000a6c0 
  xmm4=0x0000825300008253000012b1000012b1 xmm5=0x00008dfc00008dfc0000340600003406 
  xmm6=0x0000ddbf0000ddbf000046c7000046c7 xmm7=0x00004a6b00004a6b00008b2100008b21 

0x30cb: rdmsr 
  rax=0x0000000000000100 rbx=0x00000000000000ea rcx=0x0000000000000048 rdx=0x0000000000000000
  rsi=0x0000000000001768 rdi=0x00000000000097fc flags=0b000000000110
  xmm0=0x000058e4000058e4000079fc000079fc xmm1=0x00001163000011630000ecf80000ecf8 
  xmm2=0x000006ea000006ea0000145100001451 xmm3=0x0000aa5c0000aa5c0000a6c00000a6c0 
  xmm4=0x0000825300008253000012b1000012b1 xmm5=0x00008dfc00008dfc0000340600003406 
  xmm6=0x0000ddbf0000ddbf000046c7000046c7 xmm7=0x00004a6b00004a6b00008b2100008b21 

0x30cd: and eax, 0xfffffffb
  rax=0x0000000000000000 rbx=0x00000000000000ea rcx=0x0000000000000048 rdx=0x0000000000000000
  rsi=0x0000000000001768 rdi=0x00000000000097fc flags=0b000000000110
  xmm0=0x000058e4000058e4000079fc000079fc xmm1=0x00001163000011630000ecf80000ecf8 
  xmm2=0x000006ea000006ea0000145100001451 xmm3=0x0000aa5c0000aa5c0000a6c00000a6c0 
  xmm4=0x0000825300008253000012b1000012b1 xmm5=0x00008dfc00008dfc0000340600003406 
  xmm6=0x0000ddbf0000ddbf000046c7000046c7 xmm7=0x00004a6b00004a6b00008b2100008b21 

0x30d0: and eax, 0xfffffeff
  rax=0x0000000000000000 rbx=0x00000000000000ea rcx=0x0000000000000048 rdx=0x0000000000000000
  rsi=0x0000000000001768 rdi=0x00000000000097fc flags=0b000001000110
  xmm0=0x000058e4000058e4000079fc000079fc xmm1=0x00001163000011630000ecf80000ecf8 
  xmm2=0x000006ea000006ea0000145100001451 xmm3=0x0000aa5c0000aa5c0000a6c00000a6c0 
  xmm4=0x0000825300008253000012b1000012b1 xmm5=0x00008dfc00008dfc0000340600003406 
  xmm6=0x0000ddbf0000ddbf000046c7000046c7 xmm7=0x00004a6b00004a6b00008b2100008b21 

0x30d5: wrmsr 
  rax=0x0000000000000000 rbx=0x00000000000000ea rcx=0x0000000000000048 rdx=0x0000000000000000
  rsi=0x0000000000001768 rdi=0x00000000000097fc flags=0b000001000110
  xmm0=0x000058e4000058e4000079fc000079fc xmm1=0x00001163000011630000ecf80000ecf8 
  xmm2=0x000006ea000006ea0000145100001451 xmm3=0x0000aa5c0000aa5c0000a6c00000a6c0 
  xmm4=0x0000825300008253000012b1000012b1 xmm5=0x00008dfc00008dfc0000340600003406 
  xmm6=0x0000ddbf0000ddbf000046c7000046c7 xmm7=0x00004a6b00004a6b00008b2100008b21 

0x30d7: mfence 
  rax=0x0000000000000000 rbx=0x00000000000000ea rcx=0x0000000000000048 rdx=0x0000000000000000
  rsi=0x0000000000001768 rdi=0x00000000000097fc flags=0b000001000110
  xmm0=0x000058e4000058e4000079fc000079fc xmm1=0x00001163000011630000ecf80000ecf8 
  xmm2=0x000006ea000006ea0000145100001451 xmm3=0x0000aa5c0000aa5c0000a6c00000a6c0 
  xmm4=0x0000825300008253000012b1000012b1 xmm5=0x00008dfc00008dfc0000340600003406 
  xmm6=0x0000ddbf0000ddbf000046c7000046c7 xmm7=0x00004a6b00004a6b00008b2100008b21 

0x30da: lfence 
  rax=0x0000000000000000 rbx=0x00000000000000ea rcx=0x0000000000000048 rdx=0x0000000000000000
  rsi=0x0000000000001768 rdi=0x00000000000097fc flags=0b000001000110
  xmm0=0x000058e4000058e4000079fc000079fc xmm1=0x00001163000011630000ecf80000ecf8 
  xmm2=0x000006ea000006ea0000145100001451 xmm3=0x0000aa5c0000aa5c0000a6c00000a6c0 
  xmm4=0x0000825300008253000012b1000012b1 xmm5=0x00008dfc00008dfc0000340600003406 
  xmm6=0x0000ddbf0000ddbf000046c7000046c7 xmm7=0x00004a6b00004a6b00008b2100008b21 

0x30dd: pop rdx
  rax=0x0000000000000000 rbx=0x00000000000000ea rcx=0x0000000000000048 rdx=0x0000000000000000
  rsi=0x0000000000001768 rdi=0x00000000000097fc flags=0b000001000110
  xmm0=0x000058e4000058e4000079fc000079fc xmm1=0x00001163000011630000ecf80000ecf8 
  xmm2=0x000006ea000006ea0000145100001451 xmm3=0x0000aa5c0000aa5c0000a6c00000a6c0 
  xmm4=0x0000825300008253000012b1000012b1 xmm5=0x00008dfc00008dfc0000340600003406 
  xmm6=0x0000ddbf0000ddbf000046c7000046c7 xmm7=0x00004a6b00004a6b00008b2100008b21 

    > load from +0x4fd8 value 0x1
0x30de: pop rcx
  rax=0x0000000000000000 rbx=0x00000000000000ea rcx=0x0000000000000048 rdx=0x0000000000000001
  rsi=0x0000000000001768 rdi=0x00000000000097fc flags=0b000001000110
  xmm0=0x000058e4000058e4000079fc000079fc xmm1=0x00001163000011630000ecf80000ecf8 
  xmm2=0x000006ea000006ea0000145100001451 xmm3=0x0000aa5c0000aa5c0000a6c00000a6c0 
  xmm4=0x0000825300008253000012b1000012b1 xmm5=0x00008dfc00008dfc0000340600003406 
  xmm6=0x0000ddbf0000ddbf000046c7000046c7 xmm7=0x00004a6b00004a6b00008b2100008b21 

    > load from +0x4fe0 value 0x0
0x30df: pop rax
  rax=0x0000000000000000 rbx=0x00000000000000ea rcx=0x0000000000000000 rdx=0x0000000000000001
  rsi=0x0000000000001768 rdi=0x00000000000097fc flags=0b000001000110
  xmm0=0x000058e4000058e4000079fc000079fc xmm1=0x00001163000011630000ecf80000ecf8 
  xmm2=0x000006ea000006ea0000145100001451 xmm3=0x0000aa5c0000aa5c0000a6c00000a6c0 
  xmm4=0x0000825300008253000012b1000012b1 xmm5=0x00008dfc00008dfc0000340600003406 
  xmm6=0x0000ddbf0000ddbf000046c7000046c7 xmm7=0x00004a6b00004a6b00008b2100008b21 

    > load from +0x4fe8 value 0x0
0x30e0: popfq 
  rax=0x0000000000000000 rbx=0x00000000000000ea rcx=0x0000000000000000 rdx=0x0000000000000001
  rsi=0x0000000000001768 rdi=0x00000000000097fc flags=0b000001000110
  xmm0=0x000058e4000058e4000079fc000079fc xmm1=0x00001163000011630000ecf80000ecf8 
  xmm2=0x000006ea000006ea0000145100001451 xmm3=0x0000aa5c0000aa5c0000a6c00000a6c0 
  xmm4=0x0000825300008253000012b1000012b1 xmm5=0x00008dfc00008dfc0000340600003406 
  xmm6=0x0000ddbf0000ddbf000046c7000046c7 xmm7=0x00004a6b00004a6b00008b2100008b21 

    > load from +0x4ff0 value 0x46
0x30e1: macro .switch, .main.function_main_2
  rax=0x0000000000000000 rbx=0x00000000000000ea rcx=0x0000000000000000 rdx=0x0000000000000001
  rsi=0x0000000000001768 rdi=0x00000000000097fc flags=0b000001000110
  xmm0=0x000058e4000058e4000079fc000079fc xmm1=0x00001163000011630000ecf80000ecf8 
  xmm2=0x000006ea000006ea0000145100001451 xmm3=0x0000aa5c0000aa5c0000a6c00000a6c0 
  xmm4=0x0000825300008253000012b1000012b1 xmm5=0x00008dfc00008dfc0000340600003406 
  xmm6=0x0000ddbf0000ddbf000046c7000046c7 xmm7=0x00004a6b00004a6b00008b2100008b21 




                      ##### Input 39 #####

                     ##### Input 0 #####
0x0 : macro .switch, .actor2.function_actor2_0
  rax=0x0000eea70000eea7 rbx=0x000020cb000020cb rcx=0x0000996100009961 rdx=0x0000975200009752
  rsi=0x0000423b0000423b rdi=0x0000177d0000177d flags=0b000010000111
  xmm0=0x0000abf60000abf60000768c0000768c xmm1=0x00009c8100009c8100008fef00008fef 
  xmm2=0x0000c4f60000c4f6000009a9000009a9 xmm3=0x00000e6b00000e6b0000129200001292 
  xmm4=0x0000bb0b0000bb0b00000fed00000fed xmm5=0x0000373a0000373a00005cef00005cef 
  xmm6=0x00007414000074140000be280000be28 xmm7=0x00005a4e00005a4e0000e35f0000e35f 

0x3000: pushfq 
  rax=0x0000eea70000eea7 rbx=0x000020cb000020cb rcx=0x0000996100009961 rdx=0x0000975200009752
  rsi=0x0000423b0000423b rdi=0x0000177d0000177d flags=0b000010000111
  xmm0=0x0000abf60000abf60000768c0000768c xmm1=0x00009c8100009c8100008fef00008fef 
  xmm2=0x0000c4f60000c4f6000009a9000009a9 xmm3=0x00000e6b00000e6b0000129200001292 
  xmm4=0x0000bb0b0000bb0b00000fed00000fed xmm5=0x0000373a0000373a00005cef00005cef 
  xmm6=0x00007414000074140000be280000be28 xmm7=0x00005a4e00005a4e0000e35f0000e35f 

    > store to +0x4ff0 value 0x87
0x3001: push rax
  rax=0x0000eea70000eea7 rbx=0x000020cb000020cb rcx=0x0000996100009961 rdx=0x0000975200009752
  rsi=0x0000423b0000423b rdi=0x0000177d0000177d flags=0b000010000111
  xmm0=0x0000abf60000abf60000768c0000768c xmm1=0x00009c8100009c8100008fef00008fef 
  xmm2=0x0000c4f60000c4f6000009a9000009a9 xmm3=0x00000e6b00000e6b0000129200001292 
  xmm4=0x0000bb0b0000bb0b00000fed00000fed xmm5=0x0000373a0000373a00005cef00005cef 
  xmm6=0x00007414000074140000be280000be28 xmm7=0x00005a4e00005a4e0000e35f0000e35f 

    > store to +0x4fe8 value 0xeea70000eea7
0x3002: push rcx
  rax=0x0000eea70000eea7 rbx=0x000020cb000020cb rcx=0x0000996100009961 rdx=0x0000975200009752
  rsi=0x0000423b0000423b rdi=0x0000177d0000177d flags=0b000010000111
  xmm0=0x0000abf60000abf60000768c0000768c xmm1=0x00009c8100009c8100008fef00008fef 
  xmm2=0x0000c4f60000c4f6000009a9000009a9 xmm3=0x00000e6b00000e6b0000129200001292 
  xmm4=0x0000bb0b0000bb0b00000fed00000fed xmm5=0x0000373a0000373a00005cef00005cef 
  xmm6=0x00007414000074140000be280000be28 xmm7=0x00005a4e00005a4e0000e35f0000e35f 

    > store to +0x4fe0 value 0x996100009961
0x3003: push rdx
  rax=0x0000eea70000eea7 rbx=0x000020cb000020cb rcx=0x0000996100009961 rdx=0x0000975200009752
  rsi=0x0000423b0000423b rdi=0x0000177d0000177d flags=0b000010000111
  xmm0=0x0000abf60000abf60000768c0000768c xmm1=0x00009c8100009c8100008fef00008fef 
  xmm2=0x0000c4f60000c4f6000009a9000009a9 xmm3=0x00000e6b00000e6b0000129200001292 
  xmm4=0x0000bb0b0000bb0b00000fed00000fed xmm5=0x0000373a0000373a00005cef00005cef 
  xmm6=0x00007414000074140000be280000be28 xmm7=0x00005a4e00005a4e0000e35f0000e35f 

    > store to +0x4fd8 value 0x975200009752
0x3004: mov ecx, 0x48
  rax=0x0000eea70000eea7 rbx=0x000020cb000020cb rcx=0x0000996100009961 rdx=0x0000975200009752
  rsi=0x0000423b0000423b rdi=0x0000177d0000177d flags=0b000010000111
  xmm0=0x0000abf60000abf60000768c0000768c xmm1=0x00009c8100009c8100008fef00008fef 
  xmm2=0x0000c4f60000c4f6000009a9000009a9 xmm3=0x00000e6b00000e6b0000129200001292 
  xmm4=0x0000bb0b0000bb0b00000fed00000fed xmm5=0x0000373a0000373a00005cef00005cef 
  xmm6=0x00007414000074140000be280000be28 xmm7=0x00005a4e00005a4e0000e35f0000e35f 

0x3009: rdmsr 
  rax=0x0000eea70000eea7 rbx=0x000020cb000020cb rcx=0x0000000000000048 rdx=0x0000975200009752
  rsi=0x0000423b0000423b rdi=0x0000177d0000177d flags=0b000010000111
  xmm0=0x0000abf60000abf60000768c0000768c xmm1=0x00009c8100009c8100008fef00008fef 
  xmm2=0x0000c4f60000c4f6000009a9000009a9 xmm3=0x00000e6b00000e6b0000129200001292 
  xmm4=0x0000bb0b0000bb0b00000fed00000fed xmm5=0x0000373a0000373a00005cef00005cef 
  xmm6=0x00007414000074140000be280000be28 xmm7=0x00005a4e00005a4e0000e35f0000e35f 

0x300b: and eax, 0xfffffffb
  rax=0x0000000000000000 rbx=0x000020cb000020cb rcx=0x0000000000000048 rdx=0x0000000000000000
  rsi=0x0000423b0000423b rdi=0x0000177d0000177d flags=0b000010000111
  xmm0=0x0000abf60000abf60000768c0000768c xmm1=0x00009c8100009c8100008fef00008fef 
  xmm2=0x0000c4f60000c4f6000009a9000009a9 xmm3=0x00000e6b00000e6b0000129200001292 
  xmm4=0x0000bb0b0000bb0b00000fed00000fed xmm5=0x0000373a0000373a00005cef00005cef 
  xmm6=0x00007414000074140000be280000be28 xmm7=0x00005a4e00005a4e0000e35f0000e35f 

0x300e: or eax, 0x100
  rax=0x0000000000000000 rbx=0x000020cb000020cb rcx=0x0000000000000048 rdx=0x0000000000000000
  rsi=0x0000423b0000423b rdi=0x0000177d0000177d flags=0b000001000110
  xmm0=0x0000abf60000abf60000768c0000768c xmm1=0x00009c8100009c8100008fef00008fef 
  xmm2=0x0000c4f60000c4f6000009a9000009a9 xmm3=0x00000e6b00000e6b0000129200001292 
  xmm4=0x0000bb0b0000bb0b00000fed00000fed xmm5=0x0000373a0000373a00005cef00005cef 
  xmm6=0x00007414000074140000be280000be28 xmm7=0x00005a4e00005a4e0000e35f0000e35f 

0x3013: wrmsr 
  rax=0x0000000000000100 rbx=0x000020cb000020cb rcx=0x0000000000000048 rdx=0x0000000000000000
  rsi=0x0000423b0000423b rdi=0x0000177d0000177d flags=0b000000000110
  xmm0=0x0000abf60000abf60000768c0000768c xmm1=0x00009c8100009c8100008fef00008fef 
  xmm2=0x0000c4f60000c4f6000009a9000009a9 xmm3=0x00000e6b00000e6b0000129200001292 
  xmm4=0x0000bb0b0000bb0b00000fed00000fed xmm5=0x0000373a0000373a00005cef00005cef 
  xmm6=0x00007414000074140000be280000be28 xmm7=0x00005a4e00005a4e0000e35f0000e35f 

0x3015: mfence 
  rax=0x0000000000000100 rbx=0x000020cb000020cb rcx=0x0000000000000048 rdx=0x0000000000000000
  rsi=0x0000423b0000423b rdi=0x0000177d0000177d flags=0b000000000110
  xmm0=0x0000abf60000abf60000768c0000768c xmm1=0x00009c8100009c8100008fef00008fef 
  xmm2=0x0000c4f60000c4f6000009a9000009a9 xmm3=0x00000e6b00000e6b0000129200001292 
  xmm4=0x0000bb0b0000bb0b00000fed00000fed xmm5=0x0000373a0000373a00005cef00005cef 
  xmm6=0x00007414000074140000be280000be28 xmm7=0x00005a4e00005a4e0000e35f0000e35f 

0x3018: lfence 
  rax=0x0000000000000100 rbx=0x000020cb000020cb rcx=0x0000000000000048 rdx=0x0000000000000000
  rsi=0x0000423b0000423b rdi=0x0000177d0000177d flags=0b000000000110
  xmm0=0x0000abf60000abf60000768c0000768c xmm1=0x00009c8100009c8100008fef00008fef 
  xmm2=0x0000c4f60000c4f6000009a9000009a9 xmm3=0x00000e6b00000e6b0000129200001292 
  xmm4=0x0000bb0b0000bb0b00000fed00000fed xmm5=0x0000373a0000373a00005cef00005cef 
  xmm6=0x00007414000074140000be280000be28 xmm7=0x00005a4e00005a4e0000e35f0000e35f 

0x301b: macro .measurement_start, .noarg
  rax=0x0000000000000100 rbx=0x000020cb000020cb rcx=0x0000000000000048 rdx=0x0000000000000000
  rsi=0x0000423b0000423b rdi=0x0000177d0000177d flags=0b000000000110
  xmm0=0x0000abf60000abf60000768c0000768c xmm1=0x00009c8100009c8100008fef00008fef 
  xmm2=0x0000c4f60000c4f6000009a9000009a9 xmm3=0x00000e6b00000e6b0000129200001292 
  xmm4=0x0000bb0b0000bb0b00000fed00000fed xmm5=0x0000373a0000373a00005cef00005cef 
  xmm6=0x00007414000074140000be280000be28 xmm7=0x00005a4e00005a4e0000e35f0000e35f 

0x3023: mov ecx, 0x48
  rax=0x0000000000000100 rbx=0x000020cb000020cb rcx=0x0000000000000048 rdx=0x0000000000000000
  rsi=0x0000423b0000423b rdi=0x0000177d0000177d flags=0b000000000110
  xmm0=0x0000abf60000abf60000768c0000768c xmm1=0x00009c8100009c8100008fef00008fef 
  xmm2=0x0000c4f60000c4f6000009a9000009a9 xmm3=0x00000e6b00000e6b0000129200001292 
  xmm4=0x0000bb0b0000bb0b00000fed00000fed xmm5=0x0000373a0000373a00005cef00005cef 
  xmm6=0x00007414000074140000be280000be28 xmm7=0x00005a4e00005a4e0000e35f0000e35f 

0x3028: rdmsr 
  rax=0x0000000000000100 rbx=0x000020cb000020cb rcx=0x0000000000000048 rdx=0x0000000000000000
  rsi=0x0000423b0000423b rdi=0x0000177d0000177d flags=0b000000000110
  xmm0=0x0000abf60000abf60000768c0000768c xmm1=0x00009c8100009c8100008fef00008fef 
  xmm2=0x0000c4f60000c4f6000009a9000009a9 xmm3=0x00000e6b00000e6b0000129200001292 
  xmm4=0x0000bb0b0000bb0b00000fed00000fed xmm5=0x0000373a0000373a00005cef00005cef 
  xmm6=0x00007414000074140000be280000be28 xmm7=0x00005a4e00005a4e0000e35f0000e35f 

0x302a: and eax, 0xfffffffb
  rax=0x0000000000000000 rbx=0x000020cb000020cb rcx=0x0000000000000048 rdx=0x0000000000000000
  rsi=0x0000423b0000423b rdi=0x0000177d0000177d flags=0b000000000110
  xmm0=0x0000abf60000abf60000768c0000768c xmm1=0x00009c8100009c8100008fef00008fef 
  xmm2=0x0000c4f60000c4f6000009a9000009a9 xmm3=0x00000e6b00000e6b0000129200001292 
  xmm4=0x0000bb0b0000bb0b00000fed00000fed xmm5=0x0000373a0000373a00005cef00005cef 
  xmm6=0x00007414000074140000be280000be28 xmm7=0x00005a4e00005a4e0000e35f0000e35f 

0x302d: and eax, 0xfffffeff
  rax=0x0000000000000000 rbx=0x000020cb000020cb rcx=0x0000000000000048 rdx=0x0000000000000000
  rsi=0x0000423b0000423b rdi=0x0000177d0000177d flags=0b000001000110
  xmm0=0x0000abf60000abf60000768c0000768c xmm1=0x00009c8100009c8100008fef00008fef 
  xmm2=0x0000c4f60000c4f6000009a9000009a9 xmm3=0x00000e6b00000e6b0000129200001292 
  xmm4=0x0000bb0b0000bb0b00000fed00000fed xmm5=0x0000373a0000373a00005cef00005cef 
  xmm6=0x00007414000074140000be280000be28 xmm7=0x00005a4e00005a4e0000e35f0000e35f 

0x3032: wrmsr 
  rax=0x0000000000000000 rbx=0x000020cb000020cb rcx=0x0000000000000048 rdx=0x0000000000000000
  rsi=0x0000423b0000423b rdi=0x0000177d0000177d flags=0b000001000110
  xmm0=0x0000abf60000abf60000768c0000768c xmm1=0x00009c8100009c8100008fef00008fef 
  xmm2=0x0000c4f60000c4f6000009a9000009a9 xmm3=0x00000e6b00000e6b0000129200001292 
  xmm4=0x0000bb0b0000bb0b00000fed00000fed xmm5=0x0000373a0000373a00005cef00005cef 
  xmm6=0x00007414000074140000be280000be28 xmm7=0x00005a4e00005a4e0000e35f0000e35f 

0x3034: mfence 
  rax=0x0000000000000000 rbx=0x000020cb000020cb rcx=0x0000000000000048 rdx=0x0000000000000000
  rsi=0x0000423b0000423b rdi=0x0000177d0000177d flags=0b000001000110
  xmm0=0x0000abf60000abf60000768c0000768c xmm1=0x00009c8100009c8100008fef00008fef 
  xmm2=0x0000c4f60000c4f6000009a9000009a9 xmm3=0x00000e6b00000e6b0000129200001292 
  xmm4=0x0000bb0b0000bb0b00000fed00000fed xmm5=0x0000373a0000373a00005cef00005cef 
  xmm6=0x00007414000074140000be280000be28 xmm7=0x00005a4e00005a4e0000e35f0000e35f 

0x3037: lfence 
  rax=0x0000000000000000 rbx=0x000020cb000020cb rcx=0x0000000000000048 rdx=0x0000000000000000
  rsi=0x0000423b0000423b rdi=0x0000177d0000177d flags=0b000001000110
  xmm0=0x0000abf60000abf60000768c0000768c xmm1=0x00009c8100009c8100008fef00008fef 
  xmm2=0x0000c4f60000c4f6000009a9000009a9 xmm3=0x00000e6b00000e6b0000129200001292 
  xmm4=0x0000bb0b0000bb0b00000fed00000fed xmm5=0x0000373a0000373a00005cef00005cef 
  xmm6=0x00007414000074140000be280000be28 xmm7=0x00005a4e00005a4e0000e35f0000e35f 

0x303a: pop rdx
  rax=0x0000000000000000 rbx=0x000020cb000020cb rcx=0x0000000000000048 rdx=0x0000000000000000
  rsi=0x0000423b0000423b rdi=0x0000177d0000177d flags=0b000001000110
  xmm0=0x0000abf60000abf60000768c0000768c xmm1=0x00009c8100009c8100008fef00008fef 
  xmm2=0x0000c4f60000c4f6000009a9000009a9 xmm3=0x00000e6b00000e6b0000129200001292 
  xmm4=0x0000bb0b0000bb0b00000fed00000fed xmm5=0x0000373a0000373a00005cef00005cef 
  xmm6=0x00007414000074140000be280000be28 xmm7=0x00005a4e00005a4e0000e35f0000e35f 

    > load from +0x4fd8 value 0x975200009752
0x303b: pop rcx
  rax=0x0000000000000000 rbx=0x000020cb000020cb rcx=0x0000000000000048 rdx=0x0000975200009752
  rsi=0x0000423b0000423b rdi=0x0000177d0000177d flags=0b000001000110
  xmm0=0x0000abf60000abf60000768c0000768c xmm1=0x00009c8100009c8100008fef00008fef 
  xmm2=0x0000c4f60000c4f6000009a9000009a9 xmm3=0x00000e6b00000e6b0000129200001292 
  xmm4=0x0000bb0b0000bb0b00000fed00000fed xmm5=0x0000373a0000373a00005cef00005cef 
  xmm6=0x00007414000074140000be280000be28 xmm7=0x00005a4e00005a4e0000e35f0000e35f 

    > load from +0x4fe0 value 0x996100009961
0x303c: pop rax
  rax=0x0000000000000000 rbx=0x000020cb000020cb rcx=0x0000996100009961 rdx=0x0000975200009752
  rsi=0x0000423b0000423b rdi=0x0000177d0000177d flags=0b000001000110
  xmm0=0x0000abf60000abf60000768c0000768c xmm1=0x00009c8100009c8100008fef00008fef 
  xmm2=0x0000c4f60000c4f6000009a9000009a9 xmm3=0x00000e6b00000e6b0000129200001292 
  xmm4=0x0000bb0b0000bb0b00000fed00000fed xmm5=0x0000373a0000373a00005cef00005cef 
  xmm6=0x00007414000074140000be280000be28 xmm7=0x00005a4e00005a4e0000e35f0000e35f 

    > load from +0x4fe8 value 0xeea70000eea7
0x303d: popfq 
  rax=0x0000eea70000eea7 rbx=0x000020cb000020cb rcx=0x0000996100009961 rdx=0x0000975200009752
  rsi=0x0000423b0000423b rdi=0x0000177d0000177d flags=0b000001000110
  xmm0=0x0000abf60000abf60000768c0000768c xmm1=0x00009c8100009c8100008fef00008fef 
  xmm2=0x0000c4f60000c4f6000009a9000009a9 xmm3=0x00000e6b00000e6b0000129200001292 
  xmm4=0x0000bb0b0000bb0b00000fed00000fed xmm5=0x0000373a0000373a00005cef00005cef 
  xmm6=0x00007414000074140000be280000be28 xmm7=0x00005a4e00005a4e0000e35f0000e35f 

    > load from +0x4ff0 value 0x87
0x303e: and rcx, 0b1111111111111
  rax=0x0000eea70000eea7 rbx=0x000020cb000020cb rcx=0x0000996100009961 rdx=0x0000975200009752
  rsi=0x0000423b0000423b rdi=0x0000177d0000177d flags=0b000010000111
  xmm0=0x0000abf60000abf60000768c0000768c xmm1=0x00009c8100009c8100008fef00008fef 
  xmm2=0x0000c4f60000c4f6000009a9000009a9 xmm3=0x00000e6b00000e6b0000129200001292 
  xmm4=0x0000bb0b0000bb0b00000fed00000fed xmm5=0x0000373a0000373a00005cef00005cef 
  xmm6=0x00007414000074140000be280000be28 xmm7=0x00005a4e00005a4e0000e35f0000e35f 

0x3045: or [r14 +rcx], 0b1000
  rax=0x0000eea70000eea7 rbx=0x000020cb000020cb rcx=0x0000000000001961 rdx=0x0000975200009752
  rsi=0x0000423b0000423b rdi=0x0000177d0000177d flags=0b000000000010
  xmm0=0x0000abf60000abf60000768c0000768c xmm1=0x00009c8100009c8100008fef00008fef 
  xmm2=0x0000c4f60000c4f6000009a9000009a9 xmm3=0x00000e6b00000e6b0000129200001292 
  xmm4=0x0000bb0b0000bb0b00000fed00000fed xmm5=0x0000373a0000373a00005cef00005cef 
  xmm6=0x00007414000074140000be280000be28 xmm7=0x00005a4e00005a4e0000e35f0000e35f 

    > load from +0x5961 value 0x17
    > store to +0x5961 value 0x1f
0x304a: and [r14 +rcx], 0b11111000
  rax=0x0000eea70000eea7 rbx=0x000020cb000020cb rcx=0x0000000000001961 rdx=0x0000975200009752
  rsi=0x0000423b0000423b rdi=0x0000177d0000177d flags=0b000000000010
  xmm0=0x0000abf60000abf60000768c0000768c xmm1=0x00009c8100009c8100008fef00008fef 
  xmm2=0x0000c4f60000c4f6000009a9000009a9 xmm3=0x00000e6b00000e6b0000129200001292 
  xmm4=0x0000bb0b0000bb0b00000fed00000fed xmm5=0x0000373a0000373a00005cef00005cef 
  xmm6=0x00007414000074140000be280000be28 xmm7=0x00005a4e00005a4e0000e35f0000e35f 

    > load from +0x5961 value 0x1f
    > store to +0x5961 value 0x18
0x304f: mov ax, 1
  rax=0x0000eea70000eea7 rbx=0x000020cb000020cb rcx=0x0000000000001961 rdx=0x0000975200009752
  rsi=0x0000423b0000423b rdi=0x0000177d0000177d flags=0b000000000110
  xmm0=0x0000abf60000abf60000768c0000768c xmm1=0x00009c8100009c8100008fef00008fef 
  xmm2=0x0000c4f60000c4f6000009a9000009a9 xmm3=0x00000e6b00000e6b0000129200001292 
  xmm4=0x0000bb0b0000bb0b00000fed00000fed xmm5=0x0000373a0000373a00005cef00005cef 
  xmm6=0x00007414000074140000be280000be28 xmm7=0x00005a4e00005a4e0000e35f0000e35f 

0x3053: idiv [r14 +rcx]
  rax=0x0000eea700000001 rbx=0x000020cb000020cb rcx=0x0000000000001961 rdx=0x0000975200009752
  rsi=0x0000423b0000423b rdi=0x0000177d0000177d flags=0b000000000110
  xmm0=0x0000abf60000abf60000768c0000768c xmm1=0x00009c8100009c8100008fef00008fef 
  xmm2=0x0000c4f60000c4f6000009a9000009a9 xmm3=0x00000e6b00000e6b0000129200001292 
  xmm4=0x0000bb0b0000bb0b00000fed00000fed xmm5=0x0000373a0000373a00005cef00005cef 
  xmm6=0x00007414000074140000be280000be28 xmm7=0x00005a4e00005a4e0000e35f0000e35f 

    > load from +0x5961 value 0x18
0x3057: and rax, 0b1111111111111
  rax=0x0000eea700000100 rbx=0x000020cb000020cb rcx=0x0000000000001961 rdx=0x0000975200009752
  rsi=0x0000423b0000423b rdi=0x0000177d0000177d flags=0b000000000110
  xmm0=0x0000abf60000abf60000768c0000768c xmm1=0x00009c8100009c8100008fef00008fef 
  xmm2=0x0000c4f60000c4f6000009a9000009a9 xmm3=0x00000e6b00000e6b0000129200001292 
  xmm4=0x0000bb0b0000bb0b00000fed00000fed xmm5=0x0000373a0000373a00005cef00005cef 
  xmm6=0x00007414000074140000be280000be28 xmm7=0x00005a4e00005a4e0000e35f0000e35f 

0x305d: and rcx, 0b111
  rax=0x0000000000000100 rbx=0x000020cb000020cb rcx=0x0000000000001961 rdx=0x0000975200009752
  rsi=0x0000423b0000423b rdi=0x0000177d0000177d flags=0b000000000110
  xmm0=0x0000abf60000abf60000768c0000768c xmm1=0x00009c8100009c8100008fef00008fef 
  xmm2=0x0000c4f60000c4f6000009a9000009a9 xmm3=0x00000e6b00000e6b0000129200001292 
  xmm4=0x0000bb0b0000bb0b00000fed00000fed xmm5=0x0000373a0000373a00005cef00005cef 
  xmm6=0x00007414000074140000be280000be28 xmm7=0x00005a4e00005a4e0000e35f0000e35f 

0x3061: add dil, -116
  rax=0x0000000000000100 rbx=0x000020cb000020cb rcx=0x0000000000000001 rdx=0x0000975200009752
  rsi=0x0000423b0000423b rdi=0x0000177d0000177d flags=0b000000000010
  xmm0=0x0000abf60000abf60000768c0000768c xmm1=0x00009c8100009c8100008fef00008fef 
  xmm2=0x0000c4f60000c4f6000009a9000009a9 xmm3=0x00000e6b00000e6b0000129200001292 
  xmm4=0x0000bb0b0000bb0b00000fed00000fed xmm5=0x0000373a0000373a00005cef00005cef 
  xmm6=0x00007414000074140000be280000be28 xmm7=0x00005a4e00005a4e0000e35f0000e35f 

0x3065: and rax, 0b1111111111111
  rax=0x0000000000000100 rbx=0x000020cb000020cb rcx=0x0000000000000001 rdx=0x0000975200009752
  rsi=0x0000423b0000423b rdi=0x0000177d00001709 flags=0b000000010111
  xmm0=0x0000abf60000abf60000768c0000768c xmm1=0x00009c8100009c8100008fef00008fef 
  xmm2=0x0000c4f60000c4f6000009a9000009a9 xmm3=0x00000e6b00000e6b0000129200001292 
  xmm4=0x0000bb0b0000bb0b00000fed00000fed xmm5=0x0000373a0000373a00005cef00005cef 
  xmm6=0x00007414000074140000be280000be28 xmm7=0x00005a4e00005a4e0000e35f0000e35f 

0x306b: imul [r14 +rax]
  rax=0x0000000000000100 rbx=0x000020cb000020cb rcx=0x0000000000000001 rdx=0x0000975200009752
  rsi=0x0000423b0000423b rdi=0x0000177d00001709 flags=0b000000000110
  xmm0=0x0000abf60000abf60000768c0000768c xmm1=0x00009c8100009c8100008fef00008fef 
  xmm2=0x0000c4f60000c4f6000009a9000009a9 xmm3=0x00000e6b00000e6b0000129200001292 
  xmm4=0x0000bb0b0000bb0b00000fed00000fed xmm5=0x0000373a0000373a00005cef00005cef 
  xmm6=0x00007414000074140000be280000be28 xmm7=0x00005a4e00005a4e0000e35f0000e35f 

    > load from +0x4100 value 0x7c
0x306f: and rcx, 0b1111111111111
  rax=0x0000000000000000 rbx=0x000020cb000020cb rcx=0x0000000000000001 rdx=0x0000975200009752
  rsi=0x0000423b0000423b rdi=0x0000177d00001709 flags=0b000001000110
  xmm0=0x0000abf60000abf60000768c0000768c xmm1=0x00009c8100009c8100008fef00008fef 
  xmm2=0x0000c4f60000c4f6000009a9000009a9 xmm3=0x00000e6b00000e6b0000129200001292 
  xmm4=0x0000bb0b0000bb0b00000fed00000fed xmm5=0x0000373a0000373a00005cef00005cef 
  xmm6=0x00007414000074140000be280000be28 xmm7=0x00005a4e00005a4e0000e35f0000e35f 

0x3076: mov bx, [r14 +rcx]
  rax=0x0000000000000000 rbx=0x000020cb000020cb rcx=0x0000000000000001 rdx=0x0000975200009752
  rsi=0x0000423b0000423b rdi=0x0000177d00001709 flags=0b000000000010
  xmm0=0x0000abf60000abf60000768c0000768c xmm1=0x00009c8100009c8100008fef00008fef 
  xmm2=0x0000c4f60000c4f6000009a9000009a9 xmm3=0x00000e6b00000e6b0000129200001292 
  xmm4=0x0000bb0b0000bb0b00000fed00000fed xmm5=0x0000373a0000373a00005cef00005cef 
  xmm6=0x00007414000074140000be280000be28 xmm7=0x00005a4e00005a4e0000e35f0000e35f 

    > load from +0x4001 value 0xea
0x307b: movsx si, dl
  rax=0x0000000000000000 rbx=0x000020cb000000ea rcx=0x0000000000000001 rdx=0x0000975200009752
  rsi=0x0000423b0000423b rdi=0x0000177d00001709 flags=0b000000000010
  xmm0=0x0000abf60000abf60000768c0000768c xmm1=0x00009c8100009c8100008fef00008fef 
  xmm2=0x0000c4f60000c4f6000009a9000009a9 xmm3=0x00000e6b00000e6b0000129200001292 
  xmm4=0x0000bb0b0000bb0b00000fed00000fed xmm5=0x0000373a0000373a00005cef00005cef 
  xmm6=0x00007414000074140000be280000be28 xmm7=0x00005a4e00005a4e0000e35f0000e35f 

0x307f: or ax, 0b1000
  rax=0x0000000000000000 rbx=0x000020cb000000ea rcx=0x0000000000000001 rdx=0x0000975200009752
  rsi=0x0000423b00000052 rdi=0x0000177d00001709 flags=0b000000000010
  xmm0=0x0000abf60000abf60000768c0000768c xmm1=0x00009c8100009c8100008fef00008fef 
  xmm2=0x0000c4f60000c4f6000009a9000009a9 xmm3=0x00000e6b00000e6b0000129200001292 
  xmm4=0x0000bb0b0000bb0b00000fed00000fed xmm5=0x0000373a0000373a00005cef00005cef 
  xmm6=0x00007414000074140000be280000be28 xmm7=0x00005a4e00005a4e0000e35f0000e35f 

0x3083: and al, 0b11111000
  rax=0x0000000000000008 rbx=0x000020cb000000ea rcx=0x0000000000000001 rdx=0x0000975200009752
  rsi=0x0000423b00000052 rdi=0x0000177d00001709 flags=0b000000000010
  xmm0=0x0000abf60000abf60000768c0000768c xmm1=0x00009c8100009c8100008fef00008fef 
  xmm2=0x0000c4f60000c4f6000009a9000009a9 xmm3=0x00000e6b00000e6b0000129200001292 
  xmm4=0x0000bb0b0000bb0b00000fed00000fed xmm5=0x0000373a0000373a00005cef00005cef 
  xmm6=0x00007414000074140000be280000be28 xmm7=0x00005a4e00005a4e0000e35f0000e35f 

0x3085: and dx, 0b11
  rax=0x0000000000000008 rbx=0x000020cb000000ea rcx=0x0000000000000001 rdx=0x0000975200009752
  rsi=0x0000423b00000052 rdi=0x0000177d00001709 flags=0b000000000010
  xmm0=0x0000abf60000abf60000768c0000768c xmm1=0x00009c8100009c8100008fef00008fef 
  xmm2=0x0000c4f60000c4f6000009a9000009a9 xmm3=0x00000e6b00000e6b0000129200001292 
  xmm4=0x0000bb0b0000bb0b00000fed00000fed xmm5=0x0000373a0000373a00005cef00005cef 
  xmm6=0x00007414000074140000be280000be28 xmm7=0x00005a4e00005a4e0000e35f0000e35f 

0x3089: idiv ax
  rax=0x0000000000000008 rbx=0x000020cb000000ea rcx=0x0000000000000001 rdx=0x0000975200000002
  rsi=0x0000423b00000052 rdi=0x0000177d00001709 flags=0b000000000010
  xmm0=0x0000abf60000abf60000768c0000768c xmm1=0x00009c8100009c8100008fef00008fef 
  xmm2=0x0000c4f60000c4f6000009a9000009a9 xmm3=0x00000e6b00000e6b0000129200001292 
  xmm4=0x0000bb0b0000bb0b00000fed00000fed xmm5=0x0000373a0000373a00005cef00005cef 
  xmm6=0x00007414000074140000be280000be28 xmm7=0x00005a4e00005a4e0000e35f0000e35f 

0x308c: add sil, -118
  rax=0x0000000000004001 rbx=0x000020cb000000ea rcx=0x0000000000000001 rdx=0x0000975200000000
  rsi=0x0000423b00000052 rdi=0x0000177d00001709 flags=0b000000000010
  xmm0=0x0000abf60000abf60000768c0000768c xmm1=0x00009c8100009c8100008fef00008fef 
  xmm2=0x0000c4f60000c4f6000009a9000009a9 xmm3=0x00000e6b00000e6b0000129200001292 
  xmm4=0x0000bb0b0000bb0b00000fed00000fed xmm5=0x0000373a0000373a00005cef00005cef 
  xmm6=0x00007414000074140000be280000be28 xmm7=0x00005a4e00005a4e0000e35f0000e35f 

0x3090: and rbx, 0b1111111111111
  rax=0x0000000000004001 rbx=0x000020cb000000ea rcx=0x0000000000000001 rdx=0x0000975200000000
  rsi=0x0000423b000000dc rdi=0x0000177d00001709 flags=0b000010000010
  xmm0=0x0000abf60000abf60000768c0000768c xmm1=0x00009c8100009c8100008fef00008fef 
  xmm2=0x0000c4f60000c4f6000009a9000009a9 xmm3=0x00000e6b00000e6b0000129200001292 
  xmm4=0x0000bb0b0000bb0b00000fed00000fed xmm5=0x0000373a0000373a00005cef00005cef 
  xmm6=0x00007414000074140000be280000be28 xmm7=0x00005a4e00005a4e0000e35f0000e35f 

0x3097: imul [r14 +rbx]
  rax=0x0000000000004001 rbx=0x00000000000000ea rcx=0x0000000000000001 rdx=0x0000975200000000
  rsi=0x0000423b000000dc rdi=0x0000177d00001709 flags=0b000000000010
  xmm0=0x0000abf60000abf60000768c0000768c xmm1=0x00009c8100009c8100008fef00008fef 
  xmm2=0x0000c4f60000c4f6000009a9000009a9 xmm3=0x00000e6b00000e6b0000129200001292 
  xmm4=0x0000bb0b0000bb0b00000fed00000fed xmm5=0x0000373a0000373a00005cef00005cef 
  xmm6=0x00007414000074140000be280000be28 xmm7=0x00005a4e00005a4e0000e35f0000e35f 

    > load from +0x40ea value 0xc8b0000fab50000
0x309b: macro .switch, .main.function_main_1
  rax=0xcc8b3eae3ab50000 rbx=0x00000000000000ea rcx=0x0000000000000001 rdx=0x0000000000000322
  rsi=0x0000423b000000dc rdi=0x0000177d00001709 flags=0b100010000111
  xmm0=0x0000abf60000abf60000768c0000768c xmm1=0x00009c8100009c8100008fef00008fef 
  xmm2=0x0000c4f60000c4f6000009a9000009a9 xmm3=0x00000e6b00000e6b0000129200001292 
  xmm4=0x0000bb0b0000bb0b00000fed00000fed xmm5=0x0000373a0000373a00005cef00005cef 
  xmm6=0x00007414000074140000be280000be28 xmm7=0x00005a4e00005a4e0000e35f0000e35f 

0x8 : and rdx, 0b1111111111111
  rax=0xcc8b3eae3ab50000 rbx=0x00000000000000ea rcx=0x0000000000000001 rdx=0x0000000000000322
  rsi=0x0000423b000000dc rdi=0x0000177d00001709 flags=0b100010000111
  xmm0=0x0000abf60000abf60000768c0000768c xmm1=0x00009c8100009c8100008fef00008fef 
  xmm2=0x0000c4f60000c4f6000009a9000009a9 xmm3=0x00000e6b00000e6b0000129200001292 
  xmm4=0x0000bb0b0000bb0b00000fed00000fed xmm5=0x0000373a0000373a00005cef00005cef 
  xmm6=0x00007414000074140000be280000be28 xmm7=0x00005a4e00005a4e0000e35f0000e35f 

0xf : add si, [r14 +rdx]
  rax=0xcc8b3eae3ab50000 rbx=0x00000000000000ea rcx=0x0000000000000001 rdx=0x0000000000000322
  rsi=0x0000423b000000dc rdi=0x0000177d00001709 flags=0b000000000110
  xmm0=0x0000abf60000abf60000768c0000768c xmm1=0x00009c8100009c8100008fef00008fef 
  xmm2=0x0000c4f60000c4f6000009a9000009a9 xmm3=0x00000e6b00000e6b0000129200001292 
  xmm4=0x0000bb0b0000bb0b00000fed00000fed xmm5=0x0000373a0000373a00005cef00005cef 
  xmm6=0x00007414000074140000be280000be28 xmm7=0x00005a4e00005a4e0000e35f0000e35f 

    > load from +0x322 value 0x0
0x14: add dil, -29
  rax=0xcc8b3eae3ab50000 rbx=0x00000000000000ea rcx=0x0000000000000001 rdx=0x0000000000000322
  rsi=0x0000423b000000dc rdi=0x0000177d00001709 flags=0b000000000010
  xmm0=0x0000abf60000abf60000768c0000768c xmm1=0x00009c8100009c8100008fef00008fef 
  xmm2=0x0000c4f60000c4f6000009a9000009a9 xmm3=0x00000e6b00000e6b0000129200001292 
  xmm4=0x0000bb0b0000bb0b00000fed00000fed xmm5=0x0000373a0000373a00005cef00005cef 
  xmm6=0x00007414000074140000be280000be28 xmm7=0x00005a4e00005a4e0000e35f0000e35f 

0x18: cmovnz dx, si
  rax=0xcc8b3eae3ab50000 rbx=0x00000000000000ea rcx=0x0000000000000001 rdx=0x0000000000000322
  rsi=0x0000423b000000dc rdi=0x0000177d000017ec flags=0b000010000010
  xmm0=0x0000abf60000abf60000768c0000768c xmm1=0x00009c8100009c8100008fef00008fef 
  xmm2=0x0000c4f60000c4f6000009a9000009a9 xmm3=0x00000e6b00000e6b0000129200001292 
  xmm4=0x0000bb0b0000bb0b00000fed00000fed xmm5=0x0000373a0000373a00005cef00005cef 
  xmm6=0x00007414000074140000be280000be28 xmm7=0x00005a4e00005a4e0000e35f0000e35f 

0x1c: setle dl
  rax=0xcc8b3eae3ab50000 rbx=0x00000000000000ea rcx=0x0000000000000001 rdx=0x00000000000000dc
  rsi=0x0000423b000000dc rdi=0x0000177d000017ec flags=0b000010000010
  xmm0=0x0000abf60000abf60000768c0000768c xmm1=0x00009c8100009c8100008fef00008fef 
  xmm2=0x0000c4f60000c4f6000009a9000009a9 xmm3=0x00000e6b00000e6b0000129200001292 
  xmm4=0x0000bb0b0000bb0b00000fed00000fed xmm5=0x0000373a0000373a00005cef00005cef 
  xmm6=0x00007414000074140000be280000be28 xmm7=0x00005a4e00005a4e0000e35f0000e35f 

0x1f: and rdx, 0b1111111111111
  rax=0xcc8b3eae3ab50000 rbx=0x00000000000000ea rcx=0x0000000000000001 rdx=0x0000000000000001
  rsi=0x0000423b000000dc rdi=0x0000177d000017ec flags=0b000010000010
  xmm0=0x0000abf60000abf60000768c0000768c xmm1=0x00009c8100009c8100008fef00008fef 
  xmm2=0x0000c4f60000c4f6000009a9000009a9 xmm3=0x00000e6b00000e6b0000129200001292 
  xmm4=0x0000bb0b0000bb0b00000fed00000fed xmm5=0x0000373a0000373a00005cef00005cef 
  xmm6=0x00007414000074140000be280000be28 xmm7=0x00005a4e00005a4e0000e35f0000e35f 

0x26: or [r14 +rdx], 0b1000
  rax=0xcc8b3eae3ab50000 rbx=0x00000000000000ea rcx=0x0000000000000001 rdx=0x0000000000000001
  rsi=0x0000423b000000dc rdi=0x0000177d000017ec flags=0b000000000010
  xmm0=0x0000abf60000abf60000768c0000768c xmm1=0x00009c8100009c8100008fef00008fef 
  xmm2=0x0000c4f60000c4f6000009a9000009a9 xmm3=0x00000e6b00000e6b0000129200001292 
  xmm4=0x0000bb0b0000bb0b00000fed00000fed xmm5=0x0000373a0000373a00005cef00005cef 
  xmm6=0x00007414000074140000be280000be28 xmm7=0x00005a4e00005a4e0000e35f0000e35f 

    > load from +0x1 value 0xbc
    > store to +0x1 value 0xbc
0x2b: and [r14 +rdx], 0b11111000
  rax=0xcc8b3eae3ab50000 rbx=0x00000000000000ea rcx=0x0000000000000001 rdx=0x0000000000000001
  rsi=0x0000423b000000dc rdi=0x0000177d000017ec flags=0b000010000010
  xmm0=0x0000abf60000abf60000768c0000768c xmm1=0x00009c8100009c8100008fef00008fef 
  xmm2=0x0000c4f60000c4f6000009a9000009a9 xmm3=0x00000e6b00000e6b0000129200001292 
  xmm4=0x0000bb0b0000bb0b00000fed00000fed xmm5=0x0000373a0000373a00005cef00005cef 
  xmm6=0x00007414000074140000be280000be28 xmm7=0x00005a4e00005a4e0000e35f0000e35f 

    > load from +0x1 value 0xbc
    > store to +0x1 value 0xb8
0x30: xor ecx, ecx
  rax=0xcc8b3eae3ab50000 rbx=0x00000000000000ea rcx=0x0000000000000001 rdx=0x0000000000000001
  rsi=0x0000423b000000dc rdi=0x0000177d000017ec flags=0b000010000110
  xmm0=0x0000abf60000abf60000768c0000768c xmm1=0x00009c8100009c8100008fef00008fef 
  xmm2=0x0000c4f60000c4f6000009a9000009a9 xmm3=0x00000e6b00000e6b0000129200001292 
  xmm4=0x0000bb0b0000bb0b00000fed00000fed xmm5=0x0000373a0000373a00005cef00005cef 
  xmm6=0x00007414000074140000be280000be28 xmm7=0x00005a4e00005a4e0000e35f0000e35f 

0x32: and rcx, 0b1111111111111
  rax=0xcc8b3eae3ab50000 rbx=0x00000000000000ea rcx=0x0000000000000000 rdx=0x0000000000000001
  rsi=0x0000423b000000dc rdi=0x0000177d000017ec flags=0b000001000110
  xmm0=0x0000abf60000abf60000768c0000768c xmm1=0x00009c8100009c8100008fef00008fef 
  xmm2=0x0000c4f60000c4f6000009a9000009a9 xmm3=0x00000e6b00000e6b0000129200001292 
  xmm4=0x0000bb0b0000bb0b00000fed00000fed xmm5=0x0000373a0000373a00005cef00005cef 
  xmm6=0x00007414000074140000be280000be28 xmm7=0x00005a4e00005a4e0000e35f0000e35f 

0x39: movsxd rsi, [r14 +rcx]
  rax=0xcc8b3eae3ab50000 rbx=0x00000000000000ea rcx=0x0000000000000000 rdx=0x0000000000000001
  rsi=0x0000423b000000dc rdi=0x0000177d000017ec flags=0b000001000110
  xmm0=0x0000abf60000abf60000768c0000768c xmm1=0x00009c8100009c8100008fef00008fef 
  xmm2=0x0000c4f60000c4f6000009a9000009a9 xmm3=0x00000e6b00000e6b0000129200001292 
  xmm4=0x0000bb0b0000bb0b00000fed00000fed xmm5=0x0000373a0000373a00005cef00005cef 
  xmm6=0x00007414000074140000be280000be28 xmm7=0x00005a4e00005a4e0000e35f0000e35f 

    > load from +0x0 value 0xb84c
0x3d: and rsi, 0b1111111111111
  rax=0xcc8b3eae3ab50000 rbx=0x00000000000000ea rcx=0x0000000000000000 rdx=0x0000000000000001
  rsi=0x000000000000b84c rdi=0x0000177d000017ec flags=0b000001000110
  xmm0=0x0000abf60000abf60000768c0000768c xmm1=0x00009c8100009c8100008fef00008fef 
  xmm2=0x0000c4f60000c4f6000009a9000009a9 xmm3=0x00000e6b00000e6b0000129200001292 
  xmm4=0x0000bb0b0000bb0b00000fed00000fed xmm5=0x0000373a0000373a00005cef00005cef 
  xmm6=0x00007414000074140000be280000be28 xmm7=0x00005a4e00005a4e0000e35f0000e35f 

0x44: cmovnz rsi, [r14 +rsi]
  rax=0xcc8b3eae3ab50000 rbx=0x00000000000000ea rcx=0x0000000000000000 rdx=0x0000000000000001
  rsi=0x000000000000184c rdi=0x0000177d000017ec flags=0b000000000010
  xmm0=0x0000abf60000abf60000768c0000768c xmm1=0x00009c8100009c8100008fef00008fef 
  xmm2=0x0000c4f60000c4f6000009a9000009a9 xmm3=0x00000e6b00000e6b0000129200001292 
  xmm4=0x0000bb0b0000bb0b00000fed00000fed xmm5=0x0000373a0000373a00005cef00005cef 
  xmm6=0x00007414000074140000be280000be28 xmm7=0x00005a4e00005a4e0000e35f0000e35f 

    > load from +0x184c value 0x68c10000d768
0x49: and rsi, 0b1111111111111
  rax=0xcc8b3eae3ab50000 rbx=0x00000000000000ea rcx=0x0000000000000000 rdx=0x0000000000000001
  rsi=0x000068c10000d768 rdi=0x0000177d000017ec flags=0b000000000010
  xmm0=0x0000abf60000abf60000768c0000768c xmm1=0x00009c8100009c8100008fef00008fef 
  xmm2=0x0000c4f60000c4f6000009a9000009a9 xmm3=0x00000e6b00000e6b0000129200001292 
  xmm4=0x0000bb0b0000bb0b00000fed00000fed xmm5=0x0000373a0000373a00005cef00005cef 
  xmm6=0x00007414000074140000be280000be28 xmm7=0x00005a4e00005a4e0000e35f0000e35f 

0x50: or edi, [r14 +rsi]
  rax=0xcc8b3eae3ab50000 rbx=0x00000000000000ea rcx=0x0000000000000000 rdx=0x0000000000000001
  rsi=0x0000000000001768 rdi=0x0000177d000017ec flags=0b000000000010
  xmm0=0x0000abf60000abf60000768c0000768c xmm1=0x00009c8100009c8100008fef00008fef 
  xmm2=0x0000c4f60000c4f6000009a9000009a9 xmm3=0x00000e6b00000e6b0000129200001292 
  xmm4=0x0000bb0b0000bb0b00000fed00000fed xmm5=0x0000373a0000373a00005cef00005cef 
  xmm6=0x00007414000074140000be280000be28 xmm7=0x00005a4e00005a4e0000e35f0000e35f 

    > load from +0x1768 value 0x9030
0x54: and rax, 0b1111111111111
  rax=0xcc8b3eae3ab50000 rbx=0x00000000000000ea rcx=0x0000000000000000 rdx=0x0000000000000001
  rsi=0x0000000000001768 rdi=0x00000000000097fc flags=0b000000000110
  xmm0=0x0000abf60000abf60000768c0000768c xmm1=0x00009c8100009c8100008fef00008fef 
  xmm2=0x0000c4f60000c4f6000009a9000009a9 xmm3=0x00000e6b00000e6b0000129200001292 
  xmm4=0x0000bb0b0000bb0b00000fed00000fed xmm5=0x0000373a0000373a00005cef00005cef 
  xmm6=0x00007414000074140000be280000be28 xmm7=0x00005a4e00005a4e0000e35f0000e35f 

0x5a: macro .switch, .actor2.function_actor2_1
  rax=0x0000000000000000 rbx=0x00000000000000ea rcx=0x0000000000000000 rdx=0x0000000000000001
  rsi=0x0000000000001768 rdi=0x00000000000097fc flags=0b000001000110
  xmm0=0x0000abf60000abf60000768c0000768c xmm1=0x00009c8100009c8100008fef00008fef 
  xmm2=0x0000c4f60000c4f6000009a9000009a9 xmm3=0x00000e6b00000e6b0000129200001292 
  xmm4=0x0000bb0b0000bb0b00000fed00000fed xmm5=0x0000373a0000373a00005cef00005cef 
  xmm6=0x00007414000074140000be280000be28 xmm7=0x00005a4e00005a4e0000e35f0000e35f 

0x30a3: pushfq 
  rax=0x0000000000000000 rbx=0x00000000000000ea rcx=0x0000000000000000 rdx=0x0000000000000001
  rsi=0x0000000000001768 rdi=0x00000000000097fc flags=0b000001000110
  xmm0=0x0000abf60000abf60000768c0000768c xmm1=0x00009c8100009c8100008fef00008fef 
  xmm2=0x0000c4f60000c4f6000009a9000009a9 xmm3=0x00000e6b00000e6b0000129200001292 
  xmm4=0x0000bb0b0000bb0b00000fed00000fed xmm5=0x0000373a0000373a00005cef00005cef 
  xmm6=0x00007414000074140000be280000be28 xmm7=0x00005a4e00005a4e0000e35f0000e35f 

    > store to +0x4ff0 value 0x46
0x30a4: push rax
  rax=0x0000000000000000 rbx=0x00000000000000ea rcx=0x0000000000000000 rdx=0x0000000000000001
  rsi=0x0000000000001768 rdi=0x00000000000097fc flags=0b000001000110
  xmm0=0x0000abf60000abf60000768c0000768c xmm1=0x00009c8100009c8100008fef00008fef 
  xmm2=0x0000c4f60000c4f6000009a9000009a9 xmm3=0x00000e6b00000e6b0000129200001292 
  xmm4=0x0000bb0b0000bb0b00000fed00000fed xmm5=0x0000373a0000373a00005cef00005cef 
  xmm6=0x00007414000074140000be280000be28 xmm7=0x00005a4e00005a4e0000e35f0000e35f 

    > store to +0x4fe8 value 0x0
0x30a5: push rcx
  rax=0x0000000000000000 rbx=0x00000000000000ea rcx=0x0000000000000000 rdx=0x0000000000000001
  rsi=0x0000000000001768 rdi=0x00000000000097fc flags=0b000001000110
  xmm0=0x0000abf60000abf60000768c0000768c xmm1=0x00009c8100009c8100008fef00008fef 
  xmm2=0x0000c4f60000c4f6000009a9000009a9 xmm3=0x00000e6b00000e6b0000129200001292 
  xmm4=0x0000bb0b0000bb0b00000fed00000fed xmm5=0x0000373a0000373a00005cef00005cef 
  xmm6=0x00007414000074140000be280000be28 xmm7=0x00005a4e00005a4e0000e35f0000e35f 

    > store to +0x4fe0 value 0x0
0x30a6: push rdx
  rax=0x0000000000000000 rbx=0x00000000000000ea rcx=0x0000000000000000 rdx=0x0000000000000001
  rsi=0x0000000000001768 rdi=0x00000000000097fc flags=0b000001000110
  xmm0=0x0000abf60000abf60000768c0000768c xmm1=0x00009c8100009c8100008fef00008fef 
  xmm2=0x0000c4f60000c4f6000009a9000009a9 xmm3=0x00000e6b00000e6b0000129200001292 
  xmm4=0x0000bb0b0000bb0b00000fed00000fed xmm5=0x0000373a0000373a00005cef00005cef 
  xmm6=0x00007414000074140000be280000be28 xmm7=0x00005a4e00005a4e0000e35f0000e35f 

    > store to +0x4fd8 value 0x1
0x30a7: mov ecx, 0x48
  rax=0x0000000000000000 rbx=0x00000000000000ea rcx=0x0000000000000000 rdx=0x0000000000000001
  rsi=0x0000000000001768 rdi=0x00000000000097fc flags=0b000001000110
  xmm0=0x0000abf60000abf60000768c0000768c xmm1=0x00009c8100009c8100008fef00008fef 
  xmm2=0x0000c4f60000c4f6000009a9000009a9 xmm3=0x00000e6b00000e6b0000129200001292 
  xmm4=0x0000bb0b0000bb0b00000fed00000fed xmm5=0x0000373a0000373a00005cef00005cef 
  xmm6=0x00007414000074140000be280000be28 xmm7=0x00005a4e00005a4e0000e35f0000e35f 

0x30ac: rdmsr 
  rax=0x0000000000000000 rbx=0x00000000000000ea rcx=0x0000000000000048 rdx=0x0000000000000001
  rsi=0x0000000000001768 rdi=0x00000000000097fc flags=0b000001000110
  xmm0=0x0000abf60000abf60000768c0000768c xmm1=0x00009c8100009c8100008fef00008fef 
  xmm2=0x0000c4f60000c4f6000009a9000009a9 xmm3=0x00000e6b00000e6b0000129200001292 
  xmm4=0x0000bb0b0000bb0b00000fed00000fed xmm5=0x0000373a0000373a00005cef00005cef 
  xmm6=0x00007414000074140000be280000be28 xmm7=0x00005a4e00005a4e0000e35f0000e35f 

0x30ae: and eax, 0xfffffffb
  rax=0x0000000000000000 rbx=0x00000000000000ea rcx=0x0000000000000048 rdx=0x0000000000000000
  rsi=0x0000000000001768 rdi=0x00000000000097fc flags=0b000001000110
  xmm0=0x0000abf60000abf60000768c0000768c xmm1=0x00009c8100009c8100008fef00008fef 
  xmm2=0x0000c4f60000c4f6000009a9000009a9 xmm3=0x00000e6b00000e6b0000129200001292 
  xmm4=0x0000bb0b0000bb0b00000fed00000fed xmm5=0x0000373a0000373a00005cef00005cef 
  xmm6=0x00007414000074140000be280000be28 xmm7=0x00005a4e00005a4e0000e35f0000e35f 

0x30b1: or eax, 0x100
  rax=0x0000000000000000 rbx=0x00000000000000ea rcx=0x0000000000000048 rdx=0x0000000000000000
  rsi=0x0000000000001768 rdi=0x00000000000097fc flags=0b000001000110
  xmm0=0x0000abf60000abf60000768c0000768c xmm1=0x00009c8100009c8100008fef00008fef 
  xmm2=0x0000c4f60000c4f6000009a9000009a9 xmm3=0x00000e6b00000e6b0000129200001292 
  xmm4=0x0000bb0b0000bb0b00000fed00000fed xmm5=0x0000373a0000373a00005cef00005cef 
  xmm6=0x00007414000074140000be280000be28 xmm7=0x00005a4e00005a4e0000e35f0000e35f 

0x30b6: wrmsr 
  rax=0x0000000000000100 rbx=0x00000000000000ea rcx=0x0000000000000048 rdx=0x0000000000000000
  rsi=0x0000000000001768 rdi=0x00000000000097fc flags=0b000000000110
  xmm0=0x0000abf60000abf60000768c0000768c xmm1=0x00009c8100009c8100008fef00008fef 
  xmm2=0x0000c4f60000c4f6000009a9000009a9 xmm3=0x00000e6b00000e6b0000129200001292 
  xmm4=0x0000bb0b0000bb0b00000fed00000fed xmm5=0x0000373a0000373a00005cef00005cef 
  xmm6=0x00007414000074140000be280000be28 xmm7=0x00005a4e00005a4e0000e35f0000e35f 

0x30b8: mfence 
  rax=0x0000000000000100 rbx=0x00000000000000ea rcx=0x0000000000000048 rdx=0x0000000000000000
  rsi=0x0000000000001768 rdi=0x00000000000097fc flags=0b000000000110
  xmm0=0x0000abf60000abf60000768c0000768c xmm1=0x00009c8100009c8100008fef00008fef 
  xmm2=0x0000c4f60000c4f6000009a9000009a9 xmm3=0x00000e6b00000e6b0000129200001292 
  xmm4=0x0000bb0b0000bb0b00000fed00000fed xmm5=0x0000373a0000373a00005cef00005cef 
  xmm6=0x00007414000074140000be280000be28 xmm7=0x00005a4e00005a4e0000e35f0000e35f 

0x30bb: lfence 
  rax=0x0000000000000100 rbx=0x00000000000000ea rcx=0x0000000000000048 rdx=0x0000000000000000
  rsi=0x0000000000001768 rdi=0x00000000000097fc flags=0b000000000110
  xmm0=0x0000abf60000abf60000768c0000768c xmm1=0x00009c8100009c8100008fef00008fef 
  xmm2=0x0000c4f60000c4f6000009a9000009a9 xmm3=0x00000e6b00000e6b0000129200001292 
  xmm4=0x0000bb0b0000bb0b00000fed00000fed xmm5=0x0000373a0000373a00005cef00005cef 
  xmm6=0x00007414000074140000be280000be28 xmm7=0x00005a4e00005a4e0000e35f0000e35f 

0x30be: macro .measurement_end, .noarg
  rax=0x0000000000000100 rbx=0x00000000000000ea rcx=0x0000000000000048 rdx=0x0000000000000000
  rsi=0x0000000000001768 rdi=0x00000000000097fc flags=0b000000000110
  xmm0=0x0000abf60000abf60000768c0000768c xmm1=0x00009c8100009c8100008fef00008fef 
  xmm2=0x0000c4f60000c4f6000009a9000009a9 xmm3=0x00000e6b00000e6b0000129200001292 
  xmm4=0x0000bb0b0000bb0b00000fed00000fed xmm5=0x0000373a0000373a00005cef00005cef 
  xmm6=0x00007414000074140000be280000be28 xmm7=0x00005a4e00005a4e0000e35f0000e35f 

0x30c6: mov ecx, 0x48
  rax=0x0000000000000100 rbx=0x00000000000000ea rcx=0x0000000000000048 rdx=0x0000000000000000
  rsi=0x0000000000001768 rdi=0x00000000000097fc flags=0b000000000110
  xmm0=0x0000abf60000abf60000768c0000768c xmm1=0x00009c8100009c8100008fef00008fef 
  xmm2=0x0000c4f60000c4f6000009a9000009a9 xmm3=0x00000e6b00000e6b0000129200001292 
  xmm4=0x0000bb0b0000bb0b00000fed00000fed xmm5=0x0000373a0000373a00005cef00005cef 
  xmm6=0x00007414000074140000be280000be28 xmm7=0x00005a4e00005a4e0000e35f0000e35f 

0x30cb: rdmsr 
  rax=0x0000000000000100 rbx=0x00000000000000ea rcx=0x0000000000000048 rdx=0x0000000000000000
  rsi=0x0000000000001768 rdi=0x00000000000097fc flags=0b000000000110
  xmm0=0x0000abf60000abf60000768c0000768c xmm1=0x00009c8100009c8100008fef00008fef 
  xmm2=0x0000c4f60000c4f6000009a9000009a9 xmm3=0x00000e6b00000e6b0000129200001292 
  xmm4=0x0000bb0b0000bb0b00000fed00000fed xmm5=0x0000373a0000373a00005cef00005cef 
  xmm6=0x00007414000074140000be280000be28 xmm7=0x00005a4e00005a4e0000e35f0000e35f 

0x30cd: and eax, 0xfffffffb
  rax=0x0000000000000000 rbx=0x00000000000000ea rcx=0x0000000000000048 rdx=0x0000000000000000
  rsi=0x0000000000001768 rdi=0x00000000000097fc flags=0b000000000110
  xmm0=0x0000abf60000abf60000768c0000768c xmm1=0x00009c8100009c8100008fef00008fef 
  xmm2=0x0000c4f60000c4f6000009a9000009a9 xmm3=0x00000e6b00000e6b0000129200001292 
  xmm4=0x0000bb0b0000bb0b00000fed00000fed xmm5=0x0000373a0000373a00005cef00005cef 
  xmm6=0x00007414000074140000be280000be28 xmm7=0x00005a4e00005a4e0000e35f0000e35f 

0x30d0: and eax, 0xfffffeff
  rax=0x0000000000000000 rbx=0x00000000000000ea rcx=0x0000000000000048 rdx=0x0000000000000000
  rsi=0x0000000000001768 rdi=0x00000000000097fc flags=0b000001000110
  xmm0=0x0000abf60000abf60000768c0000768c xmm1=0x00009c8100009c8100008fef00008fef 
  xmm2=0x0000c4f60000c4f6000009a9000009a9 xmm3=0x00000e6b00000e6b0000129200001292 
  xmm4=0x0000bb0b0000bb0b00000fed00000fed xmm5=0x0000373a0000373a00005cef00005cef 
  xmm6=0x00007414000074140000be280000be28 xmm7=0x00005a4e00005a4e0000e35f0000e35f 

0x30d5: wrmsr 
  rax=0x0000000000000000 rbx=0x00000000000000ea rcx=0x0000000000000048 rdx=0x0000000000000000
  rsi=0x0000000000001768 rdi=0x00000000000097fc flags=0b000001000110
  xmm0=0x0000abf60000abf60000768c0000768c xmm1=0x00009c8100009c8100008fef00008fef 
  xmm2=0x0000c4f60000c4f6000009a9000009a9 xmm3=0x00000e6b00000e6b0000129200001292 
  xmm4=0x0000bb0b0000bb0b00000fed00000fed xmm5=0x0000373a0000373a00005cef00005cef 
  xmm6=0x00007414000074140000be280000be28 xmm7=0x00005a4e00005a4e0000e35f0000e35f 

0x30d7: mfence 
  rax=0x0000000000000000 rbx=0x00000000000000ea rcx=0x0000000000000048 rdx=0x0000000000000000
  rsi=0x0000000000001768 rdi=0x00000000000097fc flags=0b000001000110
  xmm0=0x0000abf60000abf60000768c0000768c xmm1=0x00009c8100009c8100008fef00008fef 
  xmm2=0x0000c4f60000c4f6000009a9000009a9 xmm3=0x00000e6b00000e6b0000129200001292 
  xmm4=0x0000bb0b0000bb0b00000fed00000fed xmm5=0x0000373a0000373a00005cef00005cef 
  xmm6=0x00007414000074140000be280000be28 xmm7=0x00005a4e00005a4e0000e35f0000e35f 

0x30da: lfence 
  rax=0x0000000000000000 rbx=0x00000000000000ea rcx=0x0000000000000048 rdx=0x0000000000000000
  rsi=0x0000000000001768 rdi=0x00000000000097fc flags=0b000001000110
  xmm0=0x0000abf60000abf60000768c0000768c xmm1=0x00009c8100009c8100008fef00008fef 
  xmm2=0x0000c4f60000c4f6000009a9000009a9 xmm3=0x00000e6b00000e6b0000129200001292 
  xmm4=0x0000bb0b0000bb0b00000fed00000fed xmm5=0x0000373a0000373a00005cef00005cef 
  xmm6=0x00007414000074140000be280000be28 xmm7=0x00005a4e00005a4e0000e35f0000e35f 

0x30dd: pop rdx
  rax=0x0000000000000000 rbx=0x00000000000000ea rcx=0x0000000000000048 rdx=0x0000000000000000
  rsi=0x0000000000001768 rdi=0x00000000000097fc flags=0b000001000110
  xmm0=0x0000abf60000abf60000768c0000768c xmm1=0x00009c8100009c8100008fef00008fef 
  xmm2=0x0000c4f60000c4f6000009a9000009a9 xmm3=0x00000e6b00000e6b0000129200001292 
  xmm4=0x0000bb0b0000bb0b00000fed00000fed xmm5=0x0000373a0000373a00005cef00005cef 
  xmm6=0x00007414000074140000be280000be28 xmm7=0x00005a4e00005a4e0000e35f0000e35f 

    > load from +0x4fd8 value 0x1
0x30de: pop rcx
  rax=0x0000000000000000 rbx=0x00000000000000ea rcx=0x0000000000000048 rdx=0x0000000000000001
  rsi=0x0000000000001768 rdi=0x00000000000097fc flags=0b000001000110
  xmm0=0x0000abf60000abf60000768c0000768c xmm1=0x00009c8100009c8100008fef00008fef 
  xmm2=0x0000c4f60000c4f6000009a9000009a9 xmm3=0x00000e6b00000e6b0000129200001292 
  xmm4=0x0000bb0b0000bb0b00000fed00000fed xmm5=0x0000373a0000373a00005cef00005cef 
  xmm6=0x00007414000074140000be280000be28 xmm7=0x00005a4e00005a4e0000e35f0000e35f 

    > load from +0x4fe0 value 0x0
0x30df: pop rax
  rax=0x0000000000000000 rbx=0x00000000000000ea rcx=0x0000000000000000 rdx=0x0000000000000001
  rsi=0x0000000000001768 rdi=0x00000000000097fc flags=0b000001000110
  xmm0=0x0000abf60000abf60000768c0000768c xmm1=0x00009c8100009c8100008fef00008fef 
  xmm2=0x0000c4f60000c4f6000009a9000009a9 xmm3=0x00000e6b00000e6b0000129200001292 
  xmm4=0x0000bb0b0000bb0b00000fed00000fed xmm5=0x0000373a0000373a00005cef00005cef 
  xmm6=0x00007414000074140000be280000be28 xmm7=0x00005a4e00005a4e0000e35f0000e35f 

    > load from +0x4fe8 value 0x0
0x30e0: popfq 
  rax=0x0000000000000000 rbx=0x00000000000000ea rcx=0x0000000000000000 rdx=0x0000000000000001
  rsi=0x0000000000001768 rdi=0x00000000000097fc flags=0b000001000110
  xmm0=0x0000abf60000abf60000768c0000768c xmm1=0x00009c8100009c8100008fef00008fef 
  xmm2=0x0000c4f60000c4f6000009a9000009a9 xmm3=0x00000e6b00000e6b0000129200001292 
  xmm4=0x0000bb0b0000bb0b00000fed00000fed xmm5=0x0000373a0000373a00005cef00005cef 
  xmm6=0x00007414000074140000be280000be28 xmm7=0x00005a4e00005a4e0000e35f0000e35f 

    > load from +0x4ff0 value 0x46
0x30e1: macro .switch, .main.function_main_2
  rax=0x0000000000000000 rbx=0x00000000000000ea rcx=0x0000000000000000 rdx=0x0000000000000001
  rsi=0x0000000000001768 rdi=0x00000000000097fc flags=0b000001000110
  xmm0=0x0000abf60000abf60000768c0000768c xmm1=0x00009c8100009c8100008fef00008fef 
  xmm2=0x0000c4f60000c4f6000009a9000009a9 xmm3=0x00000e6b00000e6b0000129200001292 
  xmm4=0x0000bb0b0000bb0b00000fed00000fed xmm5=0x0000373a0000373a00005cef00005cef 
  xmm6=0x00007414000074140000be280000be28 xmm7=0x00005a4e00005a4e0000e35f0000e35f 





================================ Statistics ===================================

Test Cases: 1
Inputs per test case: 40.0
Violations: 1
Effectiveness: 
  Total Cls: 28.0
  Effective Cls: 12.0
Discarded Test Cases:
  Speculation Filter: 0
  Observation Filter: 0
  Fast Path: 0
  Max Nesting Check: 0
  Tainting Check: 0
  Early Priming Check: 0
  Large Sample Check: 0
  Priming Check: 0

Duration: 16.7
Finished at 19:42:36
